<?xml version="1.0"?>
<link_info>
   <banner>TI ARM Linker PC v5.0.4</banner>
   <copyright>Copyright (c) 1996-2013 Texas Instruments Incorporated</copyright>
   <link_time>0x52954fc7</link_time>
   <output_file>../../../../../../../binary/armv7a/cgt_ccs/am335x/ok335xd/dcanLpBk/Debug/dcanLpBk.out</output_file>
   <entry_point>
      <name>Entry</name>
      <address>0x80000000</address>
   </entry_point>
   <input_file_list>
      <input_file id="fl-2">
         <path>.\</path>
         <kind>object</kind>
         <file>dcan_frame.obj</file>
         <name>dcan_frame.obj</name>
      </input_file>
      <input_file id="fl-3">
         <path>.\</path>
         <kind>object</kind>
         <file>dcanLpBk.obj</file>
         <name>dcanLpBk.obj</name>
      </input_file>
      <input_file id="fl-134">
         <path>D:\ti\ccsv5\tools\compiler\arm_5.0.4\lib\</path>
         <kind>archive</kind>
         <file>rtsv7A8_A_le_eabi.lib</file>
         <name>i_div32.obj</name>
      </input_file>
      <input_file id="fl-135">
         <path>D:\ti\ccsv5\tools\compiler\arm_5.0.4\lib\</path>
         <kind>archive</kind>
         <file>rtsv7A8_A_le_eabi.lib</file>
         <name>u_div32.obj</name>
      </input_file>
      <input_file id="fl-136">
         <path>..\..\..\..\..\..\..\binary\armv7a\cgt_ccs\am335x\drivers\Debug\</path>
         <kind>archive</kind>
         <file>drivers.lib</file>
         <name>dcan.obj</name>
      </input_file>
      <input_file id="fl-137">
         <path>..\..\..\..\..\..\..\binary\armv7a\cgt_ccs\am335x\system_config\Debug\</path>
         <kind>archive</kind>
         <file>system.lib</file>
         <name>interrupt.obj</name>
      </input_file>
      <input_file id="fl-138">
         <path>..\..\..\..\..\..\..\binary\armv7a\cgt_ccs\am335x\system_config\Debug\</path>
         <kind>archive</kind>
         <file>system.lib</file>
         <name>init.obj</name>
      </input_file>
      <input_file id="fl-139">
         <path>..\..\..\..\..\..\..\binary\armv7a\cgt_ccs\am335x\system_config\Debug\</path>
         <kind>archive</kind>
         <file>system.lib</file>
         <name>cpu.obj</name>
      </input_file>
      <input_file id="fl-13a">
         <path>..\..\..\..\..\..\..\binary\armv7a\cgt_ccs\am335x\system_config\Debug\</path>
         <kind>archive</kind>
         <file>system.lib</file>
         <name>startup.obj</name>
      </input_file>
      <input_file id="fl-13b">
         <path>..\..\..\..\..\..\..\binary\armv7a\cgt_ccs\am335x\system_config\Debug\</path>
         <kind>archive</kind>
         <file>system.lib</file>
         <name>exceptionhandler.obj</name>
      </input_file>
      <input_file id="fl-13c">
         <path>..\..\..\..\..\..\..\binary\armv7a\cgt_ccs\am335x\system_config\Debug\</path>
         <kind>archive</kind>
         <file>system.lib</file>
         <name>cp15.obj</name>
      </input_file>
      <input_file id="fl-13d">
         <path>..\..\..\..\..\..\..\binary\armv7a\cgt_ccs\am335x\ok335xd\platform\Debug\</path>
         <kind>archive</kind>
         <file>platform.lib</file>
         <name>dcan.obj</name>
      </input_file>
      <input_file id="fl-13e">
         <path>..\..\..\..\..\..\..\binary\armv7a\cgt_ccs\utils\Debug\</path>
         <kind>archive</kind>
         <file>utils.lib</file>
         <name>uartStdio.obj</name>
      </input_file>
      <input_file id="fl-13f">
         <path>..\..\..\..\..\..\..\binary\armv7a\cgt_ccs\utils\Debug\</path>
         <kind>archive</kind>
         <file>utils.lib</file>
         <name>consoleUtils.obj</name>
      </input_file>
      <input_file id="fl-140">
         <path>..\..\..\..\..\..\..\binary\armv7a\cgt_ccs\utils\Debug\</path>
         <kind>archive</kind>
         <file>utils.lib</file>
         <name>ascii.obj</name>
      </input_file>
      <input_file id="fl-141">
         <path>D:\ti\ccsv5\tools\compiler\arm_5.0.4\lib\</path>
         <kind>archive</kind>
         <file>rtsv7A8_A_le_eabi.lib</file>
         <name>auto_init.obj</name>
      </input_file>
      <input_file id="fl-142">
         <path>D:\ti\ccsv5\tools\compiler\arm_5.0.4\lib\</path>
         <kind>archive</kind>
         <file>rtsv7A8_A_le_eabi.lib</file>
         <name>boot.obj</name>
      </input_file>
      <input_file id="fl-143">
         <path>D:\ti\ccsv5\tools\compiler\arm_5.0.4\lib\</path>
         <kind>archive</kind>
         <file>rtsv7A8_A_le_eabi.lib</file>
         <name>cpy_tbl.obj</name>
      </input_file>
      <input_file id="fl-144">
         <path>D:\ti\ccsv5\tools\compiler\arm_5.0.4\lib\</path>
         <kind>archive</kind>
         <file>rtsv7A8_A_le_eabi.lib</file>
         <name>exit.obj</name>
      </input_file>
      <input_file id="fl-145">
         <path>D:\ti\ccsv5\tools\compiler\arm_5.0.4\lib\</path>
         <kind>archive</kind>
         <file>rtsv7A8_A_le_eabi.lib</file>
         <name>icall32.obj</name>
      </input_file>
      <input_file id="fl-146">
         <path>D:\ti\ccsv5\tools\compiler\arm_5.0.4\lib\</path>
         <kind>archive</kind>
         <file>rtsv7A8_A_le_eabi.lib</file>
         <name>memcpy32.obj</name>
      </input_file>
      <input_file id="fl-147">
         <path>D:\ti\ccsv5\tools\compiler\arm_5.0.4\lib\</path>
         <kind>archive</kind>
         <file>rtsv7A8_A_le_eabi.lib</file>
         <name>memset32.obj</name>
      </input_file>
      <input_file id="fl-148">
         <path>D:\ti\ccsv5\tools\compiler\arm_5.0.4\lib\</path>
         <kind>archive</kind>
         <file>rtsv7A8_A_le_eabi.lib</file>
         <name>stkdepth_vars.obj</name>
      </input_file>
      <input_file id="fl-149">
         <path>D:\ti\ccsv5\tools\compiler\arm_5.0.4\lib\</path>
         <kind>archive</kind>
         <file>rtsv7A8_A_le_eabi.lib</file>
         <name>_lock.obj</name>
      </input_file>
      <input_file id="fl-14a">
         <path>D:\ti\ccsv5\tools\compiler\arm_5.0.4\lib\</path>
         <kind>archive</kind>
         <file>rtsv7A8_A_le_eabi.lib</file>
         <name>args_main.obj</name>
      </input_file>
      <input_file id="fl-14b">
         <path>..\..\..\..\..\..\..\binary\armv7a\cgt_ccs\am335x\ok335xd\platform\Debug\</path>
         <kind>archive</kind>
         <file>platform.lib</file>
         <name>uartConsole.obj</name>
      </input_file>
      <input_file id="fl-14c">
         <path>..\..\..\..\..\..\..\binary\armv7a\cgt_ccs\am335x\ok335xd\platform\Debug\</path>
         <kind>archive</kind>
         <file>platform.lib</file>
         <name>uart.obj</name>
      </input_file>
      <input_file id="fl-14d">
         <path>..\..\..\..\..\..\..\binary\armv7a\cgt_ccs\am335x\drivers\Debug\</path>
         <kind>archive</kind>
         <file>drivers.lib</file>
         <name>uart_irda_cir.obj</name>
      </input_file>
   </input_file_list>
   <object_component_list>
      <object_component id="oc-8">
         <name>.text:Entry</name>
         <load_address>0x80000000</load_address>
         <run_address>0x80000000</run_address>
         <size>0xc8</size>
         <input_file_ref idref="fl-138"/>
      </object_component>
      <object_component id="oc-127">
         <name>.tramp.__TI_auto_init.1</name>
         <load_address>0x800000c8</load_address>
         <run_address>0x800000c8</run_address>
         <size>0xc</size>
         <input_file_ref idref="fl-141"/>
      </object_component>
      <object_component id="oc-e7">
         <name>.text</name>
         <load_address>0x800000d4</load_address>
         <run_address>0x800000d4</run_address>
         <size>0x1d08</size>
         <input_file_ref idref="fl-14d"/>
      </object_component>
      <object_component id="oc-4a">
         <name>.text</name>
         <load_address>0x80001ddc</load_address>
         <run_address>0x80001ddc</run_address>
         <size>0x1998</size>
         <input_file_ref idref="fl-13e"/>
      </object_component>
      <object_component id="oc-4f">
         <name>.text</name>
         <load_address>0x80003774</load_address>
         <run_address>0x80003774</run_address>
         <size>0xf90</size>
         <input_file_ref idref="fl-136"/>
      </object_component>
      <object_component id="oc-45">
         <name>.text</name>
         <load_address>0x80004704</load_address>
         <run_address>0x80004704</run_address>
         <size>0x9c0</size>
         <input_file_ref idref="fl-2"/>
      </object_component>
      <object_component id="oc-af">
         <name>.text</name>
         <load_address>0x800050c4</load_address>
         <run_address>0x800050c4</run_address>
         <size>0x638</size>
         <input_file_ref idref="fl-140"/>
      </object_component>
      <object_component id="oc-20">
         <name>.text</name>
         <load_address>0x800056fc</load_address>
         <run_address>0x800056fc</run_address>
         <size>0x4f4</size>
         <input_file_ref idref="fl-3"/>
      </object_component>
      <object_component id="oc-25">
         <name>.text</name>
         <load_address>0x80005bf0</load_address>
         <run_address>0x80005bf0</run_address>
         <size>0x488</size>
         <input_file_ref idref="fl-13c"/>
      </object_component>
      <object_component id="oc-40">
         <name>.text</name>
         <load_address>0x80006078</load_address>
         <run_address>0x80006078</run_address>
         <size>0x3e4</size>
         <input_file_ref idref="fl-137"/>
      </object_component>
      <object_component id="oc-7c">
         <name>.text</name>
         <load_address>0x8000645c</load_address>
         <run_address>0x8000645c</run_address>
         <size>0x280</size>
         <input_file_ref idref="fl-13f"/>
      </object_component>
      <object_component id="oc-3b">
         <name>.text</name>
         <load_address>0x800066dc</load_address>
         <run_address>0x800066dc</run_address>
         <size>0x244</size>
         <input_file_ref idref="fl-13d"/>
      </object_component>
      <object_component id="oc-34">
         <name>.text</name>
         <load_address>0x80006920</load_address>
         <run_address>0x80006920</run_address>
         <size>0x180</size>
         <input_file_ref idref="fl-146"/>
      </object_component>
      <object_component id="oc-a6">
         <name>.text</name>
         <load_address>0x80006aa0</load_address>
         <run_address>0x80006aa0</run_address>
         <size>0x14c</size>
         <input_file_ref idref="fl-14b"/>
      </object_component>
      <object_component id="oc-95">
         <name>.text</name>
         <load_address>0x80006bec</load_address>
         <run_address>0x80006bec</run_address>
         <size>0x118</size>
         <input_file_ref idref="fl-134"/>
      </object_component>
      <object_component id="oc-62">
         <name>.text</name>
         <load_address>0x80006d04</load_address>
         <run_address>0x80006d04</run_address>
         <size>0x10c</size>
         <input_file_ref idref="fl-13b"/>
      </object_component>
      <object_component id="oc-91">
         <name>.text</name>
         <load_address>0x80006e10</load_address>
         <run_address>0x80006e10</run_address>
         <size>0xf4</size>
         <input_file_ref idref="fl-135"/>
      </object_component>
      <object_component id="oc-d">
         <name>.text</name>
         <load_address>0x80006f04</load_address>
         <run_address>0x80006f04</run_address>
         <size>0xd4</size>
         <input_file_ref idref="fl-141"/>
      </object_component>
      <object_component id="oc-ab">
         <name>.text</name>
         <load_address>0x80006fd8</load_address>
         <run_address>0x80006fd8</run_address>
         <size>0xb0</size>
         <input_file_ref idref="fl-147"/>
      </object_component>
      <object_component id="oc-ec">
         <name>.text</name>
         <load_address>0x80007088</load_address>
         <run_address>0x80007088</run_address>
         <size>0xa0</size>
         <input_file_ref idref="fl-14c"/>
      </object_component>
      <object_component id="oc-11">
         <name>.text</name>
         <load_address>0x80007128</load_address>
         <run_address>0x80007128</run_address>
         <size>0x84</size>
         <input_file_ref idref="fl-13a"/>
      </object_component>
      <object_component id="oc-17">
         <name>.text</name>
         <load_address>0x800071ac</load_address>
         <run_address>0x800071ac</run_address>
         <size>0x80</size>
         <input_file_ref idref="fl-143"/>
      </object_component>
      <object_component id="oc-87">
         <name>.text</name>
         <load_address>0x8000722c</load_address>
         <run_address>0x8000722c</run_address>
         <size>0x60</size>
         <input_file_ref idref="fl-139"/>
      </object_component>
      <object_component id="oc-1b">
         <name>.text</name>
         <load_address>0x8000728c</load_address>
         <run_address>0x8000728c</run_address>
         <size>0x20</size>
         <input_file_ref idref="fl-145"/>
      </object_component>
      <object_component id="oc-8c">
         <name>.text:CPUIntStatus</name>
         <load_address>0x800072ac</load_address>
         <run_address>0x800072ac</run_address>
         <size>0xc</size>
         <input_file_ref idref="fl-139"/>
      </object_component>
      <object_component id="oc-99">
         <name>.data</name>
         <load_address>0x80007528</load_address>
         <run_address>0x80007528</run_address>
         <size>0x20</size>
         <input_file_ref idref="fl-2"/>
      </object_component>
      <object_component id="oc-56">
         <name>.data</name>
         <load_address>0x80007548</load_address>
         <run_address>0x80007548</run_address>
         <size>0x14</size>
         <input_file_ref idref="fl-3"/>
      </object_component>
      <object_component id="oc-54">
         <name>.bss</name>
         <uninitialized>true</uninitialized>
         <run_address>0x800074b8</run_address>
         <size>0x18</size>
         <input_file_ref idref="fl-3"/>
      </object_component>
      <object_component id="oc-8d">
         <name>.bss:fnRAMVectors</name>
         <uninitialized>true</uninitialized>
         <run_address>0x800072b8</run_address>
         <size>0x200</size>
         <input_file_ref idref="fl-137"/>
      </object_component>
      <object_component id="oc-d5">
         <name>.bss</name>
         <uninitialized>true</uninitialized>
         <run_address>0x800074d0</run_address>
         <size>0x1</size>
         <input_file_ref idref="fl-13f"/>
      </object_component>
      <object_component id="oc-2b">
         <name>.const:vecTbl</name>
         <load_address>0x800074d4</load_address>
         <run_address>0x800074d4</run_address>
         <size>0x38</size>
         <input_file_ref idref="fl-13a"/>
      </object_component>
      <object_component id="oc-ff">
         <name>.const:.string</name>
         <load_address>0x8000750c</load_address>
         <run_address>0x8000750c</run_address>
         <size>0x14</size>
         <input_file_ref idref="fl-13e"/>
      </object_component>
      <object_component id="oc-29">
         <name>.const</name>
         <load_address>0x80007520</load_address>
         <run_address>0x80007520</run_address>
         <size>0x4</size>
         <input_file_ref idref="fl-13a"/>
      </object_component>
      <object_component id="oc-b4">
         <name>.const</name>
         <load_address>0x80007524</load_address>
         <run_address>0x80007524</run_address>
         <size>0x4</size>
         <input_file_ref idref="fl-13e"/>
      </object_component>
      <object_component id="oc-c">
         <name>.stack</name>
         <uninitialized>true</uninitialized>
         <run_address>0x87fffff0</run_address>
         <size>0x0</size>
         <input_file_ref idref="fl-142"/>
      </object_component>
      <object_component id="oc-126">
         <name>.stack</name>
         <uninitialized>true</uninitialized>
         <run_address>0x87fffff0</run_address>
         <size>0x0</size>
      </object_component>
      <object_component id="oc-9">
         <name>.debug_info</name>
         <load_address>0x0</load_address>
         <run_address>0x0</run_address>
         <size>0x161</size>
         <input_file_ref idref="fl-138"/>
      </object_component>
      <object_component id="oc-e">
         <name>.debug_info</name>
         <load_address>0x161</load_address>
         <run_address>0x161</run_address>
         <size>0x162</size>
         <input_file_ref idref="fl-141"/>
      </object_component>
      <object_component id="oc-12">
         <name>.debug_info</name>
         <load_address>0x2c3</load_address>
         <run_address>0x2c3</run_address>
         <size>0x3ee</size>
         <input_file_ref idref="fl-13a"/>
      </object_component>
      <object_component id="oc-18">
         <name>.debug_info</name>
         <load_address>0x6b1</load_address>
         <run_address>0x6b1</run_address>
         <size>0x1c8</size>
         <input_file_ref idref="fl-143"/>
      </object_component>
      <object_component id="oc-1c">
         <name>.debug_info</name>
         <load_address>0x879</load_address>
         <run_address>0x879</run_address>
         <size>0xf8</size>
         <input_file_ref idref="fl-145"/>
      </object_component>
      <object_component id="oc-21">
         <name>.debug_info</name>
         <load_address>0x971</load_address>
         <run_address>0x971</run_address>
         <size>0xc5f</size>
         <input_file_ref idref="fl-3"/>
      </object_component>
      <object_component id="oc-26">
         <name>.debug_info</name>
         <load_address>0x15d0</load_address>
         <run_address>0x15d0</run_address>
         <size>0x266</size>
         <input_file_ref idref="fl-13c"/>
      </object_component>
      <object_component id="oc-2a">
         <name>.debug_info</name>
         <load_address>0x1836</load_address>
         <run_address>0x1836</run_address>
         <size>0x125</size>
         <input_file_ref idref="fl-13a"/>
      </object_component>
      <object_component id="oc-2c">
         <name>.debug_info</name>
         <load_address>0x195b</load_address>
         <run_address>0x195b</run_address>
         <size>0x10c</size>
         <input_file_ref idref="fl-13a"/>
      </object_component>
      <object_component id="oc-2e">
         <name>.debug_info</name>
         <load_address>0x1a67</load_address>
         <run_address>0x1a67</run_address>
         <size>0x89</size>
         <input_file_ref idref="fl-137"/>
      </object_component>
      <object_component id="oc-33">
         <name>.debug_info</name>
         <load_address>0x1af0</load_address>
         <run_address>0x1af0</run_address>
         <size>0x20f</size>
         <input_file_ref idref="fl-13a"/>
      </object_component>
      <object_component id="oc-35">
         <name>.debug_info</name>
         <load_address>0x1cff</load_address>
         <run_address>0x1cff</run_address>
         <size>0x14e</size>
         <input_file_ref idref="fl-146"/>
      </object_component>
      <object_component id="oc-39">
         <name>.debug_info</name>
         <load_address>0x1e4d</load_address>
         <run_address>0x1e4d</run_address>
         <size>0x159</size>
         <input_file_ref idref="fl-143"/>
      </object_component>
      <object_component id="oc-3c">
         <name>.debug_info</name>
         <load_address>0x1fa6</load_address>
         <run_address>0x1fa6</run_address>
         <size>0xad6</size>
         <input_file_ref idref="fl-13d"/>
      </object_component>
      <object_component id="oc-41">
         <name>.debug_info</name>
         <load_address>0x2a7c</load_address>
         <run_address>0x2a7c</run_address>
         <size>0x1d44</size>
         <input_file_ref idref="fl-137"/>
      </object_component>
      <object_component id="oc-46">
         <name>.debug_info</name>
         <load_address>0x47c0</load_address>
         <run_address>0x47c0</run_address>
         <size>0x198f</size>
         <input_file_ref idref="fl-2"/>
      </object_component>
      <object_component id="oc-4b">
         <name>.debug_info</name>
         <load_address>0x614f</load_address>
         <run_address>0x614f</run_address>
         <size>0x3034</size>
         <input_file_ref idref="fl-13e"/>
      </object_component>
      <object_component id="oc-50">
         <name>.debug_info</name>
         <load_address>0x9183</load_address>
         <run_address>0x9183</run_address>
         <size>0x4a92</size>
         <input_file_ref idref="fl-136"/>
      </object_component>
      <object_component id="oc-55">
         <name>.debug_info</name>
         <load_address>0xdc15</load_address>
         <run_address>0xdc15</run_address>
         <size>0x12b</size>
         <input_file_ref idref="fl-3"/>
      </object_component>
      <object_component id="oc-57">
         <name>.debug_info</name>
         <load_address>0xdd40</load_address>
         <run_address>0xdd40</run_address>
         <size>0x17c</size>
         <input_file_ref idref="fl-3"/>
      </object_component>
      <object_component id="oc-59">
         <name>.debug_info</name>
         <load_address>0xdebc</load_address>
         <run_address>0xdebc</run_address>
         <size>0x90</size>
         <input_file_ref idref="fl-3"/>
      </object_component>
      <object_component id="oc-5e">
         <name>.debug_info</name>
         <load_address>0xdf4c</load_address>
         <run_address>0xdf4c</run_address>
         <size>0x746</size>
         <input_file_ref idref="fl-3"/>
      </object_component>
      <object_component id="oc-63">
         <name>.debug_info</name>
         <load_address>0xe692</load_address>
         <run_address>0xe692</run_address>
         <size>0x17c</size>
         <input_file_ref idref="fl-13b"/>
      </object_component>
      <object_component id="oc-6d">
         <name>.debug_info</name>
         <load_address>0xe80e</load_address>
         <run_address>0xe80e</run_address>
         <size>0x2c</size>
         <input_file_ref idref="fl-143"/>
      </object_component>
      <object_component id="oc-72">
         <name>.debug_info</name>
         <load_address>0xe83a</load_address>
         <run_address>0xe83a</run_address>
         <size>0x89</size>
         <input_file_ref idref="fl-143"/>
      </object_component>
      <object_component id="oc-77">
         <name>.debug_info</name>
         <load_address>0xe8c3</load_address>
         <run_address>0xe8c3</run_address>
         <size>0xcd</size>
         <input_file_ref idref="fl-143"/>
      </object_component>
      <object_component id="oc-7d">
         <name>.debug_info</name>
         <load_address>0xe990</load_address>
         <run_address>0xe990</run_address>
         <size>0x8e7</size>
         <input_file_ref idref="fl-13f"/>
      </object_component>
      <object_component id="oc-82">
         <name>.debug_info</name>
         <load_address>0xf277</load_address>
         <run_address>0xf277</run_address>
         <size>0x90</size>
         <input_file_ref idref="fl-13d"/>
      </object_component>
      <object_component id="oc-88">
         <name>.debug_info</name>
         <load_address>0xf307</load_address>
         <run_address>0xf307</run_address>
         <size>0x56c</size>
         <input_file_ref idref="fl-139"/>
      </object_component>
      <object_component id="oc-8e">
         <name>.debug_info</name>
         <load_address>0xf873</load_address>
         <run_address>0xf873</run_address>
         <size>0x11b</size>
         <input_file_ref idref="fl-137"/>
      </object_component>
      <object_component id="oc-90">
         <name>.debug_info</name>
         <load_address>0xf98e</load_address>
         <run_address>0xf98e</run_address>
         <size>0x18b</size>
         <input_file_ref idref="fl-137"/>
      </object_component>
      <object_component id="oc-92">
         <name>.debug_info</name>
         <load_address>0xfb19</load_address>
         <run_address>0xfb19</run_address>
         <size>0x155</size>
         <input_file_ref idref="fl-135"/>
      </object_component>
      <object_component id="oc-96">
         <name>.debug_info</name>
         <load_address>0xfc6e</load_address>
         <run_address>0xfc6e</run_address>
         <size>0x153</size>
         <input_file_ref idref="fl-134"/>
      </object_component>
      <object_component id="oc-9b">
         <name>.debug_info</name>
         <load_address>0xfdc1</load_address>
         <run_address>0xfdc1</run_address>
         <size>0x89</size>
         <input_file_ref idref="fl-2"/>
      </object_component>
      <object_component id="oc-a0">
         <name>.debug_info</name>
         <load_address>0xfe4a</load_address>
         <run_address>0xfe4a</run_address>
         <size>0x5c2</size>
         <input_file_ref idref="fl-2"/>
      </object_component>
      <object_component id="oc-a1">
         <name>.debug_info</name>
         <load_address>0x1040c</load_address>
         <run_address>0x1040c</run_address>
         <size>0x1e6</size>
         <input_file_ref idref="fl-2"/>
      </object_component>
      <object_component id="oc-a7">
         <name>.debug_info</name>
         <load_address>0x105f2</load_address>
         <run_address>0x105f2</run_address>
         <size>0x844</size>
         <input_file_ref idref="fl-14b"/>
      </object_component>
      <object_component id="oc-ac">
         <name>.debug_info</name>
         <load_address>0x10e36</load_address>
         <run_address>0x10e36</run_address>
         <size>0x119</size>
         <input_file_ref idref="fl-147"/>
      </object_component>
      <object_component id="oc-b0">
         <name>.debug_info</name>
         <load_address>0x10f4f</load_address>
         <run_address>0x10f4f</run_address>
         <size>0xa9a</size>
         <input_file_ref idref="fl-140"/>
      </object_component>
      <object_component id="oc-b5">
         <name>.debug_info</name>
         <load_address>0x119e9</load_address>
         <run_address>0x119e9</run_address>
         <size>0xeb</size>
         <input_file_ref idref="fl-13e"/>
      </object_component>
      <object_component id="oc-b7">
         <name>.debug_info</name>
         <load_address>0x11ad4</load_address>
         <run_address>0x11ad4</run_address>
         <size>0x1fb</size>
         <input_file_ref idref="fl-13e"/>
      </object_component>
      <object_component id="oc-b8">
         <name>.debug_info</name>
         <load_address>0x11ccf</load_address>
         <run_address>0x11ccf</run_address>
         <size>0x90</size>
         <input_file_ref idref="fl-13e"/>
      </object_component>
      <object_component id="oc-bd">
         <name>.debug_info</name>
         <load_address>0x11d5f</load_address>
         <run_address>0x11d5f</run_address>
         <size>0x4e</size>
         <input_file_ref idref="fl-13e"/>
      </object_component>
      <object_component id="oc-c3">
         <name>.debug_info</name>
         <load_address>0x11dad</load_address>
         <run_address>0x11dad</run_address>
         <size>0x89</size>
         <input_file_ref idref="fl-136"/>
      </object_component>
      <object_component id="oc-c8">
         <name>.debug_info</name>
         <load_address>0x11e36</load_address>
         <run_address>0x11e36</run_address>
         <size>0xdf</size>
         <input_file_ref idref="fl-136"/>
      </object_component>
      <object_component id="oc-cf">
         <name>.debug_info</name>
         <load_address>0x11f15</load_address>
         <run_address>0x11f15</run_address>
         <size>0xba</size>
         <input_file_ref idref="fl-3"/>
      </object_component>
      <object_component id="oc-d6">
         <name>.debug_info</name>
         <load_address>0x11fcf</load_address>
         <run_address>0x11fcf</run_address>
         <size>0xf6</size>
         <input_file_ref idref="fl-13f"/>
      </object_component>
      <object_component id="oc-d8">
         <name>.debug_info</name>
         <load_address>0x120c5</load_address>
         <run_address>0x120c5</run_address>
         <size>0x48</size>
         <input_file_ref idref="fl-13f"/>
      </object_component>
      <object_component id="oc-dd">
         <name>.debug_info</name>
         <load_address>0x1210d</load_address>
         <run_address>0x1210d</run_address>
         <size>0x1fb</size>
         <input_file_ref idref="fl-13f"/>
      </object_component>
      <object_component id="oc-e8">
         <name>.debug_info</name>
         <load_address>0x12308</load_address>
         <run_address>0x12308</run_address>
         <size>0x5e17</size>
         <input_file_ref idref="fl-14d"/>
      </object_component>
      <object_component id="oc-ed">
         <name>.debug_info</name>
         <load_address>0x1811f</load_address>
         <run_address>0x1811f</run_address>
         <size>0x3f5</size>
         <input_file_ref idref="fl-14c"/>
      </object_component>
      <object_component id="oc-f2">
         <name>.debug_info</name>
         <load_address>0x18514</load_address>
         <run_address>0x18514</run_address>
         <size>0x89</size>
         <input_file_ref idref="fl-14b"/>
      </object_component>
      <object_component id="oc-f9">
         <name>.debug_info</name>
         <load_address>0x1859d</load_address>
         <run_address>0x1859d</run_address>
         <size>0x89</size>
         <input_file_ref idref="fl-140"/>
      </object_component>
      <object_component id="oc-fe">
         <name>.debug_info</name>
         <load_address>0x18626</load_address>
         <run_address>0x18626</run_address>
         <size>0xd5</size>
         <input_file_ref idref="fl-140"/>
      </object_component>
      <object_component id="oc-10b">
         <name>.debug_info</name>
         <load_address>0x186fb</load_address>
         <run_address>0x186fb</run_address>
         <size>0xed</size>
         <input_file_ref idref="fl-14d"/>
      </object_component>
      <object_component id="oc-140">
         <name>.debug_info</name>
         <load_address>0x187e8</load_address>
         <run_address>0x187e8</run_address>
         <size>0xfc</size>
      </object_component>
      <object_component id="oc-a">
         <name>.debug_line</name>
         <load_address>0x0</load_address>
         <run_address>0x0</run_address>
         <size>0x96</size>
         <input_file_ref idref="fl-138"/>
      </object_component>
      <object_component id="oc-f">
         <name>.debug_line</name>
         <load_address>0x96</load_address>
         <run_address>0x96</run_address>
         <size>0x7d</size>
         <input_file_ref idref="fl-141"/>
      </object_component>
      <object_component id="oc-13">
         <name>.debug_line</name>
         <load_address>0x113</load_address>
         <run_address>0x113</run_address>
         <size>0xa7</size>
         <input_file_ref idref="fl-13a"/>
      </object_component>
      <object_component id="oc-19">
         <name>.debug_line</name>
         <load_address>0x1ba</load_address>
         <run_address>0x1ba</run_address>
         <size>0x43</size>
         <input_file_ref idref="fl-143"/>
      </object_component>
      <object_component id="oc-1d">
         <name>.debug_line</name>
         <load_address>0x1fd</load_address>
         <run_address>0x1fd</run_address>
         <size>0x42</size>
         <input_file_ref idref="fl-145"/>
      </object_component>
      <object_component id="oc-22">
         <name>.debug_line</name>
         <load_address>0x23f</load_address>
         <run_address>0x23f</run_address>
         <size>0x1c0</size>
         <input_file_ref idref="fl-3"/>
      </object_component>
      <object_component id="oc-27">
         <name>.debug_line</name>
         <load_address>0x3ff</load_address>
         <run_address>0x3ff</run_address>
         <size>0x188</size>
         <input_file_ref idref="fl-13c"/>
      </object_component>
      <object_component id="oc-30">
         <name>.debug_line</name>
         <load_address>0x587</load_address>
         <run_address>0x587</run_address>
         <size>0x20</size>
         <input_file_ref idref="fl-137"/>
      </object_component>
      <object_component id="oc-36">
         <name>.debug_line</name>
         <load_address>0x5a7</load_address>
         <run_address>0x5a7</run_address>
         <size>0x9a</size>
         <input_file_ref idref="fl-146"/>
      </object_component>
      <object_component id="oc-3d">
         <name>.debug_line</name>
         <load_address>0x641</load_address>
         <run_address>0x641</run_address>
         <size>0x10d</size>
         <input_file_ref idref="fl-13d"/>
      </object_component>
      <object_component id="oc-42">
         <name>.debug_line</name>
         <load_address>0x74e</load_address>
         <run_address>0x74e</run_address>
         <size>0x3bc</size>
         <input_file_ref idref="fl-137"/>
      </object_component>
      <object_component id="oc-47">
         <name>.debug_line</name>
         <load_address>0xb0a</load_address>
         <run_address>0xb0a</run_address>
         <size>0x2e2</size>
         <input_file_ref idref="fl-2"/>
      </object_component>
      <object_component id="oc-4c">
         <name>.debug_line</name>
         <load_address>0xdec</load_address>
         <run_address>0xdec</run_address>
         <size>0x67a</size>
         <input_file_ref idref="fl-13e"/>
      </object_component>
      <object_component id="oc-51">
         <name>.debug_line</name>
         <load_address>0x1466</load_address>
         <run_address>0x1466</run_address>
         <size>0x72c</size>
         <input_file_ref idref="fl-136"/>
      </object_component>
      <object_component id="oc-5b">
         <name>.debug_line</name>
         <load_address>0x1b92</load_address>
         <run_address>0x1b92</run_address>
         <size>0x20</size>
         <input_file_ref idref="fl-3"/>
      </object_component>
      <object_component id="oc-61">
         <name>.debug_line</name>
         <load_address>0x1bb2</load_address>
         <run_address>0x1bb2</run_address>
         <size>0x60</size>
         <input_file_ref idref="fl-13a"/>
      </object_component>
      <object_component id="oc-64">
         <name>.debug_line</name>
         <load_address>0x1c12</load_address>
         <run_address>0x1c12</run_address>
         <size>0xb5</size>
         <input_file_ref idref="fl-13b"/>
      </object_component>
      <object_component id="oc-67">
         <name>.debug_line</name>
         <load_address>0x1cc7</load_address>
         <run_address>0x1cc7</run_address>
         <size>0x60</size>
         <input_file_ref idref="fl-13a"/>
      </object_component>
      <object_component id="oc-69">
         <name>.debug_line</name>
         <load_address>0x1d27</load_address>
         <run_address>0x1d27</run_address>
         <size>0x8b</size>
         <input_file_ref idref="fl-13a"/>
      </object_component>
      <object_component id="oc-6c">
         <name>.debug_line</name>
         <load_address>0x1db2</load_address>
         <run_address>0x1db2</run_address>
         <size>0x69</size>
         <input_file_ref idref="fl-143"/>
      </object_component>
      <object_component id="oc-6f">
         <name>.debug_line</name>
         <load_address>0x1e1b</load_address>
         <run_address>0x1e1b</run_address>
         <size>0x5c</size>
         <input_file_ref idref="fl-143"/>
      </object_component>
      <object_component id="oc-74">
         <name>.debug_line</name>
         <load_address>0x1e77</load_address>
         <run_address>0x1e77</run_address>
         <size>0x20</size>
         <input_file_ref idref="fl-143"/>
      </object_component>
      <object_component id="oc-79">
         <name>.debug_line</name>
         <load_address>0x1e97</load_address>
         <run_address>0x1e97</run_address>
         <size>0x5d</size>
         <input_file_ref idref="fl-143"/>
      </object_component>
      <object_component id="oc-7e">
         <name>.debug_line</name>
         <load_address>0x1ef4</load_address>
         <run_address>0x1ef4</run_address>
         <size>0x183</size>
         <input_file_ref idref="fl-13f"/>
      </object_component>
      <object_component id="oc-84">
         <name>.debug_line</name>
         <load_address>0x2077</load_address>
         <run_address>0x2077</run_address>
         <size>0x20</size>
         <input_file_ref idref="fl-13d"/>
      </object_component>
      <object_component id="oc-89">
         <name>.debug_line</name>
         <load_address>0x2097</load_address>
         <run_address>0x2097</run_address>
         <size>0x10d</size>
         <input_file_ref idref="fl-139"/>
      </object_component>
      <object_component id="oc-93">
         <name>.debug_line</name>
         <load_address>0x21a4</load_address>
         <run_address>0x21a4</run_address>
         <size>0x86</size>
         <input_file_ref idref="fl-135"/>
      </object_component>
      <object_component id="oc-97">
         <name>.debug_line</name>
         <load_address>0x222a</load_address>
         <run_address>0x222a</run_address>
         <size>0x8f</size>
         <input_file_ref idref="fl-134"/>
      </object_component>
      <object_component id="oc-9d">
         <name>.debug_line</name>
         <load_address>0x22b9</load_address>
         <run_address>0x22b9</run_address>
         <size>0x20</size>
         <input_file_ref idref="fl-2"/>
      </object_component>
      <object_component id="oc-a3">
         <name>.debug_line</name>
         <load_address>0x22d9</load_address>
         <run_address>0x22d9</run_address>
         <size>0x61</size>
         <input_file_ref idref="fl-2"/>
      </object_component>
      <object_component id="oc-a8">
         <name>.debug_line</name>
         <load_address>0x233a</load_address>
         <run_address>0x233a</run_address>
         <size>0x109</size>
         <input_file_ref idref="fl-14b"/>
      </object_component>
      <object_component id="oc-ad">
         <name>.debug_line</name>
         <load_address>0x2443</load_address>
         <run_address>0x2443</run_address>
         <size>0x73</size>
         <input_file_ref idref="fl-147"/>
      </object_component>
      <object_component id="oc-b1">
         <name>.debug_line</name>
         <load_address>0x24b6</load_address>
         <run_address>0x24b6</run_address>
         <size>0x1d6</size>
         <input_file_ref idref="fl-140"/>
      </object_component>
      <object_component id="oc-ba">
         <name>.debug_line</name>
         <load_address>0x268c</load_address>
         <run_address>0x268c</run_address>
         <size>0x20</size>
         <input_file_ref idref="fl-13e"/>
      </object_component>
      <object_component id="oc-bf">
         <name>.debug_line</name>
         <load_address>0x26ac</load_address>
         <run_address>0x26ac</run_address>
         <size>0x59</size>
         <input_file_ref idref="fl-13e"/>
      </object_component>
      <object_component id="oc-c5">
         <name>.debug_line</name>
         <load_address>0x2705</load_address>
         <run_address>0x2705</run_address>
         <size>0x20</size>
         <input_file_ref idref="fl-136"/>
      </object_component>
      <object_component id="oc-ca">
         <name>.debug_line</name>
         <load_address>0x2725</load_address>
         <run_address>0x2725</run_address>
         <size>0x5f</size>
         <input_file_ref idref="fl-3"/>
      </object_component>
      <object_component id="oc-cc">
         <name>.debug_line</name>
         <load_address>0x2784</load_address>
         <run_address>0x2784</run_address>
         <size>0x5f</size>
         <input_file_ref idref="fl-3"/>
      </object_component>
      <object_component id="oc-ce">
         <name>.debug_line</name>
         <load_address>0x27e3</load_address>
         <run_address>0x27e3</run_address>
         <size>0x169</size>
         <input_file_ref idref="fl-3"/>
      </object_component>
      <object_component id="oc-d1">
         <name>.debug_line</name>
         <load_address>0x294c</load_address>
         <run_address>0x294c</run_address>
         <size>0x5c</size>
         <input_file_ref idref="fl-3"/>
      </object_component>
      <object_component id="oc-da">
         <name>.debug_line</name>
         <load_address>0x29a8</load_address>
         <run_address>0x29a8</run_address>
         <size>0x49</size>
         <input_file_ref idref="fl-13f"/>
      </object_component>
      <object_component id="oc-e0">
         <name>.debug_line</name>
         <load_address>0x29f1</load_address>
         <run_address>0x29f1</run_address>
         <size>0x62</size>
         <input_file_ref idref="fl-137"/>
      </object_component>
      <object_component id="oc-e2">
         <name>.debug_line</name>
         <load_address>0x2a53</load_address>
         <run_address>0x2a53</run_address>
         <size>0x4a</size>
         <input_file_ref idref="fl-137"/>
      </object_component>
      <object_component id="oc-e6">
         <name>.debug_line</name>
         <load_address>0x2a9d</load_address>
         <run_address>0x2a9d</run_address>
         <size>0x47</size>
         <input_file_ref idref="fl-2"/>
      </object_component>
      <object_component id="oc-e9">
         <name>.debug_line</name>
         <load_address>0x2ae4</load_address>
         <run_address>0x2ae4</run_address>
         <size>0xa3f</size>
         <input_file_ref idref="fl-14d"/>
      </object_component>
      <object_component id="oc-ee">
         <name>.debug_line</name>
         <load_address>0x3523</load_address>
         <run_address>0x3523</run_address>
         <size>0xa2</size>
         <input_file_ref idref="fl-14c"/>
      </object_component>
      <object_component id="oc-f4">
         <name>.debug_line</name>
         <load_address>0x35c5</load_address>
         <run_address>0x35c5</run_address>
         <size>0x20</size>
         <input_file_ref idref="fl-14b"/>
      </object_component>
      <object_component id="oc-fb">
         <name>.debug_line</name>
         <load_address>0x35e5</load_address>
         <run_address>0x35e5</run_address>
         <size>0x20</size>
         <input_file_ref idref="fl-140"/>
      </object_component>
      <object_component id="oc-101">
         <name>.debug_line</name>
         <load_address>0x3605</load_address>
         <run_address>0x3605</run_address>
         <size>0x4c</size>
         <input_file_ref idref="fl-13e"/>
      </object_component>
      <object_component id="oc-103">
         <name>.debug_line</name>
         <load_address>0x3651</load_address>
         <run_address>0x3651</run_address>
         <size>0x6e</size>
         <input_file_ref idref="fl-13e"/>
      </object_component>
      <object_component id="oc-105">
         <name>.debug_line</name>
         <load_address>0x36bf</load_address>
         <run_address>0x36bf</run_address>
         <size>0x20</size>
         <input_file_ref idref="fl-136"/>
      </object_component>
      <object_component id="oc-107">
         <name>.debug_line</name>
         <load_address>0x36df</load_address>
         <run_address>0x36df</run_address>
         <size>0x4f</size>
         <input_file_ref idref="fl-13f"/>
      </object_component>
      <object_component id="oc-109">
         <name>.debug_line</name>
         <load_address>0x372e</load_address>
         <run_address>0x372e</run_address>
         <size>0x46</size>
         <input_file_ref idref="fl-13f"/>
      </object_component>
      <object_component id="oc-10e">
         <name>.debug_line</name>
         <load_address>0x3774</load_address>
         <run_address>0x3774</run_address>
         <size>0x20</size>
         <input_file_ref idref="fl-140"/>
      </object_component>
      <object_component id="oc-110">
         <name>.debug_line</name>
         <load_address>0x3794</load_address>
         <run_address>0x3794</run_address>
         <size>0x20</size>
         <input_file_ref idref="fl-14d"/>
      </object_component>
      <object_component id="oc-b">
         <name>.debug_aranges</name>
         <load_address>0x0</load_address>
         <run_address>0x0</run_address>
         <size>0x20</size>
         <input_file_ref idref="fl-138"/>
      </object_component>
      <object_component id="oc-10">
         <name>.debug_aranges</name>
         <load_address>0x20</load_address>
         <run_address>0x20</run_address>
         <size>0x28</size>
         <input_file_ref idref="fl-141"/>
      </object_component>
      <object_component id="oc-15">
         <name>.debug_aranges</name>
         <load_address>0x48</load_address>
         <run_address>0x48</run_address>
         <size>0x28</size>
         <input_file_ref idref="fl-13a"/>
      </object_component>
      <object_component id="oc-1a">
         <name>.debug_aranges</name>
         <load_address>0x70</load_address>
         <run_address>0x70</run_address>
         <size>0x20</size>
         <input_file_ref idref="fl-143"/>
      </object_component>
      <object_component id="oc-1e">
         <name>.debug_aranges</name>
         <load_address>0x90</load_address>
         <run_address>0x90</run_address>
         <size>0x20</size>
         <input_file_ref idref="fl-145"/>
      </object_component>
      <object_component id="oc-24">
         <name>.debug_aranges</name>
         <load_address>0xb0</load_address>
         <run_address>0xb0</run_address>
         <size>0x40</size>
         <input_file_ref idref="fl-3"/>
      </object_component>
      <object_component id="oc-28">
         <name>.debug_aranges</name>
         <load_address>0xf0</load_address>
         <run_address>0xf0</run_address>
         <size>0x20</size>
         <input_file_ref idref="fl-13c"/>
      </object_component>
      <object_component id="oc-37">
         <name>.debug_aranges</name>
         <load_address>0x110</load_address>
         <run_address>0x110</run_address>
         <size>0x20</size>
         <input_file_ref idref="fl-146"/>
      </object_component>
      <object_component id="oc-3f">
         <name>.debug_aranges</name>
         <load_address>0x130</load_address>
         <run_address>0x130</run_address>
         <size>0x30</size>
         <input_file_ref idref="fl-13d"/>
      </object_component>
      <object_component id="oc-44">
         <name>.debug_aranges</name>
         <load_address>0x160</load_address>
         <run_address>0x160</run_address>
         <size>0x110</size>
         <input_file_ref idref="fl-137"/>
      </object_component>
      <object_component id="oc-49">
         <name>.debug_aranges</name>
         <load_address>0x270</load_address>
         <run_address>0x270</run_address>
         <size>0x80</size>
         <input_file_ref idref="fl-2"/>
      </object_component>
      <object_component id="oc-4e">
         <name>.debug_aranges</name>
         <load_address>0x2f0</load_address>
         <run_address>0x2f0</run_address>
         <size>0x88</size>
         <input_file_ref idref="fl-13e"/>
      </object_component>
      <object_component id="oc-53">
         <name>.debug_aranges</name>
         <load_address>0x378</load_address>
         <run_address>0x378</run_address>
         <size>0x200</size>
         <input_file_ref idref="fl-136"/>
      </object_component>
      <object_component id="oc-65">
         <name>.debug_aranges</name>
         <load_address>0x578</load_address>
         <run_address>0x578</run_address>
         <size>0x20</size>
         <input_file_ref idref="fl-13b"/>
      </object_component>
      <object_component id="oc-80">
         <name>.debug_aranges</name>
         <load_address>0x598</load_address>
         <run_address>0x598</run_address>
         <size>0x58</size>
         <input_file_ref idref="fl-13f"/>
      </object_component>
      <object_component id="oc-8b">
         <name>.debug_aranges</name>
         <load_address>0x5f0</load_address>
         <run_address>0x5f0</run_address>
         <size>0x50</size>
         <input_file_ref idref="fl-139"/>
      </object_component>
      <object_component id="oc-94">
         <name>.debug_aranges</name>
         <load_address>0x640</load_address>
         <run_address>0x640</run_address>
         <size>0x28</size>
         <input_file_ref idref="fl-135"/>
      </object_component>
      <object_component id="oc-98">
         <name>.debug_aranges</name>
         <load_address>0x668</load_address>
         <run_address>0x668</run_address>
         <size>0x28</size>
         <input_file_ref idref="fl-134"/>
      </object_component>
      <object_component id="oc-aa">
         <name>.debug_aranges</name>
         <load_address>0x690</load_address>
         <run_address>0x690</run_address>
         <size>0x48</size>
         <input_file_ref idref="fl-14b"/>
      </object_component>
      <object_component id="oc-ae">
         <name>.debug_aranges</name>
         <load_address>0x6d8</load_address>
         <run_address>0x6d8</run_address>
         <size>0x28</size>
         <input_file_ref idref="fl-147"/>
      </object_component>
      <object_component id="oc-b3">
         <name>.debug_aranges</name>
         <load_address>0x700</load_address>
         <run_address>0x700</run_address>
         <size>0x48</size>
         <input_file_ref idref="fl-140"/>
      </object_component>
      <object_component id="oc-eb">
         <name>.debug_aranges</name>
         <load_address>0x748</load_address>
         <run_address>0x748</run_address>
         <size>0x268</size>
         <input_file_ref idref="fl-14d"/>
      </object_component>
      <object_component id="oc-f0">
         <name>.debug_aranges</name>
         <load_address>0x9b0</load_address>
         <run_address>0x9b0</run_address>
         <size>0x28</size>
         <input_file_ref idref="fl-14c"/>
      </object_component>
      <object_component id="oc-14">
         <name>.debug_frame</name>
         <load_address>0x0</load_address>
         <run_address>0x0</run_address>
         <size>0xd3</size>
         <input_file_ref idref="fl-13a"/>
      </object_component>
      <object_component id="oc-23">
         <name>.debug_frame</name>
         <load_address>0xd3</load_address>
         <run_address>0xd3</run_address>
         <size>0xb2</size>
         <input_file_ref idref="fl-3"/>
      </object_component>
      <object_component id="oc-3e">
         <name>.debug_frame</name>
         <load_address>0x185</load_address>
         <run_address>0x185</run_address>
         <size>0x70</size>
         <input_file_ref idref="fl-13d"/>
      </object_component>
      <object_component id="oc-43">
         <name>.debug_frame</name>
         <load_address>0x1f5</load_address>
         <run_address>0x1f5</run_address>
         <size>0x327</size>
         <input_file_ref idref="fl-137"/>
      </object_component>
      <object_component id="oc-48">
         <name>.debug_frame</name>
         <load_address>0x51c</load_address>
         <run_address>0x51c</run_address>
         <size>0x1a3</size>
         <input_file_ref idref="fl-2"/>
      </object_component>
      <object_component id="oc-4d">
         <name>.debug_frame</name>
         <load_address>0x6bf</load_address>
         <run_address>0x6bf</run_address>
         <size>0x1c1</size>
         <input_file_ref idref="fl-13e"/>
      </object_component>
      <object_component id="oc-52">
         <name>.debug_frame</name>
         <load_address>0x880</load_address>
         <run_address>0x880</run_address>
         <size>0x5ee</size>
         <input_file_ref idref="fl-136"/>
      </object_component>
      <object_component id="oc-7f">
         <name>.debug_frame</name>
         <load_address>0xe6e</load_address>
         <run_address>0xe6e</run_address>
         <size>0x114</size>
         <input_file_ref idref="fl-13f"/>
      </object_component>
      <object_component id="oc-8a">
         <name>.debug_frame</name>
         <load_address>0xf82</load_address>
         <run_address>0xf82</run_address>
         <size>0x115</size>
         <input_file_ref idref="fl-139"/>
      </object_component>
      <object_component id="oc-a9">
         <name>.debug_frame</name>
         <load_address>0x1097</load_address>
         <run_address>0x1097</run_address>
         <size>0xd0</size>
         <input_file_ref idref="fl-14b"/>
      </object_component>
      <object_component id="oc-b2">
         <name>.debug_frame</name>
         <load_address>0x1167</load_address>
         <run_address>0x1167</run_address>
         <size>0xd0</size>
         <input_file_ref idref="fl-140"/>
      </object_component>
      <object_component id="oc-ea">
         <name>.debug_frame</name>
         <load_address>0x1237</load_address>
         <run_address>0x1237</run_address>
         <size>0x77c</size>
         <input_file_ref idref="fl-14d"/>
      </object_component>
      <object_component id="oc-ef">
         <name>.debug_frame</name>
         <load_address>0x19b3</load_address>
         <run_address>0x19b3</run_address>
         <size>0x56</size>
         <input_file_ref idref="fl-14c"/>
      </object_component>
      <object_component id="oc-16">
         <name>.debug_abbrev</name>
         <load_address>0x0</load_address>
         <run_address>0x0</run_address>
         <size>0x42</size>
         <input_file_ref idref="fl-138"/>
      </object_component>
      <object_component id="oc-1f">
         <name>.debug_abbrev</name>
         <load_address>0x42</load_address>
         <run_address>0x42</run_address>
         <size>0x77</size>
         <input_file_ref idref="fl-141"/>
      </object_component>
      <object_component id="oc-2d">
         <name>.debug_abbrev</name>
         <load_address>0xb9</load_address>
         <run_address>0xb9</run_address>
         <size>0xb8</size>
         <input_file_ref idref="fl-13a"/>
      </object_component>
      <object_component id="oc-2f">
         <name>.debug_abbrev</name>
         <load_address>0x171</load_address>
         <run_address>0x171</run_address>
         <size>0x23</size>
         <input_file_ref idref="fl-137"/>
      </object_component>
      <object_component id="oc-38">
         <name>.debug_abbrev</name>
         <load_address>0x194</load_address>
         <run_address>0x194</run_address>
         <size>0xa2</size>
         <input_file_ref idref="fl-143"/>
      </object_component>
      <object_component id="oc-3a">
         <name>.debug_abbrev</name>
         <load_address>0x236</load_address>
         <run_address>0x236</run_address>
         <size>0x51</size>
         <input_file_ref idref="fl-145"/>
      </object_component>
      <object_component id="oc-58">
         <name>.debug_abbrev</name>
         <load_address>0x287</load_address>
         <run_address>0x287</run_address>
         <size>0x136</size>
         <input_file_ref idref="fl-3"/>
      </object_component>
      <object_component id="oc-5a">
         <name>.debug_abbrev</name>
         <load_address>0x3bd</load_address>
         <run_address>0x3bd</run_address>
         <size>0x23</size>
         <input_file_ref idref="fl-3"/>
      </object_component>
      <object_component id="oc-5f">
         <name>.debug_abbrev</name>
         <load_address>0x3e0</load_address>
         <run_address>0x3e0</run_address>
         <size>0x42</size>
         <input_file_ref idref="fl-13c"/>
      </object_component>
      <object_component id="oc-60">
         <name>.debug_abbrev</name>
         <load_address>0x422</load_address>
         <run_address>0x422</run_address>
         <size>0x29</size>
         <input_file_ref idref="fl-13a"/>
      </object_component>
      <object_component id="oc-66">
         <name>.debug_abbrev</name>
         <load_address>0x44b</load_address>
         <run_address>0x44b</run_address>
         <size>0x27</size>
         <input_file_ref idref="fl-13a"/>
      </object_component>
      <object_component id="oc-68">
         <name>.debug_abbrev</name>
         <load_address>0x472</load_address>
         <run_address>0x472</run_address>
         <size>0x7e</size>
         <input_file_ref idref="fl-13a"/>
      </object_component>
      <object_component id="oc-6a">
         <name>.debug_abbrev</name>
         <load_address>0x4f0</load_address>
         <run_address>0x4f0</run_address>
         <size>0x4e</size>
         <input_file_ref idref="fl-146"/>
      </object_component>
      <object_component id="oc-6b">
         <name>.debug_abbrev</name>
         <load_address>0x53e</load_address>
         <run_address>0x53e</run_address>
         <size>0x85</size>
         <input_file_ref idref="fl-143"/>
      </object_component>
      <object_component id="oc-6e">
         <name>.debug_abbrev</name>
         <load_address>0x5c3</load_address>
         <run_address>0x5c3</run_address>
         <size>0x24</size>
         <input_file_ref idref="fl-143"/>
      </object_component>
      <object_component id="oc-73">
         <name>.debug_abbrev</name>
         <load_address>0x5e7</load_address>
         <run_address>0x5e7</run_address>
         <size>0x23</size>
         <input_file_ref idref="fl-143"/>
      </object_component>
      <object_component id="oc-78">
         <name>.debug_abbrev</name>
         <load_address>0x60a</load_address>
         <run_address>0x60a</run_address>
         <size>0x4b</size>
         <input_file_ref idref="fl-143"/>
      </object_component>
      <object_component id="oc-81">
         <name>.debug_abbrev</name>
         <load_address>0x655</load_address>
         <run_address>0x655</run_address>
         <size>0xc8</size>
         <input_file_ref idref="fl-13d"/>
      </object_component>
      <object_component id="oc-83">
         <name>.debug_abbrev</name>
         <load_address>0x71d</load_address>
         <run_address>0x71d</run_address>
         <size>0x23</size>
         <input_file_ref idref="fl-13d"/>
      </object_component>
      <object_component id="oc-8f">
         <name>.debug_abbrev</name>
         <load_address>0x740</load_address>
         <run_address>0x740</run_address>
         <size>0x14f</size>
         <input_file_ref idref="fl-137"/>
      </object_component>
      <object_component id="oc-9a">
         <name>.debug_abbrev</name>
         <load_address>0x88f</load_address>
         <run_address>0x88f</run_address>
         <size>0x136</size>
         <input_file_ref idref="fl-2"/>
      </object_component>
      <object_component id="oc-9c">
         <name>.debug_abbrev</name>
         <load_address>0x9c5</load_address>
         <run_address>0x9c5</run_address>
         <size>0x23</size>
         <input_file_ref idref="fl-2"/>
      </object_component>
      <object_component id="oc-a2">
         <name>.debug_abbrev</name>
         <load_address>0x9e8</load_address>
         <run_address>0x9e8</run_address>
         <size>0x4b</size>
         <input_file_ref idref="fl-2"/>
      </object_component>
      <object_component id="oc-b6">
         <name>.debug_abbrev</name>
         <load_address>0xa33</load_address>
         <run_address>0xa33</run_address>
         <size>0x1a3</size>
         <input_file_ref idref="fl-13e"/>
      </object_component>
      <object_component id="oc-b9">
         <name>.debug_abbrev</name>
         <load_address>0xbd6</load_address>
         <run_address>0xbd6</run_address>
         <size>0x23</size>
         <input_file_ref idref="fl-13e"/>
      </object_component>
      <object_component id="oc-be">
         <name>.debug_abbrev</name>
         <load_address>0xbf9</load_address>
         <run_address>0xbf9</run_address>
         <size>0x4b</size>
         <input_file_ref idref="fl-13e"/>
      </object_component>
      <object_component id="oc-c2">
         <name>.debug_abbrev</name>
         <load_address>0xc44</load_address>
         <run_address>0xc44</run_address>
         <size>0x109</size>
         <input_file_ref idref="fl-136"/>
      </object_component>
      <object_component id="oc-c4">
         <name>.debug_abbrev</name>
         <load_address>0xd4d</load_address>
         <run_address>0xd4d</run_address>
         <size>0x23</size>
         <input_file_ref idref="fl-136"/>
      </object_component>
      <object_component id="oc-c9">
         <name>.debug_abbrev</name>
         <load_address>0xd70</load_address>
         <run_address>0xd70</run_address>
         <size>0x3d</size>
         <input_file_ref idref="fl-3"/>
      </object_component>
      <object_component id="oc-cb">
         <name>.debug_abbrev</name>
         <load_address>0xdad</load_address>
         <run_address>0xdad</run_address>
         <size>0x27</size>
         <input_file_ref idref="fl-3"/>
      </object_component>
      <object_component id="oc-cd">
         <name>.debug_abbrev</name>
         <load_address>0xdd4</load_address>
         <run_address>0xdd4</run_address>
         <size>0xe8</size>
         <input_file_ref idref="fl-3"/>
      </object_component>
      <object_component id="oc-d0">
         <name>.debug_abbrev</name>
         <load_address>0xebc</load_address>
         <run_address>0xebc</run_address>
         <size>0x5c</size>
         <input_file_ref idref="fl-3"/>
      </object_component>
      <object_component id="oc-d4">
         <name>.debug_abbrev</name>
         <load_address>0xf18</load_address>
         <run_address>0xf18</run_address>
         <size>0x34</size>
         <input_file_ref idref="fl-13b"/>
      </object_component>
      <object_component id="oc-d7">
         <name>.debug_abbrev</name>
         <load_address>0xf4c</load_address>
         <run_address>0xf4c</run_address>
         <size>0x156</size>
         <input_file_ref idref="fl-13f"/>
      </object_component>
      <object_component id="oc-d9">
         <name>.debug_abbrev</name>
         <load_address>0x10a2</load_address>
         <run_address>0x10a2</run_address>
         <size>0x33</size>
         <input_file_ref idref="fl-13f"/>
      </object_component>
      <object_component id="oc-de">
         <name>.debug_abbrev</name>
         <load_address>0x10d5</load_address>
         <run_address>0x10d5</run_address>
         <size>0x50</size>
         <input_file_ref idref="fl-139"/>
      </object_component>
      <object_component id="oc-df">
         <name>.debug_abbrev</name>
         <load_address>0x1125</load_address>
         <run_address>0x1125</run_address>
         <size>0x29</size>
         <input_file_ref idref="fl-137"/>
      </object_component>
      <object_component id="oc-e1">
         <name>.debug_abbrev</name>
         <load_address>0x114e</load_address>
         <run_address>0x114e</run_address>
         <size>0x6a</size>
         <input_file_ref idref="fl-137"/>
      </object_component>
      <object_component id="oc-e3">
         <name>.debug_abbrev</name>
         <load_address>0x11b8</load_address>
         <run_address>0x11b8</run_address>
         <size>0x69</size>
         <input_file_ref idref="fl-135"/>
      </object_component>
      <object_component id="oc-e4">
         <name>.debug_abbrev</name>
         <load_address>0x1221</load_address>
         <run_address>0x1221</run_address>
         <size>0x69</size>
         <input_file_ref idref="fl-134"/>
      </object_component>
      <object_component id="oc-e5">
         <name>.debug_abbrev</name>
         <load_address>0x128a</load_address>
         <run_address>0x128a</run_address>
         <size>0x68</size>
         <input_file_ref idref="fl-2"/>
      </object_component>
      <object_component id="oc-f1">
         <name>.debug_abbrev</name>
         <load_address>0x12f2</load_address>
         <run_address>0x12f2</run_address>
         <size>0xd4</size>
         <input_file_ref idref="fl-14b"/>
      </object_component>
      <object_component id="oc-f3">
         <name>.debug_abbrev</name>
         <load_address>0x13c6</load_address>
         <run_address>0x13c6</run_address>
         <size>0x23</size>
         <input_file_ref idref="fl-14b"/>
      </object_component>
      <object_component id="oc-f7">
         <name>.debug_abbrev</name>
         <load_address>0x13e9</load_address>
         <run_address>0x13e9</run_address>
         <size>0x55</size>
         <input_file_ref idref="fl-147"/>
      </object_component>
      <object_component id="oc-f8">
         <name>.debug_abbrev</name>
         <load_address>0x143e</load_address>
         <run_address>0x143e</run_address>
         <size>0xde</size>
         <input_file_ref idref="fl-140"/>
      </object_component>
      <object_component id="oc-fa">
         <name>.debug_abbrev</name>
         <load_address>0x151c</load_address>
         <run_address>0x151c</run_address>
         <size>0x23</size>
         <input_file_ref idref="fl-140"/>
      </object_component>
      <object_component id="oc-100">
         <name>.debug_abbrev</name>
         <load_address>0x153f</load_address>
         <run_address>0x153f</run_address>
         <size>0x27</size>
         <input_file_ref idref="fl-13e"/>
      </object_component>
      <object_component id="oc-102">
         <name>.debug_abbrev</name>
         <load_address>0x1566</load_address>
         <run_address>0x1566</run_address>
         <size>0xb6</size>
         <input_file_ref idref="fl-13e"/>
      </object_component>
      <object_component id="oc-104">
         <name>.debug_abbrev</name>
         <load_address>0x161c</load_address>
         <run_address>0x161c</run_address>
         <size>0x1c</size>
         <input_file_ref idref="fl-136"/>
      </object_component>
      <object_component id="oc-106">
         <name>.debug_abbrev</name>
         <load_address>0x1638</load_address>
         <run_address>0x1638</run_address>
         <size>0x27</size>
         <input_file_ref idref="fl-13f"/>
      </object_component>
      <object_component id="oc-108">
         <name>.debug_abbrev</name>
         <load_address>0x165f</load_address>
         <run_address>0x165f</run_address>
         <size>0xaa</size>
         <input_file_ref idref="fl-13f"/>
      </object_component>
      <object_component id="oc-10a">
         <name>.debug_abbrev</name>
         <load_address>0x1709</load_address>
         <run_address>0x1709</run_address>
         <size>0x124</size>
         <input_file_ref idref="fl-14d"/>
      </object_component>
      <object_component id="oc-10c">
         <name>.debug_abbrev</name>
         <load_address>0x182d</load_address>
         <run_address>0x182d</run_address>
         <size>0x8b</size>
         <input_file_ref idref="fl-14c"/>
      </object_component>
      <object_component id="oc-10d">
         <name>.debug_abbrev</name>
         <load_address>0x18b8</load_address>
         <run_address>0x18b8</run_address>
         <size>0x1c</size>
         <input_file_ref idref="fl-140"/>
      </object_component>
      <object_component id="oc-10f">
         <name>.debug_abbrev</name>
         <load_address>0x18d4</load_address>
         <run_address>0x18d4</run_address>
         <size>0x23</size>
         <input_file_ref idref="fl-14d"/>
      </object_component>
      <object_component id="oc-141">
         <name>.debug_abbrev</name>
         <load_address>0x18f7</load_address>
         <run_address>0x18f7</run_address>
         <size>0x23</size>
      </object_component>
      <object_component id="oc-31">
         <name>.debug_str</name>
         <load_address>0x0</load_address>
         <run_address>0x0</run_address>
         <size>0x13c</size>
         <input_file_ref idref="fl-137"/>
      </object_component>
      <object_component id="oc-5c">
         <name>.debug_str</name>
         <load_address>0x13c</load_address>
         <run_address>0x13c</run_address>
         <size>0x13f</size>
         <input_file_ref idref="fl-3"/>
      </object_component>
      <object_component id="oc-70">
         <name>.debug_str</name>
         <load_address>0x27b</load_address>
         <run_address>0x27b</run_address>
         <size>0xca</size>
         <input_file_ref idref="fl-143"/>
      </object_component>
      <object_component id="oc-75">
         <name>.debug_str</name>
         <load_address>0x345</load_address>
         <run_address>0x345</run_address>
         <size>0x125</size>
         <input_file_ref idref="fl-143"/>
      </object_component>
      <object_component id="oc-7a">
         <name>.debug_str</name>
         <load_address>0x46a</load_address>
         <run_address>0x46a</run_address>
         <size>0x121</size>
         <input_file_ref idref="fl-143"/>
      </object_component>
      <object_component id="oc-85">
         <name>.debug_str</name>
         <load_address>0x58b</load_address>
         <run_address>0x58b</run_address>
         <size>0x13f</size>
         <input_file_ref idref="fl-13d"/>
      </object_component>
      <object_component id="oc-9e">
         <name>.debug_str</name>
         <load_address>0x6ca</load_address>
         <run_address>0x6ca</run_address>
         <size>0x13f</size>
         <input_file_ref idref="fl-2"/>
      </object_component>
      <object_component id="oc-a4">
         <name>.debug_str</name>
         <load_address>0x809</load_address>
         <run_address>0x809</run_address>
         <size>0x1a1</size>
         <input_file_ref idref="fl-2"/>
      </object_component>
      <object_component id="oc-bb">
         <name>.debug_str</name>
         <load_address>0x9aa</load_address>
         <run_address>0x9aa</run_address>
         <size>0x12d</size>
         <input_file_ref idref="fl-13e"/>
      </object_component>
      <object_component id="oc-c0">
         <name>.debug_str</name>
         <load_address>0xad7</load_address>
         <run_address>0xad7</run_address>
         <size>0xdf</size>
         <input_file_ref idref="fl-13e"/>
      </object_component>
      <object_component id="oc-c6">
         <name>.debug_str</name>
         <load_address>0xbb6</load_address>
         <run_address>0xbb6</run_address>
         <size>0x136</size>
         <input_file_ref idref="fl-136"/>
      </object_component>
      <object_component id="oc-d2">
         <name>.debug_str</name>
         <load_address>0xcec</load_address>
         <run_address>0xcec</run_address>
         <size>0x12a</size>
         <input_file_ref idref="fl-3"/>
      </object_component>
      <object_component id="oc-db">
         <name>.debug_str</name>
         <load_address>0xe16</load_address>
         <run_address>0xe16</run_address>
         <size>0xf7</size>
         <input_file_ref idref="fl-13f"/>
      </object_component>
      <object_component id="oc-f5">
         <name>.debug_str</name>
         <load_address>0xf0d</load_address>
         <run_address>0xf0d</run_address>
         <size>0x13f</size>
         <input_file_ref idref="fl-14b"/>
      </object_component>
      <object_component id="oc-fc">
         <name>.debug_str</name>
         <load_address>0x104c</load_address>
         <run_address>0x104c</run_address>
         <size>0x12d</size>
         <input_file_ref idref="fl-140"/>
      </object_component>
      <object_component id="oc-32">
         <name>.debug_pubtypes</name>
         <load_address>0x0</load_address>
         <run_address>0x0</run_address>
         <size>0xed</size>
         <input_file_ref idref="fl-137"/>
      </object_component>
      <object_component id="oc-5d">
         <name>.debug_pubtypes</name>
         <load_address>0xed</load_address>
         <run_address>0xed</run_address>
         <size>0xff</size>
         <input_file_ref idref="fl-3"/>
      </object_component>
      <object_component id="oc-71">
         <name>.debug_pubtypes</name>
         <load_address>0x1ec</load_address>
         <run_address>0x1ec</run_address>
         <size>0x1d</size>
         <input_file_ref idref="fl-143"/>
      </object_component>
      <object_component id="oc-76">
         <name>.debug_pubtypes</name>
         <load_address>0x209</load_address>
         <run_address>0x209</run_address>
         <size>0xed</size>
         <input_file_ref idref="fl-143"/>
      </object_component>
      <object_component id="oc-7b">
         <name>.debug_pubtypes</name>
         <load_address>0x2f6</load_address>
         <run_address>0x2f6</run_address>
         <size>0x50</size>
         <input_file_ref idref="fl-143"/>
      </object_component>
      <object_component id="oc-86">
         <name>.debug_pubtypes</name>
         <load_address>0x346</load_address>
         <run_address>0x346</run_address>
         <size>0xff</size>
         <input_file_ref idref="fl-13d"/>
      </object_component>
      <object_component id="oc-9f">
         <name>.debug_pubtypes</name>
         <load_address>0x445</load_address>
         <run_address>0x445</run_address>
         <size>0xed</size>
         <input_file_ref idref="fl-2"/>
      </object_component>
      <object_component id="oc-a5">
         <name>.debug_pubtypes</name>
         <load_address>0x532</load_address>
         <run_address>0x532</run_address>
         <size>0x57</size>
         <input_file_ref idref="fl-2"/>
      </object_component>
      <object_component id="oc-bc">
         <name>.debug_pubtypes</name>
         <load_address>0x589</load_address>
         <run_address>0x589</run_address>
         <size>0xff</size>
         <input_file_ref idref="fl-13e"/>
      </object_component>
      <object_component id="oc-c1">
         <name>.debug_pubtypes</name>
         <load_address>0x688</load_address>
         <run_address>0x688</run_address>
         <size>0x2c</size>
         <input_file_ref idref="fl-13e"/>
      </object_component>
      <object_component id="oc-c7">
         <name>.debug_pubtypes</name>
         <load_address>0x6b4</load_address>
         <run_address>0x6b4</run_address>
         <size>0xed</size>
         <input_file_ref idref="fl-136"/>
      </object_component>
      <object_component id="oc-d3">
         <name>.debug_pubtypes</name>
         <load_address>0x7a1</load_address>
         <run_address>0x7a1</run_address>
         <size>0x53</size>
         <input_file_ref idref="fl-3"/>
      </object_component>
      <object_component id="oc-dc">
         <name>.debug_pubtypes</name>
         <load_address>0x7f4</load_address>
         <run_address>0x7f4</run_address>
         <size>0x27</size>
         <input_file_ref idref="fl-13f"/>
      </object_component>
      <object_component id="oc-f6">
         <name>.debug_pubtypes</name>
         <load_address>0x81b</load_address>
         <run_address>0x81b</run_address>
         <size>0xed</size>
         <input_file_ref idref="fl-14b"/>
      </object_component>
      <object_component id="oc-fd">
         <name>.debug_pubtypes</name>
         <load_address>0x908</load_address>
         <run_address>0x908</run_address>
         <size>0xed</size>
         <input_file_ref idref="fl-140"/>
      </object_component>
   </object_component_list>
   <logical_group_list>
      <logical_group id="lg-2">
         <name>.text:Entry</name>
         <load_address>0x80000000</load_address>
         <run_address>0x80000000</run_address>
         <size>0xd4</size>
         <contents>
            <object_component_ref idref="oc-8"/>
            <object_component_ref idref="oc-127"/>
         </contents>
      </logical_group>
      <logical_group id="lg-3">
         <name>.text</name>
         <load_address>0x800000d4</load_address>
         <run_address>0x800000d4</run_address>
         <size>0x71e4</size>
         <contents>
            <object_component_ref idref="oc-e7"/>
            <object_component_ref idref="oc-4a"/>
            <object_component_ref idref="oc-4f"/>
            <object_component_ref idref="oc-45"/>
            <object_component_ref idref="oc-af"/>
            <object_component_ref idref="oc-20"/>
            <object_component_ref idref="oc-25"/>
            <object_component_ref idref="oc-40"/>
            <object_component_ref idref="oc-7c"/>
            <object_component_ref idref="oc-3b"/>
            <object_component_ref idref="oc-34"/>
            <object_component_ref idref="oc-a6"/>
            <object_component_ref idref="oc-95"/>
            <object_component_ref idref="oc-62"/>
            <object_component_ref idref="oc-91"/>
            <object_component_ref idref="oc-d"/>
            <object_component_ref idref="oc-ab"/>
            <object_component_ref idref="oc-ec"/>
            <object_component_ref idref="oc-11"/>
            <object_component_ref idref="oc-17"/>
            <object_component_ref idref="oc-87"/>
            <object_component_ref idref="oc-1b"/>
            <object_component_ref idref="oc-8c"/>
         </contents>
      </logical_group>
      <logical_group id="lg-4">
         <name>.data</name>
         <load_address>0x80007528</load_address>
         <run_address>0x80007528</run_address>
         <size>0x34</size>
         <contents>
            <object_component_ref idref="oc-99"/>
            <object_component_ref idref="oc-56"/>
         </contents>
      </logical_group>
      <logical_group id="lg-5">
         <name>.bss</name>
         <run_address>0x800072b8</run_address>
         <size>0x219</size>
         <contents>
            <object_component_ref idref="oc-54"/>
            <object_component_ref idref="oc-8d"/>
            <object_component_ref idref="oc-d5"/>
         </contents>
      </logical_group>
      <logical_group id="lg-6">
         <name>.const</name>
         <load_address>0x800074d4</load_address>
         <run_address>0x800074d4</run_address>
         <size>0x54</size>
         <contents>
            <object_component_ref idref="oc-2b"/>
            <object_component_ref idref="oc-ff"/>
            <object_component_ref idref="oc-29"/>
            <object_component_ref idref="oc-b4"/>
         </contents>
      </logical_group>
[...]
         <value>0x80002538</value>
         <object_component_ref idref="oc-4a"/>
      </symbol>
      <symbol id="sm-64d">
         <name>UARTGets</name>
         <value>0x80001f44</value>
         <object_component_ref idref="oc-4a"/>
      </symbol>
      <symbol id="sm-64e">
         <name>UARTprintf</name>
         <value>0x800025b8</value>
         <object_component_ref idref="oc-4a"/>
      </symbol>
      <symbol id="sm-64f">
         <name>UARTPutc</name>
         <value>0x80002524</value>
         <object_component_ref idref="oc-4a"/>
      </symbol>
      <symbol id="sm-650">
         <name>UARTPuts</name>
         <value>0x80001e8c</value>
         <object_component_ref idref="oc-4a"/>
      </symbol>
      <symbol id="sm-688">
         <name>ConsoleUtilsPrintf</name>
         <value>0x8000649c</value>
         <object_component_ref idref="oc-7c"/>
      </symbol>
      <symbol id="sm-689">
         <name>ConsoleUtilsInit</name>
         <value>0x8000645c</value>
         <object_component_ref idref="oc-7c"/>
      </symbol>
      <symbol id="sm-68a">
         <name>ConsoleUtilsGets</name>
         <value>0x8000655c</value>
         <object_component_ref idref="oc-7c"/>
      </symbol>
      <symbol id="sm-68b">
         <name>ConsoleUtilsPutChar</name>
         <value>0x80006654</value>
         <object_component_ref idref="oc-7c"/>
      </symbol>
      <symbol id="sm-68c">
         <name>ConsoleUtilsGetChar</name>
         <value>0x800065e4</value>
         <object_component_ref idref="oc-7c"/>
      </symbol>
      <symbol id="sm-68d">
         <name>ConsoleUtilsScanf</name>
         <value>0x800064f4</value>
         <object_component_ref idref="oc-7c"/>
      </symbol>
      <symbol id="sm-68e">
         <name>ConsoleUtilsPuts</name>
         <value>0x800065a8</value>
         <object_component_ref idref="oc-7c"/>
      </symbol>
      <symbol id="sm-68f">
         <name>ConsoleUtilsSetType</name>
         <value>0x80006468</value>
         <object_component_ref idref="oc-7c"/>
      </symbol>
      <symbol id="sm-6f6">
         <name>StrToEthrAddr</name>
         <value>0x80005234</value>
         <object_component_ref idref="oc-af"/>
      </symbol>
      <symbol id="sm-6f7">
         <name>EthrAddrToStr</name>
         <value>0x80005348</value>
         <object_component_ref idref="oc-af"/>
      </symbol>
      <symbol id="sm-6f8">
         <name>TimeToStr</name>
         <value>0x8000546c</value>
         <object_component_ref idref="oc-af"/>
      </symbol>
      <symbol id="sm-6f9">
         <name>ASCIIToDigit</name>
         <value>0x800050c4</value>
         <object_component_ref idref="oc-af"/>
      </symbol>
      <symbol id="sm-6fa">
         <name>DigitToASCII</name>
         <value>0x80005198</value>
         <object_component_ref idref="oc-af"/>
      </symbol>
      <symbol id="sm-6fb">
         <name>DateToStr</name>
         <value>0x800055b4</value>
         <object_component_ref idref="oc-af"/>
      </symbol>
      <symbol id="sm-714">
         <name>__TI_CINIT_Base</name>
         <value>0x0</value>
      </symbol>
      <symbol id="sm-715">
         <name>SHT$$INIT_ARRAY$$Limit</name>
         <value>0x0</value>
      </symbol>
      <symbol id="sm-716">
         <name>SHT$$INIT_ARRAY$$Base</name>
         <value>0x0</value>
      </symbol>
      <symbol id="sm-717">
         <name>__TI_auto_init</name>
         <value>0x80006f04</value>
         <object_component_ref idref="oc-d"/>
      </symbol>
      <symbol id="sm-718">
         <name>__TI_Handler_Table_Base</name>
         <value>0x0</value>
      </symbol>
      <symbol id="sm-719">
         <name>__TI_CINIT_Limit</name>
         <value>0x0</value>
      </symbol>
      <symbol id="sm-71e">
         <name>__stack</name>
         <value>0x87fffff0</value>
         <object_component_ref idref="oc-c"/>
      </symbol>
      <symbol id="sm-73f">
         <name>copy_in</name>
         <value>0x800071ac</value>
         <object_component_ref idref="oc-17"/>
      </symbol>
      <symbol id="sm-74a">
         <name>IND_CALL</name>
         <value>0x8000728c</value>
         <object_component_ref idref="oc-1b"/>
      </symbol>
      <symbol id="sm-760">
         <name>memcpy</name>
         <value>0x80006920</value>
         <object_component_ref idref="oc-34"/>
      </symbol>
      <symbol id="sm-761">
         <name>__aeabi_memcpy</name>
         <value>0x80006920</value>
         <object_component_ref idref="oc-34"/>
      </symbol>
      <symbol id="sm-762">
         <name>__aeabi_memcpy8</name>
         <value>0x80006920</value>
         <object_component_ref idref="oc-34"/>
      </symbol>
      <symbol id="sm-763">
         <name>__aeabi_memcpy4</name>
         <value>0x80006920</value>
         <object_component_ref idref="oc-34"/>
      </symbol>
      <symbol id="sm-771">
         <name>__aeabi_memset</name>
         <value>0x80006fdc</value>
         <object_component_ref idref="oc-ab"/>
      </symbol>
      <symbol id="sm-772">
         <name>memset</name>
         <value>0x80006fe8</value>
         <object_component_ref idref="oc-ab"/>
      </symbol>
      <symbol id="sm-773">
         <name>__aeabi_memset8</name>
         <value>0x80006fdc</value>
         <object_component_ref idref="oc-ab"/>
      </symbol>
      <symbol id="sm-774">
         <name>__aeabi_memset4</name>
         <value>0x80006fdc</value>
         <object_component_ref idref="oc-ab"/>
      </symbol>
      <symbol id="sm-775">
         <name>__aeabi_memclr8</name>
         <value>0x80006fd8</value>
         <object_component_ref idref="oc-ab"/>
      </symbol>
      <symbol id="sm-776">
         <name>__aeabi_memclr4</name>
         <value>0x80006fd8</value>
         <object_component_ref idref="oc-ab"/>
      </symbol>
      <symbol id="sm-777">
         <name>__aeabi_memclr</name>
         <value>0x80006fd8</value>
         <object_component_ref idref="oc-ab"/>
      </symbol>
      <symbol id="sm-77b">
         <name>__TI_args_main</name>
         <value>0x1</value>
      </symbol>
      <symbol id="sm-796">
         <name>UARTConsoleGetc</name>
         <value>0x80006bc8</value>
         <object_component_ref idref="oc-a6"/>
      </symbol>
      <symbol id="sm-797">
         <name>UARTConsolePutc</name>
         <value>0x80006bb0</value>
         <object_component_ref idref="oc-a6"/>
      </symbol>
      <symbol id="sm-798">
         <name>UARTConsoleInit</name>
         <value>0x80006b8c</value>
         <object_component_ref idref="oc-a6"/>
      </symbol>
      <symbol id="sm-7b3">
         <name>UART0ModuleClkConfig</name>
         <value>0x800070d0</value>
         <object_component_ref idref="oc-ec"/>
      </symbol>
      <symbol id="sm-7b4">
         <name>UARTPinMuxSetup</name>
         <value>0x80007088</value>
         <object_component_ref idref="oc-ec"/>
      </symbol>
      <symbol id="sm-83a">
         <name>UARTAutobaudWordLenGet</name>
         <value>0x80001c40</value>
         <object_component_ref idref="oc-e7"/>
      </symbol>
      <symbol id="sm-83b">
         <name>UARTDivisorLatchDisable</name>
         <value>0x80000398</value>
         <object_component_ref idref="oc-e7"/>
      </symbol>
      <symbol id="sm-83c">
         <name>UARTCharPutNonBlocking</name>
         <value>0x800010d0</value>
         <object_component_ref idref="oc-e7"/>
      </symbol>
      <symbol id="sm-83d">
         <name>UARTDMAEnable</name>
         <value>0x80000934</value>
         <object_component_ref idref="oc-e7"/>
      </symbol>
      <symbol id="sm-83e">
         <name>UARTXON1XOFF1ValProgram</name>
         <value>0x800017a0</value>
         <object_component_ref idref="oc-e7"/>
      </symbol>
      <symbol id="sm-83f">
         <name>UARTScratchPadRegWrite</name>
         <value>0x80001cd8</value>
         <object_component_ref idref="oc-e7"/>
      </symbol>
      <symbol id="sm-840">
         <name>UARTPulseShapingControl</name>
         <value>0x8000160c</value>
         <object_component_ref idref="oc-e7"/>
      </symbol>
      <symbol id="sm-841">
         <name>UARTSubConfigXOFFModeEn</name>
         <value>0x80000cc8</value>
         <object_component_ref idref="oc-e7"/>
      </symbol>
      <symbol id="sm-842">
         <name>UARTModemStatusChangeCheck</name>
         <value>0x80001984</value>
         <object_component_ref idref="oc-e7"/>
      </symbol>
      <symbol id="sm-843">
         <name>UARTFIFOTrigLvlGranControl</name>
         <value>0x80001a18</value>
         <object_component_ref idref="oc-e7"/>
      </symbol>
      <symbol id="sm-844">
         <name>UARTDivisorValCompute</name>
         <value>0x80000134</value>
         <object_component_ref idref="oc-e7"/>
      </symbol>
      <symbol id="sm-845">
         <name>UARTIntPendingStatusGet</name>
         <value>0x80001410</value>
         <object_component_ref idref="oc-e7"/>
      </symbol>
      <symbol id="sm-846">
         <name>UARTModuleReset</name>
         <value>0x80001650</value>
         <object_component_ref idref="oc-e7"/>
      </symbol>
      <symbol id="sm-847">
         <name>UARTAutobaudParityGet</name>
         <value>0x80001bf4</value>
         <object_component_ref idref="oc-e7"/>
      </symbol>
      <symbol id="sm-848">
         <name>UARTTCRTLRBitValRestore</name>
         <value>0x80000da0</value>
         <object_component_ref idref="oc-e7"/>
      </symbol>
      <symbol id="sm-849">
         <name>UARTIntIdentityGet</name>
         <value>0x800013c4</value>
         <object_component_ref idref="oc-e7"/>
      </symbol>
      <symbol id="sm-84a">
         <name>UARTCharGetTimeout</name>
         <value>0x800011ec</value>
         <object_component_ref idref="oc-e7"/>
      </symbol>
      <symbol id="sm-84b">
         <name>UARTEnhanFuncBitValRestore</name>
         <value>0x80000ab4</value>
         <object_component_ref idref="oc-e7"/>
      </symbol>
      <symbol id="sm-84c">
         <name>UARTModemControlSet</name>
         <value>0x80001908</value>
         <object_component_ref idref="oc-e7"/>
      </symbol>
      <symbol id="sm-84d">
         <name>UARTSubConfigTCRTLRModeEn</name>
         <value>0x80000bf0</value>
         <object_component_ref idref="oc-e7"/>
      </symbol>
      <symbol id="sm-84e">
         <name>UARTLoopbackModeControl</name>
         <value>0x800018c4</value>
         <object_component_ref idref="oc-e7"/>
      </symbol>
      <symbol id="sm-84f">
         <name>UARTIdleModeConfigure</name>
         <value>0x80001684</value>
         <object_component_ref idref="oc-e7"/>
      </symbol>
      <symbol id="sm-850">
         <name>UARTDivisorLatchEnable</name>
         <value>0x80000374</value>
         <object_component_ref idref="oc-e7"/>
      </symbol>
      <symbol id="sm-851">
         <name>UARTFIFOCharGet</name>
         <value>0x800012f0</value>
         <object_component_ref idref="oc-e7"/>
      </symbol>
      <symbol id="sm-852">
         <name>UARTFIFOWrite</name>
         <value>0x8000130c</value>
         <object_component_ref idref="oc-e7"/>
      </symbol>
      <symbol id="sm-853">
         <name>UARTWakeUpEventsEnable</name>
         <value>0x800019b8</value>
         <object_component_ref idref="oc-e7"/>
      </symbol>
      <symbol id="sm-854">
         <name>UARTSpecialCharDetectControl</name>
         <value>0x80001544</value>
         <object_component_ref idref="oc-e7"/>
      </symbol>
      <symbol id="sm-855">
         <name>UARTDivisorLatchWrite</name>
         <value>0x800001f0</value>
         <object_component_ref idref="oc-e7"/>
      </symbol>
      <symbol id="sm-856">
         <name>UARTWakeUpEventsDisable</name>
         <value>0x800019e8</value>
         <object_component_ref idref="oc-e7"/>
      </symbol>
      <symbol id="sm-857">
         <name>UARTScratchPadRegRead</name>
         <value>0x80001d1c</value>
         <object_component_ref idref="oc-e7"/>
      </symbol>
      <symbol id="sm-858">
         <name>UARTModuleVersionNumberGet</name>
         <value>0x80001d38</value>
         <object_component_ref idref="oc-e7"/>
      </symbol>
      <symbol id="sm-859">
         <name>UARTRXCTSDSRWakeUpConfigure</name>
         <value>0x80001b04</value>
         <object_component_ref idref="oc-e7"/>
      </symbol>
      <symbol id="sm-85a">
         <name>UARTEnhanFuncEnable</name>
         <value>0x80000a54</value>
         <object_component_ref idref="oc-e7"/>
      </symbol>
      <symbol id="sm-85b">
         <name>UARTTxFIFOLevelGet</name>
         <value>0x80001bc4</value>
         <object_component_ref idref="oc-e7"/>
      </symbol>
      <symbol id="sm-85c">
         <name>UARTOperatingModeSelect</name>
         <value>0x800000d4</value>
         <object_component_ref idref="oc-e7"/>
      </symbol>
      <symbol id="sm-85d">
         <name>UARTXON2XOFF2ValProgram</name>
         <value>0x800017d0</value>
         <object_component_ref idref="oc-e7"/>
      </symbol>
      <symbol id="sm-85e">
         <name>UARTLineCharacConfig</name>
         <value>0x80000498</value>
         <object_component_ref idref="oc-e7"/>
      </symbol>
      <symbol id="sm-85f">
         <name>UARTIntEnable</name>
         <value>0x80000e7c</value>
         <object_component_ref idref="oc-e7"/>
      </symbol>
      <symbol id="sm-860">
         <name>UARTCharsAvail</name>
         <value>0x8000107c</value>
         <object_component_ref idref="oc-e7"/>
      </symbol>
      <symbol id="sm-861">
         <name>UARTRxFIFOLevelGet</name>
         <value>0x80001bdc</value>
         <object_component_ref idref="oc-e7"/>
      </symbol>
      <symbol id="sm-862">
         <name>UARTFlowCtrlTrigLvlConfig</name>
         <value>0x80001750</value>
         <object_component_ref idref="oc-e7"/>
      </symbol>
      <symbol id="sm-863">
         <name>UARTCharGetNonBlocking</name>
         <value>0x8000113c</value>
         <object_component_ref idref="oc-e7"/>
      </symbol>
      <symbol id="sm-864">
         <name>UARTDMACounterResetControl</name>
         <value>0x80001b64</value>
         <object_component_ref idref="oc-e7"/>
      </symbol>
      <symbol id="sm-865">
         <name>UARTModemStatusGet</name>
         <value>0x80001968</value>
         <object_component_ref idref="oc-e7"/>
      </symbol>
      <symbol id="sm-866">
         <name>UARTAutoRTSAutoCTSControl</name>
         <value>0x800014b8</value>
         <object_component_ref idref="oc-e7"/>
      </symbol>
      <symbol id="sm-867">
         <name>UARTFIFORegisterWrite</name>
         <value>0x800009c8</value>
         <object_component_ref idref="oc-e7"/>
      </symbol>
      <symbol id="sm-868">
         <name>UARTDSRInterruptControl</name>
         <value>0x80001a7c</value>
         <object_component_ref idref="oc-e7"/>
      </symbol>
      <symbol id="sm-869">
         <name>UARTIntDisable</name>
         <value>0x80000f60</value>
         <object_component_ref idref="oc-e7"/>
      </symbol>
      <symbol id="sm-86a">
         <name>UARTCharPut</name>
         <value>0x8000127c</value>
         <object_component_ref idref="oc-e7"/>
      </symbol>
      <symbol id="sm-86b">
         <name>UARTTxDMAThresholdControl</name>
         <value>0x80001d54</value>
         <object_component_ref idref="oc-e7"/>
      </symbol>
      <symbol id="sm-86c">
         <name>UARTParityModeSet</name>
         <value>0x80000510</value>
         <object_component_ref idref="oc-e7"/>
      </symbol>
      <symbol id="sm-86d">
         <name>UARTAutoIdleModeControl</name>
         <value>0x8000170c</value>
         <object_component_ref idref="oc-e7"/>
      </symbol>
      <symbol id="sm-86e">
         <name>UARTRxErrorGet</name>
         <value>0x80001378</value>
         <object_component_ref idref="oc-e7"/>
      </symbol>
      <symbol id="sm-86f">
         <name>UARTFIFOEnableStatusGet</name>
         <value>0x80001464</value>
         <object_component_ref idref="oc-e7"/>
      </symbol>
      <symbol id="sm-870">
         <name>UARTXONAnyFeatureControl</name>
         <value>0x80001800</value>
         <object_component_ref idref="oc-e7"/>
      </symbol>
      <symbol id="sm-871">
         <name>UARTFIFOCharPut</name>
         <value>0x800012d0</value>
         <object_component_ref idref="oc-e7"/>
      </symbol>
      <symbol id="sm-872">
         <name>UARTSubConfigMSRSPRModeEn</name>
         <value>0x80000b18</value>
         <object_component_ref idref="oc-e7"/>
      </symbol>
      <symbol id="sm-873">
         <name>UARTDMADisable</name>
         <value>0x80000990</value>
         <object_component_ref idref="oc-e7"/>
      </symbol>
      <symbol id="sm-874">
         <name>UARTTxFIFOFullStatusGet</name>
         <value>0x80001ba8</value>
         <object_component_ref idref="oc-e7"/>
      </symbol>
      <symbol id="sm-875">
         <name>UARTFIFOConfig</name>
         <value>0x80000570</value>
         <object_component_ref idref="oc-e7"/>
      </symbol>
      <symbol id="sm-876">
         <name>UARTTxDMAThresholdValConfig</name>
         <value>0x80001d98</value>
         <object_component_ref idref="oc-e7"/>
      </symbol>
      <symbol id="sm-877">
         <name>UARTWakeUpControl</name>
         <value>0x800016c8</value>
         <object_component_ref idref="oc-e7"/>
      </symbol>
      <symbol id="sm-878">
         <name>UARTResumeOperation</name>
         <value>0x800019a0</value>
         <object_component_ref idref="oc-e7"/>
      </symbol>
      <symbol id="sm-879">
         <name>UARTRegConfModeRestore</name>
         <value>0x80000434</value>
         <object_component_ref idref="oc-e7"/>
      </symbol>
      <symbol id="sm-87a">
         <name>UARTSpaceAvail</name>
         <value>0x80001028</value>
         <object_component_ref idref="oc-e7"/>
      </symbol>
      <symbol id="sm-87b">
         <name>UARTAutobaudSpeedGet</name>
         <value>0x80001c8c</value>
         <object_component_ref idref="oc-e7"/>
      </symbol>
      <symbol id="sm-87c">
         <name>UARTCharGet</name>
         <value>0x80001194</value>
         <object_component_ref idref="oc-e7"/>
      </symbol>
      <symbol id="sm-87d">
         <name>UARTSoftwareFlowCtrlOptSet</name>
         <value>0x800015a8</value>
         <object_component_ref idref="oc-e7"/>
      </symbol>
      <symbol id="sm-87e">
         <name>UARTModemControlClear</name>
         <value>0x80001938</value>
         <object_component_ref idref="oc-e7"/>
      </symbol>
      <symbol id="sm-87f">
         <name>UARTRegConfigModeEnable</name>
         <value>0x800003bc</value>
         <object_component_ref idref="oc-e7"/>
      </symbol>
      <symbol id="sm-880">
         <name>UARTRXCTSDSRTransitionStatusGet</name>
         <value>0x80001b48</value>
         <object_component_ref idref="oc-e7"/>
      </symbol>
      <symbol id="sm-881">
         <name>UARTTxEmptyIntControl</name>
         <value>0x80001ac0</value>
         <object_component_ref idref="oc-e7"/>
      </symbol>
      <symbol id="sm-882">
         <name>UARTParityModeGet</name>
         <value>0x80000554</value>
         <object_component_ref idref="oc-e7"/>
      </symbol>
      <symbol id="sm-883">
         <name>UARTBreakCtl</name>
         <value>0x80000454</value>
         <object_component_ref idref="oc-e7"/>
      </symbol>
   </symbol_table>
</link_info>
