******************************************************************************
                  TI ARM Linker PC v5.0.4                      
******************************************************************************
>> Linked Wed Nov 27 11:11:05 2013

OUTPUT FILE NAME:   <../../../../../../../binary/armv7a/cgt_ccs/am335x/ok335xd/dcanTxRx/Debug/dcanTxRx.out>
ENTRY POINT SYMBOL: "Entry"  address: 80000000


MEMORY CONFIGURATION

         name            origin    length      used     unused   attr    fill
----------------------  --------  ---------  --------  --------  ----  --------
  DDR_MEM               80000000   07ffffff  00007a3d  07ff85c2  RWIX


SEGMENT ALLOCATION MAP

run origin  load origin   length   init length attrs members
----------  ----------- ---------- ----------- ----- -------
80000000    80000000    00007760   00007760    r-x
  80000000    80000000    000000d4   000000d4    r-x .text:Entry
  800000d4    800000d4    0000768c   0000768c    r-x .text
80007760    80007760    00000219   00000000    rw-
  80007760    80007760    00000219   00000000    rw- .bss
8000797c    8000797c    0000007c   0000007c    r--
  8000797c    8000797c    0000007c   0000007c    r-- .const
800079f8    800079f8    00000040   00000040    rw-
  800079f8    800079f8    00000040   00000040    rw- .data
87fffff0    87fffff0    00000008   00000000    rw-
  87fffff0    87fffff0    00000008   00000000    rw- .stack


SECTION ALLOCATION MAP

 output                                  attributes/
section   page    origin      length       input sections
--------  ----  ----------  ----------   ----------------
.text:Entry 
*          0    80000000    000000d4     
                  80000000    000000c8     system.lib : init.obj (.text:Entry)
                  800000c8    0000000c     rtsv7A8_A_le_eabi.lib : auto_init.obj (.tramp.__TI_auto_init.1)

.text      0    800000d4    0000768c     
                  800000d4    00001d08     drivers.lib : uart_irda_cir.obj (.text)
                  80001ddc    00001998     utils.lib : uartStdio.obj (.text)
                  80003774    00000f90     drivers.lib : dcan.obj (.text)
                  80004704    000009c0     dcan_frame.obj (.text)
                  800050c4    0000099c     dcanTxRx.obj (.text)
                  80005a60    00000638     utils.lib : ascii.obj (.text)
                  80006098    00000488     system.lib : cp15.obj (.text)
                  80006520    000003e4                : interrupt.obj (.text)
                  80006904    00000280     utils.lib : consoleUtils.obj (.text)
                  80006b84    00000244     platform.lib : dcan.obj (.text)
                  80006dc8    00000180     rtsv7A8_A_le_eabi.lib : memcpy32.obj (.text)
                  80006f48    0000014c     platform.lib : uartConsole.obj (.text)
                  80007094    00000118     rtsv7A8_A_le_eabi.lib : i_div32.obj (.text)
                  800071ac    0000010c     system.lib : exceptionhandler.obj (.text)
                  800072b8    000000f4     rtsv7A8_A_le_eabi.lib : u_div32.obj (.text)
                  800073ac    000000d4                           : auto_init.obj (.text)
                  80007480    000000b0                           : memset32.obj (.text)
                  80007530    000000a0     platform.lib : uart.obj (.text)
                  800075d0    00000084     system.lib : startup.obj (.text)
                  80007654    00000080     rtsv7A8_A_le_eabi.lib : cpy_tbl.obj (.text)
                  800076d4    00000060     system.lib : cpu.obj (.text)
                  80007734    00000020     rtsv7A8_A_le_eabi.lib : icall32.obj (.text)
                  80007754    0000000c     system.lib : cpu.obj (.text:CPUIntStatus)

.bss       0    80007760    00000219     UNINITIALIZED
                  80007760    00000200     system.lib : interrupt.obj (.bss:fnRAMVectors)
                  80007960    00000018     dcanTxRx.obj (.bss)
                  80007978    00000001     utils.lib : consoleUtils.obj (.bss)

.const     0    8000797c    0000007c     
                  8000797c    00000038     system.lib : startup.obj (.const:vecTbl)
                  800079b4    00000028     dcanTxRx.obj (.const:$P$T0$1)
                  800079dc    00000014     utils.lib : uartStdio.obj (.const:.string)
                  800079f0    00000004     system.lib : startup.obj (.const)
                  800079f4    00000004     utils.lib : uartStdio.obj (.const)

.data      0    800079f8    00000040     
                  800079f8    00000020     dcanTxRx.obj (.data)
                  80007a18    00000020     dcan_frame.obj (.data)

.stack     0    87fffff0    00000008     UNINITIALIZED
                  87fffff0    00000008     --HOLE--


FAR CALL TRAMPOLINES

callee name               trampoline name
   callee addr  tramp addr   call addr  call info
--------------  -----------  ---------  ----------------
__TI_auto_init            $Tramp$AA$S$$__TI_auto_init
   800073ac     800000c8     800000a0   system.lib : init.obj (.text:Entry)

[1 trampolines]
[1 trampoline calls]


GLOBAL SYMBOLS: SORTED ALPHABETICALLY BY Name 

address    name
--------   ----
800079f0   AM335X_VECTOR_BASE
80005a60   ASCIIToDigit
800072a0   AbortHandler
800049a0   CANClrIntPndStat
80004a08   CANInValidateMsgObject
80004704   CANMsgObjectConfig
8000494c   CANReadMsgObjData
80004a74   CANRxIntDisable
80004848   CANRxObjectConfig
80004af0   CANSetBitTiming
80004a3c   CANTxIntDisable
80004774   CANTxObjectConfig
80004aac   CANUpdateDataBytes
800049d4   CANValidateMsgObject
80004c00   CANbitTimeCalculator
800064f4   CP15AuxControlFeatureDisable
800064e0   CP15AuxControlFeatureEnable
80006488   CP15BranchPredictionDisable
80006478   CP15BranchPredictionEnable
8000646c   CP15BranchPredictorInvalidate
800064a8   CP15ControlFeatureDisable
800064bc   CP15ControlFeatureEnable
80006184   CP15DCacheClean
800062bc   CP15DCacheCleanBuff
80006218   CP15DCacheCleanFlush
80006310   CP15DCacheCleanFlushBuff
800060b4   CP15DCacheDisable
800060e0   CP15DCacheEnable
800060f0   CP15DCacheFlush
80006364   CP15DCacheFlushBuff
80006498   CP15DomainAccessClientSet
80006098   CP15ICacheDisable
800060d0   CP15ICacheEnable
800062ac   CP15ICacheFlush
800063c8   CP15ICacheFlushBuff
80006434   CP15MMUDisable
8000644c   CP15MMUEnable
80006508   CP15MainIdPrimPartNumGet
80006428   CP15TlbInvalidate
8000641c   CP15Ttb0Set
800064d0   CP15TtbCtlTtb0Config
80006460   CP15VectorBaseAddrSet
800076f0   CPUAbortHandler
80007754   CPUIntStatus
800076d4   CPUSwitchToPrivilegedMode
800076dc   CPUSwitchToUserMode
80007714   CPUfiqd
80007724   CPUfiqe
800076f4   CPUirqd
80007704   CPUirqe
80006a8c   ConsoleUtilsGetChar
80006a04   ConsoleUtilsGets
80006904   ConsoleUtilsInit
80006944   ConsoleUtilsPrintf
80006afc   ConsoleUtilsPutChar
80006a50   ConsoleUtilsPuts
8000699c   ConsoleUtilsScanf
80006910   ConsoleUtilsSetType
80003930   DCANAutoBusOnControl
80003be8   DCANAutoBusOnTimeValGet
80003bc8   DCANAutoBusOnTimeValSet
8000387c   DCANAutoReTransmitControl
800037d4   DCANBitTimingConfig
800045b0   DCANClrIntPnd
80003fd4   DCANCommandRegSet
800038b8   DCANConfigRegWriteAccessControl
80004280   DCANDataLengthCodeSet
80004230   DCANDataRead
800041c0   DCANDataWrite
80003a34   DCANDmaRequestLineDisable
80003a08   DCANDmaRequestLineEnable
80003a84   DCANErrAndStatusRegInfoGet
80003a9c   DCANErrCntrRegStatusGet
80004394   DCANFIFOEndOfBlockControl
800044fc   DCANIF3ObservationFlagClear
800044cc   DCANIF3ObservationFlagSet
8000452c   DCANIF3ObservationFlagStatGet
80004474   DCANIF3RegUpdateEnableSet
80004568   DCANIFArbStatusGet
80004070   DCANIFBusyStatusGet
80004544   DCANIFMaskStatusGet
8000458c   DCANIFMsgCtlStatusGet
80003774   DCANInitModeSet
80003850   DCANIntDisable
80003824   DCANIntEnable
800039d8   DCANIntLineDisable
800039a8   DCANIntLineEnable
80003eb0   DCANIntMuxConfig
80003df4   DCANIntPendingStatusGet
80003dd8   DCANIntPendingXStatusGet
80003a60   DCANIntRegStatusGet
80006c10   DCANModuleClkConfig
80004144   DCANMsgDirectionSet
80004098   DCANMsgIdSet
80004348   DCANMsgObjIntDisable
800042fc   DCANMsgObjIntEnable
80003f94   DCANMsgObjInvalidate
80003f54   DCANMsgObjValidate
80004410   DCANMsgObjectMskConfig
80006bd4   DCANMsgRAMInit
80003e60   DCANMsgValidStatusGet
80003e44   DCANMsgValidXStatusGet
800045f0   DCANNewDataControl
80003d58   DCANNewDataStatGet
80003d08   DCANNewDataStatusGet
80003cec   DCANNewDataXStatusGet
800037a4   DCANNormalModeSet
8000396c   DCANParityControl
80003b64   DCANParityEndOfIntSet
80003ba4   DCANParityErrCdRegStatusGet
80006b84   DCANPinMuxSetUp
800037f4   DCANReset
80003b88   DCANRxPinStatusGet
800038f4   DCANTestModeControl
80003af0   DCANTestModesDisable
80003ac0   DCANTestModesEnable
800046a0   DCANTransmitRequestControl
80003b20   DCANTxPinControl
80003c6c   DCANTxRqstStatGet
80003c1c   DCANTxRqstStatusGet
80003c00   DCANTxRqstXStatusGet
80004648   DCANUseAcceptanceMaskControl
80005f50   DateToStr
80005b34   DigitToASCII
80000000   Entry
80005ce4   EthrAddrToStr
8000729c   FIQHandler
80007734   IND_CALL
800071f0   IRQHandler
80006568   IntAINTCInit
800066a0   IntActiveIrqNumGet
80006738   IntCurrIrqPriorityGet
80006890   IntDisable
800068a8   IntEnable
80006724   IntFuncClkAutoGateSet
80006710   IntFuncClkFreeRunSet
8000668c   IntIfClkAutoGateSet
80006678   IntIfClkFreeRunSet
80006878   IntMasterFIQDisable
8000686c   IntMasterFIQEnable
80006860   IntMasterIRQDisable
80006854   IntMasterIRQEnable
80006884   IntMasterStatusGet
80006818   IntPendingIrqMaskedStatusGet
800065d8   IntPrioritySet
80006748   IntPriorityThresholdGet
80006758   IntPriorityThresholdSet
800066d4   IntProtectionDisable
800066c4   IntProtectionEnable
80006778   IntRawStatusGet
80006524   IntRegister
800067e8   IntSoftwareIntClear
800067b8   IntSoftwareIntSet
800066b0   IntSpurIrqFlagGet
800066fc   IntSyncClkAutoGateSet
800066e8   IntSyncClkFreeRunSet
80006644   IntSystemDisable
80006610   IntSystemEnable
80006548   IntUnRegister
UNDEFED    SHT$$INIT_ARRAY$$Base
UNDEFED    SHT$$INIT_ARRAY$$Limit
800071c8   SVC_Handler
80005bd0   StrToEthrAddr
80005e08   TimeToStr
80007578   UART0ModuleClkConfig
8000170c   UARTAutoIdleModeControl
800014b8   UARTAutoRTSAutoCTSControl
80001bf4   UARTAutobaudParityGet
80001c8c   UARTAutobaudSpeedGet
80001c40   UARTAutobaudWordLenGet
80000454   UARTBreakCtl
80001194   UARTCharGet
8000113c   UARTCharGetNonBlocking
800011ec   UARTCharGetTimeout
8000127c   UARTCharPut
800010d0   UARTCharPutNonBlocking
8000107c   UARTCharsAvail
80007070   UARTConsoleGetc
80007034   UARTConsoleInit
80007058   UARTConsolePutc
80001b64   UARTDMACounterResetControl
80000990   UARTDMADisable
80000934   UARTDMAEnable
80001a7c   UARTDSRInterruptControl
80000398   UARTDivisorLatchDisable
80000374   UARTDivisorLatchEnable
800001f0   UARTDivisorLatchWrite
80000134   UARTDivisorValCompute
80000ab4   UARTEnhanFuncBitValRestore
80000a54   UARTEnhanFuncEnable
800012f0   UARTFIFOCharGet
800012d0   UARTFIFOCharPut
80000570   UARTFIFOConfig
80001464   UARTFIFOEnableStatusGet
800009c8   UARTFIFORegisterWrite
80001a18   UARTFIFOTrigLvlGranControl
8000130c   UARTFIFOWrite
80001750   UARTFlowCtrlTrigLvlConfig
800022cc   UARTGetHexNum
80002218   UARTGetNum
80002538   UARTGetc
80001f44   UARTGets
80001684   UARTIdleModeConfigure
80000f60   UARTIntDisable
80000e7c   UARTIntEnable
800013c4   UARTIntIdentityGet
80001410   UARTIntPendingStatusGet
80000498   UARTLineCharacConfig
800018c4   UARTLoopbackModeControl
80001938   UARTModemControlClear
80001908   UARTModemControlSet
80001984   UARTModemStatusChangeCheck
80001968   UARTModemStatusGet
80001650   UARTModuleReset
80001d38   UARTModuleVersionNumberGet
800000d4   UARTOperatingModeSelect
80000554   UARTParityModeGet
80000510   UARTParityModeSet
80007530   UARTPinMuxSetup
80003294   UARTPrintf
8000160c   UARTPulseShapingControl
800020ec   UARTPutHexNum
80001ff0   UARTPutNum
80002524   UARTPutc
80001e8c   UARTPuts
80001b48   UARTRXCTSDSRTransitionStatusGet
80001b04   UARTRXCTSDSRWakeUpConfigure
80000434   UARTRegConfModeRestore
800003bc   UARTRegConfigModeEnable
800019a0   UARTResumeOperation
80001378   UARTRxErrorGet
80001bdc   UARTRxFIFOLevelGet
80002aac   UARTScanf
80001d1c   UARTScratchPadRegRead
80001cd8   UARTScratchPadRegWrite
800015a8   UARTSoftwareFlowCtrlOptSet
80001028   UARTSpaceAvail
80001544   UARTSpecialCharDetectControl
80001e80   UARTStdioInit
80000b18   UARTSubConfigMSRSPRModeEn
80000bf0   UARTSubConfigTCRTLRModeEn
80000cc8   UARTSubConfigXOFFModeEn
80000da0   UARTTCRTLRBitValRestore
80001d54   UARTTxDMAThresholdControl
80001d98   UARTTxDMAThresholdValConfig
80001ac0   UARTTxEmptyIntControl
80001ba8   UARTTxFIFOFullStatusGet
80001bc4   UARTTxFIFOLevelGet
800016c8   UARTWakeUpControl
800019e8   UARTWakeUpEventsDisable
800019b8   UARTWakeUpEventsEnable
800017a0   UARTXON1XOFF1ValProgram
800017d0   UARTXON2XOFF2ValProgram
80001800   UARTXONAnyFeatureControl
800025b8   UARTprintf
80002544   UARTwrite
800072a0   UndefInstHandler
87fffff8   __STACK_END
00000008   __STACK_SIZE
UNDEFED    __TI_CINIT_Base
UNDEFED    __TI_CINIT_Limit
UNDEFED    __TI_Handler_Table_Base
00000001   __TI_args_main
800073ac   __TI_auto_init
80000000   __TI_static_base__
80007094   __aeabi_idivmod
80007480   __aeabi_memclr
80007480   __aeabi_memclr4
80007480   __aeabi_memclr8
80006dc8   __aeabi_memcpy
80006dc8   __aeabi_memcpy4
80006dc8   __aeabi_memcpy8
80007484   __aeabi_memset
80007484   __aeabi_memset4
80007484   __aeabi_memset8
800072b8   __aeabi_uidivmod
ffffffff   __binit__
ffffffff   __c_args__
87fffff0   __stack
ffffffff   binit
80007979   bss_end
80007760   bss_start
80004f98   canUpdatSamPt
80007654   copy_in
80007968   entry
80007760   fnRAMVectors
800050c4   main
80006dc8   memcpy
80007490   memset
800075d0   start_boot


GLOBAL SYMBOLS: SORTED BY Symbol Address 

address    name
--------   ----
00000001   __TI_args_main
00000008   __STACK_SIZE
80000000   Entry
80000000   __TI_static_base__
800000d4   UARTOperatingModeSelect
80000134   UARTDivisorValCompute
800001f0   UARTDivisorLatchWrite
80000374   UARTDivisorLatchEnable
80000398   UARTDivisorLatchDisable
800003bc   UARTRegConfigModeEnable
80000434   UARTRegConfModeRestore
80000454   UARTBreakCtl
80000498   UARTLineCharacConfig
80000510   UARTParityModeSet
80000554   UARTParityModeGet
80000570   UARTFIFOConfig
80000934   UARTDMAEnable
80000990   UARTDMADisable
800009c8   UARTFIFORegisterWrite
80000a54   UARTEnhanFuncEnable
80000ab4   UARTEnhanFuncBitValRestore
80000b18   UARTSubConfigMSRSPRModeEn
80000bf0   UARTSubConfigTCRTLRModeEn
80000cc8   UARTSubConfigXOFFModeEn
80000da0   UARTTCRTLRBitValRestore
80000e7c   UARTIntEnable
80000f60   UARTIntDisable
80001028   UARTSpaceAvail
8000107c   UARTCharsAvail
800010d0   UARTCharPutNonBlocking
8000113c   UARTCharGetNonBlocking
80001194   UARTCharGet
800011ec   UARTCharGetTimeout
8000127c   UARTCharPut
800012d0   UARTFIFOCharPut
800012f0   UARTFIFOCharGet
8000130c   UARTFIFOWrite
80001378   UARTRxErrorGet
800013c4   UARTIntIdentityGet
80001410   UARTIntPendingStatusGet
80001464   UARTFIFOEnableStatusGet
800014b8   UARTAutoRTSAutoCTSControl
80001544   UARTSpecialCharDetectControl
800015a8   UARTSoftwareFlowCtrlOptSet
8000160c   UARTPulseShapingControl
80001650   UARTModuleReset
80001684   UARTIdleModeConfigure
800016c8   UARTWakeUpControl
8000170c   UARTAutoIdleModeControl
80001750   UARTFlowCtrlTrigLvlConfig
800017a0   UARTXON1XOFF1ValProgram
800017d0   UARTXON2XOFF2ValProgram
80001800   UARTXONAnyFeatureControl
800018c4   UARTLoopbackModeControl
80001908   UARTModemControlSet
80001938   UARTModemControlClear
80001968   UARTModemStatusGet
80001984   UARTModemStatusChangeCheck
800019a0   UARTResumeOperation
800019b8   UARTWakeUpEventsEnable
800019e8   UARTWakeUpEventsDisable
80001a18   UARTFIFOTrigLvlGranControl
80001a7c   UARTDSRInterruptControl
80001ac0   UARTTxEmptyIntControl
80001b04   UARTRXCTSDSRWakeUpConfigure
80001b48   UARTRXCTSDSRTransitionStatusGet
80001b64   UARTDMACounterResetControl
80001ba8   UARTTxFIFOFullStatusGet
80001bc4   UARTTxFIFOLevelGet
80001bdc   UARTRxFIFOLevelGet
80001bf4   UARTAutobaudParityGet
80001c40   UARTAutobaudWordLenGet
80001c8c   UARTAutobaudSpeedGet
80001cd8   UARTScratchPadRegWrite
80001d1c   UARTScratchPadRegRead
80001d38   UARTModuleVersionNumberGet
80001d54   UARTTxDMAThresholdControl
80001d98   UARTTxDMAThresholdValConfig
80001e80   UARTStdioInit
80001e8c   UARTPuts
80001f44   UARTGets
80001ff0   UARTPutNum
800020ec   UARTPutHexNum
80002218   UARTGetNum
800022cc   UARTGetHexNum
80002524   UARTPutc
80002538   UARTGetc
80002544   UARTwrite
800025b8   UARTprintf
80002aac   UARTScanf
80003294   UARTPrintf
80003774   DCANInitModeSet
800037a4   DCANNormalModeSet
800037d4   DCANBitTimingConfig
800037f4   DCANReset
80003824   DCANIntEnable
80003850   DCANIntDisable
8000387c   DCANAutoReTransmitControl
800038b8   DCANConfigRegWriteAccessControl
800038f4   DCANTestModeControl
80003930   DCANAutoBusOnControl
8000396c   DCANParityControl
800039a8   DCANIntLineEnable
800039d8   DCANIntLineDisable
80003a08   DCANDmaRequestLineEnable
80003a34   DCANDmaRequestLineDisable
80003a60   DCANIntRegStatusGet
80003a84   DCANErrAndStatusRegInfoGet
80003a9c   DCANErrCntrRegStatusGet
80003ac0   DCANTestModesEnable
80003af0   DCANTestModesDisable
80003b20   DCANTxPinControl
80003b64   DCANParityEndOfIntSet
80003b88   DCANRxPinStatusGet
80003ba4   DCANParityErrCdRegStatusGet
80003bc8   DCANAutoBusOnTimeValSet
80003be8   DCANAutoBusOnTimeValGet
80003c00   DCANTxRqstXStatusGet
80003c1c   DCANTxRqstStatusGet
80003c6c   DCANTxRqstStatGet
80003cec   DCANNewDataXStatusGet
80003d08   DCANNewDataStatusGet
80003d58   DCANNewDataStatGet
80003dd8   DCANIntPendingXStatusGet
80003df4   DCANIntPendingStatusGet
80003e44   DCANMsgValidXStatusGet
80003e60   DCANMsgValidStatusGet
80003eb0   DCANIntMuxConfig
80003f54   DCANMsgObjValidate
80003f94   DCANMsgObjInvalidate
80003fd4   DCANCommandRegSet
80004070   DCANIFBusyStatusGet
80004098   DCANMsgIdSet
80004144   DCANMsgDirectionSet
800041c0   DCANDataWrite
80004230   DCANDataRead
80004280   DCANDataLengthCodeSet
800042fc   DCANMsgObjIntEnable
80004348   DCANMsgObjIntDisable
80004394   DCANFIFOEndOfBlockControl
80004410   DCANMsgObjectMskConfig
80004474   DCANIF3RegUpdateEnableSet
800044cc   DCANIF3ObservationFlagSet
800044fc   DCANIF3ObservationFlagClear
8000452c   DCANIF3ObservationFlagStatGet
80004544   DCANIFMaskStatusGet
80004568   DCANIFArbStatusGet
8000458c   DCANIFMsgCtlStatusGet
800045b0   DCANClrIntPnd
800045f0   DCANNewDataControl
80004648   DCANUseAcceptanceMaskControl
800046a0   DCANTransmitRequestControl
80004704   CANMsgObjectConfig
80004774   CANTxObjectConfig
80004848   CANRxObjectConfig
8000494c   CANReadMsgObjData
800049a0   CANClrIntPndStat
800049d4   CANValidateMsgObject
80004a08   CANInValidateMsgObject
80004a3c   CANTxIntDisable
80004a74   CANRxIntDisable
80004aac   CANUpdateDataBytes
80004af0   CANSetBitTiming
80004c00   CANbitTimeCalculator
80004f98   canUpdatSamPt
800050c4   main
80005a60   ASCIIToDigit
80005b34   DigitToASCII
80005bd0   StrToEthrAddr
80005ce4   EthrAddrToStr
80005e08   TimeToStr
80005f50   DateToStr
80006098   CP15ICacheDisable
800060b4   CP15DCacheDisable
800060d0   CP15ICacheEnable
800060e0   CP15DCacheEnable
800060f0   CP15DCacheFlush
80006184   CP15DCacheClean
80006218   CP15DCacheCleanFlush
800062ac   CP15ICacheFlush
800062bc   CP15DCacheCleanBuff
80006310   CP15DCacheCleanFlushBuff
80006364   CP15DCacheFlushBuff
800063c8   CP15ICacheFlushBuff
8000641c   CP15Ttb0Set
80006428   CP15TlbInvalidate
80006434   CP15MMUDisable
8000644c   CP15MMUEnable
80006460   CP15VectorBaseAddrSet
8000646c   CP15BranchPredictorInvalidate
80006478   CP15BranchPredictionEnable
80006488   CP15BranchPredictionDisable
80006498   CP15DomainAccessClientSet
800064a8   CP15ControlFeatureDisable
800064bc   CP15ControlFeatureEnable
800064d0   CP15TtbCtlTtb0Config
800064e0   CP15AuxControlFeatureEnable
800064f4   CP15AuxControlFeatureDisable
80006508   CP15MainIdPrimPartNumGet
80006524   IntRegister
80006548   IntUnRegister
80006568   IntAINTCInit
800065d8   IntPrioritySet
80006610   IntSystemEnable
80006644   IntSystemDisable
80006678   IntIfClkFreeRunSet
8000668c   IntIfClkAutoGateSet
800066a0   IntActiveIrqNumGet
800066b0   IntSpurIrqFlagGet
800066c4   IntProtectionEnable
800066d4   IntProtectionDisable
800066e8   IntSyncClkFreeRunSet
800066fc   IntSyncClkAutoGateSet
80006710   IntFuncClkFreeRunSet
80006724   IntFuncClkAutoGateSet
80006738   IntCurrIrqPriorityGet
80006748   IntPriorityThresholdGet
80006758   IntPriorityThresholdSet
80006778   IntRawStatusGet
800067b8   IntSoftwareIntSet
800067e8   IntSoftwareIntClear
80006818   IntPendingIrqMaskedStatusGet
80006854   IntMasterIRQEnable
80006860   IntMasterIRQDisable
8000686c   IntMasterFIQEnable
80006878   IntMasterFIQDisable
80006884   IntMasterStatusGet
80006890   IntDisable
800068a8   IntEnable
80006904   ConsoleUtilsInit
80006910   ConsoleUtilsSetType
80006944   ConsoleUtilsPrintf
8000699c   ConsoleUtilsScanf
80006a04   ConsoleUtilsGets
80006a50   ConsoleUtilsPuts
80006a8c   ConsoleUtilsGetChar
80006afc   ConsoleUtilsPutChar
80006b84   DCANPinMuxSetUp
80006bd4   DCANMsgRAMInit
80006c10   DCANModuleClkConfig
80006dc8   __aeabi_memcpy
80006dc8   __aeabi_memcpy4
80006dc8   __aeabi_memcpy8
80006dc8   memcpy
80007034   UARTConsoleInit
80007058   UARTConsolePutc
80007070   UARTConsoleGetc
80007094   __aeabi_idivmod
800071c8   SVC_Handler
800071f0   IRQHandler
8000729c   FIQHandler
800072a0   AbortHandler
800072a0   UndefInstHandler
800072b8   __aeabi_uidivmod
800073ac   __TI_auto_init
80007480   __aeabi_memclr
80007480   __aeabi_memclr4
80007480   __aeabi_memclr8
80007484   __aeabi_memset
80007484   __aeabi_memset4
80007484   __aeabi_memset8
80007490   memset
80007530   UARTPinMuxSetup
80007578   UART0ModuleClkConfig
800075d0   start_boot
80007654   copy_in
800076d4   CPUSwitchToPrivilegedMode
800076dc   CPUSwitchToUserMode
800076f0   CPUAbortHandler
800076f4   CPUirqd
80007704   CPUirqe
80007714   CPUfiqd
80007724   CPUfiqe
80007734   IND_CALL
80007754   CPUIntStatus
80007760   bss_start
80007760   fnRAMVectors
80007968   entry
80007979   bss_end
800079f0   AM335X_VECTOR_BASE
87fffff0   __stack
87fffff8   __STACK_END
ffffffff   __binit__
ffffffff   __c_args__
ffffffff   binit
UNDEFED    SHT$$INIT_ARRAY$$Base
UNDEFED    SHT$$INIT_ARRAY$$Limit
UNDEFED    __TI_CINIT_Base
UNDEFED    __TI_CINIT_Limit
UNDEFED    __TI_Handler_Table_Base

[290 symbols]
