Archive member included because of file (symbol)

../../../../../..//binary/armv7a/gcc/am335x/drivers/Debug/libdrivers.a(dcan.o)
                              Debug/dcanLpBk.o (DCANInitModeSet)
../../../../../..//binary/armv7a/gcc/utils/Debug/libutils.a(uartStdio.o)
                              Debug/dcanLpBk.o (UARTPutc)
../../../../../..//binary/armv7a/gcc/utils/Debug/libutils.a(ascii.o)
                              ../../../../../..//binary/armv7a/gcc/utils/Debug/libutils.a(uartStdio.o) (ASCIIToDigit)
../../../../../..//binary/armv7a/gcc/am335x/ok335xd/platform/Debug/libplatform.a(dcan.o)
                              Debug/dcanLpBk.o (DCANPinMuxSetUp)
../../../../../..//binary/armv7a/gcc/am335x/ok335xd/platform/Debug/libplatform.a(uartConsole.o)
                              ../../../../../..//binary/armv7a/gcc/utils/Debug/libutils.a(uartStdio.o) (UARTConsoleInit)
../../../../../..//binary/armv7a/gcc/am335x/ok335xd/platform/Debug/libplatform.a(uart.o)
                              ../../../../../..//binary/armv7a/gcc/am335x/ok335xd/platform/Debug/libplatform.a(uartConsole.o) (UARTPinMuxSetup)
../../../../../..//binary/armv7a/gcc/am335x/system_config/Debug/libsystem_config.a(init.o)
                              (Entry)
../../../../../..//binary/armv7a/gcc/am335x/system_config/Debug/libsystem_config.a(interrupt.o)
                              Debug/dcanLpBk.o (IntRegister)
../../../../../..//binary/armv7a/gcc/am335x/system_config/Debug/libsystem_config.a(startup.o)
                              ../../../../../..//binary/armv7a/gcc/am335x/system_config/Debug/libsystem_config.a(init.o) (start_boot)
../../../../../..//binary/armv7a/gcc/am335x/system_config/Debug/libsystem_config.a(cp15.o)
                              ../../../../../..//binary/armv7a/gcc/am335x/system_config/Debug/libsystem_config.a(startup.o) (CP15VectorBaseAddrSet)
../../../../../..//binary/armv7a/gcc/am335x/system_config/Debug/libsystem_config.a(cpu.o)
                              ../../../../../..//binary/armv7a/gcc/am335x/system_config/Debug/libsystem_config.a(interrupt.o) (CPUIntStatus)
../../../../../..//binary/armv7a/gcc/am335x/system_config/Debug/libsystem_config.a(exceptionhandler.o)
                              ../../../../../..//binary/armv7a/gcc/am335x/system_config/Debug/libsystem_config.a(startup.o) (IRQHandler)
/opt/gcc-arm-none-eabi-4_7-2013q1/lib/gcc/arm-none-eabi/4.7.3//libgcc.a(_udivsi3.o)
                              (__aeabi_uidiv)
/opt/gcc-arm-none-eabi-4_7-2013q1/lib/gcc/arm-none-eabi/4.7.3//libgcc.a(_divsi3.o)
                              (__aeabi_idiv)
/opt/gcc-arm-none-eabi-4_7-2013q1/lib/gcc/arm-none-eabi/4.7.3//libgcc.a(_dvmd_tls.o)
                              /opt/gcc-arm-none-eabi-4_7-2013q1/lib/gcc/arm-none-eabi/4.7.3//libgcc.a(_udivsi3.o) (__aeabi_idiv0)
../../../../../..//binary/armv7a/gcc/am335x/drivers/Debug/libdrivers.a(uart_irda_cir.o)
                              ../../../../../..//binary/armv7a/gcc/am335x/ok335xd/platform/Debug/libplatform.a(uartConsole.o) (UARTOperatingModeSelect)
../../../../../..//binary/armv7a/gcc/utils/Debug/libutils.a(consoleUtils.o)
                              ../../../../../..//binary/armv7a/gcc/am335x/ok335xd/platform/Debug/libplatform.a(dcan.o) (ConsoleUtilsPrintf)

Allocating common symbols
Common symbol       size              file

entry               0x10              Debug/dcanLpBk.o
fnRAMVectors        0x200             ../../../../../..//binary/armv7a/gcc/am335x/system_config/Debug/libsystem_config.a(interrupt.o)

Discarded input sections

 .text          0x00000000        0x0 Debug/dcan_frame.o
 .data          0x00000000        0x0 Debug/dcan_frame.o
 .bss           0x00000000        0x0 Debug/dcan_frame.o
 .text.CANValidateMsgObject
                0x00000000       0x50 Debug/dcan_frame.o
 .text.CANTxIntDisable
                0x00000000       0x54 Debug/dcan_frame.o
 .text.CANRxIntDisable
                0x00000000       0x54 Debug/dcan_frame.o
 .text.CANUpdateDataBytes
                0x00000000       0x58 Debug/dcan_frame.o
 .text          0x00000000        0x0 Debug/dcanLpBk.o
 .data          0x00000000        0x0 Debug/dcanLpBk.o
 .bss           0x00000000        0x0 Debug/dcanLpBk.o
 .data.isrRxFlag
                0x00000000        0x4 Debug/dcanLpBk.o
 .text          0x00000000        0x0 ../../../../../..//binary/armv7a/gcc/am335x/drivers/Debug/libdrivers.a(dcan.o)
 .data          0x00000000        0x0 ../../../../../..//binary/armv7a/gcc/am335x/drivers/Debug/libdrivers.a(dcan.o)
 .bss           0x00000000        0x0 ../../../../../..//binary/armv7a/gcc/am335x/drivers/Debug/libdrivers.a(dcan.o)
 .text.DCANIntDisable
                0x00000000       0x40 ../../../../../..//binary/armv7a/gcc/am335x/drivers/Debug/libdrivers.a(dcan.o)
 .text.DCANAutoReTransmitControl
                0x00000000       0x50 ../../../../../..//binary/armv7a/gcc/am335x/drivers/Debug/libdrivers.a(dcan.o)
 .text.DCANTestModeControl
                0x00000000       0x50 ../../../../../..//binary/armv7a/gcc/am335x/drivers/Debug/libdrivers.a(dcan.o)
 .text.DCANParityControl
                0x00000000       0x50 ../../../../../..//binary/armv7a/gcc/am335x/drivers/Debug/libdrivers.a(dcan.o)
 .text.DCANIntLineDisable
                0x00000000       0x48 ../../../../../..//binary/armv7a/gcc/am335x/drivers/Debug/libdrivers.a(dcan.o)
 .text.DCANDmaRequestLineEnable
                0x00000000       0x3c ../../../../../..//binary/armv7a/gcc/am335x/drivers/Debug/libdrivers.a(dcan.o)
 .text.DCANDmaRequestLineDisable
                0x00000000       0x40 ../../../../../..//binary/armv7a/gcc/am335x/drivers/Debug/libdrivers.a(dcan.o)
 .text.DCANErrCntrRegStatusGet
                0x00000000       0x38 ../../../../../..//binary/armv7a/gcc/am335x/drivers/Debug/libdrivers.a(dcan.o)
 .text.DCANTestModesEnable
                0x00000000       0x44 ../../../../../..//binary/armv7a/gcc/am335x/drivers/Debug/libdrivers.a(dcan.o)
 .text.DCANTestModesDisable
                0x00000000       0x48 ../../../../../..//binary/armv7a/gcc/am335x/drivers/Debug/libdrivers.a(dcan.o)
 .text.DCANTxPinControl
                0x00000000       0x60 ../../../../../..//binary/armv7a/gcc/am335x/drivers/Debug/libdrivers.a(dcan.o)
 .text.DCANRxPinStatusGet
                0x00000000       0x30 ../../../../../..//binary/armv7a/gcc/am335x/drivers/Debug/libdrivers.a(dcan.o)
 .text.DCANAutoBusOnTimeValSet
                0x00000000       0x30 ../../../../../..//binary/armv7a/gcc/am335x/drivers/Debug/libdrivers.a(dcan.o)
 .text.DCANAutoBusOnTimeValGet
                0x00000000       0x2c ../../../../../..//binary/armv7a/gcc/am335x/drivers/Debug/libdrivers.a(dcan.o)
 .text.DCANTxRqstXStatusGet
                0x00000000       0x34 ../../../../../..//binary/armv7a/gcc/am335x/drivers/Debug/libdrivers.a(dcan.o)
 .text.DCANTxRqstStatusGet
                0x00000000       0x6c ../../../../../..//binary/armv7a/gcc/am335x/drivers/Debug/libdrivers.a(dcan.o)
 .text.DCANNewDataXStatusGet
                0x00000000       0x34 ../../../../../..//binary/armv7a/gcc/am335x/drivers/Debug/libdrivers.a(dcan.o)
 .text.DCANNewDataStatusGet
                0x00000000       0x6c ../../../../../..//binary/armv7a/gcc/am335x/drivers/Debug/libdrivers.a(dcan.o)
 .text.DCANNewDataStatGet
                0x00000000       0xa0 ../../../../../..//binary/armv7a/gcc/am335x/drivers/Debug/libdrivers.a(dcan.o)
 .text.DCANIntPendingXStatusGet
                0x00000000       0x34 ../../../../../..//binary/armv7a/gcc/am335x/drivers/Debug/libdrivers.a(dcan.o)
 .text.DCANIntPendingStatusGet
                0x00000000       0x6c ../../../../../..//binary/armv7a/gcc/am335x/drivers/Debug/libdrivers.a(dcan.o)
 .text.DCANMsgValidXStatusGet
                0x00000000       0x34 ../../../../../..//binary/armv7a/gcc/am335x/drivers/Debug/libdrivers.a(dcan.o)
 .text.DCANIntMuxConfig
                0x00000000       0xec ../../../../../..//binary/armv7a/gcc/am335x/drivers/Debug/libdrivers.a(dcan.o)
 .text.DCANMsgObjIntDisable
                0x00000000       0x8c ../../../../../..//binary/armv7a/gcc/am335x/drivers/Debug/libdrivers.a(dcan.o)
 .text.DCANIF3RegUpdateEnableSet
                0x00000000       0x80 ../../../../../..//binary/armv7a/gcc/am335x/drivers/Debug/libdrivers.a(dcan.o)
 .text.DCANIF3ObservationFlagSet
                0x00000000       0x54 ../../../../../..//binary/armv7a/gcc/am335x/drivers/Debug/libdrivers.a(dcan.o)
 .text.DCANIF3ObservationFlagClear
                0x00000000       0x5c ../../../../../..//binary/armv7a/gcc/am335x/drivers/Debug/libdrivers.a(dcan.o)
 .text.DCANIF3ObservationFlagStatGet
                0x00000000       0x34 ../../../../../..//binary/armv7a/gcc/am335x/drivers/Debug/libdrivers.a(dcan.o)
 .text.DCANIFMaskStatusGet
                0x00000000       0x40 ../../../../../..//binary/armv7a/gcc/am335x/drivers/Debug/libdrivers.a(dcan.o)
 .text.DCANIFArbStatusGet
                0x00000000       0x40 ../../../../../..//binary/armv7a/gcc/am335x/drivers/Debug/libdrivers.a(dcan.o)
 .text.DCANTransmitRequestControl
                0x00000000       0xa4 ../../../../../..//binary/armv7a/gcc/am335x/drivers/Debug/libdrivers.a(dcan.o)
 .text          0x00000000        0x0 ../../../../../..//binary/armv7a/gcc/utils/Debug/libutils.a(uartStdio.o)
 .data          0x00000000        0x0 ../../../../../..//binary/armv7a/gcc/utils/Debug/libutils.a(uartStdio.o)
 .bss           0x00000000        0x0 ../../../../../..//binary/armv7a/gcc/utils/Debug/libutils.a(uartStdio.o)
 .text.UARTStdioInit
                0x00000000       0x18 ../../../../../..//binary/armv7a/gcc/utils/Debug/libutils.a(uartStdio.o)
 .text.UARTStdioRead
                0x00000000       0xd0 ../../../../../..//binary/armv7a/gcc/utils/Debug/libutils.a(uartStdio.o)
 .text.UARTGets
                0x00000000       0xdc ../../../../../..//binary/armv7a/gcc/utils/Debug/libutils.a(uartStdio.o)
 .text.UARTPutHexNum
                0x00000000      0x198 ../../../../../..//binary/armv7a/gcc/utils/Debug/libutils.a(uartStdio.o)
 .text.UARTGetNum
                0x00000000      0x118 ../../../../../..//binary/armv7a/gcc/utils/Debug/libutils.a(uartStdio.o)
 .text.UARTGetHexNum
                0x00000000      0x2ec ../../../../../..//binary/armv7a/gcc/utils/Debug/libutils.a(uartStdio.o)
 .text.UARTGetc
                0x00000000       0x20 ../../../../../..//binary/armv7a/gcc/utils/Debug/libutils.a(uartStdio.o)
 .text.UARTprintf
                0x00000000      0x6b8 ../../../../../..//binary/armv7a/gcc/utils/Debug/libutils.a(uartStdio.o)
 .text.UARTScanf
                0x00000000      0xa68 ../../../../../..//binary/armv7a/gcc/utils/Debug/libutils.a(uartStdio.o)
 .text          0x00000000        0x0 ../../../../../..//binary/armv7a/gcc/utils/Debug/libutils.a(ascii.o)
 .data          0x00000000        0x0 ../../../../../..//binary/armv7a/gcc/utils/Debug/libutils.a(ascii.o)
 .bss           0x00000000        0x0 ../../../../../..//binary/armv7a/gcc/utils/Debug/libutils.a(ascii.o)
 .text.ASCIIToDigit
                0x00000000       0xe8 ../../../../../..//binary/armv7a/gcc/utils/Debug/libutils.a(ascii.o)
 .text.DigitToASCII
                0x00000000       0xb8 ../../../../../..//binary/armv7a/gcc/utils/Debug/libutils.a(ascii.o)
 .text.StrToEthrAddr
                0x00000000      0x184 ../../../../../..//binary/armv7a/gcc/utils/Debug/libutils.a(ascii.o)
 .text.EthrAddrToStr
                0x00000000      0x180 ../../../../../..//binary/armv7a/gcc/utils/Debug/libutils.a(ascii.o)
 .text.TimeToStr
                0x00000000      0x18c ../../../../../..//binary/armv7a/gcc/utils/Debug/libutils.a(ascii.o)
 .text.DateToStr
                0x00000000      0x18c ../../../../../..//binary/armv7a/gcc/utils/Debug/libutils.a(ascii.o)
 .debug_info    0x00000000      0x289 ../../../../../..//binary/armv7a/gcc/utils/Debug/libutils.a(ascii.o)
 .debug_abbrev  0x00000000       0xce ../../../../../..//binary/armv7a/gcc/utils/Debug/libutils.a(ascii.o)
 .debug_loc     0x00000000      0x108 ../../../../../..//binary/armv7a/gcc/utils/Debug/libutils.a(ascii.o)
 .debug_aranges
                0x00000000       0x48 ../../../../../..//binary/armv7a/gcc/utils/Debug/libutils.a(ascii.o)
 .debug_ranges  0x00000000       0x38 ../../../../../..//binary/armv7a/gcc/utils/Debug/libutils.a(ascii.o)
 .debug_line    0x00000000      0x1a6 ../../../../../..//binary/armv7a/gcc/utils/Debug/libutils.a(ascii.o)
 .debug_str     0x00000000      0x18c ../../../../../..//binary/armv7a/gcc/utils/Debug/libutils.a(ascii.o)
 .comment       0x00000000       0x71 ../../../../../..//binary/armv7a/gcc/utils/Debug/libutils.a(ascii.o)
 .ARM.attributes
                0x00000000       0x37 ../../../../../..//binary/armv7a/gcc/utils/Debug/libutils.a(ascii.o)
 .debug_frame   0x00000000       0xb0 ../../../../../..//binary/armv7a/gcc/utils/Debug/libutils.a(ascii.o)
 .text          0x00000000        0x0 ../../../../../..//binary/armv7a/gcc/am335x/ok335xd/platform/Debug/libplatform.a(dcan.o)
 .data          0x00000000        0x0 ../../../../../..//binary/armv7a/gcc/am335x/ok335xd/platform/Debug/libplatform.a(dcan.o)
 .bss           0x00000000        0x0 ../../../../../..//binary/armv7a/gcc/am335x/ok335xd/platform/Debug/libplatform.a(dcan.o)
 .text          0x00000000        0x0 ../../../../../..//binary/armv7a/gcc/am335x/ok335xd/platform/Debug/libplatform.a(uartConsole.o)
 .data          0x00000000        0x0 ../../../../../..//binary/armv7a/gcc/am335x/ok335xd/platform/Debug/libplatform.a(uartConsole.o)
 .bss           0x00000000        0x0 ../../../../../..//binary/armv7a/gcc/am335x/ok335xd/platform/Debug/libplatform.a(uartConsole.o)
 .text.UARTStdioInitExpClk
                0x00000000       0xd0 ../../../../../..//binary/armv7a/gcc/am335x/ok335xd/platform/Debug/libplatform.a(uartConsole.o)
 .text.UartFIFOConfigure
                0x00000000       0x64 ../../../../../..//binary/armv7a/gcc/am335x/ok335xd/platform/Debug/libplatform.a(uartConsole.o)
 .text.UartBaudRateSet
                0x00000000       0x5c ../../../../../..//binary/armv7a/gcc/am335x/ok335xd/platform/Debug/libplatform.a(uartConsole.o)
 .text.UARTConsoleInit
                0x00000000       0x44 ../../../../../..//binary/armv7a/gcc/am335x/ok335xd/platform/Debug/libplatform.a(uartConsole.o)
 .text.UARTConsoleGetc
                0x00000000       0x2c ../../../../../..//binary/armv7a/gcc/am335x/ok335xd/platform/Debug/libplatform.a(uartConsole.o)
 .text          0x00000000        0x0 ../../../../../..//binary/armv7a/gcc/am335x/ok335xd/platform/Debug/libplatform.a(uart.o)
 .data          0x00000000        0x0 ../../../../../..//binary/armv7a/gcc/am335x/ok335xd/platform/Debug/libplatform.a(uart.o)
 .bss           0x00000000        0x0 ../../../../../..//binary/armv7a/gcc/am335x/ok335xd/platform/Debug/libplatform.a(uart.o)
 .text.UARTPinMuxSetup
                0x00000000       0x60 ../../../../../..//binary/armv7a/gcc/am335x/ok335xd/platform/Debug/libplatform.a(uart.o)
 .text.UART0ModuleClkConfig
                0x00000000       0x84 ../../../../../..//binary/armv7a/gcc/am335x/ok335xd/platform/Debug/libplatform.a(uart.o)
 .debug_info    0x00000000       0x7e ../../../../../..//binary/armv7a/gcc/am335x/ok335xd/platform/Debug/libplatform.a(uart.o)
 .debug_abbrev  0x00000000       0x62 ../../../../../..//binary/armv7a/gcc/am335x/ok335xd/platform/Debug/libplatform.a(uart.o)
 .debug_loc     0x00000000       0x58 ../../../../../..//binary/armv7a/gcc/am335x/ok335xd/platform/Debug/libplatform.a(uart.o)
 .debug_aranges
                0x00000000       0x28 ../../../../../..//binary/armv7a/gcc/am335x/ok335xd/platform/Debug/libplatform.a(uart.o)
 .debug_ranges  0x00000000       0x18 ../../../../../..//binary/armv7a/gcc/am335x/ok335xd/platform/Debug/libplatform.a(uart.o)
 .debug_line    0x00000000       0x94 ../../../../../..//binary/armv7a/gcc/am335x/ok335xd/platform/Debug/libplatform.a(uart.o)
 .debug_str     0x00000000      0x119 ../../../../../..//binary/armv7a/gcc/am335x/ok335xd/platform/Debug/libplatform.a(uart.o)
 .comment       0x00000000       0x71 ../../../../../..//binary/armv7a/gcc/am335x/ok335xd/platform/Debug/libplatform.a(uart.o)
 .ARM.attributes
                0x00000000       0x37 ../../../../../..//binary/armv7a/gcc/am335x/ok335xd/platform/Debug/libplatform.a(uart.o)
 .debug_frame   0x00000000       0x40 ../../../../../..//binary/armv7a/gcc/am335x/ok335xd/platform/Debug/libplatform.a(uart.o)
 .data          0x00000000        0x0 ../../../../../..//binary/armv7a/gcc/am335x/system_config/Debug/libsystem_config.a(init.o)
 .bss           0x00000000        0x0 ../../../../../..//binary/armv7a/gcc/am335x/system_config/Debug/libsystem_config.a(init.o)
 .text          0x00000000        0x0 ../../../../../..//binary/armv7a/gcc/am335x/system_config/Debug/libsystem_config.a(interrupt.o)
 .data          0x00000000        0x0 ../../../../../..//binary/armv7a/gcc/am335x/system_config/Debug/libsystem_config.a(interrupt.o)
 .bss           0x00000000        0x0 ../../../../../..//binary/armv7a/gcc/am335x/system_config/Debug/libsystem_config.a(interrupt.o)
 .text.IntUnRegister
                0x00000000       0x34 ../../../../../..//binary/armv7a/gcc/am335x/system_config/Debug/libsystem_config.a(interrupt.o)
 .text.IntSystemDisable
                0x00000000       0x4c ../../../../../..//binary/armv7a/gcc/am335x/system_config/Debug/libsystem_config.a(interrupt.o)
 .text.IntIfClkFreeRunSet
                0x00000000       0x30 ../../../../../..//binary/armv7a/gcc/am335x/system_config/Debug/libsystem_config.a(interrupt.o)
 .text.IntIfClkAutoGateSet
                0x00000000       0x30 ../../../../../..//binary/armv7a/gcc/am335x/system_config/Debug/libsystem_config.a(interrupt.o)
 .text.IntActiveIrqNumGet
                0x00000000       0x28 ../../../../../..//binary/armv7a/gcc/am335x/system_config/Debug/libsystem_config.a(interrupt.o)
 .text.IntSpurIrqFlagGet
                0x00000000       0x28 ../../../../../..//binary/armv7a/gcc/am335x/system_config/Debug/libsystem_config.a(interrupt.o)
 .text.IntProtectionEnable
                0x00000000       0x24 ../../../../../..//binary/armv7a/gcc/am335x/system_config/Debug/libsystem_config.a(interrupt.o)
 .text.IntProtectionDisable
                0x00000000       0x30 ../../../../../..//binary/armv7a/gcc/am335x/system_config/Debug/libsystem_config.a(interrupt.o)
 .text.IntSyncClkFreeRunSet
                0x00000000       0x30 ../../../../../..//binary/armv7a/gcc/am335x/system_config/Debug/libsystem_config.a(interrupt.o)
 .text.IntSyncClkAutoGateSet
                0x00000000       0x30 ../../../../../..//binary/armv7a/gcc/am335x/system_config/Debug/libsystem_config.a(interrupt.o)
 .text.IntFuncClkFreeRunSet
                0x00000000       0x30 ../../../../../..//binary/armv7a/gcc/am335x/system_config/Debug/libsystem_config.a(interrupt.o)
 .text.IntFuncClkAutoGateSet
                0x00000000       0x30 ../../../../../..//binary/armv7a/gcc/am335x/system_config/Debug/libsystem_config.a(interrupt.o)
 .text.IntCurrIrqPriorityGet
                0x00000000       0x28 ../../../../../..//binary/armv7a/gcc/am335x/system_config/Debug/libsystem_config.a(interrupt.o)
 .text.IntPriorityThresholdGet
                0x00000000       0x28 ../../../../../..//binary/armv7a/gcc/am335x/system_config/Debug/libsystem_config.a(interrupt.o)
 .text.IntPriorityThresholdSet
                0x00000000       0x30 ../../../../../..//binary/armv7a/gcc/am335x/system_config/Debug/libsystem_config.a(interrupt.o)
 .text.IntRawStatusGet
                0x00000000       0x5c ../../../../../..//binary/armv7a/gcc/am335x/system_config/Debug/libsystem_config.a(interrupt.o)
 .text.IntSoftwareIntSet
                0x00000000       0x48 ../../../../../..//binary/armv7a/gcc/am335x/system_config/Debug/libsystem_config.a(interrupt.o)
 .text.IntSoftwareIntClear
                0x00000000       0x48 ../../../../../..//binary/armv7a/gcc/am335x/system_config/Debug/libsystem_config.a(interrupt.o)
 .text.IntPendingIrqMaskedStatusGet
                0x00000000       0x58 ../../../../../..//binary/armv7a/gcc/am335x/system_config/Debug/libsystem_config.a(interrupt.o)
 .text.IntMasterIRQDisable
                0x00000000       0x18 ../../../../../..//binary/armv7a/gcc/am335x/system_config/Debug/libsystem_config.a(interrupt.o)
 .text.IntMasterFIQEnable
                0x00000000       0x18 ../../../../../..//binary/armv7a/gcc/am335x/system_config/Debug/libsystem_config.a(interrupt.o)
 .text.IntMasterFIQDisable
                0x00000000       0x18 ../../../../../..//binary/armv7a/gcc/am335x/system_config/Debug/libsystem_config.a(interrupt.o)
 .text.IntMasterStatusGet
                0x00000000       0x20 ../../../../../..//binary/armv7a/gcc/am335x/system_config/Debug/libsystem_config.a(interrupt.o)
 .text.IntDisable
                0x00000000       0x3c ../../../../../..//binary/armv7a/gcc/am335x/system_config/Debug/libsystem_config.a(interrupt.o)
 .text.IntEnable
                0x00000000       0x38 ../../../../../..//binary/armv7a/gcc/am335x/system_config/Debug/libsystem_config.a(interrupt.o)
 .text          0x00000000        0x0 ../../../../../..//binary/armv7a/gcc/am335x/system_config/Debug/libsystem_config.a(startup.o)
 .data          0x00000000        0x0 ../../../../../..//binary/armv7a/gcc/am335x/system_config/Debug/libsystem_config.a(startup.o)
 .bss           0x00000000        0x0 ../../../../../..//binary/armv7a/gcc/am335x/system_config/Debug/libsystem_config.a(startup.o)
 .data          0x00000000        0x0 ../../../../../..//binary/armv7a/gcc/am335x/system_config/Debug/libsystem_config.a(cp15.o)
 .bss           0x00000000        0x0 ../../../../../..//binary/armv7a/gcc/am335x/system_config/Debug/libsystem_config.a(cp15.o)
 .text          0x00000000        0x0 ../../../../../..//binary/armv7a/gcc/am335x/system_config/Debug/libsystem_config.a(cpu.o)
 .data          0x00000000        0x0 ../../../../../..//binary/armv7a/gcc/am335x/system_config/Debug/libsystem_config.a(cpu.o)
 .bss           0x00000000        0x0 ../../../../../..//binary/armv7a/gcc/am335x/system_config/Debug/libsystem_config.a(cpu.o)
 .text.CPUSwitchToPrivilegedMode
                0x00000000       0x18 ../../../../../..//binary/armv7a/gcc/am335x/system_config/Debug/libsystem_config.a(cpu.o)
 .text.CPUSwitchToUserMode
                0x00000000       0x24 ../../../../../..//binary/armv7a/gcc/am335x/system_config/Debug/libsystem_config.a(cpu.o)
 .text.CPUAbortHandler
                0x00000000       0x14 ../../../../../..//binary/armv7a/gcc/am335x/system_config/Debug/libsystem_config.a(cpu.o)
 .text.CPUIntStatus
                0x00000000       0x2c ../../../../../..//binary/armv7a/gcc/am335x/system_config/Debug/libsystem_config.a(cpu.o)
 .text.CPUirqd  0x00000000       0x24 ../../../../../..//binary/armv7a/gcc/am335x/system_config/Debug/libsystem_config.a(cpu.o)
 .text.CPUfiqd  0x00000000       0x24 ../../../../../..//binary/armv7a/gcc/am335x/system_config/Debug/libsystem_config.a(cpu.o)
 .text.CPUfiqe  0x00000000       0x24 ../../../../../..//binary/armv7a/gcc/am335x/system_config/Debug/libsystem_config.a(cpu.o)
 .data          0x00000000        0x0 ../../../../../..//binary/armv7a/gcc/am335x/system_config/Debug/libsystem_config.a(exceptionhandler.o)
 .bss           0x00000000        0x0 ../../../../../..//binary/armv7a/gcc/am335x/system_config/Debug/libsystem_config.a(exceptionhandler.o)
 .data          0x00000000        0x0 /opt/gcc-arm-none-eabi-4_7-2013q1/lib/gcc/arm-none-eabi/4.7.3//libgcc.a(_udivsi3.o)
 .bss           0x00000000        0x0 /opt/gcc-arm-none-eabi-4_7-2013q1/lib/gcc/arm-none-eabi/4.7.3//libgcc.a(_udivsi3.o)
 .data          0x00000000        0x0 /opt/gcc-arm-none-eabi-4_7-2013q1/lib/gcc/arm-none-eabi/4.7.3//libgcc.a(_divsi3.o)
 .bss           0x00000000        0x0 /opt/gcc-arm-none-eabi-4_7-2013q1/lib/gcc/arm-none-eabi/4.7.3//libgcc.a(_divsi3.o)
 .data          0x00000000        0x0 /opt/gcc-arm-none-eabi-4_7-2013q1/lib/gcc/arm-none-eabi/4.7.3//libgcc.a(_dvmd_tls.o)
 .bss           0x00000000        0x0 /opt/gcc-arm-none-eabi-4_7-2013q1/lib/gcc/arm-none-eabi/4.7.3//libgcc.a(_dvmd_tls.o)
 .text          0x00000000        0x0 ../../../../../..//binary/armv7a/gcc/am335x/drivers/Debug/libdrivers.a(uart_irda_cir.o)
 .data          0x00000000        0x0 ../../../../../..//binary/armv7a/gcc/am335x/drivers/Debug/libdrivers.a(uart_irda_cir.o)
 .bss           0x00000000        0x0 ../../../../../..//binary/armv7a/gcc/am335x/drivers/Debug/libdrivers.a(uart_irda_cir.o)
 .text.UARTOperatingModeSelect
                0x00000000       0x84 ../../../../../..//binary/armv7a/gcc/am335x/drivers/Debug/libdrivers.a(uart_irda_cir.o)
 .text.UARTDivisorValCompute
                0x00000000      0x104 ../../../../../..//binary/armv7a/gcc/am335x/drivers/Debug/libdrivers.a(uart_irda_cir.o)
 .text.UARTDivisorLatchWrite
                0x00000000      0x210 ../../../../../..//binary/armv7a/gcc/am335x/drivers/Debug/libdrivers.a(uart_irda_cir.o)
 .text.UARTDivisorLatchEnable
                0x00000000       0x38 ../../../../../..//binary/armv7a/gcc/am335x/drivers/Debug/libdrivers.a(uart_irda_cir.o)
 .text.UARTDivisorLatchDisable
                0x00000000       0x38 ../../../../../..//binary/armv7a/gcc/am335x/drivers/Debug/libdrivers.a(uart_irda_cir.o)
 .text.UARTRegConfModeRestore
                0x00000000       0x30 ../../../../../..//binary/armv7a/gcc/am335x/drivers/Debug/libdrivers.a(uart_irda_cir.o)
 .text.UARTBreakCtl
                0x00000000       0x60 ../../../../../..//binary/armv7a/gcc/am335x/drivers/Debug/libdrivers.a(uart_irda_cir.o)
 .text.UARTLineCharacConfig
                0x00000000       0xa4 ../../../../../..//binary/armv7a/gcc/am335x/drivers/Debug/libdrivers.a(uart_irda_cir.o)
 .text.UARTParityModeSet
                0x00000000       0x60 ../../../../../..//binary/armv7a/gcc/am335x/drivers/Debug/libdrivers.a(uart_irda_cir.o)
 .text.UARTParityModeGet
                0x00000000       0x30 ../../../../../..//binary/armv7a/gcc/am335x/drivers/Debug/libdrivers.a(uart_irda_cir.o)
 .text.UARTFIFOConfig
                0x00000000      0x480 ../../../../../..//binary/armv7a/gcc/am335x/drivers/Debug/libdrivers.a(uart_irda_cir.o)
 .text.UARTDMAEnable
                0x00000000       0x80 ../../../../../..//binary/armv7a/gcc/am335x/drivers/Debug/libdrivers.a(uart_irda_cir.o)
 .text.UARTDMADisable
                0x00000000       0x54 ../../../../../..//binary/armv7a/gcc/am335x/drivers/Debug/libdrivers.a(uart_irda_cir.o)
 .text.UARTFIFORegisterWrite
                0x00000000       0xc0 ../../../../../..//binary/armv7a/gcc/am335x/drivers/Debug/libdrivers.a(uart_irda_cir.o)
 .text.UARTEnhanFuncEnable
                0x00000000       0x88 ../../../../../..//binary/armv7a/gcc/am335x/drivers/Debug/libdrivers.a(uart_irda_cir.o)
 .text.UARTEnhanFuncBitValRestore
                0x00000000       0x8c ../../../../../..//binary/armv7a/gcc/am335x/drivers/Debug/libdrivers.a(uart_irda_cir.o)
 .text.UARTSubConfigMSRSPRModeEn
                0x00000000      0x124 ../../../../../..//binary/armv7a/gcc/am335x/drivers/Debug/libdrivers.a(uart_irda_cir.o)
 .text.UARTSubConfigTCRTLRModeEn
                0x00000000      0x124 ../../../../../..//binary/armv7a/gcc/am335x/drivers/Debug/libdrivers.a(uart_irda_cir.o)
 .text.UARTSubConfigXOFFModeEn
                0x00000000      0x124 ../../../../../..//binary/armv7a/gcc/am335x/drivers/Debug/libdrivers.a(uart_irda_cir.o)
 .text.UARTTCRTLRBitValRestore
                0x00000000      0x128 ../../../../../..//binary/armv7a/gcc/am335x/drivers/Debug/libdrivers.a(uart_irda_cir.o)
 .text.UARTIntEnable
                0x00000000      0x130 ../../../../../..//binary/armv7a/gcc/am335x/drivers/Debug/libdrivers.a(uart_irda_cir.o)
 .text.UARTIntDisable
                0x00000000      0x110 ../../../../../..//binary/armv7a/gcc/am335x/drivers/Debug/libdrivers.a(uart_irda_cir.o)
 .text.UARTSpaceAvail
                0x00000000       0x78 ../../../../../..//binary/armv7a/gcc/am335x/drivers/Debug/libdrivers.a(uart_irda_cir.o)
 .text.UARTCharsAvail
                0x00000000       0x78 ../../../../../..//binary/armv7a/gcc/am335x/drivers/Debug/libdrivers.a(uart_irda_cir.o)
 .text.UARTCharPutNonBlocking
                0x00000000       0x8c ../../../../../..//binary/armv7a/gcc/am335x/drivers/Debug/libdrivers.a(uart_irda_cir.o)
 .text.UARTCharGetNonBlocking
                0x00000000       0x80 ../../../../../..//binary/armv7a/gcc/am335x/drivers/Debug/libdrivers.a(uart_irda_cir.o)
 .text.UARTCharGet
                0x00000000       0x84 ../../../../../..//binary/armv7a/gcc/am335x/drivers/Debug/libdrivers.a(uart_irda_cir.o)
 .text.UARTCharGetTimeout
                0x00000000       0xac ../../../../../..//binary/armv7a/gcc/am335x/drivers/Debug/libdrivers.a(uart_irda_cir.o)
 .text.UARTFIFOCharPut
                0x00000000       0x30 ../../../../../..//binary/armv7a/gcc/am335x/drivers/Debug/libdrivers.a(uart_irda_cir.o)
 .text.UARTFIFOCharGet
                0x00000000       0x30 ../../../../../..//binary/armv7a/gcc/am335x/drivers/Debug/libdrivers.a(uart_irda_cir.o)
 .text.UARTFIFOWrite
                0x00000000       0x78 ../../../../../..//binary/armv7a/gcc/am335x/drivers/Debug/libdrivers.a(uart_irda_cir.o)
 .text.UARTRxErrorGet
                0x00000000       0x6c ../../../../../..//binary/armv7a/gcc/am335x/drivers/Debug/libdrivers.a(uart_irda_cir.o)
 .text.UARTIntIdentityGet
                0x00000000       0x6c ../../../../../..//binary/armv7a/gcc/am335x/drivers/Debug/libdrivers.a(uart_irda_cir.o)
 .text.UARTIntPendingStatusGet
                0x00000000       0x78 ../../../../../..//binary/armv7a/gcc/am335x/drivers/Debug/libdrivers.a(uart_irda_cir.o)
 .text.UARTFIFOEnableStatusGet
                0x00000000       0x78 ../../../../../..//binary/armv7a/gcc/am335x/drivers/Debug/libdrivers.a(uart_irda_cir.o)
 .text.UARTAutoRTSAutoCTSControl
                0x00000000       0xb4 ../../../../../..//binary/armv7a/gcc/am335x/drivers/Debug/libdrivers.a(uart_irda_cir.o)
 .text.UARTSpecialCharDetectControl
                0x00000000       0x8c ../../../../../..//binary/armv7a/gcc/am335x/drivers/Debug/libdrivers.a(uart_irda_cir.o)
 .text.UARTSoftwareFlowCtrlOptSet
                0x00000000       0x8c ../../../../../..//binary/armv7a/gcc/am335x/drivers/Debug/libdrivers.a(uart_irda_cir.o)
 .text.UARTPulseShapingControl
                0x00000000       0x60 ../../../../../..//binary/armv7a/gcc/am335x/drivers/Debug/libdrivers.a(uart_irda_cir.o)
 .text.UARTModuleReset
                0x00000000       0x54 ../../../../../..//binary/armv7a/gcc/am335x/drivers/Debug/libdrivers.a(uart_irda_cir.o)
 .text.UARTIdleModeConfigure
                0x00000000       0x60 ../../../../../..//binary/armv7a/gcc/am335x/drivers/Debug/libdrivers.a(uart_irda_cir.o)
 .text.UARTWakeUpControl
                0x00000000       0x60 ../../../../../..//binary/armv7a/gcc/am335x/drivers/Debug/libdrivers.a(uart_irda_cir.o)
 .text.UARTAutoIdleModeControl
                0x00000000       0x60 ../../../../../..//binary/armv7a/gcc/am335x/drivers/Debug/libdrivers.a(uart_irda_cir.o)
 .text.UARTFlowCtrlTrigLvlConfig
                0x00000000       0x60 ../../../../../..//binary/armv7a/gcc/am335x/drivers/Debug/libdrivers.a(uart_irda_cir.o)
 .text.UARTXON1XOFF1ValProgram
                0x00000000       0x4c ../../../../../..//binary/armv7a/gcc/am335x/drivers/Debug/libdrivers.a(uart_irda_cir.o)
 .text.UARTXON2XOFF2ValProgram
                0x00000000       0x4c ../../../../../..//binary/armv7a/gcc/am335x/drivers/Debug/libdrivers.a(uart_irda_cir.o)
 .text.UARTXONAnyFeatureControl
                0x00000000      0x100 ../../../../../..//binary/armv7a/gcc/am335x/drivers/Debug/libdrivers.a(uart_irda_cir.o)
 .text.UARTLoopbackModeControl
                0x00000000       0x60 ../../../../../..//binary/armv7a/gcc/am335x/drivers/Debug/libdrivers.a(uart_irda_cir.o)
 .text.UARTModemControlSet
                0x00000000       0x44 ../../../../../..//binary/armv7a/gcc/am335x/drivers/Debug/libdrivers.a(uart_irda_cir.o)
 .text.UARTModemControlClear
                0x00000000       0x48 ../../../../../..//binary/armv7a/gcc/am335x/drivers/Debug/libdrivers.a(uart_irda_cir.o)
 .text.UARTModemStatusGet
                0x00000000       0x30 ../../../../../..//binary/armv7a/gcc/am335x/drivers/Debug/libdrivers.a(uart_irda_cir.o)
 .text.UARTModemStatusChangeCheck
                0x00000000       0x30 ../../../../../..//binary/armv7a/gcc/am335x/drivers/Debug/libdrivers.a(uart_irda_cir.o)
 .text.UARTResumeOperation
                0x00000000       0x28 ../../../../../..//binary/armv7a/gcc/am335x/drivers/Debug/libdrivers.a(uart_irda_cir.o)
 .text.UARTWakeUpEventsEnable
                0x00000000       0x44 ../../../../../..//binary/armv7a/gcc/am335x/drivers/Debug/libdrivers.a(uart_irda_cir.o)
 .text.UARTWakeUpEventsDisable
                0x00000000       0x48 ../../../../../..//binary/armv7a/gcc/am335x/drivers/Debug/libdrivers.a(uart_irda_cir.o)
 .text.UARTFIFOTrigLvlGranControl
                0x00000000       0x88 ../../../../../..//binary/armv7a/gcc/am335x/drivers/Debug/libdrivers.a(uart_irda_cir.o)
 .text.UARTDSRInterruptControl
                0x00000000       0x60 ../../../../../..//binary/armv7a/gcc/am335x/drivers/Debug/libdrivers.a(uart_irda_cir.o)
 .text.UARTTxEmptyIntControl
                0x00000000       0x60 ../../../../../..//binary/armv7a/gcc/am335x/drivers/Debug/libdrivers.a(uart_irda_cir.o)
 .text.UARTRXCTSDSRWakeUpConfigure
                0x00000000       0x60 ../../../../../..//binary/armv7a/gcc/am335x/drivers/Debug/libdrivers.a(uart_irda_cir.o)
 .text.UARTRXCTSDSRTransitionStatusGet
                0x00000000       0x30 ../../../../../..//binary/armv7a/gcc/am335x/drivers/Debug/libdrivers.a(uart_irda_cir.o)
 .text.UARTDMACounterResetControl
                0x00000000       0x60 ../../../../../..//binary/armv7a/gcc/am335x/drivers/Debug/libdrivers.a(uart_irda_cir.o)
 .text.UARTTxFIFOFullStatusGet
                0x00000000       0x30 ../../../../../..//binary/armv7a/gcc/am335x/drivers/Debug/libdrivers.a(uart_irda_cir.o)
 .text.UARTTxFIFOLevelGet
                0x00000000       0x2c ../../../../../..//binary/armv7a/gcc/am335x/drivers/Debug/libdrivers.a(uart_irda_cir.o)
 .text.UARTRxFIFOLevelGet
                0x00000000       0x2c ../../../../../..//binary/armv7a/gcc/am335x/drivers/Debug/libdrivers.a(uart_irda_cir.o)
 .text.UARTAutobaudParityGet
                0x00000000       0x6c ../../../../../..//binary/armv7a/gcc/am335x/drivers/Debug/libdrivers.a(uart_irda_cir.o)
 .text.UARTAutobaudWordLenGet
                0x00000000       0x6c ../../../../../..//binary/armv7a/gcc/am335x/drivers/Debug/libdrivers.a(uart_irda_cir.o)
 .text.UARTAutobaudSpeedGet
                0x00000000       0x6c ../../../../../..//binary/armv7a/gcc/am335x/drivers/Debug/libdrivers.a(uart_irda_cir.o)
 .text.UARTScratchPadRegWrite
                0x00000000       0x60 ../../../../../..//binary/armv7a/gcc/am335x/drivers/Debug/libdrivers.a(uart_irda_cir.o)
 .text.UARTScratchPadRegRead
                0x00000000       0x30 ../../../../../..//binary/armv7a/gcc/am335x/drivers/Debug/libdrivers.a(uart_irda_cir.o)
 .text.UARTModuleVersionNumberGet
                0x00000000       0x30 ../../../../../..//binary/armv7a/gcc/am335x/drivers/Debug/libdrivers.a(uart_irda_cir.o)
 .text.UARTTxDMAThresholdControl
                0x00000000       0x60 ../../../../../..//binary/armv7a/gcc/am335x/drivers/Debug/libdrivers.a(uart_irda_cir.o)
 .text.UARTTxDMAThresholdValConfig
                0x00000000       0x60 ../../../../../..//binary/armv7a/gcc/am335x/drivers/Debug/libdrivers.a(uart_irda_cir.o)
 .text          0x00000000        0x0 ../../../../../..//binary/armv7a/gcc/utils/Debug/libutils.a(consoleUtils.o)
 .data          0x00000000        0x0 ../../../../../..//binary/armv7a/gcc/utils/Debug/libutils.a(consoleUtils.o)
 .bss           0x00000000        0x0 ../../../../../..//binary/armv7a/gcc/utils/Debug/libutils.a(consoleUtils.o)
 .text.ConsoleUtilsInit
                0x00000000       0x18 ../../../../../..//binary/armv7a/gcc/utils/Debug/libutils.a(consoleUtils.o)
 .text.ConsoleUtilsSetType
                0x00000000       0x54 ../../../../../..//binary/armv7a/gcc/utils/Debug/libutils.a(consoleUtils.o)
 .text.ConsoleUtilsScanf
                0x00000000       0x80 ../../../../../..//binary/armv7a/gcc/utils/Debug/libutils.a(consoleUtils.o)
 .text.ConsoleUtilsGets
                0x00000000       0x74 ../../../../../..//binary/armv7a/gcc/utils/Debug/libutils.a(consoleUtils.o)
 .text.ConsoleUtilsPuts
                0x00000000       0x60 ../../../../../..//binary/armv7a/gcc/utils/Debug/libutils.a(consoleUtils.o)
 .text.ConsoleUtilsGetChar
                0x00000000       0xa8 ../../../../../..//binary/armv7a/gcc/utils/Debug/libutils.a(consoleUtils.o)
 .text.ConsoleUtilsPutChar
                0x00000000       0x60 ../../../../../..//binary/armv7a/gcc/utils/Debug/libutils.a(consoleUtils.o)

Memory Configuration

Name             Origin             Length             Attributes
DDR0             0x80000000         0x20000000
*default*        0x00000000         0xffffffff

Linker script and memory map

LOAD Debug/dcan_frame.o
LOAD Debug/dcanLpBk.o
LOAD ../../../../../..//binary/armv7a/gcc/am335x/drivers/Debug/libdrivers.a
LOAD ../../../../../..//binary/armv7a/gcc/utils/Debug/libutils.a
LOAD ../../../../../..//binary/armv7a/gcc/am335x/ok335xd/platform/Debug/libplatform.a
LOAD ../../../../../..//binary/armv7a/gcc/am335x/system_config/Debug/libsystem_config.a
LOAD /opt/gcc-arm-none-eabi-4_7-2013q1/arm-none-eabi/lib//libc.a
LOAD /opt/gcc-arm-none-eabi-4_7-2013q1/lib/gcc/arm-none-eabi/4.7.3//libgcc.a
LOAD ../../../../../..//binary/armv7a/gcc/am335x/drivers/Debug/libdrivers.a
LOAD ../../../../../..//binary/armv7a/gcc/utils/Debug/libutils.a
LOAD ../../../../../..//binary/armv7a/gcc/am335x/ok335xd/platform/Debug/libplatform.a
LOAD ../../../../../..//binary/armv7a/gcc/am335x/system_config/Debug/libsystem_config.a
LOAD /opt/gcc-arm-none-eabi-4_7-2013q1/arm-none-eabi/lib//libc.a
LOAD /opt/gcc-arm-none-eabi-4_7-2013q1/lib/gcc/arm-none-eabi/4.7.3//libgcc.a

.startcode      0x80000000       0xb4
                0x80000000                . = ALIGN (0x4)
 *init.o(.text)
 .text          0x80000000       0xb4 ../../../../../..//binary/armv7a/gcc/am335x/system_config/Debug/libsystem_config.a(init.o)
                0x80000000                Entry

.text           0x800000b4     0x3ae0
                0x800000b4                . = ALIGN (0x4)
 *(.text*)
 .text.CANMsgObjectConfig
                0x800000b4       0x98 Debug/dcan_frame.o
                0x800000b4                CANMsgObjectConfig
 .text.CANTxObjectConfig
                0x8000014c      0x130 Debug/dcan_frame.o
                0x8000014c                CANTxObjectConfig
 .text.CANRxObjectConfig
                0x8000027c      0x15c Debug/dcan_frame.o
                0x8000027c                CANRxObjectConfig
 .text.CANReadMsgObjData
                0x800003d8       0x70 Debug/dcan_frame.o
                0x800003d8                CANReadMsgObjData
 .text.CANClrIntPndStat
                0x80000448       0x50 Debug/dcan_frame.o
                0x80000448                CANClrIntPndStat
 .text.CANInValidateMsgObject
                0x80000498       0x50 Debug/dcan_frame.o
                0x80000498                CANInValidateMsgObject
 .text.CANSetBitTiming
                0x800004e8      0x130 Debug/dcan_frame.o
                0x800004e8                CANSetBitTiming
 .text.CANbitTimeCalculator
                0x80000618      0x478 Debug/dcan_frame.o
                0x80000618                CANbitTimeCalculator
 .text.canUpdatSamPt
                0x80000a90      0x160 Debug/dcan_frame.o
                0x80000a90                canUpdatSamPt
 .text.main     0x80000bf0      0x11c Debug/dcanLpBk.o
                0x80000bf0                main
 .text.ConfigureDCAN
                0x80000d0c       0xd0 Debug/dcanLpBk.o
 .text.DCANParityIsr
                0x80000ddc      0x11c Debug/dcanLpBk.o
 .text.DCANIsr0
                0x80000ef8      0x304 Debug/dcanLpBk.o
 .text.DCANAintcConfigure
                0x800011fc       0x98 Debug/dcanLpBk.o
 .text.DCANInitModeSet
                0x80001294       0x48 ../../../../../..//binary/armv7a/gcc/am335x/drivers/Debug/libdrivers.a(dcan.o)
                0x80001294                DCANInitModeSet
 .text.DCANNormalModeSet
                0x800012dc       0x48 ../../../../../..//binary/armv7a/gcc/am335x/drivers/Debug/libdrivers.a(dcan.o)
                0x800012dc                DCANNormalModeSet
 .text.DCANBitTimingConfig
                0x80001324       0x30 ../../../../../..//binary/armv7a/gcc/am335x/drivers/Debug/libdrivers.a(dcan.o)
                0x80001324                DCANBitTimingConfig
 .text.DCANReset
                0x80001354       0x48 ../../../../../..//binary/armv7a/gcc/am335x/drivers/Debug/libdrivers.a(dcan.o)
                0x80001354                DCANReset
 .text.DCANIntEnable
                0x8000139c       0x3c ../../../../../..//binary/armv7a/gcc/am335x/drivers/Debug/libdrivers.a(dcan.o)
                0x8000139c                DCANIntEnable
 .text.DCANConfigRegWriteAccessControl
                0x800013d8       0x50 ../../../../../..//binary/armv7a/gcc/am335x/drivers/Debug/libdrivers.a(dcan.o)
                0x800013d8                DCANConfigRegWriteAccessControl
 .text.DCANAutoBusOnControl
                0x80001428       0x50 ../../../../../..//binary/armv7a/gcc/am335x/drivers/Debug/libdrivers.a(dcan.o)
                0x80001428                DCANAutoBusOnControl
 .text.DCANIntLineEnable
                0x80001478       0x44 ../../../../../..//binary/armv7a/gcc/am335x/drivers/Debug/libdrivers.a(dcan.o)
                0x80001478                DCANIntLineEnable
 .text.DCANIntRegStatusGet
                0x800014bc       0x38 ../../../../../..//binary/armv7a/gcc/am335x/drivers/Debug/libdrivers.a(dcan.o)
                0x800014bc                DCANIntRegStatusGet
 .text.DCANErrAndStatusRegInfoGet
                0x800014f4       0x2c ../../../../../..//binary/armv7a/gcc/am335x/drivers/Debug/libdrivers.a(dcan.o)
                0x800014f4                DCANErrAndStatusRegInfoGet
 .text.DCANParityEndOfIntSet
                0x80001520       0x38 ../../../../../..//binary/armv7a/gcc/am335x/drivers/Debug/libdrivers.a(dcan.o)
                0x80001520                DCANParityEndOfIntSet
 .text.DCANParityErrCdRegStatusGet
                0x80001558       0x38 ../../../../../..//binary/armv7a/gcc/am335x/drivers/Debug/libdrivers.a(dcan.o)
                0x80001558                DCANParityErrCdRegStatusGet
 .text.DCANTxRqstStatGet
                0x80001590       0xa0 ../../../../../..//binary/armv7a/gcc/am335x/drivers/Debug/libdrivers.a(dcan.o)
                0x80001590                DCANTxRqstStatGet
 .text.DCANMsgValidStatusGet
                0x80001630       0x6c ../../../../../..//binary/armv7a/gcc/am335x/drivers/Debug/libdrivers.a(dcan.o)
                0x80001630                DCANMsgValidStatusGet
 .text.DCANMsgObjValidate
                0x8000169c       0x7c ../../../../../..//binary/armv7a/gcc/am335x/drivers/Debug/libdrivers.a(dcan.o)
                0x8000169c                DCANMsgObjValidate
 .text.DCANMsgObjInvalidate
                0x80001718       0x7c ../../../../../..//binary/armv7a/gcc/am335x/drivers/Debug/libdrivers.a(dcan.o)
                0x80001718                DCANMsgObjInvalidate
 .text.DCANCommandRegSet
                0x80001794      0x100 ../../../../../..//binary/armv7a/gcc/am335x/drivers/Debug/libdrivers.a(dcan.o)
                0x80001794                DCANCommandRegSet
 .text.DCANIFBusyStatusGet
                0x80001894       0x40 ../../../../../..//binary/armv7a/gcc/am335x/drivers/Debug/libdrivers.a(dcan.o)
                0x80001894                DCANIFBusyStatusGet
 .text.DCANMsgIdSet
                0x800018d4      0x110 ../../../../../..//binary/armv7a/gcc/am335x/drivers/Debug/libdrivers.a(dcan.o)
                0x800018d4                DCANMsgIdSet
 .text.DCANMsgDirectionSet
                0x800019e4       0xe8 ../../../../../..//binary/armv7a/gcc/am335x/drivers/Debug/libdrivers.a(dcan.o)
                0x800019e4                DCANMsgDirectionSet
 .text.DCANDataWrite
                0x80001acc       0xbc ../../../../../..//binary/armv7a/gcc/am335x/drivers/Debug/libdrivers.a(dcan.o)
                0x80001acc                DCANDataWrite
 .text.DCANDataRead
                0x80001b88       0x78 ../../../../../..//binary/armv7a/gcc/am335x/drivers/Debug/libdrivers.a(dcan.o)
                0x80001b88                DCANDataRead
 .text.DCANDataLengthCodeSet
                0x80001c00       0xe8 ../../../../../..//binary/armv7a/gcc/am335x/drivers/Debug/libdrivers.a(dcan.o)
                0x80001c00                DCANDataLengthCodeSet
 .text.DCANMsgObjIntEnable
                0x80001ce8       0x88 ../../../../../..//binary/armv7a/gcc/am335x/drivers/Debug/libdrivers.a(dcan.o)
                0x80001ce8                DCANMsgObjIntEnable
 .text.DCANFIFOEndOfBlockControl
                0x80001d70       0xe8 ../../../../../..//binary/armv7a/gcc/am335x/drivers/Debug/libdrivers.a(dcan.o)
                0x80001d70                DCANFIFOEndOfBlockControl
 .text.DCANMsgObjectMskConfig
                0x80001e58       0x84 ../../../../../..//binary/armv7a/gcc/am335x/drivers/Debug/libdrivers.a(dcan.o)
                0x80001e58                DCANMsgObjectMskConfig
 .text.DCANIFMsgCtlStatusGet
                0x80001edc       0x40 ../../../../../..//binary/armv7a/gcc/am335x/drivers/Debug/libdrivers.a(dcan.o)
                0x80001edc                DCANIFMsgCtlStatusGet
 .text.DCANClrIntPnd
                0x80001f1c       0x7c ../../../../../..//binary/armv7a/gcc/am335x/drivers/Debug/libdrivers.a(dcan.o)
                0x80001f1c                DCANClrIntPnd
 .text.DCANNewDataControl
                0x80001f98       0xa4 ../../../../../..//binary/armv7a/gcc/am335x/drivers/Debug/libdrivers.a(dcan.o)
                0x80001f98                DCANNewDataControl
 .text.DCANUseAcceptanceMaskControl
                0x8000203c       0xa4 ../../../../../..//binary/armv7a/gcc/am335x/drivers/Debug/libdrivers.a(dcan.o)
                0x8000203c                DCANUseAcceptanceMaskControl
 .text.UARTPuts
                0x800020e0       0xec ../../../../../..//binary/armv7a/gcc/utils/Debug/libutils.a(uartStdio.o)
                0x800020e0                UARTPuts
 .text.UARTPutNum
                0x800021cc      0x178 ../../../../../..//binary/armv7a/gcc/utils/Debug/libutils.a(uartStdio.o)
                0x800021cc                UARTPutNum
 .text.UARTPutc
                0x80002344       0x30 ../../../../../..//binary/armv7a/gcc/utils/Debug/libutils.a(uartStdio.o)
                0x80002344                UARTPutc
 .text.UARTwrite
                0x80002374       0x94 ../../../../../..//binary/armv7a/gcc/utils/Debug/libutils.a(uartStdio.o)
                0x80002374                UARTwrite
 .text.UARTPrintf
                0x80002408      0x6ac ../../../../../..//binary/armv7a/gcc/utils/Debug/libutils.a(uartStdio.o)
                0x80002408                UARTPrintf
 .text.DCANPinMuxSetUp
                0x80002ab4       0x68 ../../../../../..//binary/armv7a/gcc/am335x/ok335xd/platform/Debug/libplatform.a(dcan.o)
                0x80002ab4                DCANPinMuxSetUp
 .text.DCANMsgRAMInit
                0x80002b1c       0x78 ../../../../../..//binary/armv7a/gcc/am335x/ok335xd/platform/Debug/libplatform.a(dcan.o)
                0x80002b1c                DCANMsgRAMInit
 .text.DCANModuleClkConfig
                0x80002b94      0x210 ../../../../../..//binary/armv7a/gcc/am335x/ok335xd/platform/Debug/libplatform.a(dcan.o)
                0x80002b94                DCANModuleClkConfig
 .text.UARTConsolePutc
                0x80002da4       0x38 ../../../../../..//binary/armv7a/gcc/am335x/ok335xd/platform/Debug/libplatform.a(uartConsole.o)
                0x80002da4                UARTConsolePutc
 .text.IntDefaultHandler
                0x80002ddc       0x14 ../../../../../..//binary/armv7a/gcc/am335x/system_config/Debug/libsystem_config.a(interrupt.o)
 .text.IntRegister
                0x80002df0       0x34 ../../../../../..//binary/armv7a/gcc/am335x/system_config/Debug/libsystem_config.a(interrupt.o)
                0x80002df0                IntRegister
 .text.IntAINTCInit
                0x80002e24       0x90 ../../../../../..//binary/armv7a/gcc/am335x/system_config/Debug/libsystem_config.a(interrupt.o)
                0x80002e24                IntAINTCInit
 .text.IntPrioritySet
                0x80002eb4       0x50 ../../../../../..//binary/armv7a/gcc/am335x/system_config/Debug/libsystem_config.a(interrupt.o)
                0x80002eb4                IntPrioritySet
 .text.IntSystemEnable
                0x80002f04       0x4c ../../../../../..//binary/armv7a/gcc/am335x/system_config/Debug/libsystem_config.a(interrupt.o)
                0x80002f04                IntSystemEnable
 .text.IntMasterIRQEnable
                0x80002f50       0x18 ../../../../../..//binary/armv7a/gcc/am335x/system_config/Debug/libsystem_config.a(interrupt.o)
                0x80002f50                IntMasterIRQEnable
 .text.start_boot
                0x80002f68       0x24 ../../../../../..//binary/armv7a/gcc/am335x/system_config/Debug/libsystem_config.a(startup.o)
                0x80002f68                start_boot
 .text.CopyVectorTable
                0x80002f8c       0x98 ../../../../../..//binary/armv7a/gcc/am335x/system_config/Debug/libsystem_config.a(startup.o)
 .text          0x80003024      0x488 ../../../../../..//binary/armv7a/gcc/am335x/system_config/Debug/libsystem_config.a(cp15.o)
                0x80003024                CP15ICacheDisable
                0x80003040                CP15DCacheDisable
                0x8000305c                CP15ICacheEnable
                0x8000306c                CP15DCacheEnable
                0x8000307c                CP15DCacheFlush
                0x80003110                CP15DCacheClean
                0x800031a4                CP15DCacheCleanFlush
                0x80003238                CP15ICacheFlush
                0x80003248                CP15DCacheCleanBuff
                0x8000329c                CP15DCacheCleanFlushBuff
                0x800032f0                CP15DCacheFlushBuff
                0x80003354                CP15ICacheFlushBuff
                0x800033a8                CP15Ttb0Set
                0x800033b4                CP15TlbInvalidate
                0x800033c0                CP15MMUDisable
                0x800033d8                CP15MMUEnable
                0x800033ec                CP15VectorBaseAddrSet
                0x800033f8                CP15BranchPredictorInvalidate
                0x80003404                CP15BranchPredictionEnable
                0x80003414                CP15BranchPredictionDisable
                0x80003424                CP15DomainAccessClientSet
                0x80003434                CP15ControlFeatureDisable
                0x80003448                CP15ControlFeatureEnable
                0x8000345c                CP15TtbCtlTtb0Config
                0x8000346c                CP15AuxControlFeatureEnable
                0x80003480                CP15AuxControlFeatureDisable
                0x80003494                CP15MainIdPrimPartNumGet
 .text.CPUirqe  0x800034ac       0x24 ../../../../../..//binary/armv7a/gcc/am335x/system_config/Debug/libsystem_config.a(cpu.o)
                0x800034ac                CPUirqe
 .text          0x800034d0       0xf0 ../../../../../..//binary/armv7a/gcc/am335x/system_config/Debug/libsystem_config.a(exceptionhandler.o)
                0x800034d0                SVC_Handler
                0x800034f8                IRQHandler
                0x800035a4                FIQHandler
                0x800035a8                UndefInstHandler
                0x800035a8                AbortHandler
 .text          0x800035c0      0x114 /opt/gcc-arm-none-eabi-4_7-2013q1/lib/gcc/arm-none-eabi/4.7.3//libgcc.a(_udivsi3.o)
                0x800035c0                __udivsi3
                0x800035c0                __aeabi_uidiv
                0x800036b4                __aeabi_uidivmod
 .text          0x800036d4      0x148 /opt/gcc-arm-none-eabi-4_7-2013q1/lib/gcc/arm-none-eabi/4.7.3//libgcc.a(_divsi3.o)
                0x800036d4                __aeabi_idiv
                0x800036d4                __divsi3
                0x800037fc                __aeabi_idivmod
 .text          0x8000381c        0x4 /opt/gcc-arm-none-eabi-4_7-2013q1/lib/gcc/arm-none-eabi/4.7.3//libgcc.a(_dvmd_tls.o)
                0x8000381c                __aeabi_ldiv0
                0x8000381c                __aeabi_idiv0
 .text.UARTRegConfigModeEnable
                0x80003820       0x9c ../../../../../..//binary/armv7a/gcc/am335x/drivers/Debug/libdrivers.a(uart_irda_cir.o)
                0x80003820                UARTRegConfigModeEnable
 .text.UARTCharPut
                0x800038bc       0x78 ../../../../../..//binary/armv7a/gcc/am335x/drivers/Debug/libdrivers.a(uart_irda_cir.o)
                0x800038bc                UARTCharPut
 .text.ConsoleUtilsPrintf
                0x80003934       0x6c ../../../../../..//binary/armv7a/gcc/utils/Debug/libutils.a(consoleUtils.o)
                0x80003934                ConsoleUtilsPrintf
 *(.rodata*)
 .rodata        0x800039a0       0xe0 Debug/dcanLpBk.o
 .rodata        0x80003a80       0x60 ../../../../../..//binary/armv7a/gcc/utils/Debug/libutils.a(uartStdio.o)
 .rodata.g_pcHex
                0x80003ae0        0x4 ../../../../../..//binary/armv7a/gcc/utils/Debug/libutils.a(uartStdio.o)
 .rodata        0x80003ae4       0x24 ../../../../../..//binary/armv7a/gcc/am335x/ok335xd/platform/Debug/libplatform.a(dcan.o)
 .rodata.AM335X_VECTOR_BASE
                0x80003b08        0x4 ../../../../../..//binary/armv7a/gcc/am335x/system_config/Debug/libsystem_config.a(startup.o)
                0x80003b08                AM335X_VECTOR_BASE
 .rodata.vecTbl
                0x80003b0c       0x38 ../../../../../..//binary/armv7a/gcc/am335x/system_config/Debug/libsystem_config.a(startup.o)
 .rodata        0x80003b44       0x50 ../../../../../..//binary/armv7a/gcc/utils/Debug/libutils.a(consoleUtils.o)

.glue_7         0x80003b94        0x0
 .glue_7        0x00000000        0x0 linker stubs

.glue_7t        0x80003b94        0x0
 .glue_7t       0x00000000        0x0 linker stubs

.vfp11_veneer   0x80003b94        0x0
 .vfp11_veneer  0x00000000        0x0 linker stubs

.v4_bx          0x80003b94        0x0
 .v4_bx         0x00000000        0x0 linker stubs

.iplt           0x80003b94        0x0
 .iplt          0x00000000        0x0 Debug/dcan_frame.o

.rel.dyn        0x80003b94        0x0
 .rel.iplt      0x00000000        0x0 Debug/dcan_frame.o

.data           0x80003b94       0x30
                0x80003b94                . = ALIGN (0x4)
 *(.data*)
 .data.dcan_hw_params.4385
                0x80003b94       0x20 Debug/dcan_frame.o
 .data.txflag   0x80003bb4        0x4 Debug/dcanLpBk.o
 .data.rxflag   0x80003bb8        0x4 Debug/dcanLpBk.o
 .data.isrFlag  0x80003bbc        0x4 Debug/dcanLpBk.o
 .data.canId    0x80003bc0        0x4 Debug/dcanLpBk.o

.igot.plt       0x80003bc4        0x0
 .igot.plt      0x00000000        0x0 Debug/dcan_frame.o

.bss            0x80003bc4      0x220
                0x80003bc4                . = ALIGN (0x4)
                0x80003bc4                _bss_start = .
 *(.bss*)
 .bss.canData   0x80003bc4        0x8 Debug/dcanLpBk.o
 .bss.bytes     0x80003bcc        0x4 Debug/dcanLpBk.o
 .bss.ConsoleType
                0x80003bd0        0x1 ../../../../../..//binary/armv7a/gcc/utils/Debug/libutils.a(consoleUtils.o)
 *(COMMON)
 *fill*         0x80003bd1        0x3 00
 COMMON         0x80003bd4       0x10 Debug/dcanLpBk.o
                0x80003bd4                entry
 COMMON         0x80003be4      0x200 ../../../../../..//binary/armv7a/gcc/am335x/system_config/Debug/libsystem_config.a(interrupt.o)
                0x80003be4                fnRAMVectors
                0x80003de4                _bss_end = .

.heap           0x80003de4      0x800
                0x80003de4                . = ALIGN (0x4)
                0x80003de4                __end__ = .
                0x80003de4                end = __end__
                0x80003de4                __HeapBase = __end__
 *(.heap*)
                0x800045e4                . = (. + 0x800)
 *fill*         0x80003de4      0x800 00
                0x800045e4                __HeapLimit = .

.stack          0x800045e4  0x7fffff8
                0x800045e4                . = ALIGN (0x4)
                0x800045e4                __StackLimit = .
 *(.stack*)
                0x880045dc                . = (. + 0x7fffff8)
 *fill*         0x800045e4  0x7fffff8 00
                0x880045dc                __StackTop = .
                0x880045dc                _stack = __StackTop
OUTPUT(Debug/dcanLpBk.out elf32-littlearm)

.debug_info     0x00000000     0x414c
 .debug_info    0x00000000      0x703 Debug/dcan_frame.o
 .debug_info    0x00000703      0x24d Debug/dcanLpBk.o
 .debug_info    0x00000950      0xfa1 ../../../../../..//binary/armv7a/gcc/am335x/drivers/Debug/libdrivers.a(dcan.o)
 .debug_info    0x000018f1      0x69a ../../../../../..//binary/armv7a/gcc/utils/Debug/libutils.a(uartStdio.o)
 .debug_info    0x00001f8b       0xdd ../../../../../..//binary/armv7a/gcc/am335x/ok335xd/platform/Debug/libplatform.a(dcan.o)
 .debug_info    0x00002068      0x156 ../../../../../..//binary/armv7a/gcc/am335x/ok335xd/platform/Debug/libplatform.a(uartConsole.o)
 .debug_info    0x000021be       0xa5 ../../../../../..//binary/armv7a/gcc/am335x/system_config/Debug/libsystem_config.a(init.o)
 .debug_info    0x00002263      0x46f ../../../../../..//binary/armv7a/gcc/am335x/system_config/Debug/libsystem_config.a(interrupt.o)
 .debug_info    0x000026d2       0xe0 ../../../../../..//binary/armv7a/gcc/am335x/system_config/Debug/libsystem_config.a(startup.o)
 .debug_info    0x000027b2       0xa5 ../../../../../..//binary/armv7a/gcc/am335x/system_config/Debug/libsystem_config.a(cp15.o)
 .debug_info    0x00002857       0xf8 ../../../../../..//binary/armv7a/gcc/am335x/system_config/Debug/libsystem_config.a(cpu.o)
 .debug_info    0x0000294f       0xb8 ../../../../../..//binary/armv7a/gcc/am335x/system_config/Debug/libsystem_config.a(exceptionhandler.o)
 .debug_info    0x00002a07     0x14ab ../../../../../..//binary/armv7a/gcc/am335x/drivers/Debug/libdrivers.a(uart_irda_cir.o)
 .debug_info    0x00003eb2      0x29a ../../../../../..//binary/armv7a/gcc/utils/Debug/libutils.a(consoleUtils.o)

.debug_abbrev   0x00000000      0xbb0
 .debug_abbrev  0x00000000      0x120 Debug/dcan_frame.o
 .debug_abbrev  0x00000120      0x127 Debug/dcanLpBk.o
 .debug_abbrev  0x00000247       0xe8 ../../../../../..//binary/armv7a/gcc/am335x/drivers/Debug/libdrivers.a(dcan.o)
 .debug_abbrev  0x0000032f      0x186 ../../../../../..//binary/armv7a/gcc/utils/Debug/libutils.a(uartStdio.o)
 .debug_abbrev  0x000004b5       0xae ../../../../../..//binary/armv7a/gcc/am335x/ok335xd/platform/Debug/libplatform.a(dcan.o)
 .debug_abbrev  0x00000563       0xa3 ../../../../../..//binary/armv7a/gcc/am335x/ok335xd/platform/Debug/libplatform.a(uartConsole.o)
 .debug_abbrev  0x00000606       0x14 ../../../../../..//binary/armv7a/gcc/am335x/system_config/Debug/libsystem_config.a(init.o)
 .debug_abbrev  0x0000061a      0x1c2 ../../../../../..//binary/armv7a/gcc/am335x/system_config/Debug/libsystem_config.a(interrupt.o)
 .debug_abbrev  0x000007dc       0xa4 ../../../../../..//binary/armv7a/gcc/am335x/system_config/Debug/libsystem_config.a(startup.o)
 .debug_abbrev  0x00000880       0x14 ../../../../../..//binary/armv7a/gcc/am335x/system_config/Debug/libsystem_config.a(cp15.o)
 .debug_abbrev  0x00000894       0x64 ../../../../../..//binary/armv7a/gcc/am335x/system_config/Debug/libsystem_config.a(cpu.o)
 .debug_abbrev  0x000008f8       0x14 ../../../../../..//binary/armv7a/gcc/am335x/system_config/Debug/libsystem_config.a(exceptionhandler.o)
 .debug_abbrev  0x0000090c      0x14e ../../../../../..//binary/armv7a/gcc/am335x/drivers/Debug/libdrivers.a(uart_irda_cir.o)
 .debug_abbrev  0x00000a5a      0x156 ../../../../../..//binary/armv7a/gcc/utils/Debug/libutils.a(consoleUtils.o)

.debug_loc      0x00000000     0x26d0
 .debug_loc     0x00000000      0x23c Debug/dcan_frame.o
 .debug_loc     0x0000023c       0xdc Debug/dcanLpBk.o
 .debug_loc     0x00000318      0xa7c ../../../../../..//binary/armv7a/gcc/am335x/drivers/Debug/libdrivers.a(dcan.o)
 .debug_loc     0x00000d94      0x274 ../../../../../..//binary/armv7a/gcc/utils/Debug/libutils.a(uartStdio.o)
 .debug_loc     0x00001008       0x84 ../../../../../..//binary/armv7a/gcc/am335x/ok335xd/platform/Debug/libplatform.a(dcan.o)
 .debug_loc     0x0000108c      0x108 ../../../../../..//binary/armv7a/gcc/am335x/ok335xd/platform/Debug/libplatform.a(uartConsole.o)
 .debug_loc     0x00001194      0x554 ../../../../../..//binary/armv7a/gcc/am335x/system_config/Debug/libsystem_config.a(interrupt.o)
 .debug_loc     0x000016e8       0x58 ../../../../../..//binary/armv7a/gcc/am335x/system_config/Debug/libsystem_config.a(startup.o)
 .debug_loc     0x00001740      0x160 ../../../../../..//binary/armv7a/gcc/am335x/system_config/Debug/libsystem_config.a(cpu.o)
 .debug_loc     0x000018a0      0xcb8 ../../../../../..//binary/armv7a/gcc/am335x/drivers/Debug/libdrivers.a(uart_irda_cir.o)
 .debug_loc     0x00002558      0x178 ../../../../../..//binary/armv7a/gcc/utils/Debug/libutils.a(consoleUtils.o)

.debug_aranges  0x00000000      0x870
 .debug_aranges
                0x00000000       0x80 Debug/dcan_frame.o
 .debug_aranges
                0x00000080       0x40 Debug/dcanLpBk.o
 .debug_aranges
                0x000000c0      0x200 ../../../../../..//binary/armv7a/gcc/am335x/drivers/Debug/libdrivers.a(dcan.o)
 .debug_aranges
                0x000002c0       0x88 ../../../../../..//binary/armv7a/gcc/utils/Debug/libutils.a(uartStdio.o)
 .debug_aranges
                0x00000348       0x30 ../../../../../..//binary/armv7a/gcc/am335x/ok335xd/platform/Debug/libplatform.a(dcan.o)
 .debug_aranges
                0x00000378       0x48 ../../../../../..//binary/armv7a/gcc/am335x/ok335xd/platform/Debug/libplatform.a(uartConsole.o)
 .debug_aranges
                0x000003c0       0x20 ../../../../../..//binary/armv7a/gcc/am335x/system_config/Debug/libsystem_config.a(init.o)
 .debug_aranges
                0x000003e0      0x110 ../../../../../..//binary/armv7a/gcc/am335x/system_config/Debug/libsystem_config.a(interrupt.o)
 .debug_aranges
                0x000004f0       0x28 ../../../../../..//binary/armv7a/gcc/am335x/system_config/Debug/libsystem_config.a(startup.o)
 .debug_aranges
                0x00000518       0x20 ../../../../../..//binary/armv7a/gcc/am335x/system_config/Debug/libsystem_config.a(cp15.o)
 .debug_aranges
                0x00000538       0x58 ../../../../../..//binary/armv7a/gcc/am335x/system_config/Debug/libsystem_config.a(cpu.o)
 .debug_aranges
                0x00000590       0x20 ../../../../../..//binary/armv7a/gcc/am335x/system_config/Debug/libsystem_config.a(exceptionhandler.o)
 .debug_aranges
                0x000005b0      0x268 ../../../../../..//binary/armv7a/gcc/am335x/drivers/Debug/libdrivers.a(uart_irda_cir.o)
 .debug_aranges
                0x00000818       0x58 ../../../../../..//binary/armv7a/gcc/utils/Debug/libutils.a(consoleUtils.o)

.debug_ranges   0x00000000      0x760
 .debug_ranges  0x00000000       0x70 Debug/dcan_frame.o
 .debug_ranges  0x00000070       0x30 Debug/dcanLpBk.o
 .debug_ranges  0x000000a0      0x1f0 ../../../../../..//binary/armv7a/gcc/am335x/drivers/Debug/libdrivers.a(dcan.o)
 .debug_ranges  0x00000290       0x78 ../../../../../..//binary/armv7a/gcc/utils/Debug/libutils.a(uartStdio.o)
 .debug_ranges  0x00000308       0x20 ../../../../../..//binary/armv7a/gcc/am335x/ok335xd/platform/Debug/libplatform.a(dcan.o)
 .debug_ranges  0x00000328       0x38 ../../../../../..//binary/armv7a/gcc/am335x/ok335xd/platform/Debug/libplatform.a(uartConsole.o)
 .debug_ranges  0x00000360      0x100 ../../../../../..//binary/armv7a/gcc/am335x/system_config/Debug/libsystem_config.a(interrupt.o)
 .debug_ranges  0x00000460       0x18 ../../../../../..//binary/armv7a/gcc/am335x/system_config/Debug/libsystem_config.a(startup.o)
 .debug_ranges  0x00000478       0x48 ../../../../../..//binary/armv7a/gcc/am335x/system_config/Debug/libsystem_config.a(cpu.o)
 .debug_ranges  0x000004c0      0x258 ../../../../../..//binary/armv7a/gcc/am335x/drivers/Debug/libdrivers.a(uart_irda_cir.o)
 .debug_ranges  0x00000718       0x48 ../../../../../..//binary/armv7a/gcc/utils/Debug/libutils.a(consoleUtils.o)

.debug_line     0x00000000     0x211d
 .debug_line    0x00000000      0x267 Debug/dcan_frame.o
 .debug_line    0x00000267      0x131 Debug/dcanLpBk.o
 .debug_line    0x00000398      0x5b4 ../../../../../..//binary/armv7a/gcc/am335x/drivers/Debug/libdrivers.a(dcan.o)
 .debug_line    0x0000094c      0x628 ../../../../../..//binary/armv7a/gcc/utils/Debug/libutils.a(uartStdio.o)
 .debug_line    0x00000f74      0x103 ../../../../../..//binary/armv7a/gcc/am335x/ok335xd/platform/Debug/libplatform.a(dcan.o)
 .debug_line    0x00001077       0xcf ../../../../../..//binary/armv7a/gcc/am335x/ok335xd/platform/Debug/libplatform.a(uartConsole.o)
 .debug_line    0x00001146       0x93 ../../../../../..//binary/armv7a/gcc/am335x/system_config/Debug/libsystem_config.a(init.o)
 .debug_line    0x000011d9      0x2bb ../../../../../..//binary/armv7a/gcc/am335x/system_config/Debug/libsystem_config.a(interrupt.o)
 .debug_line    0x00001494       0x96 ../../../../../..//binary/armv7a/gcc/am335x/system_config/Debug/libsystem_config.a(startup.o)
 .debug_line    0x0000152a      0x18a ../../../../../..//binary/armv7a/gcc/am335x/system_config/Debug/libsystem_config.a(cp15.o)
 .debug_line    0x000016b4       0xde ../../../../../..//binary/armv7a/gcc/am335x/system_config/Debug/libsystem_config.a(cpu.o)
 .debug_line    0x00001792       0xb9 ../../../../../..//binary/armv7a/gcc/am335x/system_config/Debug/libsystem_config.a(exceptionhandler.o)
 .debug_line    0x0000184b      0x741 ../../../../../..//binary/armv7a/gcc/am335x/drivers/Debug/libdrivers.a(uart_irda_cir.o)
 .debug_line    0x00001f8c      0x191 ../../../../../..//binary/armv7a/gcc/utils/Debug/libutils.a(consoleUtils.o)

.debug_str      0x00000000     0x1c01
 .debug_str     0x00000000      0x319 Debug/dcan_frame.o
                                0x36a (size before relaxing)
 .debug_str     0x00000319       0xe9 Debug/dcanLpBk.o
                                0x1d6 (size before relaxing)
 .debug_str     0x00000402      0x659 ../../../../../..//binary/armv7a/gcc/am335x/drivers/Debug/libdrivers.a(dcan.o)
                                0x6fe (size before relaxing)
 .debug_str     0x00000a5b      0x223 ../../../../../..//binary/armv7a/gcc/utils/Debug/libutils.a(uartStdio.o)
                                0x2a2 (size before relaxing)
 .debug_str     0x00000c7e       0xdc ../../../../../..//binary/armv7a/gcc/am335x/ok335xd/platform/Debug/libplatform.a(dcan.o)
                                0x149 (size before relaxing)
 .debug_str     0x00000d5a       0xd1 ../../../../../..//binary/armv7a/gcc/am335x/ok335xd/platform/Debug/libplatform.a(uartConsole.o)
                                0x193 (size before relaxing)
 .debug_str     0x00000e2b      0x2f2 ../../../../../..//binary/armv7a/gcc/am335x/system_config/Debug/libsystem_config.a(interrupt.o)
                                0x37b (size before relaxing)
 .debug_str     0x0000111d       0x70 ../../../../../..//binary/armv7a/gcc/am335x/system_config/Debug/libsystem_config.a(startup.o)
                                0x130 (size before relaxing)
 .debug_str     0x0000118d       0x9f ../../../../../..//binary/armv7a/gcc/am335x/system_config/Debug/libsystem_config.a(cpu.o)
                                0x142 (size before relaxing)
 .debug_str     0x0000122c      0x87e ../../../../../..//binary/armv7a/gcc/am335x/drivers/Debug/libdrivers.a(uart_irda_cir.o)
                                0x965 (size before relaxing)
 .debug_str     0x00001aaa      0x157 ../../../../../..//binary/armv7a/gcc/utils/Debug/libutils.a(consoleUtils.o)
                                0x285 (size before relaxing)

.comment        0x00000000       0x70
 .comment       0x00000000       0x70 Debug/dcan_frame.o
                                 0x71 (size before relaxing)
 .comment       0x00000000       0x71 Debug/dcanLpBk.o
 .comment       0x00000000       0x71 ../../../../../..//binary/armv7a/gcc/am335x/drivers/Debug/libdrivers.a(dcan.o)
 .comment       0x00000000       0x71 ../../../../../..//binary/armv7a/gcc/utils/Debug/libutils.a(uartStdio.o)
 .comment       0x00000000       0x71 ../../../../../..//binary/armv7a/gcc/am335x/ok335xd/platform/Debug/libplatform.a(dcan.o)
 .comment       0x00000000       0x71 ../../../../../..//binary/armv7a/gcc/am335x/ok335xd/platform/Debug/libplatform.a(uartConsole.o)
 .comment       0x00000000       0x71 ../../../../../..//binary/armv7a/gcc/am335x/system_config/Debug/libsystem_config.a(interrupt.o)
 .comment       0x00000000       0x71 ../../../../../..//binary/armv7a/gcc/am335x/system_config/Debug/libsystem_config.a(startup.o)
 .comment       0x00000000       0x71 ../../../../../..//binary/armv7a/gcc/am335x/system_config/Debug/libsystem_config.a(cpu.o)
 .comment       0x00000000       0x71 ../../../../../..//binary/armv7a/gcc/am335x/drivers/Debug/libdrivers.a(uart_irda_cir.o)
 .comment       0x00000000       0x71 ../../../../../..//binary/armv7a/gcc/utils/Debug/libutils.a(consoleUtils.o)

.ARM.attributes
                0x00000000       0x3b
 .ARM.attributes
                0x00000000       0x37 Debug/dcan_frame.o
 .ARM.attributes
                0x00000037       0x37 Debug/dcanLpBk.o
 .ARM.attributes
                0x0000006e       0x37 ../../../../../..//binary/armv7a/gcc/am335x/drivers/Debug/libdrivers.a(dcan.o)
 .ARM.attributes
                0x000000a5       0x37 ../../../../../..//binary/armv7a/gcc/utils/Debug/libutils.a(uartStdio.o)
 .ARM.attributes
                0x000000dc       0x37 ../../../../../..//binary/armv7a/gcc/am335x/ok335xd/platform/Debug/libplatform.a(dcan.o)
 .ARM.attributes
                0x00000113       0x37 ../../../../../..//binary/armv7a/gcc/am335x/ok335xd/platform/Debug/libplatform.a(uartConsole.o)
 .ARM.attributes
                0x0000014a       0x23 ../../../../../..//binary/armv7a/gcc/am335x/system_config/Debug/libsystem_config.a(init.o)
 .ARM.attributes
                0x0000016d       0x3d ../../../../../..//binary/armv7a/gcc/am335x/system_config/Debug/libsystem_config.a(interrupt.o)
 .ARM.attributes
                0x000001aa       0x3d ../../../../../..//binary/armv7a/gcc/am335x/system_config/Debug/libsystem_config.a(startup.o)
 .ARM.attributes
                0x000001e7       0x23 ../../../../../..//binary/armv7a/gcc/am335x/system_config/Debug/libsystem_config.a(cp15.o)
 .ARM.attributes
                0x0000020a       0x3d ../../../../../..//binary/armv7a/gcc/am335x/system_config/Debug/libsystem_config.a(cpu.o)
 .ARM.attributes
                0x00000247       0x23 ../../../../../..//binary/armv7a/gcc/am335x/system_config/Debug/libsystem_config.a(exceptionhandler.o)
 .ARM.attributes
                0x0000026a       0x18 /opt/gcc-arm-none-eabi-4_7-2013q1/lib/gcc/arm-none-eabi/4.7.3//libgcc.a(_udivsi3.o)
 .ARM.attributes
                0x00000282       0x18 /opt/gcc-arm-none-eabi-4_7-2013q1/lib/gcc/arm-none-eabi/4.7.3//libgcc.a(_divsi3.o)
 .ARM.attributes
                0x0000029a       0x18 /opt/gcc-arm-none-eabi-4_7-2013q1/lib/gcc/arm-none-eabi/4.7.3//libgcc.a(_dvmd_tls.o)
 .ARM.attributes
                0x000002b2       0x37 ../../../../../..//binary/armv7a/gcc/am335x/drivers/Debug/libdrivers.a(uart_irda_cir.o)
 .ARM.attributes
                0x000002e9       0x37 ../../../../../..//binary/armv7a/gcc/utils/Debug/libutils.a(consoleUtils.o)

.debug_frame    0x00000000     0x17bc
 .debug_frame   0x00000000      0x17c Debug/dcan_frame.o
 .debug_frame   0x0000017c       0x9c Debug/dcanLpBk.o
 .debug_frame   0x00000218      0x5f8 ../../../../../..//binary/armv7a/gcc/am335x/drivers/Debug/libdrivers.a(dcan.o)
 .debug_frame   0x00000810      0x1a8 ../../../../../..//binary/armv7a/gcc/utils/Debug/libutils.a(uartStdio.o)
 .debug_frame   0x000009b8       0x5c ../../../../../..//binary/armv7a/gcc/am335x/ok335xd/platform/Debug/libplatform.a(dcan.o)
 .debug_frame   0x00000a14       0xb8 ../../../../../..//binary/armv7a/gcc/am335x/ok335xd/platform/Debug/libplatform.a(uartConsole.o)
 .debug_frame   0x00000acc      0x314 ../../../../../..//binary/armv7a/gcc/am335x/system_config/Debug/libsystem_config.a(interrupt.o)
 .debug_frame   0x00000de0       0x48 ../../../../../..//binary/armv7a/gcc/am335x/system_config/Debug/libsystem_config.a(startup.o)
 .debug_frame   0x00000e28       0xd4 ../../../../../..//binary/armv7a/gcc/am335x/system_config/Debug/libsystem_config.a(cpu.o)
 .debug_frame   0x00000efc       0x20 /opt/gcc-arm-none-eabi-4_7-2013q1/lib/gcc/arm-none-eabi/4.7.3//libgcc.a(_udivsi3.o)
 .debug_frame   0x00000f1c       0x20 /opt/gcc-arm-none-eabi-4_7-2013q1/lib/gcc/arm-none-eabi/4.7.3//libgcc.a(_divsi3.o)
 .debug_frame   0x00000f3c      0x778 ../../../../../..//binary/armv7a/gcc/am335x/drivers/Debug/libdrivers.a(uart_irda_cir.o)
 .debug_frame   0x000016b4      0x108 ../../../../../..//binary/armv7a/gcc/utils/Debug/libutils.a(consoleUtils.o)
