<?xml version="1.0"?>
<link_info>
   <banner>TI ARM Linker PC v5.0.4</banner>
   <copyright>Copyright (c) 1996-2013 Texas Instruments Incorporated</copyright>
   <link_time>0x52947eea</link_time>
   <output_file>../../../../../../../binary/armv7a/cgt_ccs/am335x/ok335xd/uart/Debug/uartEcho.out</output_file>
   <entry_point>
      <name>Entry</name>
      <address>0x80000000</address>
   </entry_point>
   <input_file_list>
      <input_file id="fl-2">
         <path>.\</path>
         <kind>object</kind>
         <file>uartEcho.obj</file>
         <name>uartEcho.obj</name>
      </input_file>
      <input_file id="fl-133">
         <path>..\..\..\..\..\..\..\binary\armv7a\cgt_ccs\am335x\drivers\Debug\</path>
         <kind>archive</kind>
         <file>drivers.lib</file>
         <name>uart_irda_cir.obj</name>
      </input_file>
      <input_file id="fl-134">
         <path>..\..\..\..\..\..\..\binary\armv7a\cgt_ccs\am335x\system_config\Debug\</path>
         <kind>archive</kind>
         <file>system.lib</file>
         <name>interrupt.obj</name>
      </input_file>
      <input_file id="fl-135">
         <path>..\..\..\..\..\..\..\binary\armv7a\cgt_ccs\am335x\system_config\Debug\</path>
         <kind>archive</kind>
         <file>system.lib</file>
         <name>init.obj</name>
      </input_file>
      <input_file id="fl-136">
         <path>..\..\..\..\..\..\..\binary\armv7a\cgt_ccs\am335x\system_config\Debug\</path>
         <kind>archive</kind>
         <file>system.lib</file>
         <name>cpu.obj</name>
      </input_file>
      <input_file id="fl-137">
         <path>..\..\..\..\..\..\..\binary\armv7a\cgt_ccs\am335x\system_config\Debug\</path>
         <kind>archive</kind>
         <file>system.lib</file>
         <name>startup.obj</name>
      </input_file>
      <input_file id="fl-138">
         <path>..\..\..\..\..\..\..\binary\armv7a\cgt_ccs\am335x\system_config\Debug\</path>
         <kind>archive</kind>
         <file>system.lib</file>
         <name>exceptionhandler.obj</name>
      </input_file>
      <input_file id="fl-139">
         <path>..\..\..\..\..\..\..\binary\armv7a\cgt_ccs\am335x\system_config\Debug\</path>
         <kind>archive</kind>
         <file>system.lib</file>
         <name>cp15.obj</name>
      </input_file>
      <input_file id="fl-13a">
         <path>..\..\..\..\..\..\..\binary\armv7a\cgt_ccs\am335x\ok335xd\platform\Debug\</path>
         <kind>archive</kind>
         <file>platform.lib</file>
         <name>uart.obj</name>
      </input_file>
      <input_file id="fl-13b">
         <path>D:\ti\ccsv5\tools\compiler\arm_5.0.4\lib\</path>
         <kind>archive</kind>
         <file>rtsv7A8_A_le_eabi.lib</file>
         <name>auto_init.obj</name>
      </input_file>
      <input_file id="fl-13c">
         <path>D:\ti\ccsv5\tools\compiler\arm_5.0.4\lib\</path>
         <kind>archive</kind>
         <file>rtsv7A8_A_le_eabi.lib</file>
         <name>boot.obj</name>
      </input_file>
      <input_file id="fl-13d">
         <path>D:\ti\ccsv5\tools\compiler\arm_5.0.4\lib\</path>
         <kind>archive</kind>
         <file>rtsv7A8_A_le_eabi.lib</file>
         <name>cpy_tbl.obj</name>
      </input_file>
      <input_file id="fl-13e">
         <path>D:\ti\ccsv5\tools\compiler\arm_5.0.4\lib\</path>
         <kind>archive</kind>
         <file>rtsv7A8_A_le_eabi.lib</file>
         <name>exit.obj</name>
      </input_file>
      <input_file id="fl-13f">
         <path>D:\ti\ccsv5\tools\compiler\arm_5.0.4\lib\</path>
         <kind>archive</kind>
         <file>rtsv7A8_A_le_eabi.lib</file>
         <name>icall32.obj</name>
      </input_file>
      <input_file id="fl-140">
         <path>D:\ti\ccsv5\tools\compiler\arm_5.0.4\lib\</path>
         <kind>archive</kind>
         <file>rtsv7A8_A_le_eabi.lib</file>
         <name>memcpy32.obj</name>
      </input_file>
      <input_file id="fl-141">
         <path>D:\ti\ccsv5\tools\compiler\arm_5.0.4\lib\</path>
         <kind>archive</kind>
         <file>rtsv7A8_A_le_eabi.lib</file>
         <name>stkdepth_vars.obj</name>
      </input_file>
      <input_file id="fl-142">
         <path>D:\ti\ccsv5\tools\compiler\arm_5.0.4\lib\</path>
         <kind>archive</kind>
         <file>rtsv7A8_A_le_eabi.lib</file>
         <name>u_div32.obj</name>
      </input_file>
      <input_file id="fl-143">
         <path>D:\ti\ccsv5\tools\compiler\arm_5.0.4\lib\</path>
         <kind>archive</kind>
         <file>rtsv7A8_A_le_eabi.lib</file>
         <name>_lock.obj</name>
      </input_file>
      <input_file id="fl-144">
         <path>D:\ti\ccsv5\tools\compiler\arm_5.0.4\lib\</path>
         <kind>archive</kind>
         <file>rtsv7A8_A_le_eabi.lib</file>
         <name>args_main.obj</name>
      </input_file>
   </input_file_list>
   <object_component_list>
      <object_component id="oc-8">
         <name>.text:Entry</name>
         <load_address>0x80000000</load_address>
         <run_address>0x80000000</run_address>
         <size>0xc8</size>
         <input_file_ref idref="fl-135"/>
      </object_component>
      <object_component id="oc-b4">
         <name>.tramp.__TI_auto_init.1</name>
         <load_address>0x800000c8</load_address>
         <run_address>0x800000c8</run_address>
         <size>0xc</size>
         <input_file_ref idref="fl-13b"/>
      </object_component>
      <object_component id="oc-40">
         <name>.text</name>
         <load_address>0x800000d4</load_address>
         <run_address>0x800000d4</run_address>
         <size>0x1d08</size>
         <input_file_ref idref="fl-133"/>
      </object_component>
      <object_component id="oc-25">
         <name>.text</name>
         <load_address>0x80001ddc</load_address>
         <run_address>0x80001ddc</run_address>
         <size>0x488</size>
         <input_file_ref idref="fl-139"/>
      </object_component>
      <object_component id="oc-45">
         <name>.text</name>
         <load_address>0x80002264</load_address>
         <run_address>0x80002264</run_address>
         <size>0x3e4</size>
         <input_file_ref idref="fl-134"/>
      </object_component>
      <object_component id="oc-20">
         <name>.text</name>
         <load_address>0x80002648</load_address>
         <run_address>0x80002648</run_address>
         <size>0x1fc</size>
         <input_file_ref idref="fl-2"/>
      </object_component>
      <object_component id="oc-34">
         <name>.text</name>
         <load_address>0x80002844</load_address>
         <run_address>0x80002844</run_address>
         <size>0x180</size>
         <input_file_ref idref="fl-140"/>
      </object_component>
      <object_component id="oc-56">
         <name>.text</name>
         <load_address>0x800029c4</load_address>
         <run_address>0x800029c4</run_address>
         <size>0x10c</size>
         <input_file_ref idref="fl-138"/>
      </object_component>
      <object_component id="oc-76">
         <name>.text</name>
         <load_address>0x80002ad0</load_address>
         <run_address>0x80002ad0</run_address>
         <size>0xf4</size>
         <input_file_ref idref="fl-142"/>
      </object_component>
      <object_component id="oc-d">
         <name>.text</name>
         <load_address>0x80002bc4</load_address>
         <run_address>0x80002bc4</run_address>
         <size>0xd4</size>
         <input_file_ref idref="fl-13b"/>
      </object_component>
      <object_component id="oc-3b">
         <name>.text</name>
         <load_address>0x80002c98</load_address>
         <run_address>0x80002c98</run_address>
         <size>0xa0</size>
         <input_file_ref idref="fl-13a"/>
      </object_component>
      <object_component id="oc-11">
         <name>.text</name>
         <load_address>0x80002d38</load_address>
         <run_address>0x80002d38</run_address>
         <size>0x84</size>
         <input_file_ref idref="fl-137"/>
      </object_component>
      <object_component id="oc-17">
         <name>.text</name>
         <load_address>0x80002dbc</load_address>
         <run_address>0x80002dbc</run_address>
         <size>0x80</size>
         <input_file_ref idref="fl-13d"/>
      </object_component>
      <object_component id="oc-81">
         <name>.text</name>
         <load_address>0x80002e3c</load_address>
         <run_address>0x80002e3c</run_address>
         <size>0x60</size>
         <input_file_ref idref="fl-136"/>
      </object_component>
      <object_component id="oc-1b">
         <name>.text</name>
         <load_address>0x80002e9c</load_address>
         <run_address>0x80002e9c</run_address>
         <size>0x20</size>
         <input_file_ref idref="fl-13f"/>
      </object_component>
      <object_component id="oc-86">
         <name>.text:CPUIntStatus</name>
         <load_address>0x80002ebc</load_address>
         <run_address>0x80002ebc</run_address>
         <size>0xc</size>
         <input_file_ref idref="fl-136"/>
      </object_component>
      <object_component id="oc-4b">
         <name>.data:txArray</name>
         <load_address>0x80003104</load_address>
         <run_address>0x80003104</run_address>
         <size>0x30</size>
         <input_file_ref idref="fl-2"/>
      </object_component>
      <object_component id="oc-4a">
         <name>.data</name>
         <load_address>0x80003134</load_address>
         <run_address>0x80003134</run_address>
         <size>0x8</size>
         <input_file_ref idref="fl-2"/>
      </object_component>
      <object_component id="oc-87">
         <name>.bss:fnRAMVectors</name>
         <uninitialized>true</uninitialized>
         <run_address>0x80002ec8</run_address>
         <size>0x200</size>
         <input_file_ref idref="fl-134"/>
      </object_component>
      <object_component id="oc-2b">
         <name>.const:vecTbl</name>
         <load_address>0x800030c8</load_address>
         <run_address>0x800030c8</run_address>
         <size>0x38</size>
         <input_file_ref idref="fl-137"/>
      </object_component>
      <object_component id="oc-29">
         <name>.const</name>
         <load_address>0x80003100</load_address>
         <run_address>0x80003100</run_address>
         <size>0x4</size>
         <input_file_ref idref="fl-137"/>
      </object_component>
      <object_component id="oc-c">
         <name>.stack</name>
         <uninitialized>true</uninitialized>
         <run_address>0x87fffff0</run_address>
         <size>0x0</size>
         <input_file_ref idref="fl-13c"/>
      </object_component>
      <object_component id="oc-b3">
         <name>.stack</name>
         <uninitialized>true</uninitialized>
         <run_address>0x87fffff0</run_address>
         <size>0x0</size>
      </object_component>
      <object_component id="oc-9">
         <name>.debug_info</name>
         <load_address>0x0</load_address>
         <run_address>0x0</run_address>
         <size>0x161</size>
         <input_file_ref idref="fl-135"/>
      </object_component>
      <object_component id="oc-e">
         <name>.debug_info</name>
         <load_address>0x161</load_address>
         <run_address>0x161</run_address>
         <size>0x162</size>
         <input_file_ref idref="fl-13b"/>
      </object_component>
      <object_component id="oc-12">
         <name>.debug_info</name>
         <load_address>0x2c3</load_address>
         <run_address>0x2c3</run_address>
         <size>0x3ee</size>
         <input_file_ref idref="fl-137"/>
      </object_component>
      <object_component id="oc-18">
         <name>.debug_info</name>
         <load_address>0x6b1</load_address>
         <run_address>0x6b1</run_address>
         <size>0x1c8</size>
         <input_file_ref idref="fl-13d"/>
      </object_component>
      <object_component id="oc-1c">
         <name>.debug_info</name>
         <load_address>0x879</load_address>
         <run_address>0x879</run_address>
         <size>0xf8</size>
         <input_file_ref idref="fl-13f"/>
      </object_component>
      <object_component id="oc-21">
         <name>.debug_info</name>
         <load_address>0x971</load_address>
         <run_address>0x971</run_address>
         <size>0x8ad</size>
         <input_file_ref idref="fl-2"/>
      </object_component>
      <object_component id="oc-26">
         <name>.debug_info</name>
         <load_address>0x121e</load_address>
         <run_address>0x121e</run_address>
         <size>0x266</size>
         <input_file_ref idref="fl-139"/>
      </object_component>
      <object_component id="oc-2a">
         <name>.debug_info</name>
         <load_address>0x1484</load_address>
         <run_address>0x1484</run_address>
         <size>0x125</size>
         <input_file_ref idref="fl-137"/>
      </object_component>
      <object_component id="oc-2c">
         <name>.debug_info</name>
         <load_address>0x15a9</load_address>
         <run_address>0x15a9</run_address>
         <size>0x10c</size>
         <input_file_ref idref="fl-137"/>
      </object_component>
      <object_component id="oc-2e">
         <name>.debug_info</name>
         <load_address>0x16b5</load_address>
         <run_address>0x16b5</run_address>
         <size>0x89</size>
         <input_file_ref idref="fl-134"/>
      </object_component>
      <object_component id="oc-33">
         <name>.debug_info</name>
         <load_address>0x173e</load_address>
         <run_address>0x173e</run_address>
         <size>0x20f</size>
         <input_file_ref idref="fl-137"/>
      </object_component>
      <object_component id="oc-35">
         <name>.debug_info</name>
         <load_address>0x194d</load_address>
         <run_address>0x194d</run_address>
         <size>0x14e</size>
         <input_file_ref idref="fl-140"/>
      </object_component>
      <object_component id="oc-39">
         <name>.debug_info</name>
         <load_address>0x1a9b</load_address>
         <run_address>0x1a9b</run_address>
         <size>0x159</size>
         <input_file_ref idref="fl-13d"/>
      </object_component>
      <object_component id="oc-3c">
         <name>.debug_info</name>
         <load_address>0x1bf4</load_address>
         <run_address>0x1bf4</run_address>
         <size>0x3f5</size>
         <input_file_ref idref="fl-13a"/>
      </object_component>
      <object_component id="oc-41">
         <name>.debug_info</name>
         <load_address>0x1fe9</load_address>
         <run_address>0x1fe9</run_address>
         <size>0x5e17</size>
         <input_file_ref idref="fl-133"/>
      </object_component>
      <object_component id="oc-46">
         <name>.debug_info</name>
         <load_address>0x7e00</load_address>
         <run_address>0x7e00</run_address>
         <size>0x1d44</size>
         <input_file_ref idref="fl-134"/>
      </object_component>
      <object_component id="oc-4c">
         <name>.debug_info</name>
         <load_address>0x9b44</load_address>
         <run_address>0x9b44</run_address>
         <size>0x109</size>
         <input_file_ref idref="fl-2"/>
      </object_component>
      <object_component id="oc-4e">
         <name>.debug_info</name>
         <load_address>0x9c4d</load_address>
         <run_address>0x9c4d</run_address>
         <size>0x90</size>
         <input_file_ref idref="fl-2"/>
      </object_component>
      <object_component id="oc-57">
         <name>.debug_info</name>
         <load_address>0x9cdd</load_address>
         <run_address>0x9cdd</run_address>
         <size>0x17c</size>
         <input_file_ref idref="fl-138"/>
      </object_component>
      <object_component id="oc-61">
         <name>.debug_info</name>
         <load_address>0x9e59</load_address>
         <run_address>0x9e59</run_address>
         <size>0x2c</size>
         <input_file_ref idref="fl-13d"/>
      </object_component>
      <object_component id="oc-66">
         <name>.debug_info</name>
         <load_address>0x9e85</load_address>
         <run_address>0x9e85</run_address>
         <size>0x89</size>
         <input_file_ref idref="fl-13d"/>
      </object_component>
      <object_component id="oc-6b">
         <name>.debug_info</name>
         <load_address>0x9f0e</load_address>
         <run_address>0x9f0e</run_address>
         <size>0xcd</size>
         <input_file_ref idref="fl-13d"/>
      </object_component>
      <object_component id="oc-71">
         <name>.debug_info</name>
         <load_address>0x9fdb</load_address>
         <run_address>0x9fdb</run_address>
         <size>0x89</size>
         <input_file_ref idref="fl-13a"/>
      </object_component>
      <object_component id="oc-77">
         <name>.debug_info</name>
         <load_address>0xa064</load_address>
         <run_address>0xa064</run_address>
         <size>0x155</size>
         <input_file_ref idref="fl-142"/>
      </object_component>
      <object_component id="oc-7b">
         <name>.debug_info</name>
         <load_address>0xa1b9</load_address>
         <run_address>0xa1b9</run_address>
         <size>0x89</size>
         <input_file_ref idref="fl-133"/>
      </object_component>
      <object_component id="oc-80">
         <name>.debug_info</name>
         <load_address>0xa242</load_address>
         <run_address>0xa242</run_address>
         <size>0xed</size>
         <input_file_ref idref="fl-133"/>
      </object_component>
      <object_component id="oc-82">
         <name>.debug_info</name>
         <load_address>0xa32f</load_address>
         <run_address>0xa32f</run_address>
         <size>0x56c</size>
         <input_file_ref idref="fl-136"/>
      </object_component>
      <object_component id="oc-88">
         <name>.debug_info</name>
         <load_address>0xa89b</load_address>
         <run_address>0xa89b</run_address>
         <size>0x11b</size>
         <input_file_ref idref="fl-134"/>
      </object_component>
      <object_component id="oc-8a">
         <name>.debug_info</name>
         <load_address>0xa9b6</load_address>
         <run_address>0xa9b6</run_address>
         <size>0x18b</size>
         <input_file_ref idref="fl-134"/>
      </object_component>
      <object_component id="oc-8d">
         <name>.debug_info</name>
         <load_address>0xab41</load_address>
         <run_address>0xab41</run_address>
         <size>0x5fd</size>
         <input_file_ref idref="fl-2"/>
      </object_component>
      <object_component id="oc-99">
         <name>.debug_info</name>
         <load_address>0xb13e</load_address>
         <run_address>0xb13e</run_address>
         <size>0xba</size>
         <input_file_ref idref="fl-2"/>
      </object_component>
      <object_component id="oc-bf">
         <name>.debug_info</name>
         <load_address>0xb1f8</load_address>
         <run_address>0xb1f8</run_address>
         <size>0xf8</size>
      </object_component>
      <object_component id="oc-a">
         <name>.debug_line</name>
         <load_address>0x0</load_address>
         <run_address>0x0</run_address>
         <size>0x96</size>
         <input_file_ref idref="fl-135"/>
      </object_component>
      <object_component id="oc-f">
         <name>.debug_line</name>
         <load_address>0x96</load_address>
         <run_address>0x96</run_address>
         <size>0x7d</size>
         <input_file_ref idref="fl-13b"/>
      </object_component>
      <object_component id="oc-13">
         <name>.debug_line</name>
         <load_address>0x113</load_address>
         <run_address>0x113</run_address>
         <size>0xa7</size>
         <input_file_ref idref="fl-137"/>
      </object_component>
      <object_component id="oc-19">
         <name>.debug_line</name>
         <load_address>0x1ba</load_address>
         <run_address>0x1ba</run_address>
         <size>0x43</size>
         <input_file_ref idref="fl-13d"/>
      </object_component>
      <object_component id="oc-1d">
         <name>.debug_line</name>
         <load_address>0x1fd</load_address>
         <run_address>0x1fd</run_address>
         <size>0x42</size>
         <input_file_ref idref="fl-13f"/>
      </object_component>
      <object_component id="oc-22">
         <name>.debug_line</name>
         <load_address>0x23f</load_address>
         <run_address>0x23f</run_address>
         <size>0x138</size>
         <input_file_ref idref="fl-2"/>
      </object_component>
      <object_component id="oc-27">
         <name>.debug_line</name>
         <load_address>0x377</load_address>
         <run_address>0x377</run_address>
         <size>0x188</size>
         <input_file_ref idref="fl-139"/>
      </object_component>
      <object_component id="oc-30">
         <name>.debug_line</name>
         <load_address>0x4ff</load_address>
         <run_address>0x4ff</run_address>
         <size>0x20</size>
         <input_file_ref idref="fl-134"/>
      </object_component>
      <object_component id="oc-36">
         <name>.debug_line</name>
         <load_address>0x51f</load_address>
         <run_address>0x51f</run_address>
         <size>0x9a</size>
         <input_file_ref idref="fl-140"/>
      </object_component>
      <object_component id="oc-3d">
         <name>.debug_line</name>
         <load_address>0x5b9</load_address>
         <run_address>0x5b9</run_address>
         <size>0xa2</size>
         <input_file_ref idref="fl-13a"/>
      </object_component>
      <object_component id="oc-42">
         <name>.debug_line</name>
         <load_address>0x65b</load_address>
         <run_address>0x65b</run_address>
         <size>0xa3f</size>
         <input_file_ref idref="fl-133"/>
      </object_component>
      <object_component id="oc-47">
         <name>.debug_line</name>
         <load_address>0x109a</load_address>
         <run_address>0x109a</run_address>
         <size>0x3bc</size>
         <input_file_ref idref="fl-134"/>
      </object_component>
      <object_component id="oc-50">
         <name>.debug_line</name>
         <load_address>0x1456</load_address>
         <run_address>0x1456</run_address>
         <size>0x20</size>
         <input_file_ref idref="fl-2"/>
      </object_component>
      <object_component id="oc-55">
         <name>.debug_line</name>
         <load_address>0x1476</load_address>
         <run_address>0x1476</run_address>
         <size>0x60</size>
         <input_file_ref idref="fl-137"/>
      </object_component>
      <object_component id="oc-58">
         <name>.debug_line</name>
         <load_address>0x14d6</load_address>
         <run_address>0x14d6</run_address>
         <size>0xb5</size>
         <input_file_ref idref="fl-138"/>
      </object_component>
      <object_component id="oc-5b">
         <name>.debug_line</name>
         <load_address>0x158b</load_address>
         <run_address>0x158b</run_address>
         <size>0x60</size>
         <input_file_ref idref="fl-137"/>
      </object_component>
      <object_component id="oc-5d">
         <name>.debug_line</name>
         <load_address>0x15eb</load_address>
         <run_address>0x15eb</run_address>
         <size>0x8b</size>
         <input_file_ref idref="fl-137"/>
      </object_component>
      <object_component id="oc-60">
         <name>.debug_line</name>
         <load_address>0x1676</load_address>
         <run_address>0x1676</run_address>
         <size>0x69</size>
         <input_file_ref idref="fl-13d"/>
      </object_component>
      <object_component id="oc-63">
         <name>.debug_line</name>
         <load_address>0x16df</load_address>
         <run_address>0x16df</run_address>
         <size>0x5c</size>
         <input_file_ref idref="fl-13d"/>
      </object_component>
      <object_component id="oc-68">
         <name>.debug_line</name>
         <load_address>0x173b</load_address>
         <run_address>0x173b</run_address>
         <size>0x20</size>
         <input_file_ref idref="fl-13d"/>
      </object_component>
      <object_component id="oc-6d">
         <name>.debug_line</name>
         <load_address>0x175b</load_address>
         <run_address>0x175b</run_address>
         <size>0x5d</size>
         <input_file_ref idref="fl-13d"/>
      </object_component>
      <object_component id="oc-73">
         <name>.debug_line</name>
         <load_address>0x17b8</load_address>
         <run_address>0x17b8</run_address>
         <size>0x20</size>
         <input_file_ref idref="fl-13a"/>
      </object_component>
      <object_component id="oc-78">
         <name>.debug_line</name>
         <load_address>0x17d8</load_address>
         <run_address>0x17d8</run_address>
         <size>0x86</size>
         <input_file_ref idref="fl-142"/>
      </object_component>
      <object_component id="oc-7d">
         <name>.debug_line</name>
         <load_address>0x185e</load_address>
         <run_address>0x185e</run_address>
         <size>0x20</size>
         <input_file_ref idref="fl-133"/>
      </object_component>
      <object_component id="oc-83">
         <name>.debug_line</name>
         <load_address>0x187e</load_address>
         <run_address>0x187e</run_address>
         <size>0x10d</size>
         <input_file_ref idref="fl-136"/>
      </object_component>
      <object_component id="oc-8c">
         <name>.debug_line</name>
         <load_address>0x198b</load_address>
         <run_address>0x198b</run_address>
         <size>0x5b</size>
         <input_file_ref idref="fl-2"/>
      </object_component>
      <object_component id="oc-91">
         <name>.debug_line</name>
         <load_address>0x19e6</load_address>
         <run_address>0x19e6</run_address>
         <size>0x20</size>
         <input_file_ref idref="fl-133"/>
      </object_component>
      <object_component id="oc-94">
         <name>.debug_line</name>
         <load_address>0x1a06</load_address>
         <run_address>0x1a06</run_address>
         <size>0x62</size>
         <input_file_ref idref="fl-134"/>
      </object_component>
      <object_component id="oc-96">
         <name>.debug_line</name>
         <load_address>0x1a68</load_address>
         <run_address>0x1a68</run_address>
         <size>0x4a</size>
         <input_file_ref idref="fl-134"/>
      </object_component>
      <object_component id="oc-98">
         <name>.debug_line</name>
         <load_address>0x1ab2</load_address>
         <run_address>0x1ab2</run_address>
         <size>0xc4</size>
         <input_file_ref idref="fl-2"/>
      </object_component>
      <object_component id="oc-9b">
         <name>.debug_line</name>
         <load_address>0x1b76</load_address>
         <run_address>0x1b76</run_address>
         <size>0x5a</size>
         <input_file_ref idref="fl-2"/>
      </object_component>
      <object_component id="oc-b">
         <name>.debug_aranges</name>
         <load_address>0x0</load_address>
         <run_address>0x0</run_address>
         <size>0x20</size>
         <input_file_ref idref="fl-135"/>
      </object_component>
      <object_component id="oc-10">
         <name>.debug_aranges</name>
         <load_address>0x20</load_address>
         <run_address>0x20</run_address>
         <size>0x28</size>
         <input_file_ref idref="fl-13b"/>
      </object_component>
      <object_component id="oc-15">
         <name>.debug_aranges</name>
         <load_address>0x48</load_address>
         <run_address>0x48</run_address>
         <size>0x28</size>
         <input_file_ref idref="fl-137"/>
      </object_component>
      <object_component id="oc-1a">
         <name>.debug_aranges</name>
         <load_address>0x70</load_address>
         <run_address>0x70</run_address>
         <size>0x20</size>
         <input_file_ref idref="fl-13d"/>
      </object_component>
      <object_component id="oc-1e">
         <name>.debug_aranges</name>
         <load_address>0x90</load_address>
         <run_address>0x90</run_address>
         <size>0x20</size>
         <input_file_ref idref="fl-13f"/>
      </object_component>
      <object_component id="oc-24">
         <name>.debug_aranges</name>
         <load_address>0xb0</load_address>
         <run_address>0xb0</run_address>
         <size>0x48</size>
         <input_file_ref idref="fl-2"/>
      </object_component>
      <object_component id="oc-28">
         <name>.debug_aranges</name>
         <load_address>0xf8</load_address>
         <run_address>0xf8</run_address>
         <size>0x20</size>
         <input_file_ref idref="fl-139"/>
      </object_component>
      <object_component id="oc-37">
         <name>.debug_aranges</name>
         <load_address>0x118</load_address>
         <run_address>0x118</run_address>
         <size>0x20</size>
         <input_file_ref idref="fl-140"/>
      </object_component>
      <object_component id="oc-3f">
         <name>.debug_aranges</name>
         <load_address>0x138</load_address>
         <run_address>0x138</run_address>
         <size>0x28</size>
         <input_file_ref idref="fl-13a"/>
      </object_component>
      <object_component id="oc-44">
         <name>.debug_aranges</name>
         <load_address>0x160</load_address>
         <run_address>0x160</run_address>
         <size>0x268</size>
         <input_file_ref idref="fl-133"/>
      </object_component>
      <object_component id="oc-49">
         <name>.debug_aranges</name>
         <load_address>0x3c8</load_address>
         <run_address>0x3c8</run_address>
         <size>0x110</size>
         <input_file_ref idref="fl-134"/>
      </object_component>
      <object_component id="oc-59">
         <name>.debug_aranges</name>
         <load_address>0x4d8</load_address>
         <run_address>0x4d8</run_address>
         <size>0x20</size>
         <input_file_ref idref="fl-138"/>
      </object_component>
      <object_component id="oc-79">
         <name>.debug_aranges</name>
         <load_address>0x4f8</load_address>
         <run_address>0x4f8</run_address>
         <size>0x28</size>
         <input_file_ref idref="fl-142"/>
      </object_component>
      <object_component id="oc-85">
         <name>.debug_aranges</name>
         <load_address>0x520</load_address>
         <run_address>0x520</run_address>
         <size>0x50</size>
         <input_file_ref idref="fl-136"/>
      </object_component>
      <object_component id="oc-14">
         <name>.debug_frame</name>
         <load_address>0x0</load_address>
         <run_address>0x0</run_address>
         <size>0xd3</size>
         <input_file_ref idref="fl-137"/>
      </object_component>
      <object_component id="oc-23">
         <name>.debug_frame</name>
         <load_address>0xd3</load_address>
         <run_address>0xd3</run_address>
         <size>0xc7</size>
         <input_file_ref idref="fl-2"/>
      </object_component>
      <object_component id="oc-3e">
         <name>.debug_frame</name>
         <load_address>0x19a</load_address>
         <run_address>0x19a</run_address>
         <size>0x56</size>
         <input_file_ref idref="fl-13a"/>
      </object_component>
      <object_component id="oc-43">
         <name>.debug_frame</name>
         <load_address>0x1f0</load_address>
         <run_address>0x1f0</run_address>
         <size>0x77c</size>
         <input_file_ref idref="fl-133"/>
      </object_component>
      <object_component id="oc-48">
         <name>.debug_frame</name>
         <load_address>0x96c</load_address>
         <run_address>0x96c</run_address>
         <size>0x327</size>
         <input_file_ref idref="fl-134"/>
      </object_component>
      <object_component id="oc-84">
         <name>.debug_frame</name>
         <load_address>0xc93</load_address>
         <run_address>0xc93</run_address>
         <size>0x115</size>
         <input_file_ref idref="fl-136"/>
      </object_component>
      <object_component id="oc-16">
         <name>.debug_abbrev</name>
         <load_address>0x0</load_address>
         <run_address>0x0</run_address>
         <size>0x42</size>
         <input_file_ref idref="fl-135"/>
      </object_component>
      <object_component id="oc-1f">
         <name>.debug_abbrev</name>
         <load_address>0x42</load_address>
         <run_address>0x42</run_address>
         <size>0x77</size>
         <input_file_ref idref="fl-13b"/>
      </object_component>
      <object_component id="oc-2d">
         <name>.debug_abbrev</name>
         <load_address>0xb9</load_address>
         <run_address>0xb9</run_address>
         <size>0xb8</size>
         <input_file_ref idref="fl-137"/>
      </object_component>
      <object_component id="oc-2f">
         <name>.debug_abbrev</name>
         <load_address>0x171</load_address>
         <run_address>0x171</run_address>
         <size>0x23</size>
         <input_file_ref idref="fl-134"/>
      </object_component>
      <object_component id="oc-38">
         <name>.debug_abbrev</name>
         <load_address>0x194</load_address>
         <run_address>0x194</run_address>
         <size>0xa2</size>
         <input_file_ref idref="fl-13d"/>
      </object_component>
      <object_component id="oc-3a">
         <name>.debug_abbrev</name>
         <load_address>0x236</load_address>
         <run_address>0x236</run_address>
         <size>0x51</size>
         <input_file_ref idref="fl-13f"/>
      </object_component>
      <object_component id="oc-4d">
         <name>.debug_abbrev</name>
         <load_address>0x287</load_address>
         <run_address>0x287</run_address>
         <size>0xb8</size>
         <input_file_ref idref="fl-2"/>
      </object_component>
      <object_component id="oc-4f">
         <name>.debug_abbrev</name>
         <load_address>0x33f</load_address>
         <run_address>0x33f</run_address>
         <size>0x23</size>
         <input_file_ref idref="fl-2"/>
      </object_component>
      <object_component id="oc-53">
         <name>.debug_abbrev</name>
         <load_address>0x362</load_address>
         <run_address>0x362</run_address>
         <size>0x42</size>
         <input_file_ref idref="fl-139"/>
      </object_component>
      <object_component id="oc-54">
         <name>.debug_abbrev</name>
         <load_address>0x3a4</load_address>
         <run_address>0x3a4</run_address>
         <size>0x29</size>
         <input_file_ref idref="fl-137"/>
      </object_component>
      <object_component id="oc-5a">
         <name>.debug_abbrev</name>
         <load_address>0x3cd</load_address>
         <run_address>0x3cd</run_address>
         <size>0x27</size>
         <input_file_ref idref="fl-137"/>
      </object_component>
      <object_component id="oc-5c">
         <name>.debug_abbrev</name>
         <load_address>0x3f4</load_address>
         <run_address>0x3f4</run_address>
         <size>0x7e</size>
         <input_file_ref idref="fl-137"/>
      </object_component>
      <object_component id="oc-5e">
         <name>.debug_abbrev</name>
         <load_address>0x472</load_address>
         <run_address>0x472</run_address>
         <size>0x4e</size>
         <input_file_ref idref="fl-140"/>
      </object_component>
      <object_component id="oc-5f">
         <name>.debug_abbrev</name>
         <load_address>0x4c0</load_address>
         <run_address>0x4c0</run_address>
         <size>0x85</size>
         <input_file_ref idref="fl-13d"/>
      </object_component>
      <object_component id="oc-62">
         <name>.debug_abbrev</name>
         <load_address>0x545</load_address>
         <run_address>0x545</run_address>
         <size>0x24</size>
         <input_file_ref idref="fl-13d"/>
      </object_component>
      <object_component id="oc-67">
         <name>.debug_abbrev</name>
         <load_address>0x569</load_address>
         <run_address>0x569</run_address>
         <size>0x23</size>
         <input_file_ref idref="fl-13d"/>
      </object_component>
      <object_component id="oc-6c">
         <name>.debug_abbrev</name>
         <load_address>0x58c</load_address>
         <run_address>0x58c</run_address>
         <size>0x4b</size>
         <input_file_ref idref="fl-13d"/>
      </object_component>
      <object_component id="oc-70">
         <name>.debug_abbrev</name>
         <load_address>0x5d7</load_address>
         <run_address>0x5d7</run_address>
         <size>0x8b</size>
         <input_file_ref idref="fl-13a"/>
      </object_component>
      <object_component id="oc-72">
         <name>.debug_abbrev</name>
         <load_address>0x662</load_address>
         <run_address>0x662</run_address>
         <size>0x23</size>
         <input_file_ref idref="fl-13a"/>
      </object_component>
      <object_component id="oc-7a">
         <name>.debug_abbrev</name>
         <load_address>0x685</load_address>
         <run_address>0x685</run_address>
         <size>0x124</size>
         <input_file_ref idref="fl-133"/>
      </object_component>
      <object_component id="oc-7c">
         <name>.debug_abbrev</name>
         <load_address>0x7a9</load_address>
         <run_address>0x7a9</run_address>
         <size>0x23</size>
         <input_file_ref idref="fl-133"/>
      </object_component>
      <object_component id="oc-89">
         <name>.debug_abbrev</name>
         <load_address>0x7cc</load_address>
         <run_address>0x7cc</run_address>
         <size>0x14f</size>
         <input_file_ref idref="fl-134"/>
      </object_component>
      <object_component id="oc-8b">
         <name>.debug_abbrev</name>
         <load_address>0x91b</load_address>
         <run_address>0x91b</run_address>
         <size>0x29</size>
         <input_file_ref idref="fl-2"/>
      </object_component>
      <object_component id="oc-8e">
         <name>.debug_abbrev</name>
         <load_address>0x944</load_address>
         <run_address>0x944</run_address>
         <size>0x34</size>
         <input_file_ref idref="fl-138"/>
      </object_component>
      <object_component id="oc-8f">
         <name>.debug_abbrev</name>
         <load_address>0x978</load_address>
         <run_address>0x978</run_address>
         <size>0x69</size>
         <input_file_ref idref="fl-142"/>
      </object_component>
      <object_component id="oc-90">
         <name>.debug_abbrev</name>
         <load_address>0x9e1</load_address>
         <run_address>0x9e1</run_address>
         <size>0x23</size>
         <input_file_ref idref="fl-133"/>
      </object_component>
      <object_component id="oc-92">
         <name>.debug_abbrev</name>
         <load_address>0xa04</load_address>
         <run_address>0xa04</run_address>
         <size>0x50</size>
         <input_file_ref idref="fl-136"/>
      </object_component>
      <object_component id="oc-93">
         <name>.debug_abbrev</name>
         <load_address>0xa54</load_address>
         <run_address>0xa54</run_address>
         <size>0x29</size>
         <input_file_ref idref="fl-134"/>
      </object_component>
      <object_component id="oc-95">
         <name>.debug_abbrev</name>
         <load_address>0xa7d</load_address>
         <run_address>0xa7d</run_address>
         <size>0x6a</size>
         <input_file_ref idref="fl-134"/>
      </object_component>
      <object_component id="oc-97">
         <name>.debug_abbrev</name>
         <load_address>0xae7</load_address>
         <run_address>0xae7</run_address>
         <size>0xcb</size>
         <input_file_ref idref="fl-2"/>
      </object_component>
      <object_component id="oc-9a">
         <name>.debug_abbrev</name>
         <load_address>0xbb2</load_address>
         <run_address>0xbb2</run_address>
         <size>0x5c</size>
         <input_file_ref idref="fl-2"/>
      </object_component>
      <object_component id="oc-c0">
         <name>.debug_abbrev</name>
         <load_address>0xc0e</load_address>
         <run_address>0xc0e</run_address>
         <size>0x23</size>
      </object_component>
      <object_component id="oc-31">
         <name>.debug_str</name>
         <load_address>0x0</load_address>
         <run_address>0x0</run_address>
         <size>0x13c</size>
         <input_file_ref idref="fl-134"/>
      </object_component>
      <object_component id="oc-51">
         <name>.debug_str</name>
         <load_address>0x13c</load_address>
         <run_address>0x13c</run_address>
         <size>0x13b</size>
         <input_file_ref idref="fl-2"/>
      </object_component>
      <object_component id="oc-64">
         <name>.debug_str</name>
         <load_address>0x277</load_address>
         <run_address>0x277</run_address>
         <size>0xca</size>
         <input_file_ref idref="fl-13d"/>
      </object_component>
      <object_component id="oc-69">
         <name>.debug_str</name>
         <load_address>0x341</load_address>
         <run_address>0x341</run_address>
         <size>0x125</size>
         <input_file_ref idref="fl-13d"/>
      </object_component>
      <object_component id="oc-6e">
         <name>.debug_str</name>
         <load_address>0x466</load_address>
         <run_address>0x466</run_address>
         <size>0x121</size>
         <input_file_ref idref="fl-13d"/>
      </object_component>
      <object_component id="oc-74">
         <name>.debug_str</name>
         <load_address>0x587</load_address>
         <run_address>0x587</run_address>
         <size>0x13f</size>
         <input_file_ref idref="fl-13a"/>
      </object_component>
      <object_component id="oc-7e">
         <name>.debug_str</name>
         <load_address>0x6c6</load_address>
         <run_address>0x6c6</run_address>
         <size>0x136</size>
         <input_file_ref idref="fl-133"/>
      </object_component>
      <object_component id="oc-9c">
         <name>.debug_str</name>
         <load_address>0x7fc</load_address>
         <run_address>0x7fc</run_address>
         <size>0x124</size>
         <input_file_ref idref="fl-2"/>
      </object_component>
      <object_component id="oc-32">
         <name>.debug_pubtypes</name>
         <load_address>0x0</load_address>
         <run_address>0x0</run_address>
         <size>0xed</size>
         <input_file_ref idref="fl-134"/>
      </object_component>
      <object_component id="oc-52">
         <name>.debug_pubtypes</name>
         <load_address>0xed</load_address>
         <run_address>0xed</run_address>
         <size>0xff</size>
         <input_file_ref idref="fl-2"/>
      </object_component>
      <object_component id="oc-65">
         <name>.debug_pubtypes</name>
         <load_address>0x1ec</load_address>
         <run_address>0x1ec</run_address>
         <size>0x1d</size>
         <input_file_ref idref="fl-13d"/>
      </object_component>
      <object_component id="oc-6a">
         <name>.debug_pubtypes</name>
         <load_address>0x209</load_address>
         <run_address>0x209</run_address>
         <size>0xed</size>
         <input_file_ref idref="fl-13d"/>
      </object_component>
      <object_component id="oc-6f">
         <name>.debug_pubtypes</name>
         <load_address>0x2f6</load_address>
         <run_address>0x2f6</run_address>
         <size>0x50</size>
         <input_file_ref idref="fl-13d"/>
      </object_component>
      <object_component id="oc-75">
         <name>.debug_pubtypes</name>
         <load_address>0x346</load_address>
         <run_address>0x346</run_address>
         <size>0xed</size>
         <input_file_ref idref="fl-13a"/>
      </object_component>
      <object_component id="oc-7f">
         <name>.debug_pubtypes</name>
         <load_address>0x433</load_address>
         <run_address>0x433</run_address>
         <size>0xed</size>
         <input_file_ref idref="fl-133"/>
      </object_component>
      <object_component id="oc-9d">
         <name>.debug_pubtypes</name>
         <load_address>0x520</load_address>
         <run_address>0x520</run_address>
         <size>0x53</size>
         <input_file_ref idref="fl-2"/>
      </object_component>
   </object_component_list>
   <logical_group_list>
      <logical_group id="lg-2">
         <name>.text:Entry</name>
         <load_address>0x80000000</load_address>
         <run_address>0x80000000</run_address>
         <size>0xd4</size>
         <contents>
            <object_component_ref idref="oc-8"/>
            <object_component_ref idref="oc-b4"/>
         </contents>
      </logical_group>
      <logical_group id="lg-3">
         <name>.text</name>
         <load_address>0x800000d4</load_address>
         <run_address>0x800000d4</run_address>
         <size>0x2df4</size>
         <contents>
            <object_component_ref idref="oc-40"/>
            <object_component_ref idref="oc-25"/>
            <object_component_ref idref="oc-45"/>
            <object_component_ref idref="oc-20"/>
            <object_component_ref idref="oc-34"/>
            <object_component_ref idref="oc-56"/>
            <object_component_ref idref="oc-76"/>
            <object_component_ref idref="oc-d"/>
            <object_component_ref idref="oc-3b"/>
            <object_component_ref idref="oc-11"/>
            <object_component_ref idref="oc-17"/>
            <object_component_ref idref="oc-81"/>
            <object_component_ref idref="oc-1b"/>
            <object_component_ref idref="oc-86"/>
         </contents>
      </logical_group>
      <logical_group id="lg-4">
         <name>.data</name>
         <load_address>0x80003104</load_address>
         <run_address>0x80003104</run_address>
         <size>0x38</size>
         <contents>
            <object_component_ref idref="oc-4b"/>
            <object_component_ref idref="oc-4a"/>
         </contents>
      </logical_group>
      <logical_group id="lg-5">
         <name>.bss</name>
         <run_address>0x80002ec8</run_address>
         <size>0x200</size>
         <contents>
            <object_component_ref idref="oc-87"/>
         </contents>
      </logical_group>
      <logical_group id="lg-6">
         <name>.const</name>
         <load_address>0x800030c8</load_address>
         <run_address>0x800030c8</run_address>
         <size>0x3c</size>
         <contents>
            <object_component_ref idref="oc-2b"/>
            <object_component_ref idref="oc-29"/>
         </contents>
      </logical_group>
      <logical_group id="lg-7">
         <name>.stack</name>
         <run_address>0x87fffff0</run_address>
         <size>0x8</size>
         <contents>
            <object_component_ref idref="oc-c"/>
            <object_component_ref idref="oc-b3"/>
         </contents>
      </logical_group>
      <logical_group id="lg-a5">
         <name>.debug_info</name>
         <load_address>0x0</load_address>
         <run_address>0x0</run_address>
         <size>0xb2f0</size>
         <contents>
            <object_component_ref idref="oc-9"/>
            <object_component_ref idref="oc-e"/>
            <object_component_ref idref="oc-12"/>
            <object_component_ref idref="oc-18"/>
            <object_component_ref idref="oc-1c"/>
            <object_component_ref idref="oc-21"/>
            <object_component_ref idref="oc-26"/>
            <object_component_ref idref="oc-2a"/>
            <object_component_ref idref="oc-2c"/>
            <object_component_ref idref="oc-2e"/>
            <object_component_ref idref="oc-33"/>
            <object_component_ref idref="oc-35"/>
            <object_component_ref idref="oc-39"/>
            <object_component_ref idref="oc-3c"/>
            <object_component_ref idref="oc-41"/>
            <object_component_ref idref="oc-46"/>
            <object_component_ref idref="oc-4c"/>
            <object_component_ref idref="oc-4e"/>
            <object_component_ref idref="oc-57"/>
            <object_component_ref idref="oc-61"/>
            <object_component_ref idref="oc-66"/>
            <object_component_ref idref="oc-6b"/>
            <object_component_ref idref="oc-71"/>
            <object_component_ref idref="oc-77"/>
            <object_component_ref idref="oc-7b"/>
            <object_component_ref idref="oc-80"/>
            <object_component_ref idref="oc-82"/>
            <object_component_ref idref="oc-88"/>
            <object_component_ref idref="oc-8a"/>
            <object_component_ref idref="oc-8d"/>
            <object_component_ref idref="oc-99"/>
            <object_component_ref idref="oc-bf"/>
         </contents>
      </logical_group>
      <logical_group id="lg-a7">
         <name>.debug_line</name>
         <load_address>0x0</load_address>
         <run_address>0x0</run_address>
         <size>0x1bd0</size>
         <contents>
            <object_component_ref idref="oc-a"/>
            <object_component_ref idref="oc-f"/>
            <object_component_ref idref="oc-13"/>
            <object_component_ref idref="oc-19"/>
            <object_component_ref idref="oc-1d"/>
            <object_component_ref idref="oc-22"/>
            <object_component_ref idref="oc-27"/>
            <object_component_ref idref="oc-30"/>
            <object_component_ref idref="oc-36"/>
            <object_component_ref idref="oc-3d"/>
            <object_component_ref idref="oc-42"/>
            <object_component_ref idref="oc-47"/>
            <object_component_ref idref="oc-50"/>
            <object_component_ref idref="oc-55"/>
            <object_component_ref idref="oc-58"/>
            <object_component_ref idref="oc-5b"/>
            <object_component_ref idref="oc-5d"/>
            <object_component_ref idref="oc-60"/>
            <object_component_ref idref="oc-63"/>
            <object_component_ref idref="oc-68"/>
            <object_component_ref idref="oc-6d"/>
            <object_component_ref idref="oc-73"/>
            <object_component_ref idref="oc-78"/>
            <object_component_ref idref="oc-7d"/>
            <object_component_ref idref="oc-83"/>
            <object_component_ref idref="oc-8c"/>
            <object_component_ref idref="oc-91"/>
            <object_component_ref idref="oc-94"/>
            <object_component_ref idref="oc-96"/>
            <object_component_ref idref="oc-98"/>
            <object_component_ref idref="oc-9b"/>
         </contents>
      </logical_group>
      <logical_group id="lg-a9">
         <name>.debug_aranges</name>
         <load_address>0x0</load_address>
         <run_address>0x0</run_address>
         <size>0x570</size>
         <contents>
            <object_component_ref idref="oc-b"/>
            <object_component_ref idref="oc-10"/>
            <object_component_ref idref="oc-15"/>
            <object_component_ref idref="oc-1a"/>
            <object_component_ref idref="oc-1e"/>
            <object_component_ref idref="oc-24"/>
            <object_component_ref idref="oc-28"/>
            <object_component_ref idref="oc-37"/>
            <object_component_ref idref="oc-3f"/>
            <object_component_ref idref="oc-44"/>
            <object_component_ref idref="oc-49"/>
            <object_component_ref idref="oc-59"/>
            <object_component_ref idref="oc-79"/>
            <object_component_ref idref="oc-85"/>
         </contents>
      </logical_group>
      <logical_group id="lg-ab">
         <name>.debug_frame</name>
         <load_address>0x0</load_address>
         <run_address>0x0</run_address>
         <size>0xda8</size>
         <contents>
            <object_component_ref idref="oc-14"/>
            <object_component_ref idref="oc-23"/>
            <object_component_ref idref="oc-3e"/>
            <object_component_ref idref="oc-43"/>
            <object_component_ref idref="oc-48"/>
            <object_component_ref idref="oc-84"/>
         </contents>
      </logical_group>
      <logical_group id="lg-ad">
         <name>.debug_abbrev</name>
         <load_address>0x0</load_address>
         <run_address>0x0</run_address>
         <size>0xc31</size>
         <contents>
            <object_component_ref idref="oc-16"/>
            <object_component_ref idref="oc-1f"/>
            <object_component_ref idref="oc-2d"/>
            <object_component_ref idref="oc-2f"/>
            <object_component_ref idref="oc-38"/>
            <object_component_ref idref="oc-3a"/>
            <object_component_ref idref="oc-4d"/>
            <object_component_ref idref="oc-4f"/>
            <object_component_ref idref="oc-53"/>
            <object_component_ref idref="oc-54"/>
            <object_component_ref idref="oc-5a"/>
            <object_component_ref idref="oc-5c"/>
            <object_component_ref idref="oc-5e"/>
            <object_component_ref idref="oc-5f"/>
            <object_component_ref idref="oc-62"/>
            <object_component_ref idref="oc-67"/>
            <object_component_ref idref="oc-6c"/>
            <object_component_ref idref="oc-70"/>
            <object_component_ref idref="oc-72"/>
            <object_component_ref idref="oc-7a"/>
            <object_component_ref idref="oc-7c"/>
            <object_component_ref idref="oc-89"/>
            <object_component_ref idref="oc-8b"/>
            <object_component_ref idref="oc-8e"/>
            <object_component_ref idref="oc-8f"/>
            <object_component_ref idref="oc-90"/>
            <object_component_ref idref="oc-92"/>
            <object_component_ref idref="oc-93"/>
            <object_component_ref idref="oc-95"/>
            <object_component_ref idref="oc-97"/>
            <object_component_ref idref="oc-9a"/>
            <object_component_ref idref="oc-c0"/>
         </contents>
      </logical_group>
      <logical_group id="lg-af">
         <name>.debug_str</name>
         <load_address>0x0</load_address>
         <run_address>0x0</run_address>
         <size>0x920</size>
         <contents>
            <object_component_ref idref="oc-31"/>
            <object_component_ref idref="oc-51"/>
            <object_component_ref idref="oc-64"/>
            <object_component_ref idref="oc-69"/>
            <object_component_ref idref="oc-6e"/>
            <object_component_ref idref="oc-74"/>
            <object_component_ref idref="oc-7e"/>
            <object_component_ref idref="oc-9c"/>
         </contents>
      </logical_group>
      <logical_group id="lg-b1">
         <name>.debug_pubtypes</name>
         <load_address>0x0</load_address>
         <run_address>0x0</run_address>
         <size>0x573</size>
         <contents>
            <object_component_ref idref="oc-32"/>
            <object_component_ref idref="oc-52"/>
            <object_component_ref idref="oc-65"/>
            <object_component_ref idref="oc-6a"/>
            <object_component_ref idref="oc-6f"/>
            <object_component_ref idref="oc-75"/>
            <object_component_ref idref="oc-7f"/>
            <object_component_ref idref="oc-9d"/>
         </contents>
      </logical_group>
      <load_segment id="lg-c1">
         <name>SEGMENT_0</name>
         <load_address>0x80000000</load_address>
         <run_address>0x80000000</run_address>
         <size>0x2ec8</size>
         <flags>0x5</flags>
         <contents>
            <logical_group_ref idref="lg-2"/>
            <logical_group_ref idref="lg-3"/>
         </contents>
      </load_segment>
      <load_segment id="lg-c2">
         <name>SEGMENT_1</name>
         <run_address>0x80002ec8</run_address>
         <size>0x200</size>
         <flags>0x6</flags>
         <contents>
            <logical_group_ref idref="lg-5"/>
         </contents>
      </load_segment>
      <load_segment id="lg-c3">
         <name>SEGMENT_2</name>
         <load_address>0x800030c8</load_address>
         <run_address>0x800030c8</run_address>
         <size>0x3c</size>
         <flags>0x4</flags>
         <contents>
            <logical_group_ref idref="lg-6"/>
         </contents>
      </load_segment>
      <load_segment id="lg-c4">
         <name>SEGMENT_3</name>
         <load_address>0x80003104</load_address>
         <run_address>0x80003104</run_address>
         <size>0x38</size>
         <flags>0x6</flags>
         <contents>
            <logical_group_ref idref="lg-4"/>
         </contents>
      </load_segment>
      <load_segment id="lg-c5">
         <name>SEGMENT_4</name>
         <run_address>0x87fffff0</run_address>
         <size>0x8</size>
         <flags>0x6</flags>
         <contents>
            <logical_group_ref idref="lg-7"/>
         </contents>
      </load_segment>
   </logical_group_list>
   <placement_map>
      <memory_area>
         <name>DDR_MEM</name>
         <page_id>0x0</page_id>
         <origin>0x80000000</origin>
         <length>0x7ffffff</length>
         <used_space>0x3144</used_space>
         <unused_space>0x7ffcebb</unused_space>
         <attributes>RWIX</attributes>
         <usage_details>
            <allocated_space>
               <start_address>0x80000000</start_address>
               <size>0xd4</size>
               <logical_group_ref idref="lg-2"/>
            </allocated_space>
            <allocated_space>
               <start_address>0x800000d4</start_address>
               <size>0x2df4</size>
               <logical_group_ref idref="lg-3"/>
            </allocated_space>
            <allocated_space>
               <start_address>0x80002ec8</start_address>
               <size>0x200</size>
               <logical_group_ref idref="lg-5"/>
            </allocated_space>
            <allocated_space>
               <start_address>0x800030c8</start_address>
               <size>0x3c</size>
               <logical_group_ref idref="lg-6"/>
            </allocated_space>
            <allocated_space>
               <start_address>0x80003104</start_address>
               <size>0x38</size>
               <logical_group_ref idref="lg-4"/>
            </allocated_space>
            <available_space>
               <start_address>0x8000313c</start_address>
               <size>0x7ffceb4</size>
            </available_space>
            <allocated_space>
               <start_address>0x87fffff0</start_address>
               <size>0x8</size>
               <logical_group_ref idref="lg-7"/>
            </allocated_space>
            <available_space>
               <start_address>0x87fffff8</start_address>
               <size>0x7</size>
            </available_space>
         </usage_details>
      </memory_area>
   </placement_map>
   <far_call_trampoline_list>
      <far_call_trampoline>
         <callee_name>__TI_auto_init</callee_name>
         <callee_addr>0x80002bc4</callee_addr>
         <trampoline_object_component_ref idref="oc-b4"/>
         <trampoline_address>0x800000c8</trampoline_address>
         <caller_list>
            <trampoline_call_site>
               <caller_address>0x800000a0</caller_address>
               <caller_object_component_ref idref="oc-8-603164"/>
            </trampoline_call_site>
         </caller_list>
      </far_call_trampoline>
   </far_call_trampoline_list>
   <trampoline_count>0x1</trampoline_count>
   <trampoline_call_count>0x1</trampoline_call_count>
   <symbol_table>
      <symbol id="sm-1">
         <name>bss_start</name>
         <value>0x80002ec8</value>
      </symbol>
      <symbol id="sm-2">
         <name>bss_end</name>
         <value>0x800030c8</value>
      </symbol>
      <symbol id="sm-3">
         <name>binit</name>
         <value>0xffffffff</value>
      </symbol>
      <symbol id="sm-4">
         <name>__binit__</name>
         <value>0xffffffff</value>
      </symbol>
      <symbol id="sm-5">
         <name>__STACK_SIZE</name>
         <value>0x8</value>
      </symbol>
      <symbol id="sm-6">
         <name>__STACK_END</name>
         <value>0x87fffff8</value>
      </symbol>
      <symbol id="sm-7">
         <name>__c_args__</name>
         <value>0xffffffff</value>
      </symbol>
      <symbol id="sm-8">
         <name>__TI_static_base__</name>
         <value>0x80000000</value>
      </symbol>
      <symbol id="sm-51">
         <name>txArray</name>
         <value>0x80003104</value>
         <object_component_ref idref="oc-4b"/>
      </symbol>
      <symbol id="sm-52">
         <name>main</name>
         <value>0x80002648</value>
         <object_component_ref idref="oc-20"/>
      </symbol>
      <symbol id="sm-dd">
         <name>UARTAutobaudWordLenGet</name>
         <value>0x80001c40</value>
         <object_component_ref idref="oc-40"/>
      </symbol>
      <symbol id="sm-de">
         <name>UARTDivisorLatchDisable</name>
         <value>0x80000398</value>
         <object_component_ref idref="oc-40"/>
      </symbol>
      <symbol id="sm-df">
         <name>UARTCharPutNonBlocking</name>
         <value>0x800010d0</value>
         <object_component_ref idref="oc-40"/>
      </symbol>
      <symbol id="sm-e0">
         <name>UARTDMAEnable</name>
         <value>0x80000934</value>
         <object_component_ref idref="oc-40"/>
      </symbol>
      <symbol id="sm-e1">
         <name>UARTXON1XOFF1ValProgram</name>
         <value>0x800017a0</value>
         <object_component_ref idref="oc-40"/>
      </symbol>
      <symbol id="sm-e2">
         <name>UARTScratchPadRegWrite</name>
         <value>0x80001cd8</value>
         <object_component_ref idref="oc-40"/>
      </symbol>
      <symbol id="sm-e3">
         <name>UARTPulseShapingControl</name>
         <value>0x8000160c</value>
         <object_component_ref idref="oc-40"/>
      </symbol>
      <symbol id="sm-e4">
         <name>UARTSubConfigXOFFModeEn</name>
         <value>0x80000cc8</value>
         <object_component_ref idref="oc-40"/>
      </symbol>
      <symbol id="sm-e5">
         <name>UARTModemStatusChangeCheck</name>
         <value>0x80001984</value>
         <object_component_ref idref="oc-40"/>
      </symbol>
      <symbol id="sm-e6">
         <name>UARTFIFOTrigLvlGranControl</name>
         <value>0x80001a18</value>
         <object_component_ref idref="oc-40"/>
      </symbol>
      <symbol id="sm-e7">
         <name>UARTDivisorValCompute</name>
         <value>0x80000134</value>
         <object_component_ref idref="oc-40"/>
      </symbol>
      <symbol id="sm-e8">
         <name>UARTIntPendingStatusGet</name>
         <value>0x80001410</value>
         <object_component_ref idref="oc-40"/>
      </symbol>
      <symbol id="sm-e9">
         <name>UARTModuleReset</name>
         <value>0x80001650</value>
         <object_component_ref idref="oc-40"/>
      </symbol>
      <symbol id="sm-ea">
         <name>UARTAutobaudParityGet</name>
         <value>0x80001bf4</value>
         <object_component_ref idref="oc-40"/>
      </symbol>
      <symbol id="sm-eb">
         <name>UARTTCRTLRBitValRestore</name>
         <value>0x80000da0</value>
         <object_component_ref idref="oc-40"/>
      </symbol>
      <symbol id="sm-ec">
         <name>UARTIntIdentityGet</name>
         <value>0x800013c4</value>
         <object_component_ref idref="oc-40"/>
      </symbol>
      <symbol id="sm-ed">
         <name>UARTCharGetTimeout</name>
         <value>0x800011ec</value>
         <object_component_ref idref="oc-40"/>
      </symbol>
      <symbol id="sm-ee">
         <name>UARTEnhanFuncBitValRestore</name>
         <value>0x80000ab4</value>
         <object_component_ref idref="oc-40"/>
      </symbol>
      <symbol id="sm-ef">
         <name>UARTModemControlSet</name>
         <value>0x80001908</value>
         <object_component_ref idref="oc-40"/>
      </symbol>
      <symbol id="sm-f0">
         <name>UARTSubConfigTCRTLRModeEn</name>
         <value>0x80000bf0</value>
         <object_component_ref idref="oc-40"/>
      </symbol>
      <symbol id="sm-f1">
         <name>UARTLoopbackModeControl</name>
         <value>0x800018c4</value>
         <object_component_ref idref="oc-40"/>
      </symbol>
      <symbol id="sm-f2">
         <name>UARTIdleModeConfigure</name>
         <value>0x80001684</value>
         <object_component_ref idref="oc-40"/>
      </symbol>
      <symbol id="sm-f3">
         <name>UARTDivisorLatchEnable</name>
         <value>0x80000374</value>
         <object_component_ref idref="oc-40"/>
      </symbol>
      <symbol id="sm-f4">
         <name>UARTFIFOCharGet</name>
         <value>0x800012f0</value>
         <object_component_ref idref="oc-40"/>
      </symbol>
      <symbol id="sm-f5">
         <name>UARTFIFOWrite</name>
         <value>0x8000130c</value>
         <object_component_ref idref="oc-40"/>
      </symbol>
      <symbol id="sm-f6">
         <name>UARTWakeUpEventsEnable</name>
         <value>0x800019b8</value>
         <object_component_ref idref="oc-40"/>
      </symbol>
      <symbol id="sm-f7">
         <name>UARTSpecialCharDetectControl</name>
         <value>0x80001544</value>
         <object_component_ref idref="oc-40"/>
      </symbol>
      <symbol id="sm-f8">
         <name>UARTDivisorLatchWrite</name>
         <value>0x800001f0</value>
         <object_component_ref idref="oc-40"/>
      </symbol>
      <symbol id="sm-f9">
         <name>UARTWakeUpEventsDisable</name>
         <value>0x800019e8</value>
         <object_component_ref idref="oc-40"/>
      </symbol>
      <symbol id="sm-fa">
         <name>UARTScratchPadRegRead</name>
         <value>0x80001d1c</value>
         <object_component_ref idref="oc-40"/>
      </symbol>
      <symbol id="sm-fb">
         <name>UARTModuleVersionNumberGet</name>
         <value>0x80001d38</value>
         <object_component_ref idref="oc-40"/>
      </symbol>
      <symbol id="sm-fc">
         <name>UARTRXCTSDSRWakeUpConfigure</name>
         <value>0x80001b04</value>
         <object_component_ref idref="oc-40"/>
      </symbol>
      <symbol id="sm-fd">
         <name>UARTEnhanFuncEnable</name>
         <value>0x80000a54</value>
         <object_component_ref idref="oc-40"/>
      </symbol>
      <symbol id="sm-fe">
         <name>UARTTxFIFOLevelGet</name>
         <value>0x80001bc4</value>
         <object_component_ref idref="oc-40"/>
      </symbol>
      <symbol id="sm-ff">
         <name>UARTOperatingModeSelect</name>
         <value>0x800000d4</value>
         <object_component_ref idref="oc-40"/>
      </symbol>
      <symbol id="sm-100">
         <name>UARTXON2XOFF2ValProgram</name>
         <value>0x800017d0</value>
         <object_component_ref idref="oc-40"/>
      </symbol>
      <symbol id="sm-101">
         <name>UARTLineCharacConfig</name>
         <value>0x80000498</value>
         <object_component_ref idref="oc-40"/>
      </symbol>
      <symbol id="sm-102">
         <name>UARTIntEnable</name>
         <value>0x80000e7c</value>
         <object_component_ref idref="oc-40"/>
      </symbol>
      <symbol id="sm-103">
         <name>UARTCharsAvail</name>
         <value>0x8000107c</value>
         <object_component_ref idref="oc-40"/>
      </symbol>
      <symbol id="sm-104">
         <name>UARTRxFIFOLevelGet</name>
         <value>0x80001bdc</value>
         <object_component_ref idref="oc-40"/>
      </symbol>
      <symbol id="sm-105">
         <name>UARTFlowCtrlTrigLvlConfig</name>
         <value>0x80001750</value>
         <object_component_ref idref="oc-40"/>
      </symbol>
      <symbol id="sm-106">
         <name>UARTCharGetNonBlocking</name>
         <value>0x8000113c</value>
         <object_component_ref idref="oc-40"/>
      </symbol>
      <symbol id="sm-107">
         <name>UARTDMACounterResetControl</name>
         <value>0x80001b64</value>
         <object_component_ref idref="oc-40"/>
      </symbol>
      <symbol id="sm-108">
         <name>UARTModemStatusGet</name>
         <value>0x80001968</value>
         <object_component_ref idref="oc-40"/>
      </symbol>
      <symbol id="sm-109">
         <name>UARTAutoRTSAutoCTSControl</name>
         <value>0x800014b8</value>
         <object_component_ref idref="oc-40"/>
      </symbol>
      <symbol id="sm-10a">
         <name>UARTFIFORegisterWrite</name>
         <value>0x800009c8</value>
         <object_component_ref idref="oc-40"/>
      </symbol>
      <symbol id="sm-10b">
         <name>UARTDSRInterruptControl</name>
         <value>0x80001a7c</value>
         <object_component_ref idref="oc-40"/>
      </symbol>
      <symbol id="sm-10c">
         <name>UARTIntDisable</name>
         <value>0x80000f60</value>
         <object_component_ref idref="oc-40"/>
      </symbol>
      <symbol id="sm-10d">
         <name>UARTCharPut</name>
         <value>0x8000127c</value>
         <object_component_ref idref="oc-40"/>
      </symbol>
      <symbol id="sm-10e">
         <name>UARTTxDMAThresholdControl</name>
         <value>0x80001d54</value>
         <object_component_ref idref="oc-40"/>
      </symbol>
      <symbol id="sm-10f">
         <name>UARTParityModeSet</name>
         <value>0x80000510</value>
         <object_component_ref idref="oc-40"/>
      </symbol>
      <symbol id="sm-110">
         <name>UARTAutoIdleModeControl</name>
         <value>0x8000170c</value>
         <object_component_ref idref="oc-40"/>
      </symbol>
      <symbol id="sm-111">
         <name>UARTRxErrorGet</name>
         <value>0x80001378</value>
         <object_component_ref idref="oc-40"/>
      </symbol>
      <symbol id="sm-112">
         <name>UARTFIFOEnableStatusGet</name>
         <value>0x80001464</value>
         <object_component_ref idref="oc-40"/>
      </symbol>
      <symbol id="sm-113">
         <name>UARTXONAnyFeatureControl</name>
         <value>0x80001800</value>
         <object_component_ref idref="oc-40"/>
      </symbol>
      <symbol id="sm-114">
         <name>UARTFIFOCharPut</name>
         <value>0x800012d0</value>
         <object_component_ref idref="oc-40"/>
      </symbol>
      <symbol id="sm-115">
         <name>UARTSubConfigMSRSPRModeEn</name>
         <value>0x80000b18</value>
         <object_component_ref idref="oc-40"/>
      </symbol>
      <symbol id="sm-116">
         <name>UARTDMADisable</name>
         <value>0x80000990</value>
         <object_component_ref idref="oc-40"/>
      </symbol>
      <symbol id="sm-117">
         <name>UARTTxFIFOFullStatusGet</name>
         <value>0x80001ba8</value>
         <object_component_ref idref="oc-40"/>
      </symbol>
      <symbol id="sm-118">
         <name>UARTFIFOConfig</name>
         <value>0x80000570</value>
         <object_component_ref idref="oc-40"/>
      </symbol>
      <symbol id="sm-119">
         <name>UARTTxDMAThresholdValConfig</name>
         <value>0x80001d98</value>
         <object_component_ref idref="oc-40"/>
      </symbol>
      <symbol id="sm-11a">
         <name>UARTWakeUpControl</name>
         <value>0x800016c8</value>
         <object_component_ref idref="oc-40"/>
      </symbol>
      <symbol id="sm-11b">
         <name>UARTResumeOperation</name>
         <value>0x800019a0</value>
         <object_component_ref idref="oc-40"/>
      </symbol>
      <symbol id="sm-11c">
         <name>UARTRegConfModeRestore</name>
         <value>0x80000434</value>
         <object_component_ref idref="oc-40"/>
      </symbol>
      <symbol id="sm-11d">
         <name>UARTSpaceAvail</name>
         <value>0x80001028</value>
         <object_component_ref idref="oc-40"/>
      </symbol>
      <symbol id="sm-11e">
         <name>UARTAutobaudSpeedGet</name>
         <value>0x80001c8c</value>
         <object_component_ref idref="oc-40"/>
      </symbol>
      <symbol id="sm-11f">
         <name>UARTCharGet</name>
         <value>0x80001194</value>
         <object_component_ref idref="oc-40"/>
      </symbol>
      <symbol id="sm-120">
         <name>UARTSoftwareFlowCtrlOptSet</name>
         <value>0x800015a8</value>
         <object_component_ref idref="oc-40"/>
      </symbol>
      <symbol id="sm-121">
         <name>UARTModemControlClear</name>
         <value>0x80001938</value>
         <object_component_ref idref="oc-40"/>
      </symbol>
      <symbol id="sm-122">
         <name>UARTRegConfigModeEnable</name>
         <value>0x800003bc</value>
         <object_component_ref idref="oc-40"/>
      </symbol>
      <symbol id="sm-123">
         <name>UARTRXCTSDSRTransitionStatusGet</name>
         <value>0x80001b48</value>
         <object_component_ref idref="oc-40"/>
      </symbol>
      <symbol id="sm-124">
         <name>UARTTxEmptyIntControl</name>
         <value>0x80001ac0</value>
         <object_component_ref idref="oc-40"/>
      </symbol>
      <symbol id="sm-125">
         <name>UARTParityModeGet</name>
         <value>0x80000554</value>
         <object_component_ref idref="oc-40"/>
      </symbol>
      <symbol id="sm-126">
         <name>UARTBreakCtl</name>
         <value>0x80000454</value>
         <object_component_ref idref="oc-40"/>
      </symbol>
      <symbol id="sm-177">
         <name>IntPriorityThresholdGet</name>
         <value>0x8000248c</value>
         <object_component_ref idref="oc-45"/>
      </symbol>
      <symbol id="sm-178">
         <name>IntPrioritySet</name>
         <value>0x8000231c</value>
         <object_component_ref idref="oc-45"/>
      </symbol>
      <symbol id="sm-179">
         <name>fnRAMVectors</name>
         <value>0x80002ec8</value>
         <object_component_ref idref="oc-87"/>
      </symbol>
      <symbol id="sm-17a">
         <name>IntSpurIrqFlagGet</name>
         <value>0x800023f4</value>
         <object_component_ref idref="oc-45"/>
      </symbol>
      <symbol id="sm-17b">
         <name>IntSoftwareIntSet</name>
         <value>0x800024fc</value>
         <object_component_ref idref="oc-45"/>
      </symbol>
      <symbol id="sm-17c">
         <name>IntProtectionDisable</name>
         <value>0x80002418</value>
         <object_component_ref idref="oc-45"/>
      </symbol>
      <symbol id="sm-17d">
         <name>IntUnRegister</name>
         <value>0x8000228c</value>
         <object_component_ref idref="oc-45"/>
      </symbol>
      <symbol id="sm-17e">
         <name>IntFuncClkAutoGateSet</name>
         <value>0x80002468</value>
         <object_component_ref idref="oc-45"/>
      </symbol>
      <symbol id="sm-17f">
         <name>IntSyncClkAutoGateSet</name>
         <value>0x80002440</value>
         <object_component_ref idref="oc-45"/>
      </symbol>
      <symbol id="sm-180">
         <name>IntProtectionEnable</name>
         <value>0x80002408</value>
         <object_component_ref idref="oc-45"/>
      </symbol>
      <symbol id="sm-181">
         <name>IntAINTCInit</name>
         <value>0x800022ac</value>
         <object_component_ref idref="oc-45"/>
      </symbol>
      <symbol id="sm-182">
         <name>IntSystemDisable</name>
         <value>0x80002388</value>
         <object_component_ref idref="oc-45"/>
      </symbol>
      <symbol id="sm-183">
         <name>IntPriorityThresholdSet</name>
         <value>0x8000249c</value>
         <object_component_ref idref="oc-45"/>
      </symbol>
      <symbol id="sm-184">
         <name>IntEnable</name>
         <value>0x800025ec</value>
         <object_component_ref idref="oc-45"/>
      </symbol>
      <symbol id="sm-185">
         <name>IntCurrIrqPriorityGet</name>
         <value>0x8000247c</value>
         <object_component_ref idref="oc-45"/>
      </symbol>
      <symbol id="sm-186">
         <name>IntRawStatusGet</name>
         <value>0x800024bc</value>
         <object_component_ref idref="oc-45"/>
      </symbol>
      <symbol id="sm-187">
         <name>IntPendingIrqMaskedStatusGet</name>
         <value>0x8000255c</value>
         <object_component_ref idref="oc-45"/>
      </symbol>
      <symbol id="sm-188">
         <name>IntMasterStatusGet</name>
         <value>0x800025c8</value>
         <object_component_ref idref="oc-45"/>
      </symbol>
      <symbol id="sm-189">
         <name>IntDisable</name>
         <value>0x800025d4</value>
         <object_component_ref idref="oc-45"/>
      </symbol>
      <symbol id="sm-18a">
         <name>IntRegister</name>
         <value>0x80002268</value>
         <object_component_ref idref="oc-45"/>
      </symbol>
      <symbol id="sm-18b">
         <name>IntSystemEnable</name>
         <value>0x80002354</value>
         <object_component_ref idref="oc-45"/>
      </symbol>
      <symbol id="sm-18c">
         <name>IntSoftwareIntClear</name>
         <value>0x8000252c</value>
         <object_component_ref idref="oc-45"/>
      </symbol>
      <symbol id="sm-18d">
         <name>IntIfClkAutoGateSet</name>
         <value>0x800023d0</value>
         <object_component_ref idref="oc-45"/>
      </symbol>
      <symbol id="sm-18e">
         <name>IntIfClkFreeRunSet</name>
         <value>0x800023bc</value>
         <object_component_ref idref="oc-45"/>
      </symbol>
      <symbol id="sm-18f">
         <name>IntMasterFIQDisable</name>
         <value>0x800025bc</value>
         <object_component_ref idref="oc-45"/>
      </symbol>
      <symbol id="sm-190">
         <name>IntSyncClkFreeRunSet</name>
         <value>0x8000242c</value>
         <object_component_ref idref="oc-45"/>
      </symbol>
      <symbol id="sm-191">
         <name>IntActiveIrqNumGet</name>
         <value>0x800023e4</value>
         <object_component_ref idref="oc-45"/>
      </symbol>
      <symbol id="sm-192">
         <name>IntMasterIRQDisable</name>
         <value>0x800025a4</value>
         <object_component_ref idref="oc-45"/>
      </symbol>
      <symbol id="sm-193">
         <name>IntFuncClkFreeRunSet</name>
         <value>0x80002454</value>
         <object_component_ref idref="oc-45"/>
      </symbol>
      <symbol id="sm-194">
         <name>IntMasterIRQEnable</name>
         <value>0x80002598</value>
         <object_component_ref idref="oc-45"/>
      </symbol>
      <symbol id="sm-195">
         <name>IntMasterFIQEnable</name>
         <value>0x800025b0</value>
         <object_component_ref idref="oc-45"/>
      </symbol>
      <symbol id="sm-1a6">
         <name>Entry</name>
         <value>0x80000000</value>
         <object_component_ref idref="oc-8"/>
      </symbol>
      <symbol id="sm-1b7">
         <name>CPUSwitchToPrivilegedMode</name>
         <value>0x80002e3c</value>
         <object_component_ref idref="oc-81"/>
      </symbol>
      <symbol id="sm-1b8">
         <name>CPUAbortHandler</name>
         <value>0x80002e58</value>
         <object_component_ref idref="oc-81"/>
      </symbol>
      <symbol id="sm-1b9">
         <name>CPUirqd</name>
         <value>0x80002e5c</value>
         <object_component_ref idref="oc-81"/>
      </symbol>
      <symbol id="sm-1ba">
         <name>CPUirqe</name>
         <value>0x80002e6c</value>
         <object_component_ref idref="oc-81"/>
      </symbol>
      <symbol id="sm-1bb">
         <name>CPUfiqd</name>
         <value>0x80002e7c</value>
         <object_component_ref idref="oc-81"/>
      </symbol>
      <symbol id="sm-1bc">
         <name>CPUfiqe</name>
         <value>0x80002e8c</value>
         <object_component_ref idref="oc-81"/>
      </symbol>
      <symbol id="sm-1bd">
         <name>CPUSwitchToUserMode</name>
         <value>0x80002e44</value>
         <object_component_ref idref="oc-81"/>
      </symbol>
      <symbol id="sm-1be">
         <name>CPUIntStatus</name>
         <value>0x80002ebc</value>
         <object_component_ref idref="oc-86"/>
      </symbol>
      <symbol id="sm-1e1">
         <name>start_boot</name>
         <value>0x80002d38</value>
         <object_component_ref idref="oc-11"/>
      </symbol>
      <symbol id="sm-1e2">
         <name>AM335X_VECTOR_BASE</name>
         <value>0x80003100</value>
         <object_component_ref idref="oc-29"/>
      </symbol>
      <symbol id="sm-1f3">
         <name>SVC_Handler</name>
         <value>0x800029e0</value>
         <object_component_ref idref="oc-56"/>
      </symbol>
      <symbol id="sm-1f4">
         <name>IRQHandler</name>
         <value>0x80002a08</value>
         <object_component_ref idref="oc-56"/>
      </symbol>
      <symbol id="sm-1f5">
         <name>AbortHandler</name>
         <value>0x80002ab8</value>
         <object_component_ref idref="oc-56"/>
      </symbol>
      <symbol id="sm-1f6">
         <name>UndefInstHandler</name>
         <value>0x80002ab8</value>
         <object_component_ref idref="oc-56"/>
      </symbol>
      <symbol id="sm-1f7">
         <name>FIQHandler</name>
         <value>0x80002ab4</value>
         <object_component_ref idref="oc-56"/>
      </symbol>
      <symbol id="sm-217">
         <name>CP15DCacheEnable</name>
         <value>0x80001e24</value>
         <object_component_ref idref="oc-25"/>
      </symbol>
      <symbol id="sm-218">
         <name>CP15MMUEnable</name>
         <value>0x80002190</value>
         <object_component_ref idref="oc-25"/>
      </symbol>
      <symbol id="sm-219">
         <name>CP15DCacheClean</name>
         <value>0x80001ec8</value>
         <object_component_ref idref="oc-25"/>
      </symbol>
      <symbol id="sm-21a">
         <name>CP15ICacheEnable</name>
         <value>0x80001e14</value>
         <object_component_ref idref="oc-25"/>
      </symbol>
      <symbol id="sm-21b">
         <name>CP15TtbCtlTtb0Config</name>
         <value>0x80002214</value>
         <object_component_ref idref="oc-25"/>
      </symbol>
      <symbol id="sm-21c">
         <name>CP15VectorBaseAddrSet</name>
         <value>0x800021a4</value>
         <object_component_ref idref="oc-25"/>
      </symbol>
      <symbol id="sm-21d">
         <name>CP15ICacheDisable</name>
         <value>0x80001ddc</value>
         <object_component_ref idref="oc-25"/>
      </symbol>
      <symbol id="sm-21e">
         <name>CP15BranchPredictorInvalidate</name>
         <value>0x800021b0</value>
         <object_component_ref idref="oc-25"/>
      </symbol>
      <symbol id="sm-21f">
         <name>CP15ControlFeatureEnable</name>
         <value>0x80002200</value>
         <object_component_ref idref="oc-25"/>
      </symbol>
      <symbol id="sm-220">
         <name>CP15DomainAccessClientSet</name>
         <value>0x800021dc</value>
         <object_component_ref idref="oc-25"/>
      </symbol>
      <symbol id="sm-221">
         <name>CP15BranchPredictionEnable</name>
         <value>0x800021bc</value>
         <object_component_ref idref="oc-25"/>
      </symbol>
      <symbol id="sm-222">
         <name>CP15DCacheDisable</name>
         <value>0x80001df8</value>
         <object_component_ref idref="oc-25"/>
      </symbol>
      <symbol id="sm-223">
         <name>CP15AuxControlFeatureDisable</name>
         <value>0x80002238</value>
         <object_component_ref idref="oc-25"/>
      </symbol>
      <symbol id="sm-224">
         <name>CP15BranchPredictionDisable</name>
         <value>0x800021cc</value>
         <object_component_ref idref="oc-25"/>
      </symbol>
      <symbol id="sm-225">
         <name>CP15MainIdPrimPartNumGet</name>
         <value>0x8000224c</value>
         <object_component_ref idref="oc-25"/>
      </symbol>
      <symbol id="sm-226">
         <name>CP15Ttb0Set</name>
         <value>0x80002160</value>
         <object_component_ref idref="oc-25"/>
      </symbol>
      <symbol id="sm-227">
         <name>CP15DCacheCleanFlushBuff</name>
         <value>0x80002054</value>
         <object_component_ref idref="oc-25"/>
      </symbol>
      <symbol id="sm-228">
         <name>CP15DCacheCleanBuff</name>
         <value>0x80002000</value>
         <object_component_ref idref="oc-25"/>
      </symbol>
      <symbol id="sm-229">
         <name>CP15MMUDisable</name>
         <value>0x80002178</value>
         <object_component_ref idref="oc-25"/>
      </symbol>
      <symbol id="sm-22a">
         <name>CP15DCacheFlush</name>
         <value>0x80001e34</value>
         <object_component_ref idref="oc-25"/>
      </symbol>
      <symbol id="sm-22b">
         <name>CP15AuxControlFeatureEnable</name>
         <value>0x80002224</value>
         <object_component_ref idref="oc-25"/>
      </symbol>
      <symbol id="sm-22c">
         <name>CP15TlbInvalidate</name>
         <value>0x8000216c</value>
         <object_component_ref idref="oc-25"/>
      </symbol>
      <symbol id="sm-22d">
         <name>CP15ICacheFlushBuff</name>
         <value>0x8000210c</value>
         <object_component_ref idref="oc-25"/>
      </symbol>
      <symbol id="sm-22e">
         <name>CP15ICacheFlush</name>
         <value>0x80001ff0</value>
         <object_component_ref idref="oc-25"/>
      </symbol>
      <symbol id="sm-22f">
         <name>CP15DCacheFlushBuff</name>
         <value>0x800020a8</value>
         <object_component_ref idref="oc-25"/>
      </symbol>
      <symbol id="sm-230">
         <name>CP15DCacheCleanFlush</name>
         <value>0x80001f5c</value>
         <object_component_ref idref="oc-25"/>
      </symbol>
      <symbol id="sm-231">
         <name>CP15ControlFeatureDisable</name>
         <value>0x800021ec</value>
         <object_component_ref idref="oc-25"/>
      </symbol>
      <symbol id="sm-251">
         <name>UART0ModuleClkConfig</name>
         <value>0x80002ce0</value>
         <object_component_ref idref="oc-3b"/>
      </symbol>
      <symbol id="sm-252">
         <name>UARTPinMuxSetup</name>
         <value>0x80002c98</value>
         <object_component_ref idref="oc-3b"/>
      </symbol>
      <symbol id="sm-26b">
         <name>__TI_CINIT_Base</name>
         <value>0x0</value>
      </symbol>
      <symbol id="sm-26c">
         <name>SHT$$INIT_ARRAY$$Limit</name>
         <value>0x0</value>
      </symbol>
      <symbol id="sm-26d">
         <name>SHT$$INIT_ARRAY$$Base</name>
         <value>0x0</value>
      </symbol>
      <symbol id="sm-26e">
         <name>__TI_auto_init</name>
         <value>0x80002bc4</value>
         <object_component_ref idref="oc-d"/>
      </symbol>
      <symbol id="sm-26f">
         <name>__TI_Handler_Table_Base</name>
         <value>0x0</value>
      </symbol>
      <symbol id="sm-270">
         <name>__TI_CINIT_Limit</name>
         <value>0x0</value>
      </symbol>
      <symbol id="sm-275">
         <name>__stack</name>
         <value>0x87fffff0</value>
         <object_component_ref idref="oc-c"/>
      </symbol>
      <symbol id="sm-296">
         <name>copy_in</name>
         <value>0x80002dbc</value>
         <object_component_ref idref="oc-17"/>
      </symbol>
      <symbol id="sm-2a1">
         <name>IND_CALL</name>
         <value>0x80002e9c</value>
         <object_component_ref idref="oc-1b"/>
      </symbol>
      <symbol id="sm-2b7">
         <name>memcpy</name>
         <value>0x80002844</value>
         <object_component_ref idref="oc-34"/>
      </symbol>
      <symbol id="sm-2b8">
         <name>__aeabi_memcpy</name>
         <value>0x80002844</value>
         <object_component_ref idref="oc-34"/>
      </symbol>
      <symbol id="sm-2b9">
         <name>__aeabi_memcpy8</name>
         <value>0x80002844</value>
         <object_component_ref idref="oc-34"/>
      </symbol>
      <symbol id="sm-2ba">
         <name>__aeabi_memcpy4</name>
         <value>0x80002844</value>
         <object_component_ref idref="oc-34"/>
      </symbol>
      <symbol id="sm-2cd">
         <name>__aeabi_uidivmod</name>
         <value>0x80002ad0</value>
         <object_component_ref idref="oc-76"/>
      </symbol>
      <symbol id="sm-2d0">
         <name>__TI_args_main</name>
         <value>0x1</value>
      </symbol>
   </symbol_table>
</link_info>
