<?xml version="1.0"?>
<link_info>
   <banner>TI ARM Linker PC v5.0.4</banner>
   <copyright>Copyright (c) 1996-2013 Texas Instruments Incorporated</copyright>
   <link_time>0x5289842d</link_time>
   <output_file>../../../../../../../binary/armv7a/cgt_ccs/am335x/ok335xd/touchScreen/Debug/tscCalibrate.out</output_file>
   <entry_point>
      <name>Entry</name>
      <address>0x80000000</address>
   </entry_point>
   <input_file_list>
      <input_file id="fl-2">
         <path>.\</path>
         <kind>object</kind>
         <file>tscCalibrate.obj</file>
         <name>tscCalibrate.obj</name>
      </input_file>
      <input_file id="fl-133">
         <path>D:\ti\ccsv5\tools\compiler\arm_5.0.4\lib\</path>
         <kind>archive</kind>
         <file>rtsv7A8_A_le_eabi.lib</file>
         <name>i_div32.obj</name>
      </input_file>
      <input_file id="fl-134">
         <path>D:\ti\ccsv5\tools\compiler\arm_5.0.4\lib\</path>
         <kind>archive</kind>
         <file>rtsv7A8_A_le_eabi.lib</file>
         <name>memset32.obj</name>
      </input_file>
      <input_file id="fl-135">
         <path>D:\ti\ccsv5\tools\compiler\arm_5.0.4\lib\</path>
         <kind>archive</kind>
         <file>rtsv7A8_A_le_eabi.lib</file>
         <name>u_div32.obj</name>
      </input_file>
      <input_file id="fl-136">
         <path>..\..\..\..\..\..\..\binary\armv7a\cgt_ccs\am335x\drivers\Debug\</path>
         <kind>archive</kind>
         <file>drivers.lib</file>
         <name>tsc_adc.obj</name>
      </input_file>
      <input_file id="fl-137">
         <path>..\..\..\..\..\..\..\binary\armv7a\cgt_ccs\am335x\drivers\Debug\</path>
         <kind>archive</kind>
         <file>drivers.lib</file>
         <name>dmtimer.obj</name>
      </input_file>
      <input_file id="fl-138">
         <path>..\..\..\..\..\..\..\binary\armv7a\cgt_ccs\am335x\system_config\Debug\</path>
         <kind>archive</kind>
         <file>system.lib</file>
         <name>mmu.obj</name>
      </input_file>
      <input_file id="fl-139">
         <path>..\..\..\..\..\..\..\binary\armv7a\cgt_ccs\am335x\system_config\Debug\</path>
         <kind>archive</kind>
         <file>system.lib</file>
         <name>interrupt.obj</name>
      </input_file>
      <input_file id="fl-13a">
         <path>..\..\..\..\..\..\..\binary\armv7a\cgt_ccs\am335x\system_config\Debug\</path>
         <kind>archive</kind>
         <file>system.lib</file>
         <name>init.obj</name>
      </input_file>
      <input_file id="fl-13b">
         <path>..\..\..\..\..\..\..\binary\armv7a\cgt_ccs\am335x\system_config\Debug\</path>
         <kind>archive</kind>
         <file>system.lib</file>
         <name>cpu.obj</name>
      </input_file>
      <input_file id="fl-13c">
         <path>..\..\..\..\..\..\..\binary\armv7a\cgt_ccs\am335x\system_config\Debug\</path>
         <kind>archive</kind>
         <file>system.lib</file>
         <name>cp15.obj</name>
      </input_file>
      <input_file id="fl-13d">
         <path>..\..\..\..\..\..\..\binary\armv7a\cgt_ccs\am335x\system_config\Debug\</path>
         <kind>archive</kind>
         <file>system.lib</file>
         <name>cache.obj</name>
      </input_file>
      <input_file id="fl-13e">
         <path>..\..\..\..\..\..\..\binary\armv7a\cgt_ccs\am335x\system_config\Debug\</path>
         <kind>archive</kind>
         <file>system.lib</file>
         <name>startup.obj</name>
      </input_file>
      <input_file id="fl-13f">
         <path>..\..\..\..\..\..\..\binary\armv7a\cgt_ccs\am335x\system_config\Debug\</path>
         <kind>archive</kind>
         <file>system.lib</file>
         <name>exceptionhandler.obj</name>
      </input_file>
      <input_file id="fl-140">
         <path>..\..\..\..\..\..\..\binary\armv7a\cgt_ccs\am335x\ok335xd\platform\Debug\</path>
         <kind>archive</kind>
         <file>platform.lib</file>
         <name>tscAdc.obj</name>
      </input_file>
      <input_file id="fl-141">
         <path>..\..\..\..\..\..\..\binary\armv7a\cgt_ccs\am335x\ok335xd\platform\Debug\</path>
         <kind>archive</kind>
         <file>platform.lib</file>
         <name>lcd.obj</name>
      </input_file>
      <input_file id="fl-142">
         <path>..\..\..\..\..\..\..\binary\armv7a\cgt_ccs\am335x\ok335xd\platform\Debug\</path>
         <kind>archive</kind>
         <file>platform.lib</file>
         <name>hsi2c.obj</name>
      </input_file>
      <input_file id="fl-143">
         <path>..\..\..\..\..\..\..\binary\armv7a\cgt_ccs\am335x\ok335xd\platform\Debug\</path>
         <kind>archive</kind>
         <file>platform.lib</file>
         <name>gpio.obj</name>
      </input_file>
      <input_file id="fl-144">
         <path>..\..\..\..\..\..\..\binary\armv7a\cgt_ccs\am335x\ok335xd\platform\Debug\</path>
         <kind>archive</kind>
         <file>platform.lib</file>
         <name>dmtimer.obj</name>
      </input_file>
      <input_file id="fl-145">
         <path>..\..\..\..\..\..\..\binary\armv7a\cgt_ccs\utils\Debug\</path>
         <kind>archive</kind>
         <file>utils.lib</file>
         <name>consoleUtils.obj</name>
      </input_file>
      <input_file id="fl-146">
         <path>..\..\..\..\..\..\..\binary\armv7a\cgt_ccs\utils\Debug\</path>
         <kind>archive</kind>
         <file>utils.lib</file>
         <name>uartStdio.obj</name>
      </input_file>
      <input_file id="fl-147">
         <path>..\..\..\..\..\..\..\binary\armv7a\cgt_ccs\utils\Debug\</path>
         <kind>archive</kind>
         <file>utils.lib</file>
         <name>ascii.obj</name>
      </input_file>
      <input_file id="fl-148">
         <path>D:\ti\ccsv5\tools\compiler\arm_5.0.4\lib\</path>
         <kind>archive</kind>
         <file>rtsv7A8_A_le_eabi.lib</file>
         <name>auto_init.obj</name>
      </input_file>
      <input_file id="fl-149">
         <path>D:\ti\ccsv5\tools\compiler\arm_5.0.4\lib\</path>
         <kind>archive</kind>
         <file>rtsv7A8_A_le_eabi.lib</file>
         <name>boot.obj</name>
      </input_file>
      <input_file id="fl-14a">
         <path>D:\ti\ccsv5\tools\compiler\arm_5.0.4\lib\</path>
         <kind>archive</kind>
         <file>rtsv7A8_A_le_eabi.lib</file>
         <name>cpy_tbl.obj</name>
      </input_file>
      <input_file id="fl-14b">
         <path>D:\ti\ccsv5\tools\compiler\arm_5.0.4\lib\</path>
         <kind>archive</kind>
         <file>rtsv7A8_A_le_eabi.lib</file>
         <name>exit.obj</name>
      </input_file>
      <input_file id="fl-14c">
         <path>D:\ti\ccsv5\tools\compiler\arm_5.0.4\lib\</path>
         <kind>archive</kind>
         <file>rtsv7A8_A_le_eabi.lib</file>
         <name>icall32.obj</name>
      </input_file>
      <input_file id="fl-14d">
         <path>D:\ti\ccsv5\tools\compiler\arm_5.0.4\lib\</path>
         <kind>archive</kind>
         <file>rtsv7A8_A_le_eabi.lib</file>
         <name>memcpy32.obj</name>
      </input_file>
      <input_file id="fl-14e">
         <path>D:\ti\ccsv5\tools\compiler\arm_5.0.4\lib\</path>
         <kind>archive</kind>
         <file>rtsv7A8_A_le_eabi.lib</file>
         <name>stkdepth_vars.obj</name>
      </input_file>
      <input_file id="fl-14f">
         <path>D:\ti\ccsv5\tools\compiler\arm_5.0.4\lib\</path>
         <kind>archive</kind>
         <file>rtsv7A8_A_le_eabi.lib</file>
         <name>_lock.obj</name>
      </input_file>
      <input_file id="fl-150">
         <path>D:\ti\ccsv5\tools\compiler\arm_5.0.4\lib\</path>
         <kind>archive</kind>
         <file>rtsv7A8_A_le_eabi.lib</file>
         <name>args_main.obj</name>
      </input_file>
      <input_file id="fl-151">
         <path>..\..\..\..\..\..\..\binary\armv7a\cgt_ccs\am335x\drivers\Debug\</path>
         <kind>archive</kind>
         <file>drivers.lib</file>
         <name>hsi2c.obj</name>
      </input_file>
      <input_file id="fl-152">
         <path>..\..\..\..\..\..\..\binary\armv7a\cgt_ccs\am335x\drivers\Debug\</path>
         <kind>archive</kind>
         <file>drivers.lib</file>
         <name>gpio_v2.obj</name>
      </input_file>
      <input_file id="fl-153">
         <path>..\..\..\..\..\..\..\binary\armv7a\cgt_ccs\am335x\ok335xd\platform\Debug\</path>
         <kind>archive</kind>
         <file>platform.lib</file>
         <name>uartConsole.obj</name>
      </input_file>
      <input_file id="fl-154">
         <path>..\..\..\..\..\..\..\binary\armv7a\cgt_ccs\am335x\ok335xd\platform\Debug\</path>
         <kind>archive</kind>
         <file>platform.lib</file>
         <name>uart.obj</name>
      </input_file>
      <input_file id="fl-155">
         <path>..\..\..\..\..\..\..\binary\armv7a\cgt_ccs\am335x\drivers\Debug\</path>
         <kind>archive</kind>
         <file>drivers.lib</file>
         <name>uart_irda_cir.obj</name>
      </input_file>
   </input_file_list>
   <object_component_list>
      <object_component id="oc-8">
         <name>.text:Entry</name>
         <load_address>0x80000000</load_address>
         <run_address>0x80000000</run_address>
         <size>0xc8</size>
         <input_file_ref idref="fl-13a"/>
      </object_component>
      <object_component id="oc-188">
         <name>.tramp.__TI_auto_init.1</name>
         <load_address>0x800000c8</load_address>
         <run_address>0x800000c8</run_address>
         <size>0xc</size>
         <input_file_ref idref="fl-148"/>
      </object_component>
      <object_component id="oc-13f">
         <name>.text</name>
         <load_address>0x800000d4</load_address>
         <run_address>0x800000d4</run_address>
         <size>0x1d08</size>
         <input_file_ref idref="fl-155"/>
      </object_component>
      <object_component id="oc-ad">
         <name>.text</name>
         <load_address>0x80001ddc</load_address>
         <run_address>0x80001ddc</run_address>
         <size>0x1998</size>
         <input_file_ref idref="fl-146"/>
      </object_component>
      <object_component id="oc-5e">
         <name>.text</name>
         <load_address>0x80003774</load_address>
         <run_address>0x80003774</run_address>
         <size>0x11d8</size>
         <input_file_ref idref="fl-136"/>
      </object_component>
      <object_component id="oc-20">
         <name>.text</name>
         <load_address>0x8000494c</load_address>
         <run_address>0x8000494c</run_address>
         <size>0xecc</size>
         <input_file_ref idref="fl-2"/>
      </object_component>
      <object_component id="oc-cb">
         <name>.text</name>
         <load_address>0x80005818</load_address>
         <run_address>0x80005818</run_address>
         <size>0xb50</size>
         <input_file_ref idref="fl-152"/>
      </object_component>
      <object_component id="oc-d5">
         <name>.text</name>
         <load_address>0x80006368</load_address>
         <run_address>0x80006368</run_address>
         <size>0xad0</size>
         <input_file_ref idref="fl-151"/>
      </object_component>
      <object_component id="oc-4f">
         <name>.text</name>
         <load_address>0x80006e38</load_address>
         <run_address>0x80006e38</run_address>
         <size>0x7ec</size>
         <input_file_ref idref="fl-141"/>
      </object_component>
      <object_component id="oc-6b">
         <name>.text</name>
         <load_address>0x80007624</load_address>
         <run_address>0x80007624</run_address>
         <size>0x69c</size>
         <input_file_ref idref="fl-137"/>
      </object_component>
      <object_component id="oc-11b">
         <name>.text</name>
         <load_address>0x80007cc0</load_address>
         <run_address>0x80007cc0</run_address>
         <size>0x638</size>
         <input_file_ref idref="fl-147"/>
      </object_component>
      <object_component id="oc-25">
         <name>.text</name>
         <load_address>0x800082f8</load_address>
         <run_address>0x800082f8</run_address>
         <size>0x488</size>
         <input_file_ref idref="fl-13c"/>
      </object_component>
      <object_component id="oc-54">
         <name>.text</name>
         <load_address>0x80008780</load_address>
         <run_address>0x80008780</run_address>
         <size>0x3e4</size>
         <input_file_ref idref="fl-139"/>
      </object_component>
      <object_component id="oc-45">
         <name>.text</name>
         <load_address>0x80008b64</load_address>
         <run_address>0x80008b64</run_address>
         <size>0x280</size>
         <input_file_ref idref="fl-145"/>
      </object_component>
      <object_component id="oc-4a">
         <name>.text</name>
         <load_address>0x80008de4</load_address>
         <run_address>0x80008de4</run_address>
         <size>0x258</size>
         <input_file_ref idref="fl-144"/>
      </object_component>
      <object_component id="oc-c6">
         <name>.text</name>
         <load_address>0x8000903c</load_address>
         <run_address>0x8000903c</run_address>
         <size>0x250</size>
         <input_file_ref idref="fl-143"/>
      </object_component>
      <object_component id="oc-34">
         <name>.text</name>
         <load_address>0x8000928c</load_address>
         <run_address>0x8000928c</run_address>
         <size>0x180</size>
         <input_file_ref idref="fl-14d"/>
      </object_component>
      <object_component id="oc-3b">
         <name>.text</name>
         <load_address>0x8000940c</load_address>
         <run_address>0x8000940c</run_address>
         <size>0x16c</size>
         <input_file_ref idref="fl-138"/>
      </object_component>
      <object_component id="oc-116">
         <name>.text</name>
         <load_address>0x80009578</load_address>
         <run_address>0x80009578</run_address>
         <size>0x14c</size>
         <input_file_ref idref="fl-153"/>
      </object_component>
      <object_component id="oc-40">
         <name>.text</name>
         <load_address>0x800096c4</load_address>
         <run_address>0x800096c4</run_address>
         <size>0x130</size>
         <input_file_ref idref="fl-13d"/>
      </object_component>
      <object_component id="oc-d0">
         <name>.text</name>
         <load_address>0x800097f4</load_address>
         <run_address>0x800097f4</run_address>
         <size>0x118</size>
         <input_file_ref idref="fl-142"/>
      </object_component>
      <object_component id="oc-70">
         <name>.text</name>
         <load_address>0x8000990c</load_address>
         <run_address>0x8000990c</run_address>
         <size>0x118</size>
         <input_file_ref idref="fl-133"/>
      </object_component>
      <object_component id="oc-90">
         <name>.text</name>
         <load_address>0x80009a24</load_address>
         <run_address>0x80009a24</run_address>
         <size>0x10c</size>
         <input_file_ref idref="fl-13f"/>
      </object_component>
      <object_component id="oc-59">
         <name>.text</name>
         <load_address>0x80009b30</load_address>
         <run_address>0x80009b30</run_address>
         <size>0x108</size>
         <input_file_ref idref="fl-140"/>
      </object_component>
      <object_component id="oc-67">
         <name>.text</name>
         <load_address>0x80009c38</load_address>
         <run_address>0x80009c38</run_address>
         <size>0xf4</size>
         <input_file_ref idref="fl-135"/>
      </object_component>
      <object_component id="oc-d">
         <name>.text</name>
         <load_address>0x80009d2c</load_address>
         <run_address>0x80009d2c</run_address>
         <size>0xd4</size>
         <input_file_ref idref="fl-148"/>
      </object_component>
      <object_component id="oc-63">
         <name>.text</name>
         <load_address>0x80009e00</load_address>
         <run_address>0x80009e00</run_address>
         <size>0xb0</size>
         <input_file_ref idref="fl-134"/>
      </object_component>
      <object_component id="oc-144">
         <name>.text</name>
         <load_address>0x80009eb0</load_address>
         <run_address>0x80009eb0</run_address>
         <size>0xa0</size>
         <input_file_ref idref="fl-154"/>
      </object_component>
      <object_component id="oc-11">
         <name>.text</name>
         <load_address>0x80009f50</load_address>
         <run_address>0x80009f50</run_address>
         <size>0x84</size>
         <input_file_ref idref="fl-13e"/>
      </object_component>
      <object_component id="oc-17">
         <name>.text</name>
         <load_address>0x80009fd4</load_address>
         <run_address>0x80009fd4</run_address>
         <size>0x80</size>
         <input_file_ref idref="fl-14a"/>
      </object_component>
      <object_component id="oc-e4">
         <name>.text</name>
         <load_address>0x8000a054</load_address>
         <run_address>0x8000a054</run_address>
         <size>0x60</size>
         <input_file_ref idref="fl-13b"/>
      </object_component>
      <object_component id="oc-1b">
         <name>.text</name>
         <load_address>0x8000a0b4</load_address>
         <run_address>0x8000a0b4</run_address>
         <size>0x20</size>
         <input_file_ref idref="fl-14c"/>
      </object_component>
      <object_component id="oc-e9">
         <name>.text:CPUIntStatus</name>
         <load_address>0x8000a0d4</load_address>
         <run_address>0x8000a0d4</run_address>
         <size>0xc</size>
         <input_file_ref idref="fl-13b"/>
      </object_component>
      <object_component id="oc-7a">
         <name>.data</name>
         <load_address>0x8000a1a0</load_address>
         <run_address>0x8000a1a0</run_address>
         <size>0x8</size>
         <input_file_ref idref="fl-2"/>
      </object_component>
      <object_component id="oc-dc">
         <name>.data</name>
         <load_address>0x8000a1a8</load_address>
         <run_address>0x8000a1a8</run_address>
         <size>0x4</size>
         <input_file_ref idref="fl-141"/>
      </object_component>
      <object_component id="oc-76">
         <name>.bss:pageTable</name>
         <uninitialized>true</uninitialized>
         <run_address>0x8000c000</run_address>
         <size>0x4000</size>
         <input_file_ref idref="fl-2"/>
      </object_component>
      <object_component id="oc-78">
         <name>.bss</name>
         <uninitialized>true</uninitialized>
         <run_address>0x80010200</run_address>
         <size>0x34</size>
         <input_file_ref idref="fl-2"/>
      </object_component>
      <object_component id="oc-b2">
         <name>.bss</name>
         <uninitialized>true</uninitialized>
         <run_address>0x80010248</run_address>
         <size>0x1</size>
         <input_file_ref idref="fl-145"/>
      </object_component>
      <object_component id="oc-da">
         <name>.bss</name>
         <uninitialized>true</uninitialized>
         <run_address>0x80010234</run_address>
         <size>0x14</size>
         <input_file_ref idref="fl-141"/>
      </object_component>
      <object_component id="oc-ea">
         <name>.bss:fnRAMVectors</name>
         <uninitialized>true</uninitialized>
         <run_address>0x80010000</run_address>
         <size>0x200</size>
         <input_file_ref idref="fl-139"/>
      </object_component>
      <object_component id="oc-74">
         <name>.const</name>
         <load_address>0x8000a0e0</load_address>
         <run_address>0x8000a0e0</run_address>
         <size>0x6c</size>
         <input_file_ref idref="fl-2"/>
      </object_component>
      <object_component id="oc-2b">
         <name>.const:vecTbl</name>
         <load_address>0x8000a14c</load_address>
         <run_address>0x8000a14c</run_address>
         <size>0x38</size>
         <input_file_ref idref="fl-13e"/>
      </object_component>
      <object_component id="oc-151">
         <name>.const:.string</name>
         <load_address>0x8000a184</load_address>
         <run_address>0x8000a184</run_address>
         <size>0x14</size>
         <input_file_ref idref="fl-146"/>
      </object_component>
      <object_component id="oc-29">
         <name>.const</name>
         <load_address>0x8000a198</load_address>
         <run_address>0x8000a198</run_address>
         <size>0x4</size>
         <input_file_ref idref="fl-13e"/>
      </object_component>
      <object_component id="oc-120">
         <name>.const</name>
         <load_address>0x8000a19c</load_address>
         <run_address>0x8000a19c</run_address>
         <size>0x4</size>
         <input_file_ref idref="fl-146"/>
      </object_component>
      <object_component id="oc-c">
         <name>.stack</name>
         <uninitialized>true</uninitialized>
         <run_address>0x87fffff0</run_address>
         <size>0x0</size>
         <input_file_ref idref="fl-149"/>
      </object_component>
      <object_component id="oc-187">
         <name>.stack</name>
         <uninitialized>true</uninitialized>
         <run_address>0x87fffff0</run_address>
         <size>0x0</size>
      </object_component>
      <object_component id="oc-9">
         <name>.debug_info</name>
         <load_address>0x0</load_address>
         <run_address>0x0</run_address>
         <size>0x161</size>
         <input_file_ref idref="fl-13a"/>
      </object_component>
      <object_component id="oc-e">
         <name>.debug_info</name>
         <load_address>0x161</load_address>
         <run_address>0x161</run_address>
         <size>0x162</size>
         <input_file_ref idref="fl-148"/>
      </object_component>
      <object_component id="oc-12">
         <name>.debug_info</name>
         <load_address>0x2c3</load_address>
         <run_address>0x2c3</run_address>
         <size>0x3ee</size>
         <input_file_ref idref="fl-13e"/>
      </object_component>
      <object_component id="oc-18">
         <name>.debug_info</name>
         <load_address>0x6b1</load_address>
         <run_address>0x6b1</run_address>
         <size>0x1c8</size>
         <input_file_ref idref="fl-14a"/>
      </object_component>
      <object_component id="oc-1c">
         <name>.debug_info</name>
         <load_address>0x879</load_address>
         <run_address>0x879</run_address>
         <size>0xf8</size>
         <input_file_ref idref="fl-14c"/>
      </object_component>
      <object_component id="oc-21">
         <name>.debug_info</name>
         <load_address>0x971</load_address>
         <run_address>0x971</run_address>
         <size>0x21eb</size>
         <input_file_ref idref="fl-2"/>
      </object_component>
      <object_component id="oc-26">
         <name>.debug_info</name>
         <load_address>0x2b5c</load_address>
         <run_address>0x2b5c</run_address>
         <size>0x266</size>
         <input_file_ref idref="fl-13c"/>
      </object_component>
      <object_component id="oc-2a">
         <name>.debug_info</name>
         <load_address>0x2dc2</load_address>
         <run_address>0x2dc2</run_address>
         <size>0x125</size>
         <input_file_ref idref="fl-13e"/>
      </object_component>
      <object_component id="oc-2c">
         <name>.debug_info</name>
         <load_address>0x2ee7</load_address>
         <run_address>0x2ee7</run_address>
         <size>0x10c</size>
         <input_file_ref idref="fl-13e"/>
      </object_component>
      <object_component id="oc-2e">
         <name>.debug_info</name>
         <load_address>0x2ff3</load_address>
         <run_address>0x2ff3</run_address>
         <size>0x89</size>
         <input_file_ref idref="fl-138"/>
      </object_component>
      <object_component id="oc-33">
         <name>.debug_info</name>
         <load_address>0x307c</load_address>
         <run_address>0x307c</run_address>
         <size>0x20f</size>
         <input_file_ref idref="fl-13e"/>
      </object_component>
      <object_component id="oc-35">
         <name>.debug_info</name>
         <load_address>0x328b</load_address>
         <run_address>0x328b</run_address>
         <size>0x14e</size>
         <input_file_ref idref="fl-14d"/>
      </object_component>
      <object_component id="oc-39">
         <name>.debug_info</name>
         <load_address>0x33d9</load_address>
         <run_address>0x33d9</run_address>
         <size>0x159</size>
         <input_file_ref idref="fl-14a"/>
      </object_component>
      <object_component id="oc-3c">
         <name>.debug_info</name>
         <load_address>0x3532</load_address>
         <run_address>0x3532</run_address>
         <size>0x540</size>
         <input_file_ref idref="fl-138"/>
      </object_component>
      <object_component id="oc-41">
         <name>.debug_info</name>
         <load_address>0x3a72</load_address>
         <run_address>0x3a72</run_address>
         <size>0xba4</size>
         <input_file_ref idref="fl-13d"/>
      </object_component>
      <object_component id="oc-46">
         <name>.debug_info</name>
         <load_address>0x4616</load_address>
         <run_address>0x4616</run_address>
         <size>0x8e7</size>
         <input_file_ref idref="fl-145"/>
      </object_component>
      <object_component id="oc-4b">
         <name>.debug_info</name>
         <load_address>0x4efd</load_address>
         <run_address>0x4efd</run_address>
         <size>0xc45</size>
         <input_file_ref idref="fl-144"/>
      </object_component>
      <object_component id="oc-50">
         <name>.debug_info</name>
         <load_address>0x5b42</load_address>
         <run_address>0x5b42</run_address>
         <size>0x19b7</size>
         <input_file_ref idref="fl-141"/>
      </object_component>
      <object_component id="oc-55">
         <name>.debug_info</name>
         <load_address>0x74f9</load_address>
         <run_address>0x74f9</run_address>
         <size>0x1d44</size>
         <input_file_ref idref="fl-139"/>
      </object_component>
      <object_component id="oc-5a">
         <name>.debug_info</name>
         <load_address>0x923d</load_address>
         <run_address>0x923d</run_address>
         <size>0x451</size>
         <input_file_ref idref="fl-140"/>
      </object_component>
      <object_component id="oc-5f">
         <name>.debug_info</name>
         <load_address>0x968e</load_address>
         <run_address>0x968e</run_address>
         <size>0x4150</size>
         <input_file_ref idref="fl-136"/>
      </object_component>
      <object_component id="oc-64">
         <name>.debug_info</name>
         <load_address>0xd7de</load_address>
         <run_address>0xd7de</run_address>
         <size>0x119</size>
         <input_file_ref idref="fl-134"/>
      </object_component>
      <object_component id="oc-68">
         <name>.debug_info</name>
         <load_address>0xd8f7</load_address>
         <run_address>0xd8f7</run_address>
         <size>0x155</size>
         <input_file_ref idref="fl-135"/>
      </object_component>
      <object_component id="oc-6c">
         <name>.debug_info</name>
         <load_address>0xda4c</load_address>
         <run_address>0xda4c</run_address>
         <size>0x2477</size>
         <input_file_ref idref="fl-137"/>
      </object_component>
      <object_component id="oc-71">
         <name>.debug_info</name>
         <load_address>0xfec3</load_address>
         <run_address>0xfec3</run_address>
         <size>0x153</size>
         <input_file_ref idref="fl-133"/>
      </object_component>
      <object_component id="oc-75">
         <name>.debug_info</name>
         <load_address>0x10016</load_address>
         <run_address>0x10016</run_address>
         <size>0x175</size>
         <input_file_ref idref="fl-2"/>
      </object_component>
      <object_component id="oc-77">
         <name>.debug_info</name>
         <load_address>0x1018b</load_address>
         <run_address>0x1018b</run_address>
         <size>0x11e</size>
         <input_file_ref idref="fl-2"/>
      </object_component>
      <object_component id="oc-79">
         <name>.debug_info</name>
         <load_address>0x102a9</load_address>
         <run_address>0x102a9</run_address>
         <size>0x191</size>
         <input_file_ref idref="fl-2"/>
      </object_component>
      <object_component id="oc-7b">
         <name>.debug_info</name>
         <load_address>0x1043a</load_address>
         <run_address>0x1043a</run_address>
         <size>0x138</size>
         <input_file_ref idref="fl-2"/>
      </object_component>
      <object_component id="oc-7d">
         <name>.debug_info</name>
         <load_address>0x10572</load_address>
         <run_address>0x10572</run_address>
         <size>0xc6</size>
         <input_file_ref idref="fl-2"/>
      </object_component>
      <object_component id="oc-82">
         <name>.debug_info</name>
         <load_address>0x10638</load_address>
         <run_address>0x10638</run_address>
         <size>0x90</size>
         <input_file_ref idref="fl-2"/>
      </object_component>
      <object_component id="oc-87">
         <name>.debug_info</name>
         <load_address>0x106c8</load_address>
         <run_address>0x106c8</run_address>
         <size>0xf1f</size>
         <input_file_ref idref="fl-2"/>
      </object_component>
      <object_component id="oc-88">
         <name>.debug_info</name>
         <load_address>0x115e7</load_address>
         <run_address>0x115e7</run_address>
         <size>0x10e</size>
         <input_file_ref idref="fl-2"/>
      </object_component>
      <object_component id="oc-91">
         <name>.debug_info</name>
         <load_address>0x116f5</load_address>
         <run_address>0x116f5</run_address>
         <size>0x17c</size>
         <input_file_ref idref="fl-13f"/>
      </object_component>
      <object_component id="oc-9b">
         <name>.debug_info</name>
         <load_address>0x11871</load_address>
         <run_address>0x11871</run_address>
         <size>0x2c</size>
         <input_file_ref idref="fl-14a"/>
      </object_component>
      <object_component id="oc-a0">
         <name>.debug_info</name>
         <load_address>0x1189d</load_address>
         <run_address>0x1189d</run_address>
         <size>0x89</size>
         <input_file_ref idref="fl-14a"/>
      </object_component>
      <object_component id="oc-a5">
         <name>.debug_info</name>
         <load_address>0x11926</load_address>
         <run_address>0x11926</run_address>
         <size>0xcd</size>
         <input_file_ref idref="fl-14a"/>
      </object_component>
      <object_component id="oc-ab">
         <name>.debug_info</name>
         <load_address>0x119f3</load_address>
         <run_address>0x119f3</run_address>
         <size>0x219</size>
         <input_file_ref idref="fl-138"/>
      </object_component>
      <object_component id="oc-ae">
         <name>.debug_info</name>
         <load_address>0x11c0c</load_address>
         <run_address>0x11c0c</run_address>
         <size>0x3034</size>
         <input_file_ref idref="fl-146"/>
      </object_component>
      <object_component id="oc-b3">
         <name>.debug_info</name>
         <load_address>0x14c40</load_address>
         <run_address>0x14c40</run_address>
         <size>0xf6</size>
         <input_file_ref idref="fl-145"/>
      </object_component>
      <object_component id="oc-b5">
         <name>.debug_info</name>
         <load_address>0x14d36</load_address>
         <run_address>0x14d36</run_address>
         <size>0x48</size>
         <input_file_ref idref="fl-145"/>
      </object_component>
      <object_component id="oc-ba">
         <name>.debug_info</name>
         <load_address>0x14d7e</load_address>
         <run_address>0x14d7e</run_address>
         <size>0x1fb</size>
         <input_file_ref idref="fl-145"/>
      </object_component>
      <object_component id="oc-bb">
         <name>.debug_info</name>
         <load_address>0x14f79</load_address>
         <run_address>0x14f79</run_address>
         <size>0x4e</size>
         <input_file_ref idref="fl-145"/>
      </object_component>
      <object_component id="oc-c0">
         <name>.debug_info</name>
         <load_address>0x14fc7</load_address>
         <run_address>0x14fc7</run_address>
         <size>0x90</size>
         <input_file_ref idref="fl-145"/>
      </object_component>
      <object_component id="oc-c7">
         <name>.debug_info</name>
         <load_address>0x15057</load_address>
         <run_address>0x15057</run_address>
         <size>0x100b</size>
         <input_file_ref idref="fl-143"/>
      </object_component>
      <object_component id="oc-cc">
         <name>.debug_info</name>
         <load_address>0x16062</load_address>
         <run_address>0x16062</run_address>
         <size>0x1ff0</size>
         <input_file_ref idref="fl-152"/>
      </object_component>
      <object_component id="oc-d1">
         <name>.debug_info</name>
         <load_address>0x18052</load_address>
         <run_address>0x18052</run_address>
         <size>0x61e</size>
         <input_file_ref idref="fl-142"/>
      </object_component>
      <object_component id="oc-d6">
         <name>.debug_info</name>
         <load_address>0x18670</load_address>
         <run_address>0x18670</run_address>
         <size>0x2a11</size>
         <input_file_ref idref="fl-151"/>
      </object_component>
      <object_component id="oc-db">
         <name>.debug_info</name>
         <load_address>0x1b081</load_address>
         <run_address>0x1b081</run_address>
         <size>0x190</size>
         <input_file_ref idref="fl-141"/>
      </object_component>
      <object_component id="oc-dd">
         <name>.debug_info</name>
         <load_address>0x1b211</load_address>
         <run_address>0x1b211</run_address>
         <size>0xfc</size>
         <input_file_ref idref="fl-141"/>
      </object_component>
      <object_component id="oc-df">
         <name>.debug_info</name>
         <load_address>0x1b30d</load_address>
         <run_address>0x1b30d</run_address>
         <size>0x89</size>
         <input_file_ref idref="fl-140"/>
      </object_component>
      <object_component id="oc-e5">
         <name>.debug_info</name>
         <load_address>0x1b396</load_address>
         <run_address>0x1b396</run_address>
         <size>0x56c</size>
         <input_file_ref idref="fl-13b"/>
      </object_component>
      <object_component id="oc-eb">
         <name>.debug_info</name>
         <load_address>0x1b902</load_address>
         <run_address>0x1b902</run_address>
         <size>0x11b</size>
         <input_file_ref idref="fl-139"/>
      </object_component>
      <object_component id="oc-ed">
         <name>.debug_info</name>
         <load_address>0x1ba1d</load_address>
         <run_address>0x1ba1d</run_address>
         <size>0x18b</size>
         <input_file_ref idref="fl-139"/>
      </object_component>
      <object_component id="oc-f0">
         <name>.debug_info</name>
         <load_address>0x1bba8</load_address>
         <run_address>0x1bba8</run_address>
         <size>0x89</size>
         <input_file_ref idref="fl-136"/>
      </object_component>
      <object_component id="oc-f8">
         <name>.debug_info</name>
         <load_address>0x1bc31</load_address>
         <run_address>0x1bc31</run_address>
         <size>0xe2</size>
         <input_file_ref idref="fl-137"/>
      </object_component>
      <object_component id="oc-104">
         <name>.debug_info</name>
         <load_address>0x1bd13</load_address>
         <run_address>0x1bd13</run_address>
         <size>0x48</size>
         <input_file_ref idref="fl-2"/>
      </object_component>
      <object_component id="oc-109">
         <name>.debug_info</name>
         <load_address>0x1bd5b</load_address>
         <run_address>0x1bd5b</run_address>
         <size>0xba</size>
         <input_file_ref idref="fl-2"/>
      </object_component>
      <object_component id="oc-111">
         <name>.debug_info</name>
         <load_address>0x1be15</load_address>
         <run_address>0x1be15</run_address>
         <size>0xc6</size>
         <input_file_ref idref="fl-138"/>
      </object_component>
      <object_component id="oc-117">
         <name>.debug_info</name>
         <load_address>0x1bedb</load_address>
         <run_address>0x1bedb</run_address>
         <size>0x844</size>
         <input_file_ref idref="fl-153"/>
      </object_component>
      <object_component id="oc-11c">
         <name>.debug_info</name>
         <load_address>0x1c71f</load_address>
         <run_address>0x1c71f</run_address>
         <size>0xa9a</size>
         <input_file_ref idref="fl-147"/>
      </object_component>
      <object_component id="oc-121">
         <name>.debug_info</name>
         <load_address>0x1d1b9</load_address>
         <run_address>0x1d1b9</run_address>
         <size>0xeb</size>
         <input_file_ref idref="fl-146"/>
      </object_component>
      <object_component id="oc-123">
         <name>.debug_info</name>
         <load_address>0x1d2a4</load_address>
         <run_address>0x1d2a4</run_address>
         <size>0x1fb</size>
         <input_file_ref idref="fl-146"/>
      </object_component>
      <object_component id="oc-12a">
         <name>.debug_info</name>
         <load_address>0x1d49f</load_address>
         <run_address>0x1d49f</run_address>
         <size>0xe2</size>
         <input_file_ref idref="fl-152"/>
      </object_component>
      <object_component id="oc-12d">
         <name>.debug_info</name>
         <load_address>0x1d581</load_address>
         <run_address>0x1d581</run_address>
         <size>0xe0</size>
         <input_file_ref idref="fl-151"/>
      </object_component>
      <object_component id="oc-130">
         <name>.debug_info</name>
         <load_address>0x1d661</load_address>
         <run_address>0x1d661</run_address>
         <size>0x772</size>
         <input_file_ref idref="fl-141"/>
      </object_component>
      <object_component id="oc-13a">
         <name>.debug_info</name>
         <load_address>0x1ddd3</load_address>
         <run_address>0x1ddd3</run_address>
         <size>0x9e</size>
         <input_file_ref idref="fl-137"/>
      </object_component>
      <object_component id="oc-140">
         <name>.debug_info</name>
         <load_address>0x1de71</load_address>
         <run_address>0x1de71</run_address>
         <size>0x5e17</size>
         <input_file_ref idref="fl-155"/>
      </object_component>
      <object_component id="oc-145">
         <name>.debug_info</name>
         <load_address>0x23c88</load_address>
         <run_address>0x23c88</run_address>
         <size>0x3f5</size>
         <input_file_ref idref="fl-154"/>
      </object_component>
      <object_component id="oc-14b">
         <name>.debug_info</name>
         <load_address>0x2407d</load_address>
         <run_address>0x2407d</run_address>
         <size>0x89</size>
         <input_file_ref idref="fl-147"/>
      </object_component>
      <object_component id="oc-150">
         <name>.debug_info</name>
         <load_address>0x24106</load_address>
         <run_address>0x24106</run_address>
         <size>0xd5</size>
         <input_file_ref idref="fl-147"/>
      </object_component>
      <object_component id="oc-158">
         <name>.debug_info</name>
         <load_address>0x241db</load_address>
         <run_address>0x241db</run_address>
         <size>0x76</size>
         <input_file_ref idref="fl-152"/>
      </object_component>
      <object_component id="oc-15f">
         <name>.debug_info</name>
         <load_address>0x24251</load_address>
         <run_address>0x24251</run_address>
         <size>0x8a</size>
         <input_file_ref idref="fl-151"/>
      </object_component>
      <object_component id="oc-166">
         <name>.debug_info</name>
         <load_address>0x242db</load_address>
         <run_address>0x242db</run_address>
         <size>0xba</size>
         <input_file_ref idref="fl-141"/>
      </object_component>
      <object_component id="oc-16c">
         <name>.debug_info</name>
         <load_address>0x24395</load_address>
         <run_address>0x24395</run_address>
         <size>0xed</size>
         <input_file_ref idref="fl-155"/>
      </object_component>
      <object_component id="oc-1b1">
         <name>.debug_info</name>
         <load_address>0x24482</load_address>
         <run_address>0x24482</run_address>
         <size>0xff</size>
      </object_component>
      <object_component id="oc-a">
         <name>.debug_line</name>
         <load_address>0x0</load_address>
         <run_address>0x0</run_address>
         <size>0x96</size>
         <input_file_ref idref="fl-13a"/>
      </object_component>
      <object_component id="oc-f">
         <name>.debug_line</name>
         <load_address>0x96</load_address>
         <run_address>0x96</run_address>
         <size>0x7d</size>
         <input_file_ref idref="fl-148"/>
      </object_component>
      <object_component id="oc-13">
         <name>.debug_line</name>
         <load_address>0x113</load_address>
         <run_address>0x113</run_address>
         <size>0xa7</size>
         <input_file_ref idref="fl-13e"/>
      </object_component>
      <object_component id="oc-19">
         <name>.debug_line</name>
         <load_address>0x1ba</load_address>
         <run_address>0x1ba</run_address>
         <size>0x43</size>
         <input_file_ref idref="fl-14a"/>
      </object_component>
      <object_component id="oc-1d">
         <name>.debug_line</name>
         <load_address>0x1fd</load_address>
         <run_address>0x1fd</run_address>
         <size>0x42</size>
         <input_file_ref idref="fl-14c"/>
      </object_component>
      <object_component id="oc-22">
         <name>.debug_line</name>
         <load_address>0x23f</load_address>
         <run_address>0x23f</run_address>
         <size>0x3af</size>
         <input_file_ref idref="fl-2"/>
      </object_component>
      <object_component id="oc-27">
         <name>.debug_line</name>
         <load_address>0x5ee</load_address>
         <run_address>0x5ee</run_address>
         <size>0x188</size>
         <input_file_ref idref="fl-13c"/>
      </object_component>
      <object_component id="oc-30">
         <name>.debug_line</name>
         <load_address>0x776</load_address>
         <run_address>0x776</run_address>
         <size>0x20</size>
         <input_file_ref idref="fl-138"/>
      </object_component>
      <object_component id="oc-36">
         <name>.debug_line</name>
         <load_address>0x796</load_address>
         <run_address>0x796</run_address>
         <size>0x9a</size>
         <input_file_ref idref="fl-14d"/>
      </object_component>
      <object_component id="oc-3d">
         <name>.debug_line</name>
         <load_address>0x830</load_address>
         <run_address>0x830</run_address>
         <size>0xc8</size>
         <input_file_ref idref="fl-138"/>
      </object_component>
      <object_component id="oc-42">
         <name>.debug_line</name>
         <load_address>0x8f8</load_address>
         <run_address>0x8f8</run_address>
         <size>0x180</size>
         <input_file_ref idref="fl-13d"/>
      </object_component>
      <object_component id="oc-47">
         <name>.debug_line</name>
         <load_address>0xa78</load_address>
         <run_address>0xa78</run_address>
         <size>0x183</size>
         <input_file_ref idref="fl-145"/>
      </object_component>
      <object_component id="oc-4c">
         <name>.debug_line</name>
         <load_address>0xbfb</load_address>
         <run_address>0xbfb</run_address>
         <size>0x132</size>
         <input_file_ref idref="fl-144"/>
      </object_component>
      <object_component id="oc-51">
         <name>.debug_line</name>
         <load_address>0xd2d</load_address>
         <run_address>0xd2d</run_address>
         <size>0x29c</size>
         <input_file_ref idref="fl-141"/>
      </object_component>
      <object_component id="oc-56">
         <name>.debug_line</name>
         <load_address>0xfc9</load_address>
         <run_address>0xfc9</run_address>
         <size>0x3bc</size>
         <input_file_ref idref="fl-139"/>
      </object_component>
      <object_component id="oc-5b">
         <name>.debug_line</name>
         <load_address>0x1385</load_address>
         <run_address>0x1385</run_address>
         <size>0xa5</size>
         <input_file_ref idref="fl-140"/>
      </object_component>
      <object_component id="oc-60">
         <name>.debug_line</name>
         <load_address>0x142a</load_address>
         <run_address>0x142a</run_address>
         <size>0x6ba</size>
         <input_file_ref idref="fl-136"/>
      </object_component>
      <object_component id="oc-65">
         <name>.debug_line</name>
         <load_address>0x1ae4</load_address>
         <run_address>0x1ae4</run_address>
         <size>0x73</size>
         <input_file_ref idref="fl-134"/>
      </object_component>
      <object_component id="oc-69">
         <name>.debug_line</name>
         <load_address>0x1b57</load_address>
         <run_address>0x1b57</run_address>
         <size>0x86</size>
         <input_file_ref idref="fl-135"/>
      </object_component>
      <object_component id="oc-6d">
         <name>.debug_line</name>
         <load_address>0x1bdd</load_address>
         <run_address>0x1bdd</run_address>
         <size>0x32b</size>
         <input_file_ref idref="fl-137"/>
      </object_component>
      <object_component id="oc-72">
         <name>.debug_line</name>
         <load_address>0x1f08</load_address>
         <run_address>0x1f08</run_address>
         <size>0x8f</size>
         <input_file_ref idref="fl-133"/>
      </object_component>
      <object_component id="oc-7f">
         <name>.debug_line</name>
         <load_address>0x1f97</load_address>
         <run_address>0x1f97</run_address>
         <size>0x4d</size>
         <input_file_ref idref="fl-2"/>
      </object_component>
      <object_component id="oc-84">
         <name>.debug_line</name>
         <load_address>0x1fe4</load_address>
         <run_address>0x1fe4</run_address>
         <size>0x20</size>
         <input_file_ref idref="fl-2"/>
      </object_component>
      <object_component id="oc-8a">
         <name>.debug_line</name>
         <load_address>0x2004</load_address>
         <run_address>0x2004</run_address>
         <size>0x4a</size>
         <input_file_ref idref="fl-2"/>
      </object_component>
      <object_component id="oc-8f">
         <name>.debug_line</name>
         <load_address>0x204e</load_address>
         <run_address>0x204e</run_address>
         <size>0x60</size>
         <input_file_ref idref="fl-13e"/>
      </object_component>
      <object_component id="oc-92">
         <name>.debug_line</name>
         <load_address>0x20ae</load_address>
         <run_address>0x20ae</run_address>
         <size>0xb5</size>
         <input_file_ref idref="fl-13f"/>
      </object_component>
      <object_component id="oc-95">
         <name>.debug_line</name>
         <load_address>0x2163</load_address>
         <run_address>0x2163</run_address>
         <size>0x60</size>
         <input_file_ref idref="fl-13e"/>
      </object_component>
      <object_component id="oc-97">
         <name>.debug_line</name>
         <load_address>0x21c3</load_address>
         <run_address>0x21c3</run_address>
         <size>0x8b</size>
         <input_file_ref idref="fl-13e"/>
      </object_component>
      <object_component id="oc-9a">
         <name>.debug_line</name>
         <load_address>0x224e</load_address>
         <run_address>0x224e</run_address>
         <size>0x69</size>
         <input_file_ref idref="fl-14a"/>
      </object_component>
      <object_component id="oc-9d">
         <name>.debug_line</name>
         <load_address>0x22b7</load_address>
         <run_address>0x22b7</run_address>
         <size>0x5c</size>
         <input_file_ref idref="fl-14a"/>
      </object_component>
      <object_component id="oc-a2">
         <name>.debug_line</name>
         <load_address>0x2313</load_address>
         <run_address>0x2313</run_address>
         <size>0x20</size>
         <input_file_ref idref="fl-14a"/>
      </object_component>
      <object_component id="oc-a7">
         <name>.debug_line</name>
         <load_address>0x2333</load_address>
         <run_address>0x2333</run_address>
         <size>0x5d</size>
         <input_file_ref idref="fl-14a"/>
      </object_component>
      <object_component id="oc-af">
         <name>.debug_line</name>
         <load_address>0x2390</load_address>
         <run_address>0x2390</run_address>
         <size>0x67a</size>
         <input_file_ref idref="fl-146"/>
      </object_component>
      <object_component id="oc-b7">
         <name>.debug_line</name>
         <load_address>0x2a0a</load_address>
         <run_address>0x2a0a</run_address>
         <size>0x49</size>
         <input_file_ref idref="fl-145"/>
      </object_component>
      <object_component id="oc-bd">
         <name>.debug_line</name>
         <load_address>0x2a53</load_address>
         <run_address>0x2a53</run_address>
         <size>0x59</size>
         <input_file_ref idref="fl-145"/>
      </object_component>
      <object_component id="oc-c2">
         <name>.debug_line</name>
         <load_address>0x2aac</load_address>
         <run_address>0x2aac</run_address>
         <size>0x20</size>
         <input_file_ref idref="fl-145"/>
      </object_component>
      <object_component id="oc-c8">
         <name>.debug_line</name>
         <load_address>0x2acc</load_address>
         <run_address>0x2acc</run_address>
         <size>0x20e</size>
         <input_file_ref idref="fl-143"/>
      </object_component>
      <object_component id="oc-cd">
         <name>.debug_line</name>
         <load_address>0x2cda</load_address>
         <run_address>0x2cda</run_address>
         <size>0x4ea</size>
         <input_file_ref idref="fl-152"/>
      </object_component>
      <object_component id="oc-d2">
         <name>.debug_line</name>
         <load_address>0x31c4</load_address>
         <run_address>0x31c4</run_address>
         <size>0xce</size>
         <input_file_ref idref="fl-142"/>
      </object_component>
      <object_component id="oc-d7">
         <name>.debug_line</name>
         <load_address>0x3292</load_address>
         <run_address>0x3292</run_address>
         <size>0x5ab</size>
         <input_file_ref idref="fl-151"/>
      </object_component>
      <object_component id="oc-e1">
         <name>.debug_line</name>
         <load_address>0x383d</load_address>
         <run_address>0x383d</run_address>
         <size>0x20</size>
         <input_file_ref idref="fl-140"/>
      </object_component>
      <object_component id="oc-e6">
         <name>.debug_line</name>
         <load_address>0x385d</load_address>
         <run_address>0x385d</run_address>
         <size>0x10d</size>
         <input_file_ref idref="fl-13b"/>
      </object_component>
      <object_component id="oc-f2">
         <name>.debug_line</name>
         <load_address>0x396a</load_address>
         <run_address>0x396a</run_address>
         <size>0x20</size>
         <input_file_ref idref="fl-136"/>
      </object_component>
      <object_component id="oc-fb">
         <name>.debug_line</name>
         <load_address>0x398a</load_address>
         <run_address>0x398a</run_address>
         <size>0x66</size>
         <input_file_ref idref="fl-2"/>
      </object_component>
      <object_component id="oc-fd">
         <name>.debug_line</name>
         <load_address>0x39f0</load_address>
         <run_address>0x39f0</run_address>
         <size>0x66</size>
         <input_file_ref idref="fl-2"/>
      </object_component>
      <object_component id="oc-ff">
         <name>.debug_line</name>
         <load_address>0x3a56</load_address>
         <run_address>0x3a56</run_address>
         <size>0x66</size>
         <input_file_ref idref="fl-2"/>
      </object_component>
      <object_component id="oc-101">
         <name>.debug_line</name>
         <load_address>0x3abc</load_address>
         <run_address>0x3abc</run_address>
         <size>0x66</size>
         <input_file_ref idref="fl-2"/>
      </object_component>
      <object_component id="oc-103">
         <name>.debug_line</name>
         <load_address>0x3b22</load_address>
         <run_address>0x3b22</run_address>
         <size>0x175</size>
         <input_file_ref idref="fl-2"/>
      </object_component>
      <object_component id="oc-106">
         <name>.debug_line</name>
         <load_address>0x3c97</load_address>
         <run_address>0x3c97</run_address>
         <size>0x4f</size>
         <input_file_ref idref="fl-2"/>
      </object_component>
      <object_component id="oc-10b">
         <name>.debug_line</name>
         <load_address>0x3ce6</load_address>
         <run_address>0x3ce6</run_address>
         <size>0x5c</size>
         <input_file_ref idref="fl-2"/>
      </object_component>
      <object_component id="oc-110">
         <name>.debug_line</name>
         <load_address>0x3d42</load_address>
         <run_address>0x3d42</run_address>
         <size>0x4b</size>
         <input_file_ref idref="fl-138"/>
      </object_component>
      <object_component id="oc-113">
         <name>.debug_line</name>
         <load_address>0x3d8d</load_address>
         <run_address>0x3d8d</run_address>
         <size>0x4a</size>
         <input_file_ref idref="fl-138"/>
      </object_component>
      <object_component id="oc-118">
         <name>.debug_line</name>
         <load_address>0x3dd7</load_address>
         <run_address>0x3dd7</run_address>
         <size>0x109</size>
         <input_file_ref idref="fl-153"/>
      </object_component>
      <object_component id="oc-11d">
         <name>.debug_line</name>
         <load_address>0x3ee0</load_address>
         <run_address>0x3ee0</run_address>
         <size>0x1d6</size>
         <input_file_ref idref="fl-147"/>
      </object_component>
      <object_component id="oc-125">
         <name>.debug_line</name>
         <load_address>0x40b6</load_address>
         <run_address>0x40b6</run_address>
         <size>0x4f</size>
         <input_file_ref idref="fl-145"/>
      </object_component>
      <object_component id="oc-127">
         <name>.debug_line</name>
         <load_address>0x4105</load_address>
         <run_address>0x4105</run_address>
         <size>0x46</size>
         <input_file_ref idref="fl-145"/>
      </object_component>
      <object_component id="oc-12f">
         <name>.debug_line</name>
         <load_address>0x414b</load_address>
         <run_address>0x414b</run_address>
         <size>0x51</size>
         <input_file_ref idref="fl-141"/>
      </object_component>
      <object_component id="oc-132">
         <name>.debug_line</name>
         <load_address>0x419c</load_address>
         <run_address>0x419c</run_address>
         <size>0x51</size>
         <input_file_ref idref="fl-141"/>
      </object_component>
      <object_component id="oc-135">
         <name>.debug_line</name>
         <load_address>0x41ed</load_address>
         <run_address>0x41ed</run_address>
         <size>0x62</size>
         <input_file_ref idref="fl-139"/>
      </object_component>
      <object_component id="oc-137">
         <name>.debug_line</name>
         <load_address>0x424f</load_address>
         <run_address>0x424f</run_address>
         <size>0x4a</size>
         <input_file_ref idref="fl-139"/>
      </object_component>
      <object_component id="oc-139">
         <name>.debug_line</name>
         <load_address>0x4299</load_address>
         <run_address>0x4299</run_address>
         <size>0x20</size>
         <input_file_ref idref="fl-137"/>
      </object_component>
      <object_component id="oc-13c">
         <name>.debug_line</name>
         <load_address>0x42b9</load_address>
         <run_address>0x42b9</run_address>
         <size>0x47</size>
         <input_file_ref idref="fl-137"/>
      </object_component>
      <object_component id="oc-141">
         <name>.debug_line</name>
         <load_address>0x4300</load_address>
         <run_address>0x4300</run_address>
         <size>0xa3f</size>
         <input_file_ref idref="fl-155"/>
      </object_component>
      <object_component id="oc-146">
         <name>.debug_line</name>
         <load_address>0x4d3f</load_address>
         <run_address>0x4d3f</run_address>
         <size>0xa2</size>
         <input_file_ref idref="fl-154"/>
      </object_component>
      <object_component id="oc-14d">
         <name>.debug_line</name>
         <load_address>0x4de1</load_address>
         <run_address>0x4de1</run_address>
         <size>0x20</size>
         <input_file_ref idref="fl-147"/>
      </object_component>
      <object_component id="oc-153">
         <name>.debug_line</name>
         <load_address>0x4e01</load_address>
         <run_address>0x4e01</run_address>
         <size>0x4c</size>
         <input_file_ref idref="fl-146"/>
      </object_component>
      <object_component id="oc-155">
         <name>.debug_line</name>
         <load_address>0x4e4d</load_address>
         <run_address>0x4e4d</run_address>
         <size>0x6e</size>
         <input_file_ref idref="fl-146"/>
      </object_component>
      <object_component id="oc-157">
         <name>.debug_line</name>
         <load_address>0x4ebb</load_address>
         <run_address>0x4ebb</run_address>
         <size>0x20</size>
         <input_file_ref idref="fl-152"/>
      </object_component>
      <object_component id="oc-15a">
         <name>.debug_line</name>
         <load_address>0x4edb</load_address>
         <run_address>0x4edb</run_address>
         <size>0x47</size>
         <input_file_ref idref="fl-152"/>
      </object_component>
      <object_component id="oc-15e">
         <name>.debug_line</name>
         <load_address>0x4f22</load_address>
         <run_address>0x4f22</run_address>
         <size>0x20</size>
         <input_file_ref idref="fl-151"/>
      </object_component>
      <object_component id="oc-161">
         <name>.debug_line</name>
         <load_address>0x4f42</load_address>
         <run_address>0x4f42</run_address>
         <size>0x45</size>
         <input_file_ref idref="fl-151"/>
      </object_component>
      <object_component id="oc-165">
         <name>.debug_line</name>
         <load_address>0x4f87</load_address>
         <run_address>0x4f87</run_address>
         <size>0x119</size>
         <input_file_ref idref="fl-141"/>
      </object_component>
      <object_component id="oc-168">
         <name>.debug_line</name>
         <load_address>0x50a0</load_address>
         <run_address>0x50a0</run_address>
         <size>0x5c</size>
         <input_file_ref idref="fl-141"/>
      </object_component>
      <object_component id="oc-16f">
         <name>.debug_line</name>
         <load_address>0x50fc</load_address>
         <run_address>0x50fc</run_address>
         <size>0x20</size>
         <input_file_ref idref="fl-147"/>
      </object_component>
      <object_component id="oc-171">
         <name>.debug_line</name>
         <load_address>0x511c</load_address>
         <run_address>0x511c</run_address>
         <size>0x20</size>
         <input_file_ref idref="fl-155"/>
      </object_component>
      <object_component id="oc-b">
         <name>.debug_aranges</name>
         <load_address>0x0</load_address>
         <run_address>0x0</run_address>
         <size>0x20</size>
         <input_file_ref idref="fl-13a"/>
      </object_component>
      <object_component id="oc-10">
         <name>.debug_aranges</name>
         <load_address>0x20</load_address>
         <run_address>0x20</run_address>
         <size>0x28</size>
         <input_file_ref idref="fl-148"/>
      </object_component>
      <object_component id="oc-15">
         <name>.debug_aranges</name>
         <load_address>0x48</load_address>
         <run_address>0x48</run_address>
         <size>0x28</size>
         <input_file_ref idref="fl-13e"/>
      </object_component>
      <object_component id="oc-1a">
         <name>.debug_aranges</name>
         <load_address>0x70</load_address>
         <run_address>0x70</run_address>
         <size>0x20</size>
         <input_file_ref idref="fl-14a"/>
      </object_component>
      <object_component id="oc-1e">
         <name>.debug_aranges</name>
         <load_address>0x90</load_address>
         <run_address>0x90</run_address>
         <size>0x20</size>
         <input_file_ref idref="fl-14c"/>
      </object_component>
      <object_component id="oc-24">
         <name>.debug_aranges</name>
         <load_address>0xb0</load_address>
         <run_address>0xb0</run_address>
         <size>0xa0</size>
         <input_file_ref idref="fl-2"/>
      </object_component>
      <object_component id="oc-28">
         <name>.debug_aranges</name>
         <load_address>0x150</load_address>
         <run_address>0x150</run_address>
         <size>0x20</size>
         <input_file_ref idref="fl-13c"/>
      </object_component>
      <object_component id="oc-37">
         <name>.debug_aranges</name>
         <load_address>0x170</load_address>
         <run_address>0x170</run_address>
         <size>0x20</size>
         <input_file_ref idref="fl-14d"/>
      </object_component>
      <object_component id="oc-3f">
         <name>.debug_aranges</name>
         <load_address>0x190</load_address>
         <run_address>0x190</run_address>
         <size>0x30</size>
         <input_file_ref idref="fl-138"/>
      </object_component>
      <object_component id="oc-44">
         <name>.debug_aranges</name>
         <load_address>0x1c0</load_address>
         <run_address>0x1c0</run_address>
         <size>0x68</size>
         <input_file_ref idref="fl-13d"/>
      </object_component>
      <object_component id="oc-49">
         <name>.debug_aranges</name>
         <load_address>0x228</load_address>
         <run_address>0x228</run_address>
         <size>0x58</size>
         <input_file_ref idref="fl-145"/>
      </object_component>
      <object_component id="oc-4e">
         <name>.debug_aranges</name>
         <load_address>0x280</load_address>
         <run_address>0x280</run_address>
         <size>0x40</size>
         <input_file_ref idref="fl-144"/>
      </object_component>
      <object_component id="oc-53">
         <name>.debug_aranges</name>
         <load_address>0x2c0</load_address>
         <run_address>0x2c0</run_address>
         <size>0x80</size>
         <input_file_ref idref="fl-141"/>
      </object_component>
      <object_component id="oc-58">
         <name>.debug_aranges</name>
         <load_address>0x340</load_address>
         <run_address>0x340</run_address>
         <size>0x110</size>
         <input_file_ref idref="fl-139"/>
      </object_component>
      <object_component id="oc-5d">
         <name>.debug_aranges</name>
         <load_address>0x450</load_address>
         <run_address>0x450</run_address>
         <size>0x28</size>
         <input_file_ref idref="fl-140"/>
      </object_component>
      <object_component id="oc-62">
         <name>.debug_aranges</name>
         <load_address>0x478</load_address>
         <run_address>0x478</run_address>
         <size>0x1e0</size>
         <input_file_ref idref="fl-136"/>
      </object_component>
      <object_component id="oc-66">
         <name>.debug_aranges</name>
         <load_address>0x658</load_address>
         <run_address>0x658</run_address>
         <size>0x28</size>
         <input_file_ref idref="fl-134"/>
      </object_component>
      <object_component id="oc-6a">
         <name>.debug_aranges</name>
         <load_address>0x680</load_address>
         <run_address>0x680</run_address>
         <size>0x28</size>
         <input_file_ref idref="fl-135"/>
      </object_component>
      <object_component id="oc-6f">
         <name>.debug_aranges</name>
         <load_address>0x6a8</load_address>
         <run_address>0x6a8</run_address>
         <size>0xe8</size>
         <input_file_ref idref="fl-137"/>
      </object_component>
      <object_component id="oc-73">
         <name>.debug_aranges</name>
         <load_address>0x790</load_address>
         <run_address>0x790</run_address>
         <size>0x28</size>
         <input_file_ref idref="fl-133"/>
      </object_component>
      <object_component id="oc-93">
         <name>.debug_aranges</name>
         <load_address>0x7b8</load_address>
         <run_address>0x7b8</run_address>
         <size>0x20</size>
         <input_file_ref idref="fl-13f"/>
      </object_component>
      <object_component id="oc-b1">
         <name>.debug_aranges</name>
         <load_address>0x7d8</load_address>
         <run_address>0x7d8</run_address>
         <size>0x88</size>
         <input_file_ref idref="fl-146"/>
      </object_component>
      <object_component id="oc-ca">
         <name>.debug_aranges</name>
         <load_address>0x860</load_address>
         <run_address>0x860</run_address>
         <size>0x88</size>
         <input_file_ref idref="fl-143"/>
      </object_component>
      <object_component id="oc-cf">
         <name>.debug_aranges</name>
         <load_address>0x8e8</load_address>
         <run_address>0x8e8</run_address>
         <size>0x100</size>
         <input_file_ref idref="fl-152"/>
      </object_component>
      <object_component id="oc-d4">
         <name>.debug_aranges</name>
         <load_address>0x9e8</load_address>
         <run_address>0x9e8</run_address>
         <size>0x30</size>
         <input_file_ref idref="fl-142"/>
      </object_component>
      <object_component id="oc-d9">
         <name>.debug_aranges</name>
         <load_address>0xa18</load_address>
         <run_address>0xa18</run_address>
         <size>0x180</size>
         <input_file_ref idref="fl-151"/>
      </object_component>
      <object_component id="oc-e8">
         <name>.debug_aranges</name>
         <load_address>0xb98</load_address>
         <run_address>0xb98</run_address>
         <size>0x50</size>
         <input_file_ref idref="fl-13b"/>
      </object_component>
      <object_component id="oc-11a">
         <name>.debug_aranges</name>
         <load_address>0xbe8</load_address>
         <run_address>0xbe8</run_address>
         <size>0x48</size>
         <input_file_ref idref="fl-153"/>
      </object_component>
      <object_component id="oc-11f">
         <name>.debug_aranges</name>
         <load_address>0xc30</load_address>
         <run_address>0xc30</run_address>
         <size>0x48</size>
         <input_file_ref idref="fl-147"/>
      </object_component>
      <object_component id="oc-143">
         <name>.debug_aranges</name>
         <load_address>0xc78</load_address>
         <run_address>0xc78</run_address>
         <size>0x268</size>
         <input_file_ref idref="fl-155"/>
      </object_component>
      <object_component id="oc-148">
         <name>.debug_aranges</name>
         <load_address>0xee0</load_address>
         <run_address>0xee0</run_address>
         <size>0x28</size>
         <input_file_ref idref="fl-154"/>
      </object_component>
      <object_component id="oc-14">
         <name>.debug_frame</name>
         <load_address>0x0</load_address>
         <run_address>0x0</run_address>
         <size>0xd3</size>
         <input_file_ref idref="fl-13e"/>
      </object_component>
      <object_component id="oc-23">
         <name>.debug_frame</name>
         <load_address>0xd3</load_address>
         <run_address>0xd3</run_address>
         <size>0x1f2</size>
         <input_file_ref idref="fl-2"/>
      </object_component>
      <object_component id="oc-3e">
         <name>.debug_frame</name>
         <load_address>0x2c5</load_address>
         <run_address>0x2c5</run_address>
         <size>0xeb</size>
         <input_file_ref idref="fl-138"/>
      </object_component>
      <object_component id="oc-43">
         <name>.debug_frame</name>
         <load_address>0x3b0</load_address>
         <run_address>0x3b0</run_address>
         <size>0x1a8</size>
         <input_file_ref idref="fl-13d"/>
      </object_component>
      <object_component id="oc-48">
         <name>.debug_frame</name>
         <load_address>0x558</load_address>
         <run_address>0x558</run_address>
         <size>0x114</size>
         <input_file_ref idref="fl-145"/>
      </object_component>
      <object_component id="oc-4d">
         <name>.debug_frame</name>
         <load_address>0x66c</load_address>
         <run_address>0x66c</run_address>
         <size>0x83</size>
         <input_file_ref idref="fl-144"/>
      </object_component>
      <object_component id="oc-52">
         <name>.debug_frame</name>
         <load_address>0x6ef</load_address>
         <run_address>0x6ef</run_address>
         <size>0x15e</size>
         <input_file_ref idref="fl-141"/>
      </object_component>
      <object_component id="oc-57">
         <name>.debug_frame</name>
         <load_address>0x84d</load_address>
         <run_address>0x84d</run_address>
         <size>0x327</size>
         <input_file_ref idref="fl-139"/>
      </object_component>
      <object_component id="oc-5c">
         <name>.debug_frame</name>
         <load_address>0xb74</load_address>
         <run_address>0xb74</run_address>
         <size>0x50</size>
         <input_file_ref idref="fl-140"/>
      </object_component>
      <object_component id="oc-61">
         <name>.debug_frame</name>
         <load_address>0xbc4</load_address>
         <run_address>0xbc4</run_address>
         <size>0x554</size>
         <input_file_ref idref="fl-136"/>
      </object_component>
      <object_component id="oc-6e">
         <name>.debug_frame</name>
         <load_address>0x1118</load_address>
         <run_address>0x1118</run_address>
         <size>0x2be</size>
         <input_file_ref idref="fl-137"/>
      </object_component>
      <object_component id="oc-b0">
         <name>.debug_frame</name>
         <load_address>0x13d6</load_address>
         <run_address>0x13d6</run_address>
         <size>0x1c1</size>
         <input_file_ref idref="fl-146"/>
      </object_component>
      <object_component id="oc-c9">
         <name>.debug_frame</name>
         <load_address>0x1597</load_address>
         <run_address>0x1597</run_address>
         <size>0x12e</size>
         <input_file_ref idref="fl-143"/>
      </object_component>
      <object_component id="oc-ce">
         <name>.debug_frame</name>
         <load_address>0x16c5</load_address>
         <run_address>0x16c5</run_address>
         <size>0x2ca</size>
         <input_file_ref idref="fl-152"/>
      </object_component>
      <object_component id="oc-d3">
         <name>.debug_frame</name>
         <load_address>0x198f</load_address>
         <run_address>0x198f</run_address>
         <size>0x67</size>
         <input_file_ref idref="fl-142"/>
      </object_component>
      <object_component id="oc-d8">
         <name>.debug_frame</name>
         <load_address>0x19f6</load_address>
         <run_address>0x19f6</run_address>
         <size>0x43e</size>
         <input_file_ref idref="fl-151"/>
      </object_component>
      <object_component id="oc-e7">
         <name>.debug_frame</name>
         <load_address>0x1e34</load_address>
         <run_address>0x1e34</run_address>
         <size>0x115</size>
         <input_file_ref idref="fl-13b"/>
      </object_component>
      <object_component id="oc-119">
         <name>.debug_frame</name>
         <load_address>0x1f49</load_address>
         <run_address>0x1f49</run_address>
         <size>0xd0</size>
         <input_file_ref idref="fl-153"/>
      </object_component>
      <object_component id="oc-11e">
         <name>.debug_frame</name>
         <load_address>0x2019</load_address>
         <run_address>0x2019</run_address>
         <size>0xd0</size>
         <input_file_ref idref="fl-147"/>
      </object_component>
      <object_component id="oc-142">
         <name>.debug_frame</name>
         <load_address>0x20e9</load_address>
         <run_address>0x20e9</run_address>
         <size>0x77c</size>
         <input_file_ref idref="fl-155"/>
      </object_component>
      <object_component id="oc-147">
         <name>.debug_frame</name>
         <load_address>0x2865</load_address>
         <run_address>0x2865</run_address>
         <size>0x56</size>
         <input_file_ref idref="fl-154"/>
      </object_component>
      <object_component id="oc-16">
         <name>.debug_abbrev</name>
         <load_address>0x0</load_address>
         <run_address>0x0</run_address>
         <size>0x42</size>
         <input_file_ref idref="fl-13a"/>
      </object_component>
      <object_component id="oc-1f">
         <name>.debug_abbrev</name>
         <load_address>0x42</load_address>
         <run_address>0x42</run_address>
         <size>0x77</size>
         <input_file_ref idref="fl-148"/>
      </object_component>
      <object_component id="oc-2d">
         <name>.debug_abbrev</name>
         <load_address>0xb9</load_address>
         <run_address>0xb9</run_address>
         <size>0xb8</size>
         <input_file_ref idref="fl-13e"/>
      </object_component>
      <object_component id="oc-2f">
         <name>.debug_abbrev</name>
         <load_address>0x171</load_address>
         <run_address>0x171</run_address>
         <size>0x23</size>
         <input_file_ref idref="fl-138"/>
      </object_component>
      <object_component id="oc-38">
         <name>.debug_abbrev</name>
         <load_address>0x194</load_address>
         <run_address>0x194</run_address>
         <size>0xa2</size>
         <input_file_ref idref="fl-14a"/>
      </object_component>
      <object_component id="oc-3a">
         <name>.debug_abbrev</name>
         <load_address>0x236</load_address>
         <run_address>0x236</run_address>
         <size>0x51</size>
         <input_file_ref idref="fl-14c"/>
      </object_component>
      <object_component id="oc-7c">
         <name>.debug_abbrev</name>
         <load_address>0x287</load_address>
         <run_address>0x287</run_address>
         <size>0x14d</size>
         <input_file_ref idref="fl-2"/>
      </object_component>
      <object_component id="oc-7e">
         <name>.debug_abbrev</name>
         <load_address>0x3d4</load_address>
         <run_address>0x3d4</run_address>
         <size>0x4b</size>
         <input_file_ref idref="fl-2"/>
      </object_component>
      <object_component id="oc-83">
         <name>.debug_abbrev</name>
         <load_address>0x41f</load_address>
         <run_address>0x41f</run_address>
         <size>0x23</size>
         <input_file_ref idref="fl-2"/>
      </object_component>
      <object_component id="oc-89">
         <name>.debug_abbrev</name>
         <load_address>0x442</load_address>
         <run_address>0x442</run_address>
         <size>0x49</size>
         <input_file_ref idref="fl-2"/>
      </object_component>
      <object_component id="oc-8d">
         <name>.debug_abbrev</name>
         <load_address>0x48b</load_address>
         <run_address>0x48b</run_address>
         <size>0x42</size>
         <input_file_ref idref="fl-13c"/>
      </object_component>
      <object_component id="oc-8e">
         <name>.debug_abbrev</name>
         <load_address>0x4cd</load_address>
         <run_address>0x4cd</run_address>
         <size>0x29</size>
         <input_file_ref idref="fl-13e"/>
      </object_component>
      <object_component id="oc-94">
         <name>.debug_abbrev</name>
         <load_address>0x4f6</load_address>
         <run_address>0x4f6</run_address>
         <size>0x27</size>
         <input_file_ref idref="fl-13e"/>
      </object_component>
      <object_component id="oc-96">
         <name>.debug_abbrev</name>
         <load_address>0x51d</load_address>
         <run_address>0x51d</run_address>
         <size>0x7e</size>
         <input_file_ref idref="fl-13e"/>
      </object_component>
      <object_component id="oc-98">
         <name>.debug_abbrev</name>
         <load_address>0x59b</load_address>
         <run_address>0x59b</run_address>
         <size>0x4e</size>
         <input_file_ref idref="fl-14d"/>
      </object_component>
      <object_component id="oc-99">
         <name>.debug_abbrev</name>
         <load_address>0x5e9</load_address>
         <run_address>0x5e9</run_address>
         <size>0x85</size>
         <input_file_ref idref="fl-14a"/>
      </object_component>
      <object_component id="oc-9c">
         <name>.debug_abbrev</name>
         <load_address>0x66e</load_address>
         <run_address>0x66e</run_address>
         <size>0x24</size>
         <input_file_ref idref="fl-14a"/>
      </object_component>
      <object_component id="oc-a1">
         <name>.debug_abbrev</name>
         <load_address>0x692</load_address>
         <run_address>0x692</run_address>
         <size>0x23</size>
         <input_file_ref idref="fl-14a"/>
      </object_component>
      <object_component id="oc-a6">
         <name>.debug_abbrev</name>
         <load_address>0x6b5</load_address>
         <run_address>0x6b5</run_address>
         <size>0x4b</size>
         <input_file_ref idref="fl-14a"/>
      </object_component>
      <object_component id="oc-aa">
         <name>.debug_abbrev</name>
         <load_address>0x700</load_address>
         <run_address>0x700</run_address>
         <size>0x99</size>
         <input_file_ref idref="fl-138"/>
      </object_component>
      <object_component id="oc-ac">
         <name>.debug_abbrev</name>
         <load_address>0x799</load_address>
         <run_address>0x799</run_address>
         <size>0x7a</size>
         <input_file_ref idref="fl-13d"/>
      </object_component>
      <object_component id="oc-b4">
         <name>.debug_abbrev</name>
         <load_address>0x813</load_address>
         <run_address>0x813</run_address>
         <size>0x156</size>
         <input_file_ref idref="fl-145"/>
[...]
      </symbol>
      <symbol id="sm-9b4">
         <name>I2CMasterEnable</name>
         <value>0x800063e4</value>
         <object_component_ref idref="oc-d5"/>
      </symbol>
      <symbol id="sm-9b5">
         <name>I2CMasterIntStatusEx</name>
         <value>0x80006578</value>
         <object_component_ref idref="oc-d5"/>
      </symbol>
      <symbol id="sm-9b6">
         <name>I2CSystemStatusGet</name>
         <value>0x80006cb4</value>
         <object_component_ref idref="oc-d5"/>
      </symbol>
      <symbol id="sm-9b7">
         <name>I2CContextSave</name>
         <value>0x80006d10</value>
         <object_component_ref idref="oc-d5"/>
      </symbol>
      <symbol id="sm-9b8">
         <name>I2CMasterDisable</name>
         <value>0x80006408</value>
         <object_component_ref idref="oc-d5"/>
      </symbol>
      <symbol id="sm-9b9">
         <name>I2CGlobalWakeUpDisable</name>
         <value>0x80006af8</value>
         <object_component_ref idref="oc-d5"/>
      </symbol>
      <symbol id="sm-9ba">
         <name>I2CIdleModeSelect</name>
         <value>0x80006b1c</value>
         <object_component_ref idref="oc-d5"/>
      </symbol>
      <symbol id="sm-a0d">
         <name>GPIOMultiplePinsRead</name>
         <value>0x800059dc</value>
         <object_component_ref idref="oc-cb"/>
      </symbol>
      <symbol id="sm-a0e">
         <name>GPIOAutoIdleModeControl</name>
         <value>0x80006188</value>
         <object_component_ref idref="oc-cb"/>
      </symbol>
      <symbol id="sm-a0f">
         <name>GPIOPinIntWakeUpEnable</name>
         <value>0x800060c8</value>
         <object_component_ref idref="oc-cb"/>
      </symbol>
      <symbol id="sm-a10">
         <name>GPIOPinIntClear</name>
         <value>0x80005f84</value>
         <object_component_ref idref="oc-cb"/>
      </symbol>
      <symbol id="sm-a11">
         <name>GPIOModuleEnable</name>
         <value>0x8000584c</value>
         <object_component_ref idref="oc-cb"/>
      </symbol>
      <symbol id="sm-a12">
         <name>GPIOTriggerPinInt</name>
         <value>0x80006030</value>
         <object_component_ref idref="oc-cb"/>
      </symbol>
      <symbol id="sm-a13">
         <name>GPIODirModeGet</name>
         <value>0x800058f4</value>
         <object_component_ref idref="oc-cb"/>
      </symbol>
      <symbol id="sm-a14">
         <name>GPIOPinIntWakeUpDisable</name>
         <value>0x80006128</value>
         <object_component_ref idref="oc-cb"/>
      </symbol>
      <symbol id="sm-a15">
         <name>GPIOPinIntDisable</name>
         <value>0x80005a50</value>
         <object_component_ref idref="oc-cb"/>
      </symbol>
      <symbol id="sm-a16">
         <name>GPIOIntTypeSet</name>
         <value>0x80005aa0</value>
         <object_component_ref idref="oc-cb"/>
      </symbol>
      <symbol id="sm-a17">
         <name>GPIODebounceFuncControl</name>
         <value>0x80006254</value>
         <object_component_ref idref="oc-cb"/>
      </symbol>
      <symbol id="sm-a18">
         <name>GPIOPinIntEnable</name>
         <value>0x80005a00</value>
         <object_component_ref idref="oc-cb"/>
      </symbol>
      <symbol id="sm-a19">
         <name>GPIOGatingRatioConfigure</name>
         <value>0x80006210</value>
         <object_component_ref idref="oc-cb"/>
      </symbol>
      <symbol id="sm-a1a">
         <name>GPIODebounceTimeConfig</name>
         <value>0x800062a4</value>
         <object_component_ref idref="oc-cb"/>
      </symbol>
      <symbol id="sm-a1b">
         <name>GPIOMultiplePinsWrite</name>
         <value>0x800059ac</value>
         <object_component_ref idref="oc-cb"/>
      </symbol>
      <symbol id="sm-a1c">
         <name>GPIOIntTypeGet</name>
         <value>0x80005e40</value>
         <object_component_ref idref="oc-cb"/>
      </symbol>
      <symbol id="sm-a1d">
         <name>GPIOPinRead</name>
         <value>0x80005984</value>
         <object_component_ref idref="oc-cb"/>
      </symbol>
      <symbol id="sm-a1e">
         <name>GPIODirModeSet</name>
         <value>0x80005894</value>
         <object_component_ref idref="oc-cb"/>
      </symbol>
      <symbol id="sm-a1f">
         <name>gpioContextRestore</name>
         <value>0x80006324</value>
         <object_component_ref idref="oc-cb"/>
      </symbol>
      <symbol id="sm-a20">
         <name>GPIORevisionInfoGet</name>
         <value>0x800062c8</value>
         <object_component_ref idref="oc-cb"/>
      </symbol>
      <symbol id="sm-a21">
         <name>GPIOIdleModeConfigure</name>
         <value>0x800061cc</value>
         <object_component_ref idref="oc-cb"/>
      </symbol>
      <symbol id="sm-a22">
         <name>GPIOPinWrite</name>
         <value>0x80005934</value>
         <object_component_ref idref="oc-cb"/>
      </symbol>
      <symbol id="sm-a23">
         <name>GPIOModuleDisable</name>
         <value>0x80005870</value>
         <object_component_ref idref="oc-cb"/>
      </symbol>
      <symbol id="sm-a24">
         <name>GPIORawIntStatus</name>
         <value>0x80005fd4</value>
         <object_component_ref idref="oc-cb"/>
      </symbol>
      <symbol id="sm-a25">
         <name>GPIOPinIntStatus</name>
         <value>0x80005f20</value>
         <object_component_ref idref="oc-cb"/>
      </symbol>
      <symbol id="sm-a26">
         <name>GPIOWakeupGlobalEnable</name>
         <value>0x80006080</value>
         <object_component_ref idref="oc-cb"/>
      </symbol>
      <symbol id="sm-a27">
         <name>GPIOWakeupGlobalDisable</name>
         <value>0x800060a4</value>
         <object_component_ref idref="oc-cb"/>
      </symbol>
      <symbol id="sm-a28">
         <name>GPIOModuleReset</name>
         <value>0x80005818</value>
         <object_component_ref idref="oc-cb"/>
      </symbol>
      <symbol id="sm-a29">
         <name>gpioContextSave</name>
         <value>0x800062e0</value>
         <object_component_ref idref="oc-cb"/>
      </symbol>
      <symbol id="sm-a3f">
         <name>UARTConsoleGetc</name>
         <value>0x800096a0</value>
         <object_component_ref idref="oc-116"/>
      </symbol>
      <symbol id="sm-a40">
         <name>UARTConsolePutc</name>
         <value>0x80009688</value>
         <object_component_ref idref="oc-116"/>
      </symbol>
      <symbol id="sm-a41">
         <name>UARTConsoleInit</name>
         <value>0x80009664</value>
         <object_component_ref idref="oc-116"/>
      </symbol>
      <symbol id="sm-a5c">
         <name>UART0ModuleClkConfig</name>
         <value>0x80009ef8</value>
         <object_component_ref idref="oc-144"/>
      </symbol>
      <symbol id="sm-a5d">
         <name>UARTPinMuxSetup</name>
         <value>0x80009eb0</value>
         <object_component_ref idref="oc-144"/>
      </symbol>
      <symbol id="sm-ae3">
         <name>UARTAutobaudWordLenGet</name>
         <value>0x80001c40</value>
         <object_component_ref idref="oc-13f"/>
      </symbol>
      <symbol id="sm-ae4">
         <name>UARTDivisorLatchDisable</name>
         <value>0x80000398</value>
         <object_component_ref idref="oc-13f"/>
      </symbol>
      <symbol id="sm-ae5">
         <name>UARTCharPutNonBlocking</name>
         <value>0x800010d0</value>
         <object_component_ref idref="oc-13f"/>
      </symbol>
      <symbol id="sm-ae6">
         <name>UARTDMAEnable</name>
         <value>0x80000934</value>
         <object_component_ref idref="oc-13f"/>
      </symbol>
      <symbol id="sm-ae7">
         <name>UARTXON1XOFF1ValProgram</name>
         <value>0x800017a0</value>
         <object_component_ref idref="oc-13f"/>
      </symbol>
      <symbol id="sm-ae8">
         <name>UARTScratchPadRegWrite</name>
         <value>0x80001cd8</value>
         <object_component_ref idref="oc-13f"/>
      </symbol>
      <symbol id="sm-ae9">
         <name>UARTPulseShapingControl</name>
         <value>0x8000160c</value>
         <object_component_ref idref="oc-13f"/>
      </symbol>
      <symbol id="sm-aea">
         <name>UARTSubConfigXOFFModeEn</name>
         <value>0x80000cc8</value>
         <object_component_ref idref="oc-13f"/>
      </symbol>
      <symbol id="sm-aeb">
         <name>UARTModemStatusChangeCheck</name>
         <value>0x80001984</value>
         <object_component_ref idref="oc-13f"/>
      </symbol>
      <symbol id="sm-aec">
         <name>UARTFIFOTrigLvlGranControl</name>
         <value>0x80001a18</value>
         <object_component_ref idref="oc-13f"/>
      </symbol>
      <symbol id="sm-aed">
         <name>UARTDivisorValCompute</name>
         <value>0x80000134</value>
         <object_component_ref idref="oc-13f"/>
      </symbol>
      <symbol id="sm-aee">
         <name>UARTIntPendingStatusGet</name>
         <value>0x80001410</value>
         <object_component_ref idref="oc-13f"/>
      </symbol>
      <symbol id="sm-aef">
         <name>UARTModuleReset</name>
         <value>0x80001650</value>
         <object_component_ref idref="oc-13f"/>
      </symbol>
      <symbol id="sm-af0">
         <name>UARTAutobaudParityGet</name>
         <value>0x80001bf4</value>
         <object_component_ref idref="oc-13f"/>
      </symbol>
      <symbol id="sm-af1">
         <name>UARTTCRTLRBitValRestore</name>
         <value>0x80000da0</value>
         <object_component_ref idref="oc-13f"/>
      </symbol>
      <symbol id="sm-af2">
         <name>UARTIntIdentityGet</name>
         <value>0x800013c4</value>
         <object_component_ref idref="oc-13f"/>
      </symbol>
      <symbol id="sm-af3">
         <name>UARTCharGetTimeout</name>
         <value>0x800011ec</value>
         <object_component_ref idref="oc-13f"/>
      </symbol>
      <symbol id="sm-af4">
         <name>UARTEnhanFuncBitValRestore</name>
         <value>0x80000ab4</value>
         <object_component_ref idref="oc-13f"/>
      </symbol>
      <symbol id="sm-af5">
         <name>UARTModemControlSet</name>
         <value>0x80001908</value>
         <object_component_ref idref="oc-13f"/>
      </symbol>
      <symbol id="sm-af6">
         <name>UARTSubConfigTCRTLRModeEn</name>
         <value>0x80000bf0</value>
         <object_component_ref idref="oc-13f"/>
      </symbol>
      <symbol id="sm-af7">
         <name>UARTLoopbackModeControl</name>
         <value>0x800018c4</value>
         <object_component_ref idref="oc-13f"/>
      </symbol>
      <symbol id="sm-af8">
         <name>UARTIdleModeConfigure</name>
         <value>0x80001684</value>
         <object_component_ref idref="oc-13f"/>
      </symbol>
      <symbol id="sm-af9">
         <name>UARTDivisorLatchEnable</name>
         <value>0x80000374</value>
         <object_component_ref idref="oc-13f"/>
      </symbol>
      <symbol id="sm-afa">
         <name>UARTFIFOCharGet</name>
         <value>0x800012f0</value>
         <object_component_ref idref="oc-13f"/>
      </symbol>
      <symbol id="sm-afb">
         <name>UARTFIFOWrite</name>
         <value>0x8000130c</value>
         <object_component_ref idref="oc-13f"/>
      </symbol>
      <symbol id="sm-afc">
         <name>UARTWakeUpEventsEnable</name>
         <value>0x800019b8</value>
         <object_component_ref idref="oc-13f"/>
      </symbol>
      <symbol id="sm-afd">
         <name>UARTSpecialCharDetectControl</name>
         <value>0x80001544</value>
         <object_component_ref idref="oc-13f"/>
      </symbol>
      <symbol id="sm-afe">
         <name>UARTDivisorLatchWrite</name>
         <value>0x800001f0</value>
         <object_component_ref idref="oc-13f"/>
      </symbol>
      <symbol id="sm-aff">
         <name>UARTWakeUpEventsDisable</name>
         <value>0x800019e8</value>
         <object_component_ref idref="oc-13f"/>
      </symbol>
      <symbol id="sm-b00">
         <name>UARTScratchPadRegRead</name>
         <value>0x80001d1c</value>
         <object_component_ref idref="oc-13f"/>
      </symbol>
      <symbol id="sm-b01">
         <name>UARTModuleVersionNumberGet</name>
         <value>0x80001d38</value>
         <object_component_ref idref="oc-13f"/>
      </symbol>
      <symbol id="sm-b02">
         <name>UARTRXCTSDSRWakeUpConfigure</name>
         <value>0x80001b04</value>
         <object_component_ref idref="oc-13f"/>
      </symbol>
      <symbol id="sm-b03">
         <name>UARTEnhanFuncEnable</name>
         <value>0x80000a54</value>
         <object_component_ref idref="oc-13f"/>
      </symbol>
      <symbol id="sm-b04">
         <name>UARTTxFIFOLevelGet</name>
         <value>0x80001bc4</value>
         <object_component_ref idref="oc-13f"/>
      </symbol>
      <symbol id="sm-b05">
         <name>UARTOperatingModeSelect</name>
         <value>0x800000d4</value>
         <object_component_ref idref="oc-13f"/>
      </symbol>
      <symbol id="sm-b06">
         <name>UARTXON2XOFF2ValProgram</name>
         <value>0x800017d0</value>
         <object_component_ref idref="oc-13f"/>
      </symbol>
      <symbol id="sm-b07">
         <name>UARTLineCharacConfig</name>
         <value>0x80000498</value>
         <object_component_ref idref="oc-13f"/>
      </symbol>
      <symbol id="sm-b08">
         <name>UARTIntEnable</name>
         <value>0x80000e7c</value>
         <object_component_ref idref="oc-13f"/>
      </symbol>
      <symbol id="sm-b09">
         <name>UARTCharsAvail</name>
         <value>0x8000107c</value>
         <object_component_ref idref="oc-13f"/>
      </symbol>
      <symbol id="sm-b0a">
         <name>UARTRxFIFOLevelGet</name>
         <value>0x80001bdc</value>
         <object_component_ref idref="oc-13f"/>
      </symbol>
      <symbol id="sm-b0b">
         <name>UARTFlowCtrlTrigLvlConfig</name>
         <value>0x80001750</value>
         <object_component_ref idref="oc-13f"/>
      </symbol>
      <symbol id="sm-b0c">
         <name>UARTCharGetNonBlocking</name>
         <value>0x8000113c</value>
         <object_component_ref idref="oc-13f"/>
      </symbol>
      <symbol id="sm-b0d">
         <name>UARTDMACounterResetControl</name>
         <value>0x80001b64</value>
         <object_component_ref idref="oc-13f"/>
      </symbol>
      <symbol id="sm-b0e">
         <name>UARTModemStatusGet</name>
         <value>0x80001968</value>
         <object_component_ref idref="oc-13f"/>
      </symbol>
      <symbol id="sm-b0f">
         <name>UARTAutoRTSAutoCTSControl</name>
         <value>0x800014b8</value>
         <object_component_ref idref="oc-13f"/>
      </symbol>
      <symbol id="sm-b10">
         <name>UARTFIFORegisterWrite</name>
         <value>0x800009c8</value>
         <object_component_ref idref="oc-13f"/>
      </symbol>
      <symbol id="sm-b11">
         <name>UARTDSRInterruptControl</name>
         <value>0x80001a7c</value>
         <object_component_ref idref="oc-13f"/>
      </symbol>
      <symbol id="sm-b12">
         <name>UARTIntDisable</name>
         <value>0x80000f60</value>
         <object_component_ref idref="oc-13f"/>
      </symbol>
      <symbol id="sm-b13">
         <name>UARTCharPut</name>
         <value>0x8000127c</value>
         <object_component_ref idref="oc-13f"/>
      </symbol>
      <symbol id="sm-b14">
         <name>UARTTxDMAThresholdControl</name>
         <value>0x80001d54</value>
         <object_component_ref idref="oc-13f"/>
      </symbol>
      <symbol id="sm-b15">
         <name>UARTParityModeSet</name>
         <value>0x80000510</value>
         <object_component_ref idref="oc-13f"/>
      </symbol>
      <symbol id="sm-b16">
         <name>UARTAutoIdleModeControl</name>
         <value>0x8000170c</value>
         <object_component_ref idref="oc-13f"/>
      </symbol>
      <symbol id="sm-b17">
         <name>UARTRxErrorGet</name>
         <value>0x80001378</value>
         <object_component_ref idref="oc-13f"/>
      </symbol>
      <symbol id="sm-b18">
         <name>UARTFIFOEnableStatusGet</name>
         <value>0x80001464</value>
         <object_component_ref idref="oc-13f"/>
      </symbol>
      <symbol id="sm-b19">
         <name>UARTXONAnyFeatureControl</name>
         <value>0x80001800</value>
         <object_component_ref idref="oc-13f"/>
      </symbol>
      <symbol id="sm-b1a">
         <name>UARTFIFOCharPut</name>
         <value>0x800012d0</value>
         <object_component_ref idref="oc-13f"/>
      </symbol>
      <symbol id="sm-b1b">
         <name>UARTSubConfigMSRSPRModeEn</name>
         <value>0x80000b18</value>
         <object_component_ref idref="oc-13f"/>
      </symbol>
      <symbol id="sm-b1c">
         <name>UARTDMADisable</name>
         <value>0x80000990</value>
         <object_component_ref idref="oc-13f"/>
      </symbol>
      <symbol id="sm-b1d">
         <name>UARTTxFIFOFullStatusGet</name>
         <value>0x80001ba8</value>
         <object_component_ref idref="oc-13f"/>
      </symbol>
      <symbol id="sm-b1e">
         <name>UARTFIFOConfig</name>
         <value>0x80000570</value>
         <object_component_ref idref="oc-13f"/>
      </symbol>
      <symbol id="sm-b1f">
         <name>UARTTxDMAThresholdValConfig</name>
         <value>0x80001d98</value>
         <object_component_ref idref="oc-13f"/>
      </symbol>
      <symbol id="sm-b20">
         <name>UARTWakeUpControl</name>
         <value>0x800016c8</value>
         <object_component_ref idref="oc-13f"/>
      </symbol>
      <symbol id="sm-b21">
         <name>UARTResumeOperation</name>
         <value>0x800019a0</value>
         <object_component_ref idref="oc-13f"/>
      </symbol>
      <symbol id="sm-b22">
         <name>UARTRegConfModeRestore</name>
         <value>0x80000434</value>
         <object_component_ref idref="oc-13f"/>
      </symbol>
      <symbol id="sm-b23">
         <name>UARTSpaceAvail</name>
         <value>0x80001028</value>
         <object_component_ref idref="oc-13f"/>
      </symbol>
      <symbol id="sm-b24">
         <name>UARTAutobaudSpeedGet</name>
         <value>0x80001c8c</value>
         <object_component_ref idref="oc-13f"/>
      </symbol>
      <symbol id="sm-b25">
         <name>UARTCharGet</name>
         <value>0x80001194</value>
         <object_component_ref idref="oc-13f"/>
      </symbol>
      <symbol id="sm-b26">
         <name>UARTSoftwareFlowCtrlOptSet</name>
         <value>0x800015a8</value>
         <object_component_ref idref="oc-13f"/>
      </symbol>
      <symbol id="sm-b27">
         <name>UARTModemControlClear</name>
         <value>0x80001938</value>
         <object_component_ref idref="oc-13f"/>
      </symbol>
      <symbol id="sm-b28">
         <name>UARTRegConfigModeEnable</name>
         <value>0x800003bc</value>
         <object_component_ref idref="oc-13f"/>
      </symbol>
      <symbol id="sm-b29">
         <name>UARTRXCTSDSRTransitionStatusGet</name>
         <value>0x80001b48</value>
         <object_component_ref idref="oc-13f"/>
      </symbol>
      <symbol id="sm-b2a">
         <name>UARTTxEmptyIntControl</name>
         <value>0x80001ac0</value>
         <object_component_ref idref="oc-13f"/>
      </symbol>
      <symbol id="sm-b2b">
         <name>UARTParityModeGet</name>
         <value>0x80000554</value>
         <object_component_ref idref="oc-13f"/>
      </symbol>
      <symbol id="sm-b2c">
         <name>UARTBreakCtl</name>
         <value>0x80000454</value>
         <object_component_ref idref="oc-13f"/>
      </symbol>
   </symbol_table>
</link_info>
