Archive member included because of file (symbol)

../../../../../..//binary/armv7a/gcc/am335x/drivers/Debug/libdrivers.a(hsi2c.o)
                              Debug/rtcClock.o (I2CMasterInitExpClk)
../../../../../..//binary/armv7a/gcc/am335x/drivers/Debug/libdrivers.a(rtc.o)
                              Debug/rtcClock.o (RTCRun)
../../../../../..//binary/armv7a/gcc/utils/Debug/libutils.a(consoleUtils.o)
                              Debug/rtcClock.o (ConsoleUtilsInit)
../../../../../..//binary/armv7a/gcc/utils/Debug/libutils.a(uartStdio.o)
                              ../../../../../..//binary/armv7a/gcc/utils/Debug/libutils.a(consoleUtils.o) (UARTStdioInit)
../../../../../..//binary/armv7a/gcc/utils/Debug/libutils.a(ascii.o)
                              ../../../../../..//binary/armv7a/gcc/utils/Debug/libutils.a(uartStdio.o) (ASCIIToDigit)
../../../../../..//binary/armv7a/gcc/am335x/ok335xd/platform/Debug/libplatform.a(hsi2c.o)
                              Debug/rtcClock.o (I2CPinMuxSetup)
../../../../../..//binary/armv7a/gcc/am335x/ok335xd/platform/Debug/libplatform.a(rtc.o)
                              ../../../../../..//binary/armv7a/gcc/am335x/drivers/Debug/libdrivers.a(rtc.o) (RtcVersionGet)
../../../../../..//binary/armv7a/gcc/am335x/ok335xd/platform/Debug/libplatform.a(uartConsole.o)
                              ../../../../../..//binary/armv7a/gcc/utils/Debug/libutils.a(uartStdio.o) (UARTConsoleInit)
../../../../../..//binary/armv7a/gcc/am335x/ok335xd/platform/Debug/libplatform.a(uart.o)
                              ../../../../../..//binary/armv7a/gcc/am335x/ok335xd/platform/Debug/libplatform.a(uartConsole.o) (UARTPinMuxSetup)
../../../../../..//binary/armv7a/gcc/am335x/system_config/Debug/libsystem_config.a(cache.o)
                              Debug/rtcClock.o (CacheEnable)
../../../../../..//binary/armv7a/gcc/am335x/system_config/Debug/libsystem_config.a(cp15.o)
                              ../../../../../..//binary/armv7a/gcc/am335x/system_config/Debug/libsystem_config.a(cache.o) (CP15ICacheDisable)
../../../../../..//binary/armv7a/gcc/am335x/system_config/Debug/libsystem_config.a(init.o)
                              (Entry)
../../../../../..//binary/armv7a/gcc/am335x/system_config/Debug/libsystem_config.a(interrupt.o)
                              Debug/rtcClock.o (IntRegister)
../../../../../..//binary/armv7a/gcc/am335x/system_config/Debug/libsystem_config.a(mmu.o)
                              Debug/rtcClock.o (MMUInit)
../../../../../..//binary/armv7a/gcc/am335x/system_config/Debug/libsystem_config.a(startup.o)
                              ../../../../../..//binary/armv7a/gcc/am335x/system_config/Debug/libsystem_config.a(init.o) (start_boot)
../../../../../..//binary/armv7a/gcc/am335x/system_config/Debug/libsystem_config.a(cpu.o)
                              ../../../../../..//binary/armv7a/gcc/am335x/system_config/Debug/libsystem_config.a(interrupt.o) (CPUIntStatus)
../../../../../..//binary/armv7a/gcc/am335x/system_config/Debug/libsystem_config.a(exceptionhandler.o)
                              ../../../../../..//binary/armv7a/gcc/am335x/system_config/Debug/libsystem_config.a(startup.o) (IRQHandler)
/opt/gcc-arm-none-eabi-4_7-2013q1/lib/gcc/arm-none-eabi/4.7.3//libgcc.a(_udivsi3.o)
                              (__aeabi_uidiv)
/opt/gcc-arm-none-eabi-4_7-2013q1/lib/gcc/arm-none-eabi/4.7.3//libgcc.a(_divsi3.o)
                              (__aeabi_idiv)
/opt/gcc-arm-none-eabi-4_7-2013q1/lib/gcc/arm-none-eabi/4.7.3//libgcc.a(_dvmd_tls.o)
                              /opt/gcc-arm-none-eabi-4_7-2013q1/lib/gcc/arm-none-eabi/4.7.3//libgcc.a(_udivsi3.o) (__aeabi_idiv0)
../../../../../..//binary/armv7a/gcc/am335x/drivers/Debug/libdrivers.a(uart_irda_cir.o)
                              ../../../../../..//binary/armv7a/gcc/am335x/ok335xd/platform/Debug/libplatform.a(uartConsole.o) (UARTOperatingModeSelect)

Allocating common symbols
Common symbol       size              file

dataToSlave         0x2               Debug/rtcClock.o
numBytesRead        0x4               Debug/rtcClock.o
rxCount             0x4               Debug/rtcClock.o
numOfBytes          0x4               Debug/rtcClock.o
txCount             0x4               Debug/rtcClock.o
fnRAMVectors        0x200             ../../../../../..//binary/armv7a/gcc/am335x/system_config/Debug/libsystem_config.a(interrupt.o)
busFreq             0x4               Debug/rtcClock.o
dataFromSlave       0x3               Debug/rtcClock.o

Discarded input sections

 .text          0x00000000        0x0 Debug/rtcClock.o
 .data          0x00000000        0x0 Debug/rtcClock.o
 .bss           0x00000000        0x0 Debug/rtcClock.o
 .text          0x00000000        0x0 ../../../../../..//binary/armv7a/gcc/am335x/drivers/Debug/libdrivers.a(hsi2c.o)
 .data          0x00000000        0x0 ../../../../../..//binary/armv7a/gcc/am335x/drivers/Debug/libdrivers.a(hsi2c.o)
 .bss           0x00000000        0x0 ../../../../../..//binary/armv7a/gcc/am335x/drivers/Debug/libdrivers.a(hsi2c.o)
 .text.I2CMasterErr
                0x00000000       0x3c ../../../../../..//binary/armv7a/gcc/am335x/drivers/Debug/libdrivers.a(hsi2c.o)
 .text.I2CMasterIntStatusEx
                0x00000000       0x38 ../../../../../..//binary/armv7a/gcc/am335x/drivers/Debug/libdrivers.a(hsi2c.o)
 .text.I2CMasterIntRawStatusEx
                0x00000000       0x38 ../../../../../..//binary/armv7a/gcc/am335x/drivers/Debug/libdrivers.a(hsi2c.o)
 .text.I2CMasterIntRawStatusClearEx
                0x00000000       0x30 ../../../../../..//binary/armv7a/gcc/am335x/drivers/Debug/libdrivers.a(hsi2c.o)
 .text.I2CMasterSlaveAddrGet
                0x00000000       0x38 ../../../../../..//binary/armv7a/gcc/am335x/drivers/Debug/libdrivers.a(hsi2c.o)
 .text.I2CFIFOThresholdConfig
                0x00000000       0xb0 ../../../../../..//binary/armv7a/gcc/am335x/drivers/Debug/libdrivers.a(hsi2c.o)
 .text.I2CFIFOClear
                0x00000000       0x68 ../../../../../..//binary/armv7a/gcc/am335x/drivers/Debug/libdrivers.a(hsi2c.o)
 .text.I2CDMATxEventEnable
                0x00000000       0x48 ../../../../../..//binary/armv7a/gcc/am335x/drivers/Debug/libdrivers.a(hsi2c.o)
 .text.I2CDMARxEventEnable
                0x00000000       0x48 ../../../../../..//binary/armv7a/gcc/am335x/drivers/Debug/libdrivers.a(hsi2c.o)
 .text.I2CDMATxEventDisable
                0x00000000       0x48 ../../../../../..//binary/armv7a/gcc/am335x/drivers/Debug/libdrivers.a(hsi2c.o)
 .text.I2CDMARxEventDisable
                0x00000000       0x48 ../../../../../..//binary/armv7a/gcc/am335x/drivers/Debug/libdrivers.a(hsi2c.o)
 .text.I2CBufferStatus
                0x00000000       0xa4 ../../../../../..//binary/armv7a/gcc/am335x/drivers/Debug/libdrivers.a(hsi2c.o)
 .text.I2CActiveOwnAddressGet
                0x00000000       0xc4 ../../../../../..//binary/armv7a/gcc/am335x/drivers/Debug/libdrivers.a(hsi2c.o)
 .text.I2CClockBlockingControl
                0x00000000      0x124 ../../../../../..//binary/armv7a/gcc/am335x/drivers/Debug/libdrivers.a(hsi2c.o)
 .text.I2COwnAddressSet
                0x00000000       0x84 ../../../../../..//binary/armv7a/gcc/am335x/drivers/Debug/libdrivers.a(hsi2c.o)
 .text.I2CSoftReset
                0x00000000       0x38 ../../../../../..//binary/armv7a/gcc/am335x/drivers/Debug/libdrivers.a(hsi2c.o)
 .text.I2CAutoIdleEnable
                0x00000000       0x38 ../../../../../..//binary/armv7a/gcc/am335x/drivers/Debug/libdrivers.a(hsi2c.o)
 .text.I2CGlobalWakeUpEnable
                0x00000000       0x38 ../../../../../..//binary/armv7a/gcc/am335x/drivers/Debug/libdrivers.a(hsi2c.o)
 .text.I2CGlobalWakeUpDisable
                0x00000000       0x38 ../../../../../..//binary/armv7a/gcc/am335x/drivers/Debug/libdrivers.a(hsi2c.o)
 .text.I2CIdleModeSelect
                0x00000000       0x5c ../../../../../..//binary/armv7a/gcc/am335x/drivers/Debug/libdrivers.a(hsi2c.o)
 .text.I2CClockActivitySelect
                0x00000000       0x5c ../../../../../..//binary/armv7a/gcc/am335x/drivers/Debug/libdrivers.a(hsi2c.o)
 .text.I2CWakeUpEnable
                0x00000000       0xb0 ../../../../../..//binary/armv7a/gcc/am335x/drivers/Debug/libdrivers.a(hsi2c.o)
 .text.I2CWakeUpDisable
                0x00000000       0xbc ../../../../../..//binary/armv7a/gcc/am335x/drivers/Debug/libdrivers.a(hsi2c.o)
 .text.I2CSystemStatusGet
                0x00000000       0x30 ../../../../../..//binary/armv7a/gcc/am335x/drivers/Debug/libdrivers.a(hsi2c.o)
 .text.I2CContextSave
                0x00000000       0x70 ../../../../../..//binary/armv7a/gcc/am335x/drivers/Debug/libdrivers.a(hsi2c.o)
 .text.I2CContextRestore
                0x00000000      0x10c ../../../../../..//binary/armv7a/gcc/am335x/drivers/Debug/libdrivers.a(hsi2c.o)
 .text          0x00000000        0x0 ../../../../../..//binary/armv7a/gcc/am335x/drivers/Debug/libdrivers.a(rtc.o)
 .data          0x00000000        0x0 ../../../../../..//binary/armv7a/gcc/am335x/drivers/Debug/libdrivers.a(rtc.o)
 .bss           0x00000000        0x0 ../../../../../..//binary/armv7a/gcc/am335x/drivers/Debug/libdrivers.a(rtc.o)
 .text.RTCStop  0x00000000       0x98 ../../../../../..//binary/armv7a/gcc/am335x/drivers/Debug/libdrivers.a(rtc.o)
 .text.RTCWriteProtectEnable
                0x00000000       0x3c ../../../../../..//binary/armv7a/gcc/am335x/drivers/Debug/libdrivers.a(rtc.o)
 .text.RTCIntAlarmEnable
                0x00000000       0x54 ../../../../../..//binary/armv7a/gcc/am335x/drivers/Debug/libdrivers.a(rtc.o)
 .text.RTCIntAlarmDisable
                0x00000000       0x54 ../../../../../..//binary/armv7a/gcc/am335x/drivers/Debug/libdrivers.a(rtc.o)
 .text.RTCIntTimerDisable
                0x00000000       0x54 ../../../../../..//binary/armv7a/gcc/am335x/drivers/Debug/libdrivers.a(rtc.o)
 .text.RTCBusyStatusGet
                0x00000000       0x30 ../../../../../..//binary/armv7a/gcc/am335x/drivers/Debug/libdrivers.a(rtc.o)
 .text.RTCRunStatusGet
                0x00000000       0x30 ../../../../../..//binary/armv7a/gcc/am335x/drivers/Debug/libdrivers.a(rtc.o)
 .text.RTCAlarmIntStatusGet
                0x00000000       0x30 ../../../../../..//binary/armv7a/gcc/am335x/drivers/Debug/libdrivers.a(rtc.o)
 .text.RTCAlarmIntStatusClear
                0x00000000       0x38 ../../../../../..//binary/armv7a/gcc/am335x/drivers/Debug/libdrivers.a(rtc.o)
 .text.RTCEventUpdateGet
                0x00000000       0x30 ../../../../../..//binary/armv7a/gcc/am335x/drivers/Debug/libdrivers.a(rtc.o)
 .text.RTCMinRoundingEnable
                0x00000000       0x64 ../../../../../..//binary/armv7a/gcc/am335x/drivers/Debug/libdrivers.a(rtc.o)
 .text.RTCMinRoundingDisable
                0x00000000       0x7c ../../../../../..//binary/armv7a/gcc/am335x/drivers/Debug/libdrivers.a(rtc.o)
 .text.RTCAutoCompEnable
                0x00000000       0x64 ../../../../../..//binary/armv7a/gcc/am335x/drivers/Debug/libdrivers.a(rtc.o)
 .text.RTCAutoCompDisable
                0x00000000       0x7c ../../../../../..//binary/armv7a/gcc/am335x/drivers/Debug/libdrivers.a(rtc.o)
 .text.RTCHourModeSet
                0x00000000       0x9c ../../../../../..//binary/armv7a/gcc/am335x/drivers/Debug/libdrivers.a(rtc.o)
 .text.RTCHourModeGet
                0x00000000       0x30 ../../../../../..//binary/armv7a/gcc/am335x/drivers/Debug/libdrivers.a(rtc.o)
 .text.RTCSet32CounterEnable
                0x00000000       0x9c ../../../../../..//binary/armv7a/gcc/am335x/drivers/Debug/libdrivers.a(rtc.o)
 .text.RTCSet32CounterDisable
                0x00000000       0xb4 ../../../../../..//binary/armv7a/gcc/am335x/drivers/Debug/libdrivers.a(rtc.o)
 .text.RTCDisable
                0x00000000       0x64 ../../../../../..//binary/armv7a/gcc/am335x/drivers/Debug/libdrivers.a(rtc.o)
 .text.RTCEnableStatus
                0x00000000       0x30 ../../../../../..//binary/armv7a/gcc/am335x/drivers/Debug/libdrivers.a(rtc.o)
 .text.RTCSplitPwrEnable
                0x00000000       0x38 ../../../../../..//binary/armv7a/gcc/am335x/drivers/Debug/libdrivers.a(rtc.o)
 .text.RTCSplitPwrDisable
                0x00000000       0x38 ../../../../../..//binary/armv7a/gcc/am335x/drivers/Debug/libdrivers.a(rtc.o)
 .text.RTCSecondSet
                0x00000000       0x4c ../../../../../..//binary/armv7a/gcc/am335x/drivers/Debug/libdrivers.a(rtc.o)
 .text.RTCSecondGet
                0x00000000       0x2c ../../../../../..//binary/armv7a/gcc/am335x/drivers/Debug/libdrivers.a(rtc.o)
 .text.RTCMinuteSet
                0x00000000       0x50 ../../../../../..//binary/armv7a/gcc/am335x/drivers/Debug/libdrivers.a(rtc.o)
 .text.RTCMinuteGet
                0x00000000       0x30 ../../../../../..//binary/armv7a/gcc/am335x/drivers/Debug/libdrivers.a(rtc.o)
 .text.RTCHourSet
                0x00000000       0x50 ../../../../../..//binary/armv7a/gcc/am335x/drivers/Debug/libdrivers.a(rtc.o)
 .text.RTCHourGet
                0x00000000       0x30 ../../../../../..//binary/armv7a/gcc/am335x/drivers/Debug/libdrivers.a(rtc.o)
 .text.RTCMeridiemSet
                0x00000000       0x60 ../../../../../..//binary/armv7a/gcc/am335x/drivers/Debug/libdrivers.a(rtc.o)
 .text.RTCMeridiemGet
                0x00000000       0x30 ../../../../../..//binary/armv7a/gcc/am335x/drivers/Debug/libdrivers.a(rtc.o)
 .text.RTCDayOfMonthSet
                0x00000000       0x50 ../../../../../..//binary/armv7a/gcc/am335x/drivers/Debug/libdrivers.a(rtc.o)
 .text.RTCDayOfMonthGet
                0x00000000       0x30 ../../../../../..//binary/armv7a/gcc/am335x/drivers/Debug/libdrivers.a(rtc.o)
 .text.RTCMonthSet
                0x00000000       0x50 ../../../../../..//binary/armv7a/gcc/am335x/drivers/Debug/libdrivers.a(rtc.o)
 .text.RTCMonthGet
                0x00000000       0x30 ../../../../../..//binary/armv7a/gcc/am335x/drivers/Debug/libdrivers.a(rtc.o)
 .text.RTCYearSet
                0x00000000       0x50 ../../../../../..//binary/armv7a/gcc/am335x/drivers/Debug/libdrivers.a(rtc.o)
 .text.RTCYearGet
                0x00000000       0x30 ../../../../../..//binary/armv7a/gcc/am335x/drivers/Debug/libdrivers.a(rtc.o)
 .text.RTCDayOfTheWeekSet
                0x00000000       0x50 ../../../../../..//binary/armv7a/gcc/am335x/drivers/Debug/libdrivers.a(rtc.o)
 .text.RTCDayOfTheWeekGet
                0x00000000       0x30 ../../../../../..//binary/armv7a/gcc/am335x/drivers/Debug/libdrivers.a(rtc.o)
 .text.RTCTimeSet
                0x00000000       0xcc ../../../../../..//binary/armv7a/gcc/am335x/drivers/Debug/libdrivers.a(rtc.o)
 .text.RTCTimeGet
                0x00000000       0xcc ../../../../../..//binary/armv7a/gcc/am335x/drivers/Debug/libdrivers.a(rtc.o)
 .text.RTCCalendarSet
                0x00000000       0x98 ../../../../../..//binary/armv7a/gcc/am335x/drivers/Debug/libdrivers.a(rtc.o)
 .text.RTCCalendarGet
                0x00000000       0xa4 ../../../../../..//binary/armv7a/gcc/am335x/drivers/Debug/libdrivers.a(rtc.o)
 .text.RTCAlarmSecondSet
                0x00000000       0x50 ../../../../../..//binary/armv7a/gcc/am335x/drivers/Debug/libdrivers.a(rtc.o)
 .text.RTCAlarmSecondGet
                0x00000000       0x30 ../../../../../..//binary/armv7a/gcc/am335x/drivers/Debug/libdrivers.a(rtc.o)
 .text.RTCAlarmMinuteSet
                0x00000000       0x50 ../../../../../..//binary/armv7a/gcc/am335x/drivers/Debug/libdrivers.a(rtc.o)
 .text.RTCAlarmMinuteGet
                0x00000000       0x30 ../../../../../..//binary/armv7a/gcc/am335x/drivers/Debug/libdrivers.a(rtc.o)
 .text.RTCAlarmHourSet
                0x00000000       0x50 ../../../../../..//binary/armv7a/gcc/am335x/drivers/Debug/libdrivers.a(rtc.o)
 .text.RTCAlarmHourGet
                0x00000000       0x30 ../../../../../..//binary/armv7a/gcc/am335x/drivers/Debug/libdrivers.a(rtc.o)
 .text.RTCAlarmHourMeridiemSet
                0x00000000       0x60 ../../../../../..//binary/armv7a/gcc/am335x/drivers/Debug/libdrivers.a(rtc.o)
 .text.RTCAlarmHourMeridiemGet
                0x00000000       0x30 ../../../../../..//binary/armv7a/gcc/am335x/drivers/Debug/libdrivers.a(rtc.o)
 .text.RTCAlarmTimeSet
                0x00000000       0x8c ../../../../../..//binary/armv7a/gcc/am335x/drivers/Debug/libdrivers.a(rtc.o)
 .text.RTCAlarmTimeGet
                0x00000000       0xec ../../../../../..//binary/armv7a/gcc/am335x/drivers/Debug/libdrivers.a(rtc.o)
 .text.RTCAlarmDayOfMonthSet
                0x00000000       0x50 ../../../../../..//binary/armv7a/gcc/am335x/drivers/Debug/libdrivers.a(rtc.o)
 .text.RTCAlarmDayOfMonthGet
                0x00000000       0x30 ../../../../../..//binary/armv7a/gcc/am335x/drivers/Debug/libdrivers.a(rtc.o)
 .text.RTCAlarmMonthSet
                0x00000000       0x50 ../../../../../..//binary/armv7a/gcc/am335x/drivers/Debug/libdrivers.a(rtc.o)
 .text.RTCAlarmMonthGet
                0x00000000       0x30 ../../../../../..//binary/armv7a/gcc/am335x/drivers/Debug/libdrivers.a(rtc.o)
 .text.RTCAlarmYearSet
                0x00000000       0x50 ../../../../../..//binary/armv7a/gcc/am335x/drivers/Debug/libdrivers.a(rtc.o)
 .text.RTCAlarmYearGet
                0x00000000       0x30 ../../../../../..//binary/armv7a/gcc/am335x/drivers/Debug/libdrivers.a(rtc.o)
 .text.RTCAlarmCalendarSet
                0x00000000       0x84 ../../../../../..//binary/armv7a/gcc/am335x/drivers/Debug/libdrivers.a(rtc.o)
 .text.RTCAlarmCalendarGet
                0x00000000       0x88 ../../../../../..//binary/armv7a/gcc/am335x/drivers/Debug/libdrivers.a(rtc.o)
 .text.RTCCompensationSet
                0x00000000       0x64 ../../../../../..//binary/armv7a/gcc/am335x/drivers/Debug/libdrivers.a(rtc.o)
 .text.RTCCompensationGet
                0x00000000       0x64 ../../../../../..//binary/armv7a/gcc/am335x/drivers/Debug/libdrivers.a(rtc.o)
 .text.RTCScratchPadSet
                0x00000000       0x50 ../../../../../..//binary/armv7a/gcc/am335x/drivers/Debug/libdrivers.a(rtc.o)
 .text.RTCScratchPadGet
                0x00000000       0x4c ../../../../../..//binary/armv7a/gcc/am335x/drivers/Debug/libdrivers.a(rtc.o)
 .text.RTCSoftwareReset
                0x00000000       0x38 ../../../../../..//binary/armv7a/gcc/am335x/drivers/Debug/libdrivers.a(rtc.o)
 .text.RTCRevisionIDGet
                0x00000000       0x2c ../../../../../..//binary/armv7a/gcc/am335x/drivers/Debug/libdrivers.a(rtc.o)
 .text.RTCIdleModeConfigure
                0x00000000       0x60 ../../../../../..//binary/armv7a/gcc/am335x/drivers/Debug/libdrivers.a(rtc.o)
 .text.RTCWakeUpAlarmEventControl
                0x00000000       0x60 ../../../../../..//binary/armv7a/gcc/am335x/drivers/Debug/libdrivers.a(rtc.o)
 .text.RTCWakeUpTimerEventControl
                0x00000000       0x60 ../../../../../..//binary/armv7a/gcc/am335x/drivers/Debug/libdrivers.a(rtc.o)
 .text.RTCTestModeControl
                0x00000000       0x60 ../../../../../..//binary/armv7a/gcc/am335x/drivers/Debug/libdrivers.a(rtc.o)
 .text.RTCOscillatorStateControl
                0x00000000       0x60 ../../../../../..//binary/armv7a/gcc/am335x/drivers/Debug/libdrivers.a(rtc.o)
 .text.RTCFeedbackResistanceSelect
                0x00000000       0x60 ../../../../../..//binary/armv7a/gcc/am335x/drivers/Debug/libdrivers.a(rtc.o)
 .text.RTCConfigPmicPowerEnable
                0x00000000       0x60 ../../../../../..//binary/armv7a/gcc/am335x/drivers/Debug/libdrivers.a(rtc.o)
 .text.RTCConfigPmicExtWakePolarity
                0x00000000       0x84 ../../../../../..//binary/armv7a/gcc/am335x/drivers/Debug/libdrivers.a(rtc.o)
 .text.RTCConfigPmicExtWake
                0x00000000       0x7c ../../../../../..//binary/armv7a/gcc/am335x/drivers/Debug/libdrivers.a(rtc.o)
 .text.RTCConfigPmicExtWakeDebounce
                0x00000000       0x84 ../../../../../..//binary/armv7a/gcc/am335x/drivers/Debug/libdrivers.a(rtc.o)
 .text.RTCPmicExtWakeStatusClear
                0x00000000       0x58 ../../../../../..//binary/armv7a/gcc/am335x/drivers/Debug/libdrivers.a(rtc.o)
 .text.RTCIntAlarm2Enable
                0x00000000       0x54 ../../../../../..//binary/armv7a/gcc/am335x/drivers/Debug/libdrivers.a(rtc.o)
 .text.RTCAlarm2IntStatusGet
                0x00000000       0x30 ../../../../../..//binary/armv7a/gcc/am335x/drivers/Debug/libdrivers.a(rtc.o)
 .text.RTCAlarm2IntStatusClear
                0x00000000       0x38 ../../../../../..//binary/armv7a/gcc/am335x/drivers/Debug/libdrivers.a(rtc.o)
 .text.RTCAlarm2TimeSet
                0x00000000       0x8c ../../../../../..//binary/armv7a/gcc/am335x/drivers/Debug/libdrivers.a(rtc.o)
 .text.RTCAlarm2CalendarSet
                0x00000000       0x84 ../../../../../..//binary/armv7a/gcc/am335x/drivers/Debug/libdrivers.a(rtc.o)
 .text          0x00000000        0x0 ../../../../../..//binary/armv7a/gcc/utils/Debug/libutils.a(consoleUtils.o)
 .data          0x00000000        0x0 ../../../../../..//binary/armv7a/gcc/utils/Debug/libutils.a(consoleUtils.o)
 .bss           0x00000000        0x0 ../../../../../..//binary/armv7a/gcc/utils/Debug/libutils.a(consoleUtils.o)
 .text.ConsoleUtilsGets
                0x00000000       0x74 ../../../../../..//binary/armv7a/gcc/utils/Debug/libutils.a(consoleUtils.o)
 .text.ConsoleUtilsPuts
                0x00000000       0x60 ../../../../../..//binary/armv7a/gcc/utils/Debug/libutils.a(consoleUtils.o)
 .text.ConsoleUtilsGetChar
                0x00000000       0xa8 ../../../../../..//binary/armv7a/gcc/utils/Debug/libutils.a(consoleUtils.o)
 .text.ConsoleUtilsPutChar
                0x00000000       0x60 ../../../../../..//binary/armv7a/gcc/utils/Debug/libutils.a(consoleUtils.o)
 .text          0x00000000        0x0 ../../../../../..//binary/armv7a/gcc/utils/Debug/libutils.a(uartStdio.o)
 .data          0x00000000        0x0 ../../../../../..//binary/armv7a/gcc/utils/Debug/libutils.a(uartStdio.o)
 .bss           0x00000000        0x0 ../../../../../..//binary/armv7a/gcc/utils/Debug/libutils.a(uartStdio.o)
 .text.UARTGets
                0x00000000       0xdc ../../../../../..//binary/armv7a/gcc/utils/Debug/libutils.a(uartStdio.o)
 .text.UARTPutNum
                0x00000000      0x178 ../../../../../..//binary/armv7a/gcc/utils/Debug/libutils.a(uartStdio.o)
 .text.UARTPutHexNum
                0x00000000      0x198 ../../../../../..//binary/armv7a/gcc/utils/Debug/libutils.a(uartStdio.o)
 .text.UARTGetNum
                0x00000000      0x118 ../../../../../..//binary/armv7a/gcc/utils/Debug/libutils.a(uartStdio.o)
 .text.UARTGetHexNum
                0x00000000      0x2ec ../../../../../..//binary/armv7a/gcc/utils/Debug/libutils.a(uartStdio.o)
 .text.UARTprintf
                0x00000000      0x6b8 ../../../../../..//binary/armv7a/gcc/utils/Debug/libutils.a(uartStdio.o)
 .text          0x00000000        0x0 ../../../../../..//binary/armv7a/gcc/utils/Debug/libutils.a(ascii.o)
 .data          0x00000000        0x0 ../../../../../..//binary/armv7a/gcc/utils/Debug/libutils.a(ascii.o)
 .bss           0x00000000        0x0 ../../../../../..//binary/armv7a/gcc/utils/Debug/libutils.a(ascii.o)
 .text.DigitToASCII
                0x00000000       0xb8 ../../../../../..//binary/armv7a/gcc/utils/Debug/libutils.a(ascii.o)
 .text.StrToEthrAddr
                0x00000000      0x184 ../../../../../..//binary/armv7a/gcc/utils/Debug/libutils.a(ascii.o)
 .text.EthrAddrToStr
                0x00000000      0x180 ../../../../../..//binary/armv7a/gcc/utils/Debug/libutils.a(ascii.o)
 .text.TimeToStr
                0x00000000      0x18c ../../../../../..//binary/armv7a/gcc/utils/Debug/libutils.a(ascii.o)
 .text.DateToStr
                0x00000000      0x18c ../../../../../..//binary/armv7a/gcc/utils/Debug/libutils.a(ascii.o)
 .text          0x00000000        0x0 ../../../../../..//binary/armv7a/gcc/am335x/ok335xd/platform/Debug/libplatform.a(hsi2c.o)
 .data          0x00000000        0x0 ../../../../../..//binary/armv7a/gcc/am335x/ok335xd/platform/Debug/libplatform.a(hsi2c.o)
 .bss           0x00000000        0x0 ../../../../../..//binary/armv7a/gcc/am335x/ok335xd/platform/Debug/libplatform.a(hsi2c.o)
 .text.I2C1ModuleClkConfig
                0x00000000       0x70 ../../../../../..//binary/armv7a/gcc/am335x/ok335xd/platform/Debug/libplatform.a(hsi2c.o)
 .text          0x00000000        0x0 ../../../../../..//binary/armv7a/gcc/am335x/ok335xd/platform/Debug/libplatform.a(rtc.o)
 .data          0x00000000        0x0 ../../../../../..//binary/armv7a/gcc/am335x/ok335xd/platform/Debug/libplatform.a(rtc.o)
 .bss           0x00000000        0x0 ../../../../../..//binary/armv7a/gcc/am335x/ok335xd/platform/Debug/libplatform.a(rtc.o)
 .text          0x00000000        0x0 ../../../../../..//binary/armv7a/gcc/am335x/ok335xd/platform/Debug/libplatform.a(uartConsole.o)
 .data          0x00000000        0x0 ../../../../../..//binary/armv7a/gcc/am335x/ok335xd/platform/Debug/libplatform.a(uartConsole.o)
 .bss           0x00000000        0x0 ../../../../../..//binary/armv7a/gcc/am335x/ok335xd/platform/Debug/libplatform.a(uartConsole.o)
 .text          0x00000000        0x0 ../../../../../..//binary/armv7a/gcc/am335x/ok335xd/platform/Debug/libplatform.a(uart.o)
 .data          0x00000000        0x0 ../../../../../..//binary/armv7a/gcc/am335x/ok335xd/platform/Debug/libplatform.a(uart.o)
 .bss           0x00000000        0x0 ../../../../../..//binary/armv7a/gcc/am335x/ok335xd/platform/Debug/libplatform.a(uart.o)
 .text          0x00000000        0x0 ../../../../../..//binary/armv7a/gcc/am335x/system_config/Debug/libsystem_config.a(cache.o)
 .data          0x00000000        0x0 ../../../../../..//binary/armv7a/gcc/am335x/system_config/Debug/libsystem_config.a(cache.o)
 .bss           0x00000000        0x0 ../../../../../..//binary/armv7a/gcc/am335x/system_config/Debug/libsystem_config.a(cache.o)
 .text.CacheDisable
                0x00000000       0x7c ../../../../../..//binary/armv7a/gcc/am335x/system_config/Debug/libsystem_config.a(cache.o)
 .text.CacheInstInvalidateAll
                0x00000000       0x18 ../../../../../..//binary/armv7a/gcc/am335x/system_config/Debug/libsystem_config.a(cache.o)
 .text.CacheInstInvalidateBuff
                0x00000000       0x30 ../../../../../..//binary/armv7a/gcc/am335x/system_config/Debug/libsystem_config.a(cache.o)
 .text.CacheDataCleanInvalidateAll
                0x00000000       0x18 ../../../../../..//binary/armv7a/gcc/am335x/system_config/Debug/libsystem_config.a(cache.o)
 .text.CacheDataCleanAll
                0x00000000       0x18 ../../../../../..//binary/armv7a/gcc/am335x/system_config/Debug/libsystem_config.a(cache.o)
 .text.CacheDataInvalidateAll
                0x00000000       0x18 ../../../../../..//binary/armv7a/gcc/am335x/system_config/Debug/libsystem_config.a(cache.o)
 .text.CacheDataCleanBuff
                0x00000000       0x30 ../../../../../..//binary/armv7a/gcc/am335x/system_config/Debug/libsystem_config.a(cache.o)
 .text.CacheDataInvalidateBuff
                0x00000000       0x30 ../../../../../..//binary/armv7a/gcc/am335x/system_config/Debug/libsystem_config.a(cache.o)
 .text.CacheDataCleanInvalidateBuff
                0x00000000       0x30 ../../../../../..//binary/armv7a/gcc/am335x/system_config/Debug/libsystem_config.a(cache.o)
 .data          0x00000000        0x0 ../../../../../..//binary/armv7a/gcc/am335x/system_config/Debug/libsystem_config.a(cp15.o)
 .bss           0x00000000        0x0 ../../../../../..//binary/armv7a/gcc/am335x/system_config/Debug/libsystem_config.a(cp15.o)
 .data          0x00000000        0x0 ../../../../../..//binary/armv7a/gcc/am335x/system_config/Debug/libsystem_config.a(init.o)
 .bss           0x00000000        0x0 ../../../../../..//binary/armv7a/gcc/am335x/system_config/Debug/libsystem_config.a(init.o)
 .text          0x00000000        0x0 ../../../../../..//binary/armv7a/gcc/am335x/system_config/Debug/libsystem_config.a(interrupt.o)
 .data          0x00000000        0x0 ../../../../../..//binary/armv7a/gcc/am335x/system_config/Debug/libsystem_config.a(interrupt.o)
 .bss           0x00000000        0x0 ../../../../../..//binary/armv7a/gcc/am335x/system_config/Debug/libsystem_config.a(interrupt.o)
 .text.IntUnRegister
                0x00000000       0x34 ../../../../../..//binary/armv7a/gcc/am335x/system_config/Debug/libsystem_config.a(interrupt.o)
 .text.IntSystemDisable
                0x00000000       0x4c ../../../../../..//binary/armv7a/gcc/am335x/system_config/Debug/libsystem_config.a(interrupt.o)
 .text.IntIfClkFreeRunSet
                0x00000000       0x30 ../../../../../..//binary/armv7a/gcc/am335x/system_config/Debug/libsystem_config.a(interrupt.o)
 .text.IntIfClkAutoGateSet
                0x00000000       0x30 ../../../../../..//binary/armv7a/gcc/am335x/system_config/Debug/libsystem_config.a(interrupt.o)
 .text.IntActiveIrqNumGet
                0x00000000       0x28 ../../../../../..//binary/armv7a/gcc/am335x/system_config/Debug/libsystem_config.a(interrupt.o)
 .text.IntSpurIrqFlagGet
                0x00000000       0x28 ../../../../../..//binary/armv7a/gcc/am335x/system_config/Debug/libsystem_config.a(interrupt.o)
 .text.IntProtectionEnable
                0x00000000       0x24 ../../../../../..//binary/armv7a/gcc/am335x/system_config/Debug/libsystem_config.a(interrupt.o)
 .text.IntProtectionDisable
                0x00000000       0x30 ../../../../../..//binary/armv7a/gcc/am335x/system_config/Debug/libsystem_config.a(interrupt.o)
 .text.IntSyncClkFreeRunSet
                0x00000000       0x30 ../../../../../..//binary/armv7a/gcc/am335x/system_config/Debug/libsystem_config.a(interrupt.o)
 .text.IntSyncClkAutoGateSet
                0x00000000       0x30 ../../../../../..//binary/armv7a/gcc/am335x/system_config/Debug/libsystem_config.a(interrupt.o)
 .text.IntFuncClkFreeRunSet
                0x00000000       0x30 ../../../../../..//binary/armv7a/gcc/am335x/system_config/Debug/libsystem_config.a(interrupt.o)
 .text.IntFuncClkAutoGateSet
                0x00000000       0x30 ../../../../../..//binary/armv7a/gcc/am335x/system_config/Debug/libsystem_config.a(interrupt.o)
 .text.IntCurrIrqPriorityGet
                0x00000000       0x28 ../../../../../..//binary/armv7a/gcc/am335x/system_config/Debug/libsystem_config.a(interrupt.o)
 .text.IntPriorityThresholdGet
                0x00000000       0x28 ../../../../../..//binary/armv7a/gcc/am335x/system_config/Debug/libsystem_config.a(interrupt.o)
 .text.IntPriorityThresholdSet
                0x00000000       0x30 ../../../../../..//binary/armv7a/gcc/am335x/system_config/Debug/libsystem_config.a(interrupt.o)
 .text.IntRawStatusGet
                0x00000000       0x5c ../../../../../..//binary/armv7a/gcc/am335x/system_config/Debug/libsystem_config.a(interrupt.o)
 .text.IntSoftwareIntSet
                0x00000000       0x48 ../../../../../..//binary/armv7a/gcc/am335x/system_config/Debug/libsystem_config.a(interrupt.o)
 .text.IntSoftwareIntClear
                0x00000000       0x48 ../../../../../..//binary/armv7a/gcc/am335x/system_config/Debug/libsystem_config.a(interrupt.o)
 .text.IntPendingIrqMaskedStatusGet
                0x00000000       0x58 ../../../../../..//binary/armv7a/gcc/am335x/system_config/Debug/libsystem_config.a(interrupt.o)
 .text.IntMasterIRQDisable
                0x00000000       0x18 ../../../../../..//binary/armv7a/gcc/am335x/system_config/Debug/libsystem_config.a(interrupt.o)
 .text.IntMasterFIQEnable
                0x00000000       0x18 ../../../../../..//binary/armv7a/gcc/am335x/system_config/Debug/libsystem_config.a(interrupt.o)
 .text.IntMasterFIQDisable
                0x00000000       0x18 ../../../../../..//binary/armv7a/gcc/am335x/system_config/Debug/libsystem_config.a(interrupt.o)
 .text.IntMasterStatusGet
                0x00000000       0x20 ../../../../../..//binary/armv7a/gcc/am335x/system_config/Debug/libsystem_config.a(interrupt.o)
 .text.IntDisable
                0x00000000       0x3c ../../../../../..//binary/armv7a/gcc/am335x/system_config/Debug/libsystem_config.a(interrupt.o)
 .text.IntEnable
                0x00000000       0x38 ../../../../../..//binary/armv7a/gcc/am335x/system_config/Debug/libsystem_config.a(interrupt.o)
 .text          0x00000000        0x0 ../../../../../..//binary/armv7a/gcc/am335x/system_config/Debug/libsystem_config.a(mmu.o)
 .data          0x00000000        0x0 ../../../../../..//binary/armv7a/gcc/am335x/system_config/Debug/libsystem_config.a(mmu.o)
 .bss           0x00000000        0x0 ../../../../../..//binary/armv7a/gcc/am335x/system_config/Debug/libsystem_config.a(mmu.o)
 .text          0x00000000        0x0 ../../../../../..//binary/armv7a/gcc/am335x/system_config/Debug/libsystem_config.a(startup.o)
 .data          0x00000000        0x0 ../../../../../..//binary/armv7a/gcc/am335x/system_config/Debug/libsystem_config.a(startup.o)
 .bss           0x00000000        0x0 ../../../../../..//binary/armv7a/gcc/am335x/system_config/Debug/libsystem_config.a(startup.o)
 .text          0x00000000        0x0 ../../../../../..//binary/armv7a/gcc/am335x/system_config/Debug/libsystem_config.a(cpu.o)
 .data          0x00000000        0x0 ../../../../../..//binary/armv7a/gcc/am335x/system_config/Debug/libsystem_config.a(cpu.o)
 .bss           0x00000000        0x0 ../../../../../..//binary/armv7a/gcc/am335x/system_config/Debug/libsystem_config.a(cpu.o)
 .text.CPUSwitchToPrivilegedMode
                0x00000000       0x18 ../../../../../..//binary/armv7a/gcc/am335x/system_config/Debug/libsystem_config.a(cpu.o)
 .text.CPUSwitchToUserMode
                0x00000000       0x24 ../../../../../..//binary/armv7a/gcc/am335x/system_config/Debug/libsystem_config.a(cpu.o)
 .text.CPUAbortHandler
                0x00000000       0x14 ../../../../../..//binary/armv7a/gcc/am335x/system_config/Debug/libsystem_config.a(cpu.o)
 .text.CPUIntStatus
                0x00000000       0x2c ../../../../../..//binary/armv7a/gcc/am335x/system_config/Debug/libsystem_config.a(cpu.o)
 .text.CPUirqd  0x00000000       0x24 ../../../../../..//binary/armv7a/gcc/am335x/system_config/Debug/libsystem_config.a(cpu.o)
 .text.CPUfiqd  0x00000000       0x24 ../../../../../..//binary/armv7a/gcc/am335x/system_config/Debug/libsystem_config.a(cpu.o)
 .text.CPUfiqe  0x00000000       0x24 ../../../../../..//binary/armv7a/gcc/am335x/system_config/Debug/libsystem_config.a(cpu.o)
 .data          0x00000000        0x0 ../../../../../..//binary/armv7a/gcc/am335x/system_config/Debug/libsystem_config.a(exceptionhandler.o)
 .bss           0x00000000        0x0 ../../../../../..//binary/armv7a/gcc/am335x/system_config/Debug/libsystem_config.a(exceptionhandler.o)
 .data          0x00000000        0x0 /opt/gcc-arm-none-eabi-4_7-2013q1/lib/gcc/arm-none-eabi/4.7.3//libgcc.a(_udivsi3.o)
 .bss           0x00000000        0x0 /opt/gcc-arm-none-eabi-4_7-2013q1/lib/gcc/arm-none-eabi/4.7.3//libgcc.a(_udivsi3.o)
 .data          0x00000000        0x0 /opt/gcc-arm-none-eabi-4_7-2013q1/lib/gcc/arm-none-eabi/4.7.3//libgcc.a(_divsi3.o)
 .bss           0x00000000        0x0 /opt/gcc-arm-none-eabi-4_7-2013q1/lib/gcc/arm-none-eabi/4.7.3//libgcc.a(_divsi3.o)
 .data          0x00000000        0x0 /opt/gcc-arm-none-eabi-4_7-2013q1/lib/gcc/arm-none-eabi/4.7.3//libgcc.a(_dvmd_tls.o)
 .bss           0x00000000        0x0 /opt/gcc-arm-none-eabi-4_7-2013q1/lib/gcc/arm-none-eabi/4.7.3//libgcc.a(_dvmd_tls.o)
 .text          0x00000000        0x0 ../../../../../..//binary/armv7a/gcc/am335x/drivers/Debug/libdrivers.a(uart_irda_cir.o)
 .data          0x00000000        0x0 ../../../../../..//binary/armv7a/gcc/am335x/drivers/Debug/libdrivers.a(uart_irda_cir.o)
 .bss           0x00000000        0x0 ../../../../../..//binary/armv7a/gcc/am335x/drivers/Debug/libdrivers.a(uart_irda_cir.o)
 .text.UARTDivisorLatchEnable
                0x00000000       0x38 ../../../../../..//binary/armv7a/gcc/am335x/drivers/Debug/libdrivers.a(uart_irda_cir.o)
 .text.UARTRegConfModeRestore
                0x00000000       0x30 ../../../../../..//binary/armv7a/gcc/am335x/drivers/Debug/libdrivers.a(uart_irda_cir.o)
 .text.UARTParityModeSet
                0x00000000       0x60 ../../../../../..//binary/armv7a/gcc/am335x/drivers/Debug/libdrivers.a(uart_irda_cir.o)
 .text.UARTParityModeGet
                0x00000000       0x30 ../../../../../..//binary/armv7a/gcc/am335x/drivers/Debug/libdrivers.a(uart_irda_cir.o)
 .text.UARTDMAEnable
                0x00000000       0x80 ../../../../../..//binary/armv7a/gcc/am335x/drivers/Debug/libdrivers.a(uart_irda_cir.o)
 .text.UARTDMADisable
                0x00000000       0x54 ../../../../../..//binary/armv7a/gcc/am335x/drivers/Debug/libdrivers.a(uart_irda_cir.o)
 .text.UARTSubConfigMSRSPRModeEn
                0x00000000      0x124 ../../../../../..//binary/armv7a/gcc/am335x/drivers/Debug/libdrivers.a(uart_irda_cir.o)
 .text.UARTSubConfigXOFFModeEn
                0x00000000      0x124 ../../../../../..//binary/armv7a/gcc/am335x/drivers/Debug/libdrivers.a(uart_irda_cir.o)
 .text.UARTIntEnable
                0x00000000      0x130 ../../../../../..//binary/armv7a/gcc/am335x/drivers/Debug/libdrivers.a(uart_irda_cir.o)
 .text.UARTIntDisable
                0x00000000      0x110 ../../../../../..//binary/armv7a/gcc/am335x/drivers/Debug/libdrivers.a(uart_irda_cir.o)
 .text.UARTSpaceAvail
                0x00000000       0x78 ../../../../../..//binary/armv7a/gcc/am335x/drivers/Debug/libdrivers.a(uart_irda_cir.o)
 .text.UARTCharsAvail
                0x00000000       0x78 ../../../../../..//binary/armv7a/gcc/am335x/drivers/Debug/libdrivers.a(uart_irda_cir.o)
 .text.UARTCharPutNonBlocking
                0x00000000       0x8c ../../../../../..//binary/armv7a/gcc/am335x/drivers/Debug/libdrivers.a(uart_irda_cir.o)
 .text.UARTCharGetNonBlocking
                0x00000000       0x80 ../../../../../..//binary/armv7a/gcc/am335x/drivers/Debug/libdrivers.a(uart_irda_cir.o)
 .text.UARTCharGetTimeout
                0x00000000       0xac ../../../../../..//binary/armv7a/gcc/am335x/drivers/Debug/libdrivers.a(uart_irda_cir.o)
 .text.UARTFIFOCharPut
                0x00000000       0x30 ../../../../../..//binary/armv7a/gcc/am335x/drivers/Debug/libdrivers.a(uart_irda_cir.o)
 .text.UARTFIFOCharGet
                0x00000000       0x30 ../../../../../..//binary/armv7a/gcc/am335x/drivers/Debug/libdrivers.a(uart_irda_cir.o)
 .text.UARTFIFOWrite
                0x00000000       0x78 ../../../../../..//binary/armv7a/gcc/am335x/drivers/Debug/libdrivers.a(uart_irda_cir.o)
 .text.UARTRxErrorGet
                0x00000000       0x6c ../../../../../..//binary/armv7a/gcc/am335x/drivers/Debug/libdrivers.a(uart_irda_cir.o)
 .text.UARTIntIdentityGet
                0x00000000       0x6c ../../../../../..//binary/armv7a/gcc/am335x/drivers/Debug/libdrivers.a(uart_irda_cir.o)
 .text.UARTIntPendingStatusGet
                0x00000000       0x78 ../../../../../..//binary/armv7a/gcc/am335x/drivers/Debug/libdrivers.a(uart_irda_cir.o)
 .text.UARTFIFOEnableStatusGet
                0x00000000       0x78 ../../../../../..//binary/armv7a/gcc/am335x/drivers/Debug/libdrivers.a(uart_irda_cir.o)
 .text.UARTAutoRTSAutoCTSControl
                0x00000000       0xb4 ../../../../../..//binary/armv7a/gcc/am335x/drivers/Debug/libdrivers.a(uart_irda_cir.o)
 .text.UARTSpecialCharDetectControl
                0x00000000       0x8c ../../../../../..//binary/armv7a/gcc/am335x/drivers/Debug/libdrivers.a(uart_irda_cir.o)
 .text.UARTSoftwareFlowCtrlOptSet
                0x00000000       0x8c ../../../../../..//binary/armv7a/gcc/am335x/drivers/Debug/libdrivers.a(uart_irda_cir.o)
 .text.UARTPulseShapingControl
                0x00000000       0x60 ../../../../../..//binary/armv7a/gcc/am335x/drivers/Debug/libdrivers.a(uart_irda_cir.o)
 .text.UARTIdleModeConfigure
                0x00000000       0x60 ../../../../../..//binary/armv7a/gcc/am335x/drivers/Debug/libdrivers.a(uart_irda_cir.o)
 .text.UARTWakeUpControl
                0x00000000       0x60 ../../../../../..//binary/armv7a/gcc/am335x/drivers/Debug/libdrivers.a(uart_irda_cir.o)
 .text.UARTAutoIdleModeControl
                0x00000000       0x60 ../../../../../..//binary/armv7a/gcc/am335x/drivers/Debug/libdrivers.a(uart_irda_cir.o)
 .text.UARTFlowCtrlTrigLvlConfig
                0x00000000       0x60 ../../../../../..//binary/armv7a/gcc/am335x/drivers/Debug/libdrivers.a(uart_irda_cir.o)
 .text.UARTXON1XOFF1ValProgram
                0x00000000       0x4c ../../../../../..//binary/armv7a/gcc/am335x/drivers/Debug/libdrivers.a(uart_irda_cir.o)
 .text.UARTXON2XOFF2ValProgram
                0x00000000       0x4c ../../../../../..//binary/armv7a/gcc/am335x/drivers/Debug/libdrivers.a(uart_irda_cir.o)
 .text.UARTXONAnyFeatureControl
                0x00000000      0x100 ../../../../../..//binary/armv7a/gcc/am335x/drivers/Debug/libdrivers.a(uart_irda_cir.o)
 .text.UARTLoopbackModeControl
                0x00000000       0x60 ../../../../../..//binary/armv7a/gcc/am335x/drivers/Debug/libdrivers.a(uart_irda_cir.o)
 .text.UARTModemControlSet
                0x00000000       0x44 ../../../../../..//binary/armv7a/gcc/am335x/drivers/Debug/libdrivers.a(uart_irda_cir.o)
 .text.UARTModemControlClear
                0x00000000       0x48 ../../../../../..//binary/armv7a/gcc/am335x/drivers/Debug/libdrivers.a(uart_irda_cir.o)
 .text.UARTModemStatusGet
                0x00000000       0x30 ../../../../../..//binary/armv7a/gcc/am335x/drivers/Debug/libdrivers.a(uart_irda_cir.o)
 .text.UARTModemStatusChangeCheck
                0x00000000       0x30 ../../../../../..//binary/armv7a/gcc/am335x/drivers/Debug/libdrivers.a(uart_irda_cir.o)
 .text.UARTResumeOperation
                0x00000000       0x28 ../../../../../..//binary/armv7a/gcc/am335x/drivers/Debug/libdrivers.a(uart_irda_cir.o)
 .text.UARTWakeUpEventsEnable
                0x00000000       0x44 ../../../../../..//binary/armv7a/gcc/am335x/drivers/Debug/libdrivers.a(uart_irda_cir.o)
 .text.UARTWakeUpEventsDisable
                0x00000000       0x48 ../../../../../..//binary/armv7a/gcc/am335x/drivers/Debug/libdrivers.a(uart_irda_cir.o)
 .text.UARTFIFOTrigLvlGranControl
                0x00000000       0x88 ../../../../../..//binary/armv7a/gcc/am335x/drivers/Debug/libdrivers.a(uart_irda_cir.o)
 .text.UARTDSRInterruptControl
                0x00000000       0x60 ../../../../../..//binary/armv7a/gcc/am335x/drivers/Debug/libdrivers.a(uart_irda_cir.o)
 .text.UARTTxEmptyIntControl
                0x00000000       0x60 ../../../../../..//binary/armv7a/gcc/am335x/drivers/Debug/libdrivers.a(uart_irda_cir.o)
 .text.UARTRXCTSDSRWakeUpConfigure
                0x00000000       0x60 ../../../../../..//binary/armv7a/gcc/am335x/drivers/Debug/libdrivers.a(uart_irda_cir.o)
 .text.UARTRXCTSDSRTransitionStatusGet
                0x00000000       0x30 ../../../../../..//binary/armv7a/gcc/am335x/drivers/Debug/libdrivers.a(uart_irda_cir.o)
 .text.UARTDMACounterResetControl
                0x00000000       0x60 ../../../../../..//binary/armv7a/gcc/am335x/drivers/Debug/libdrivers.a(uart_irda_cir.o)
 .text.UARTTxFIFOFullStatusGet
                0x00000000       0x30 ../../../../../..//binary/armv7a/gcc/am335x/drivers/Debug/libdrivers.a(uart_irda_cir.o)
 .text.UARTTxFIFOLevelGet
                0x00000000       0x2c ../../../../../..//binary/armv7a/gcc/am335x/drivers/Debug/libdrivers.a(uart_irda_cir.o)
 .text.UARTRxFIFOLevelGet
                0x00000000       0x2c ../../../../../..//binary/armv7a/gcc/am335x/drivers/Debug/libdrivers.a(uart_irda_cir.o)
 .text.UARTAutobaudParityGet
                0x00000000       0x6c ../../../../../..//binary/armv7a/gcc/am335x/drivers/Debug/libdrivers.a(uart_irda_cir.o)
 .text.UARTAutobaudWordLenGet
                0x00000000       0x6c ../../../../../..//binary/armv7a/gcc/am335x/drivers/Debug/libdrivers.a(uart_irda_cir.o)
 .text.UARTAutobaudSpeedGet
                0x00000000       0x6c ../../../../../..//binary/armv7a/gcc/am335x/drivers/Debug/libdrivers.a(uart_irda_cir.o)
 .text.UARTScratchPadRegWrite
                0x00000000       0x60 ../../../../../..//binary/armv7a/gcc/am335x/drivers/Debug/libdrivers.a(uart_irda_cir.o)
 .text.UARTScratchPadRegRead
                0x00000000       0x30 ../../../../../..//binary/armv7a/gcc/am335x/drivers/Debug/libdrivers.a(uart_irda_cir.o)
 .text.UARTModuleVersionNumberGet
                0x00000000       0x30 ../../../../../..//binary/armv7a/gcc/am335x/drivers/Debug/libdrivers.a(uart_irda_cir.o)
 .text.UARTTxDMAThresholdControl
                0x00000000       0x60 ../../../../../..//binary/armv7a/gcc/am335x/drivers/Debug/libdrivers.a(uart_irda_cir.o)
 .text.UARTTxDMAThresholdValConfig
                0x00000000       0x60 ../../../../../..//binary/armv7a/gcc/am335x/drivers/Debug/libdrivers.a(uart_irda_cir.o)

Memory Configuration

Name             Origin             Length             Attributes
DDR0             0x80000000         0x10000000
*default*        0x00000000         0xffffffff

Linker script and memory map

LOAD Debug/rtcClock.o
LOAD ../../../../../..//binary/armv7a/gcc/am335x/drivers/Debug/libdrivers.a
LOAD ../../../../../..//binary/armv7a/gcc/utils/Debug/libutils.a
LOAD ../../../../../..//binary/armv7a/gcc/am335x/ok335xd/platform/Debug/libplatform.a
LOAD ../../../../../..//binary/armv7a/gcc/am335x/system_config/Debug/libsystem_config.a
LOAD /opt/gcc-arm-none-eabi-4_7-2013q1/arm-none-eabi/lib//libc.a
LOAD /opt/gcc-arm-none-eabi-4_7-2013q1/lib/gcc/arm-none-eabi/4.7.3//libgcc.a
LOAD ../../../../../..//binary/armv7a/gcc/am335x/drivers/Debug/libdrivers.a
LOAD ../../../../../..//binary/armv7a/gcc/utils/Debug/libutils.a
LOAD ../../../../../..//binary/armv7a/gcc/am335x/ok335xd/platform/Debug/libplatform.a
LOAD ../../../../../..//binary/armv7a/gcc/am335x/system_config/Debug/libsystem_config.a
LOAD /opt/gcc-arm-none-eabi-4_7-2013q1/arm-none-eabi/lib//libc.a
LOAD /opt/gcc-arm-none-eabi-4_7-2013q1/lib/gcc/arm-none-eabi/4.7.3//libgcc.a

.startcode      0x80000000       0xb4
                0x80000000                . = ALIGN (0x4)
 *init.o(.text)
 .text          0x80000000       0xb4 ../../../../../..//binary/armv7a/gcc/am335x/system_config/Debug/libsystem_config.a(init.o)
                0x80000000                Entry

.text           0x800000b4     0x5d98
                0x800000b4                . = ALIGN (0x4)
 *(.text*)
 .text.MMUConfigAndEnable
                0x800000b4       0xd8 Debug/rtcClock.o
 .text.main     0x8000018c      0x2b8 Debug/rtcClock.o
                0x8000018c                main
 .text.UserTimeInfoGet
                0x80000444      0x298 Debug/rtcClock.o
 .text.UserCalendarInfoGet
                0x800006dc      0x370 Debug/rtcClock.o
 .text.TimeResolve
                0x80000a4c      0x17c Debug/rtcClock.o
 .text.CalendarResolve
                0x80000bc8      0x2dc Debug/rtcClock.o
 .text.IntToASCII
                0x80000ea4       0x7c Debug/rtcClock.o
 .text.RTCINTCConfigure
                0x80000f20       0x4c Debug/rtcClock.o
 .text.TimeGet  0x80000f6c      0x158 Debug/rtcClock.o
 .text.CalendarGet
                0x800010c4      0x1a4 Debug/rtcClock.o
 .text.RTCIsr   0x80001268       0x8c Debug/rtcClock.o
 .text.I2CIsr   0x800012f4      0x230 Debug/rtcClock.o
 .text.I2CINTCConfigure
                0x80001524       0x58 Debug/rtcClock.o
 .text.SetupI2C
                0x8000157c       0x98 Debug/rtcClock.o
 .text.cleanupInterrupts
                0x80001614       0x54 Debug/rtcClock.o
 .text.SetupI2CReception
                0x80001668      0x214 Debug/rtcClock.o
 .text.SetupI2CTransmit
                0x8000187c      0x144 Debug/rtcClock.o
 .text.I2CTimeSet
                0x800019c0       0xf0 Debug/rtcClock.o
 .text.I2CCalendarSet
                0x80001ab0      0x148 Debug/rtcClock.o
 .text.I2CMasterInitExpClk
                0x80001bf8       0xa4 ../../../../../..//binary/armv7a/gcc/am335x/drivers/Debug/libdrivers.a(hsi2c.o)
                0x80001bf8                I2CMasterInitExpClk
 .text.I2CMasterEnable
                0x80001c9c       0x38 ../../../../../..//binary/armv7a/gcc/am335x/drivers/Debug/libdrivers.a(hsi2c.o)
                0x80001c9c                I2CMasterEnable
 .text.I2CMasterDisable
                0x80001cd4       0x38 ../../../../../..//binary/armv7a/gcc/am335x/drivers/Debug/libdrivers.a(hsi2c.o)
                0x80001cd4                I2CMasterDisable
 .text.I2CMasterBusBusy
                0x80001d0c       0x50 ../../../../../..//binary/armv7a/gcc/am335x/drivers/Debug/libdrivers.a(hsi2c.o)
                0x80001d0c                I2CMasterBusBusy
 .text.I2CMasterBusy
                0x80001d5c       0x30 ../../../../../..//binary/armv7a/gcc/am335x/drivers/Debug/libdrivers.a(hsi2c.o)
                0x80001d5c                I2CMasterBusy
 .text.I2CMasterControl
                0x80001d8c       0x34 ../../../../../..//binary/armv7a/gcc/am335x/drivers/Debug/libdrivers.a(hsi2c.o)
                0x80001d8c                I2CMasterControl
 .text.I2CMasterStart
                0x80001dc0       0x38 ../../../../../..//binary/armv7a/gcc/am335x/drivers/Debug/libdrivers.a(hsi2c.o)
                0x80001dc0                I2CMasterStart
 .text.I2CMasterStop
                0x80001df8       0x38 ../../../../../..//binary/armv7a/gcc/am335x/drivers/Debug/libdrivers.a(hsi2c.o)
                0x80001df8                I2CMasterStop
 .text.I2CMasterIntEnableEx
                0x80001e30       0x40 ../../../../../..//binary/armv7a/gcc/am335x/drivers/Debug/libdrivers.a(hsi2c.o)
                0x80001e30                I2CMasterIntEnableEx
 .text.I2CMasterIntDisableEx
                0x80001e70       0x30 ../../../../../..//binary/armv7a/gcc/am335x/drivers/Debug/libdrivers.a(hsi2c.o)
                0x80001e70                I2CMasterIntDisableEx
 .text.I2CMasterIntStatus
                0x80001ea0       0x2c ../../../../../..//binary/armv7a/gcc/am335x/drivers/Debug/libdrivers.a(hsi2c.o)
                0x80001ea0                I2CMasterIntStatus
 .text.I2CMasterIntRawStatus
                0x80001ecc       0x2c ../../../../../..//binary/armv7a/gcc/am335x/drivers/Debug/libdrivers.a(hsi2c.o)
                0x80001ecc                I2CMasterIntRawStatus
 .text.I2CMasterIntClearEx
                0x80001ef8       0x30 ../../../../../..//binary/armv7a/gcc/am335x/drivers/Debug/libdrivers.a(hsi2c.o)
                0x80001ef8                I2CMasterIntClearEx
 .text.I2CMasterSlaveAddrSet
                0x80001f28       0x30 ../../../../../..//binary/armv7a/gcc/am335x/drivers/Debug/libdrivers.a(hsi2c.o)
                0x80001f28                I2CMasterSlaveAddrSet
 .text.I2CSetDataCount
                0x80001f58       0x30 ../../../../../..//binary/armv7a/gcc/am335x/drivers/Debug/libdrivers.a(hsi2c.o)
                0x80001f58                I2CSetDataCount
 .text.I2CDataCountGet
                0x80001f88       0x2c ../../../../../..//binary/armv7a/gcc/am335x/drivers/Debug/libdrivers.a(hsi2c.o)
                0x80001f88                I2CDataCountGet
 .text.I2CAutoIdleDisable
                0x80001fb4       0x38 ../../../../../..//binary/armv7a/gcc/am335x/drivers/Debug/libdrivers.a(hsi2c.o)
                0x80001fb4                I2CAutoIdleDisable
 .text.I2CMasterDataPut
                0x80001fec       0x34 ../../../../../..//binary/armv7a/gcc/am335x/drivers/Debug/libdrivers.a(hsi2c.o)
                0x80001fec                I2CMasterDataPut
 .text.I2CMasterDataGet
                0x80002020       0x34 ../../../../../..//binary/armv7a/gcc/am335x/drivers/Debug/libdrivers.a(hsi2c.o)
                0x80002020                I2CMasterDataGet
 .text.RTCRun   0x80002054       0x64 ../../../../../..//binary/armv7a/gcc/am335x/drivers/Debug/libdrivers.a(rtc.o)
                0x80002054                RTCRun
 .text.RTCWriteProtectDisable
                0x800020b8       0x4c ../../../../../..//binary/armv7a/gcc/am335x/drivers/Debug/libdrivers.a(rtc.o)
                0x800020b8                RTCWriteProtectDisable
 .text.RTCIntTimerEnable
                0x80002104       0x7c ../../../../../..//binary/armv7a/gcc/am335x/drivers/Debug/libdrivers.a(rtc.o)
                0x80002104                RTCIntTimerEnable
 .text.RTCEnable
                0x80002180       0x98 ../../../../../..//binary/armv7a/gcc/am335x/drivers/Debug/libdrivers.a(rtc.o)
                0x80002180                RTCEnable
 .text.RTC32KClkSourceSelect
                0x80002218       0x88 ../../../../../..//binary/armv7a/gcc/am335x/drivers/Debug/libdrivers.a(rtc.o)
                0x80002218                RTC32KClkSourceSelect
 .text.RTC32KClkClockControl
                0x800022a0       0x60 ../../../../../..//binary/armv7a/gcc/am335x/drivers/Debug/libdrivers.a(rtc.o)
                0x800022a0                RTC32KClkClockControl
 .text.ConsoleUtilsInit
                0x80002300       0x18 ../../../../../..//binary/armv7a/gcc/utils/Debug/libutils.a(consoleUtils.o)
                0x80002300                ConsoleUtilsInit
 .text.ConsoleUtilsSetType
                0x80002318       0x54 ../../../../../..//binary/armv7a/gcc/utils/Debug/libutils.a(consoleUtils.o)
                0x80002318                ConsoleUtilsSetType
 .text.ConsoleUtilsPrintf
                0x8000236c       0x6c ../../../../../..//binary/armv7a/gcc/utils/Debug/libutils.a(consoleUtils.o)
                0x8000236c                ConsoleUtilsPrintf
 .text.ConsoleUtilsScanf
                0x800023d8       0x80 ../../../../../..//binary/armv7a/gcc/utils/Debug/libutils.a(consoleUtils.o)
                0x800023d8                ConsoleUtilsScanf
 .text.UARTStdioInit
                0x80002458       0x18 ../../../../../..//binary/armv7a/gcc/utils/Debug/libutils.a(uartStdio.o)
                0x80002458                UARTStdioInit
 .text.UARTStdioRead
                0x80002470       0xd0 ../../../../../..//binary/armv7a/gcc/utils/Debug/libutils.a(uartStdio.o)
 .text.UARTPuts
                0x80002540       0xec ../../../../../..//binary/armv7a/gcc/utils/Debug/libutils.a(uartStdio.o)
                0x80002540                UARTPuts
 .text.UARTPutc
                0x8000262c       0x30 ../../../../../..//binary/armv7a/gcc/utils/Debug/libutils.a(uartStdio.o)
                0x8000262c                UARTPutc
 .text.UARTGetc
                0x8000265c       0x20 ../../../../../..//binary/armv7a/gcc/utils/Debug/libutils.a(uartStdio.o)
                0x8000265c                UARTGetc
 .text.UARTwrite
                0x8000267c       0x94 ../../../../../..//binary/armv7a/gcc/utils/Debug/libutils.a(uartStdio.o)
                0x8000267c                UARTwrite
 .text.UARTScanf
                0x80002710      0xa68 ../../../../../..//binary/armv7a/gcc/utils/Debug/libutils.a(uartStdio.o)
                0x80002710                UARTScanf
 .text.UARTPrintf
                0x80003178      0x6ac ../../../../../..//binary/armv7a/gcc/utils/Debug/libutils.a(uartStdio.o)
                0x80003178                UARTPrintf
 .text.ASCIIToDigit
                0x80003824       0xe8 ../../../../../..//binary/armv7a/gcc/utils/Debug/libutils.a(ascii.o)
                0x80003824                ASCIIToDigit
 .text.I2CPinMuxSetup
                0x8000390c       0x78 ../../../../../..//binary/armv7a/gcc/am335x/ok335xd/platform/Debug/libplatform.a(hsi2c.o)
                0x8000390c                I2CPinMuxSetup
 .text.I2C0ModuleClkConfig
                0x80003984       0xa0 ../../../../../..//binary/armv7a/gcc/am335x/ok335xd/platform/Debug/libplatform.a(hsi2c.o)
                0x80003984                I2C0ModuleClkConfig
 .text.RtcVersionGet
                0x80003a24       0x1c ../../../../../..//binary/armv7a/gcc/am335x/ok335xd/platform/Debug/libplatform.a(rtc.o)
                0x80003a24                RtcVersionGet
 .text.RTCModuleClkConfig
                0x80003a40       0xd8 ../../../../../..//binary/armv7a/gcc/am335x/ok335xd/platform/Debug/libplatform.a(rtc.o)
                0x80003a40                RTCModuleClkConfig
 .text.UARTStdioInitExpClk
                0x80003b18       0xd0 ../../../../../..//binary/armv7a/gcc/am335x/ok335xd/platform/Debug/libplatform.a(uartConsole.o)
 .text.UartFIFOConfigure
                0x80003be8       0x64 ../../../../../..//binary/armv7a/gcc/am335x/ok335xd/platform/Debug/libplatform.a(uartConsole.o)
 .text.UartBaudRateSet
                0x80003c4c       0x5c ../../../../../..//binary/armv7a/gcc/am335x/ok335xd/platform/Debug/libplatform.a(uartConsole.o)
 .text.UARTConsoleInit
                0x80003ca8       0x44 ../../../../../..//binary/armv7a/gcc/am335x/ok335xd/platform/Debug/libplatform.a(uartConsole.o)
                0x80003ca8                UARTConsoleInit
 .text.UARTConsolePutc
                0x80003cec       0x38 ../../../../../..//binary/armv7a/gcc/am335x/ok335xd/platform/Debug/libplatform.a(uartConsole.o)
                0x80003cec                UARTConsolePutc
 .text.UARTConsoleGetc
                0x80003d24       0x2c ../../../../../..//binary/armv7a/gcc/am335x/ok335xd/platform/Debug/libplatform.a(uartConsole.o)
                0x80003d24                UARTConsoleGetc
 .text.UARTPinMuxSetup
                0x80003d50       0x60 ../../../../../..//binary/armv7a/gcc/am335x/ok335xd/platform/Debug/libplatform.a(uart.o)
                0x80003d50                UARTPinMuxSetup
 .text.UART0ModuleClkConfig
                0x80003db0       0x84 ../../../../../..//binary/armv7a/gcc/am335x/ok335xd/platform/Debug/libplatform.a(uart.o)
                0x80003db0                UART0ModuleClkConfig
 .text.CacheEnable
                0x80003e34       0x94 ../../../../../..//binary/armv7a/gcc/am335x/system_config/Debug/libsystem_config.a(cache.o)
                0x80003e34                CacheEnable
 .text          0x80003ec8      0x488 ../../../../../..//binary/armv7a/gcc/am335x/system_config/Debug/libsystem_config.a(cp15.o)
                0x80003ec8                CP15ICacheDisable
                0x80003ee4                CP15DCacheDisable
                0x80003f00                CP15ICacheEnable
                0x80003f10                CP15DCacheEnable
                0x80003f20                CP15DCacheFlush
                0x80003fb4                CP15DCacheClean
                0x80004048                CP15DCacheCleanFlush
                0x800040dc                CP15ICacheFlush
                0x800040ec                CP15DCacheCleanBuff
                0x80004140                CP15DCacheCleanFlushBuff
                0x80004194                CP15DCacheFlushBuff
                0x800041f8                CP15ICacheFlushBuff
                0x8000424c                CP15Ttb0Set
                0x80004258                CP15TlbInvalidate
                0x80004264                CP15MMUDisable
                0x8000427c                CP15MMUEnable
                0x80004290                CP15VectorBaseAddrSet
                0x8000429c                CP15BranchPredictorInvalidate
                0x800042a8                CP15BranchPredictionEnable
                0x800042b8                CP15BranchPredictionDisable
                0x800042c8                CP15DomainAccessClientSet
                0x800042d8                CP15ControlFeatureDisable
                0x800042ec                CP15ControlFeatureEnable
                0x80004300                CP15TtbCtlTtb0Config
                0x80004310                CP15AuxControlFeatureEnable
                0x80004324                CP15AuxControlFeatureDisable
                0x80004338                CP15MainIdPrimPartNumGet
 .text.IntDefaultHandler
                0x80004350       0x14 ../../../../../..//binary/armv7a/gcc/am335x/system_config/Debug/libsystem_config.a(interrupt.o)
 .text.IntRegister
                0x80004364       0x34 ../../../../../..//binary/armv7a/gcc/am335x/system_config/Debug/libsystem_config.a(interrupt.o)
                0x80004364                IntRegister
 .text.IntAINTCInit
                0x80004398       0x90 ../../../../../..//binary/armv7a/gcc/am335x/system_config/Debug/libsystem_config.a(interrupt.o)
                0x80004398                IntAINTCInit
 .text.IntPrioritySet
                0x80004428       0x50 ../../../../../..//binary/armv7a/gcc/am335x/system_config/Debug/libsystem_config.a(interrupt.o)
                0x80004428                IntPrioritySet
 .text.IntSystemEnable
                0x80004478       0x4c ../../../../../..//binary/armv7a/gcc/am335x/system_config/Debug/libsystem_config.a(interrupt.o)
                0x80004478                IntSystemEnable
 .text.IntMasterIRQEnable
                0x800044c4       0x18 ../../../../../..//binary/armv7a/gcc/am335x/system_config/Debug/libsystem_config.a(interrupt.o)
                0x800044c4                IntMasterIRQEnable
 .text.MMUInit  0x800044dc       0x88 ../../../../../..//binary/armv7a/gcc/am335x/system_config/Debug/libsystem_config.a(mmu.o)
                0x800044dc                MMUInit
 .text.MMUMemRegionMap
                0x80004564      0x110 ../../../../../..//binary/armv7a/gcc/am335x/system_config/Debug/libsystem_config.a(mmu.o)
                0x80004564                MMUMemRegionMap
 .text.MMUEnable
                0x80004674       0x38 ../../../../../..//binary/armv7a/gcc/am335x/system_config/Debug/libsystem_config.a(mmu.o)
                0x80004674                MMUEnable
 .text.start_boot
                0x800046ac       0x24 ../../../../../..//binary/armv7a/gcc/am335x/system_config/Debug/libsystem_config.a(startup.o)
                0x800046ac                start_boot
 .text.CopyVectorTable
                0x800046d0       0x98 ../../../../../..//binary/armv7a/gcc/am335x/system_config/Debug/libsystem_config.a(startup.o)
 .text.CPUirqe  0x80004768       0x24 ../../../../../..//binary/armv7a/gcc/am335x/system_config/Debug/libsystem_config.a(cpu.o)
                0x80004768                CPUirqe
 .text          0x8000478c       0xf0 ../../../../../..//binary/armv7a/gcc/am335x/system_config/Debug/libsystem_config.a(exceptionhandler.o)
                0x8000478c                SVC_Handler
                0x800047b4                IRQHandler
                0x80004860                FIQHandler
                0x80004864                UndefInstHandler
                0x80004864                AbortHandler
 .text          0x8000487c      0x114 /opt/gcc-arm-none-eabi-4_7-2013q1/lib/gcc/arm-none-eabi/4.7.3//libgcc.a(_udivsi3.o)
                0x8000487c                __udivsi3
                0x8000487c                __aeabi_uidiv
                0x80004970                __aeabi_uidivmod
 .text          0x80004990      0x148 /opt/gcc-arm-none-eabi-4_7-2013q1/lib/gcc/arm-none-eabi/4.7.3//libgcc.a(_divsi3.o)
                0x80004990                __aeabi_idiv
                0x80004990                __divsi3
                0x80004ab8                __aeabi_idivmod
 .text          0x80004ad8        0x4 /opt/gcc-arm-none-eabi-4_7-2013q1/lib/gcc/arm-none-eabi/4.7.3//libgcc.a(_dvmd_tls.o)
                0x80004ad8                __aeabi_ldiv0
                0x80004ad8                __aeabi_idiv0
 .text.UARTOperatingModeSelect
                0x80004adc       0x84 ../../../../../..//binary/armv7a/gcc/am335x/drivers/Debug/libdrivers.a(uart_irda_cir.o)
                0x80004adc                UARTOperatingModeSelect
 .text.UARTDivisorValCompute
                0x80004b60      0x104 ../../../../../..//binary/armv7a/gcc/am335x/drivers/Debug/libdrivers.a(uart_irda_cir.o)
                0x80004b60                UARTDivisorValCompute
 .text.UARTDivisorLatchWrite
                0x80004c64      0x210 ../../../../../..//binary/armv7a/gcc/am335x/drivers/Debug/libdrivers.a(uart_irda_cir.o)
                0x80004c64                UARTDivisorLatchWrite
 .text.UARTDivisorLatchDisable
                0x80004e74       0x38 ../../../../../..//binary/armv7a/gcc/am335x/drivers/Debug/libdrivers.a(uart_irda_cir.o)
                0x80004e74                UARTDivisorLatchDisable
 .text.UARTRegConfigModeEnable
                0x80004eac       0x9c ../../../../../..//binary/armv7a/gcc/am335x/drivers/Debug/libdrivers.a(uart_irda_cir.o)
                0x80004eac                UARTRegConfigModeEnable
 .text.UARTBreakCtl
                0x80004f48       0x60 ../../../../../..//binary/armv7a/gcc/am335x/drivers/Debug/libdrivers.a(uart_irda_cir.o)
                0x80004f48                UARTBreakCtl
 .text.UARTLineCharacConfig
                0x80004fa8       0xa4 ../../../../../..//binary/armv7a/gcc/am335x/drivers/Debug/libdrivers.a(uart_irda_cir.o)
                0x80004fa8                UARTLineCharacConfig
 .text.UARTFIFOConfig
                0x8000504c      0x480 ../../../../../..//binary/armv7a/gcc/am335x/drivers/Debug/libdrivers.a(uart_irda_cir.o)
                0x8000504c                UARTFIFOConfig
 .text.UARTFIFORegisterWrite
                0x800054cc       0xc0 ../../../../../..//binary/armv7a/gcc/am335x/drivers/Debug/libdrivers.a(uart_irda_cir.o)
                0x800054cc                UARTFIFORegisterWrite
 .text.UARTEnhanFuncEnable
                0x8000558c       0x88 ../../../../../..//binary/armv7a/gcc/am335x/drivers/Debug/libdrivers.a(uart_irda_cir.o)
                0x8000558c                UARTEnhanFuncEnable
 .text.UARTEnhanFuncBitValRestore
                0x80005614       0x8c ../../../../../..//binary/armv7a/gcc/am335x/drivers/Debug/libdrivers.a(uart_irda_cir.o)
                0x80005614                UARTEnhanFuncBitValRestore
 .text.UARTSubConfigTCRTLRModeEn
                0x800056a0      0x124 ../../../../../..//binary/armv7a/gcc/am335x/drivers/Debug/libdrivers.a(uart_irda_cir.o)
                0x800056a0                UARTSubConfigTCRTLRModeEn
 .text.UARTTCRTLRBitValRestore
                0x800057c4      0x128 ../../../../../..//binary/armv7a/gcc/am335x/drivers/Debug/libdrivers.a(uart_irda_cir.o)
                0x800057c4                UARTTCRTLRBitValRestore
 .text.UARTCharGet
                0x800058ec       0x84 ../../../../../..//binary/armv7a/gcc/am335x/drivers/Debug/libdrivers.a(uart_irda_cir.o)
                0x800058ec                UARTCharGet
 .text.UARTCharPut
                0x80005970       0x78 ../../../../../..//binary/armv7a/gcc/am335x/drivers/Debug/libdrivers.a(uart_irda_cir.o)
                0x80005970                UARTCharPut
 .text.UARTModuleReset
                0x800059e8       0x54 ../../../../../..//binary/armv7a/gcc/am335x/drivers/Debug/libdrivers.a(uart_irda_cir.o)
                0x800059e8                UARTModuleReset
 *(.rodata*)
 .rodata        0x80005a3c      0x320 Debug/rtcClock.o
 .rodata        0x80005d5c       0x50 ../../../../../..//binary/armv7a/gcc/utils/Debug/libutils.a(consoleUtils.o)
 .rodata        0x80005dac       0x60 ../../../../../..//binary/armv7a/gcc/utils/Debug/libutils.a(uartStdio.o)
 .rodata.g_pcHex
                0x80005e0c        0x4 ../../../../../..//binary/armv7a/gcc/utils/Debug/libutils.a(uartStdio.o)
 .rodata.AM335X_VECTOR_BASE
                0x80005e10        0x4 ../../../../../..//binary/armv7a/gcc/am335x/system_config/Debug/libsystem_config.a(startup.o)
                0x80005e10                AM335X_VECTOR_BASE
 .rodata.vecTbl
                0x80005e14       0x38 ../../../../../..//binary/armv7a/gcc/am335x/system_config/Debug/libsystem_config.a(startup.o)

.glue_7         0x80005e4c        0x0
 .glue_7        0x00000000        0x0 linker stubs

.glue_7t        0x80005e4c        0x0
 .glue_7t       0x00000000        0x0 linker stubs

.vfp11_veneer   0x80005e4c        0x0
 .vfp11_veneer  0x00000000        0x0 linker stubs

.v4_bx          0x80005e4c        0x0
 .v4_bx         0x00000000        0x0 linker stubs

.iplt           0x80005e4c        0x0
 .iplt          0x00000000        0x0 Debug/rtcClock.o

.rel.dyn        0x80005e4c        0x0
 .rel.iplt      0x00000000        0x0 Debug/rtcClock.o

.data           0x80005e4c        0x4
                0x80005e4c                . = ALIGN (0x4)
 *(.data*)
 .data.complFlag
                0x80005e4c        0x4 Debug/rtcClock.o
                0x80005e4c                complFlag

.igot.plt       0x80005e50        0x0
 .igot.plt      0x00000000        0x0 Debug/rtcClock.o

.bss            0x80008000     0x4220
                0x80008000                . = ALIGN (0x4)
                0x80008000                _bss_start = .
 *(.bss*)
 .bss.pageTable
                0x80008000     0x4000 Debug/rtcClock.o
 .bss.ConsoleType
                0x8000c000        0x1 ../../../../../..//binary/armv7a/gcc/utils/Debug/libutils.a(consoleUtils.o)
 *(COMMON)
 *fill*         0x8000c001        0x3 00
 COMMON         0x8000c004       0x1b Debug/rtcClock.o
                0x8000c004                dataToSlave
                0x8000c008                numBytesRead
                0x8000c00c                rxCount
                0x8000c010                numOfBytes
                0x8000c014                txCount
                0x8000c018                busFreq
                0x8000c01c                dataFromSlave
 *fill*         0x8000c01f        0x1 00
 COMMON         0x8000c020      0x200 ../../../../../..//binary/armv7a/gcc/am335x/system_config/Debug/libsystem_config.a(interrupt.o)
                0x8000c020                fnRAMVectors
                0x8000c220                _bss_end = .

.heap           0x8000c220      0x800
                0x8000c220                . = ALIGN (0x4)
                0x8000c220                __end__ = .
                0x8000c220                end = __end__
                0x8000c220                __HeapBase = __end__
 *(.heap*)
                0x8000ca20                . = (. + 0x800)
 *fill*         0x8000c220      0x800 00
                0x8000ca20                __HeapLimit = .

.stack          0x8000ca20  0x7fffff8
                0x8000ca20                . = ALIGN (0x4)
                0x8000ca20                __StackLimit = .
 *(.stack*)
                0x8800ca18                . = (. + 0x7fffff8)
 *fill*         0x8000ca20  0x7fffff8 00
                0x8800ca18                __StackTop = .
                0x8800ca18                _stack = __StackTop
OUTPUT(Debug/rtcClock.out elf32-littlearm)

.debug_info     0x00000000     0x52c2
 .debug_info    0x00000000      0x64a Debug/rtcClock.o
 .debug_info    0x0000064a      0xa6d ../../../../../..//binary/armv7a/gcc/am335x/drivers/Debug/libdrivers.a(hsi2c.o)
 .debug_info    0x000010b7     0x1363 ../../../../../..//binary/armv7a/gcc/am335x/drivers/Debug/libdrivers.a(rtc.o)
 .debug_info    0x0000241a      0x29a ../../../../../..//binary/armv7a/gcc/utils/Debug/libutils.a(consoleUtils.o)
 .debug_info    0x000026b4      0x69a ../../../../../..//binary/armv7a/gcc/utils/Debug/libutils.a(uartStdio.o)
 .debug_info    0x00002d4e      0x289 ../../../../../..//binary/armv7a/gcc/utils/Debug/libutils.a(ascii.o)
 .debug_info    0x00002fd7       0x94 ../../../../../..//binary/armv7a/gcc/am335x/ok335xd/platform/Debug/libplatform.a(hsi2c.o)
 .debug_info    0x0000306b       0x6f ../../../../../..//binary/armv7a/gcc/am335x/ok335xd/platform/Debug/libplatform.a(rtc.o)
 .debug_info    0x000030da      0x156 ../../../../../..//binary/armv7a/gcc/am335x/ok335xd/platform/Debug/libplatform.a(uartConsole.o)
 .debug_info    0x00003230       0x7e ../../../../../..//binary/armv7a/gcc/am335x/ok335xd/platform/Debug/libplatform.a(uart.o)
 .debug_info    0x000032ae      0x1b3 ../../../../../..//binary/armv7a/gcc/am335x/system_config/Debug/libsystem_config.a(cache.o)
 .debug_info    0x00003461       0xa5 ../../../../../..//binary/armv7a/gcc/am335x/system_config/Debug/libsystem_config.a(cp15.o)
 .debug_info    0x00003506       0xa5 ../../../../../..//binary/armv7a/gcc/am335x/system_config/Debug/libsystem_config.a(init.o)
 .debug_info    0x000035ab      0x46f ../../../../../..//binary/armv7a/gcc/am335x/system_config/Debug/libsystem_config.a(interrupt.o)
 .debug_info    0x00003a1a      0x16d ../../../../../..//binary/armv7a/gcc/am335x/system_config/Debug/libsystem_config.a(mmu.o)
 .debug_info    0x00003b87       0xe0 ../../../../../..//binary/armv7a/gcc/am335x/system_config/Debug/libsystem_config.a(startup.o)
 .debug_info    0x00003c67       0xf8 ../../../../../..//binary/armv7a/gcc/am335x/system_config/Debug/libsystem_config.a(cpu.o)
 .debug_info    0x00003d5f       0xb8 ../../../../../..//binary/armv7a/gcc/am335x/system_config/Debug/libsystem_config.a(exceptionhandler.o)
 .debug_info    0x00003e17     0x14ab ../../../../../..//binary/armv7a/gcc/am335x/drivers/Debug/libdrivers.a(uart_irda_cir.o)

.debug_abbrev   0x00000000      0xee4
 .debug_abbrev  0x00000000      0x17d Debug/rtcClock.o
 .debug_abbrev  0x0000017d      0x14d ../../../../../..//binary/armv7a/gcc/am335x/drivers/Debug/libdrivers.a(hsi2c.o)
 .debug_abbrev  0x000002ca      0x10f ../../../../../..//binary/armv7a/gcc/am335x/drivers/Debug/libdrivers.a(rtc.o)
 .debug_abbrev  0x000003d9      0x156 ../../../../../..//binary/armv7a/gcc/utils/Debug/libutils.a(consoleUtils.o)
 .debug_abbrev  0x0000052f      0x186 ../../../../../..//binary/armv7a/gcc/utils/Debug/libutils.a(uartStdio.o)
 .debug_abbrev  0x000006b5       0xce ../../../../../..//binary/armv7a/gcc/utils/Debug/libutils.a(ascii.o)
 .debug_abbrev  0x00000783       0x62 ../../../../../..//binary/armv7a/gcc/am335x/ok335xd/platform/Debug/libplatform.a(hsi2c.o)
 .debug_abbrev  0x000007e5       0x53 ../../../../../..//binary/armv7a/gcc/am335x/ok335xd/platform/Debug/libplatform.a(rtc.o)
 .debug_abbrev  0x00000838       0xa3 ../../../../../..//binary/armv7a/gcc/am335x/ok335xd/platform/Debug/libplatform.a(uartConsole.o)
 .debug_abbrev  0x000008db       0x62 ../../../../../..//binary/armv7a/gcc/am335x/ok335xd/platform/Debug/libplatform.a(uart.o)
 .debug_abbrev  0x0000093d       0x7a ../../../../../..//binary/armv7a/gcc/am335x/system_config/Debug/libsystem_config.a(cache.o)
 .debug_abbrev  0x000009b7       0x14 ../../../../../..//binary/armv7a/gcc/am335x/system_config/Debug/libsystem_config.a(cp15.o)
 .debug_abbrev  0x000009cb       0x14 ../../../../../..//binary/armv7a/gcc/am335x/system_config/Debug/libsystem_config.a(init.o)
 .debug_abbrev  0x000009df      0x1c2 ../../../../../..//binary/armv7a/gcc/am335x/system_config/Debug/libsystem_config.a(interrupt.o)
 .debug_abbrev  0x00000ba1       0xd9 ../../../../../..//binary/armv7a/gcc/am335x/system_config/Debug/libsystem_config.a(mmu.o)
 .debug_abbrev  0x00000c7a       0xa4 ../../../../../..//binary/armv7a/gcc/am335x/system_config/Debug/libsystem_config.a(startup.o)
 .debug_abbrev  0x00000d1e       0x64 ../../../../../..//binary/armv7a/gcc/am335x/system_config/Debug/libsystem_config.a(cpu.o)
 .debug_abbrev  0x00000d82       0x14 ../../../../../..//binary/armv7a/gcc/am335x/system_config/Debug/libsystem_config.a(exceptionhandler.o)
 .debug_abbrev  0x00000d96      0x14e ../../../../../..//binary/armv7a/gcc/am335x/drivers/Debug/libdrivers.a(uart_irda_cir.o)

.debug_loc      0x00000000     0x3750
 .debug_loc     0x00000000      0x344 Debug/rtcClock.o
 .debug_loc     0x00000344      0x7bc ../../../../../..//binary/armv7a/gcc/am335x/drivers/Debug/libdrivers.a(hsi2c.o)
 .debug_loc     0x00000b00      0xf20 ../../../../../..//binary/armv7a/gcc/am335x/drivers/Debug/libdrivers.a(rtc.o)
 .debug_loc     0x00001a20      0x178 ../../../../../..//binary/armv7a/gcc/utils/Debug/libutils.a(consoleUtils.o)
 .debug_loc     0x00001b98      0x274 ../../../../../..//binary/armv7a/gcc/utils/Debug/libutils.a(uartStdio.o)
 .debug_loc     0x00001e0c      0x108 ../../../../../..//binary/armv7a/gcc/utils/Debug/libutils.a(ascii.o)
 .debug_loc     0x00001f14       0x84 ../../../../../..//binary/armv7a/gcc/am335x/ok335xd/platform/Debug/libplatform.a(hsi2c.o)
 .debug_loc     0x00001f98       0x58 ../../../../../..//binary/armv7a/gcc/am335x/ok335xd/platform/Debug/libplatform.a(rtc.o)
 .debug_loc     0x00001ff0      0x108 ../../../../../..//binary/armv7a/gcc/am335x/ok335xd/platform/Debug/libplatform.a(uartConsole.o)
 .debug_loc     0x000020f8       0x58 ../../../../../..//binary/armv7a/gcc/am335x/ok335xd/platform/Debug/libplatform.a(uart.o)
 .debug_loc     0x00002150      0x1b8 ../../../../../..//binary/armv7a/gcc/am335x/system_config/Debug/libsystem_config.a(cache.o)
 .debug_loc     0x00002308      0x554 ../../../../../..//binary/armv7a/gcc/am335x/system_config/Debug/libsystem_config.a(interrupt.o)
 .debug_loc     0x0000285c       0x84 ../../../../../..//binary/armv7a/gcc/am335x/system_config/Debug/libsystem_config.a(mmu.o)
 .debug_loc     0x000028e0       0x58 ../../../../../..//binary/armv7a/gcc/am335x/system_config/Debug/libsystem_config.a(startup.o)
 .debug_loc     0x00002938      0x160 ../../../../../..//binary/armv7a/gcc/am335x/system_config/Debug/libsystem_config.a(cpu.o)
 .debug_loc     0x00002a98      0xcb8 ../../../../../..//binary/armv7a/gcc/am335x/drivers/Debug/libdrivers.a(uart_irda_cir.o)

.debug_aranges  0x00000000      0xbe8
 .debug_aranges
                0x00000000       0xb0 Debug/rtcClock.o
 .debug_aranges
                0x000000b0      0x180 ../../../../../..//binary/armv7a/gcc/am335x/drivers/Debug/libdrivers.a(hsi2c.o)
 .debug_aranges
                0x00000230      0x2d8 ../../../../../..//binary/armv7a/gcc/am335x/drivers/Debug/libdrivers.a(rtc.o)
 .debug_aranges
                0x00000508       0x58 ../../../../../..//binary/armv7a/gcc/utils/Debug/libutils.a(consoleUtils.o)
 .debug_aranges
                0x00000560       0x88 ../../../../../..//binary/armv7a/gcc/utils/Debug/libutils.a(uartStdio.o)
 .debug_aranges
                0x000005e8       0x48 ../../../../../..//binary/armv7a/gcc/utils/Debug/libutils.a(ascii.o)
 .debug_aranges
                0x00000630       0x30 ../../../../../..//binary/armv7a/gcc/am335x/ok335xd/platform/Debug/libplatform.a(hsi2c.o)
 .debug_aranges
                0x00000660       0x28 ../../../../../..//binary/armv7a/gcc/am335x/ok335xd/platform/Debug/libplatform.a(rtc.o)
 .debug_aranges
                0x00000688       0x48 ../../../../../..//binary/armv7a/gcc/am335x/ok335xd/platform/Debug/libplatform.a(uartConsole.o)
 .debug_aranges
                0x000006d0       0x28 ../../../../../..//binary/armv7a/gcc/am335x/ok335xd/platform/Debug/libplatform.a(uart.o)
 .debug_aranges
                0x000006f8       0x68 ../../../../../..//binary/armv7a/gcc/am335x/system_config/Debug/libsystem_config.a(cache.o)
 .debug_aranges
                0x00000760       0x20 ../../../../../..//binary/armv7a/gcc/am335x/system_config/Debug/libsystem_config.a(cp15.o)
 .debug_aranges
                0x00000780       0x20 ../../../../../..//binary/armv7a/gcc/am335x/system_config/Debug/libsystem_config.a(init.o)
 .debug_aranges
                0x000007a0      0x110 ../../../../../..//binary/armv7a/gcc/am335x/system_config/Debug/libsystem_config.a(interrupt.o)
 .debug_aranges
                0x000008b0       0x30 ../../../../../..//binary/armv7a/gcc/am335x/system_config/Debug/libsystem_config.a(mmu.o)
 .debug_aranges
                0x000008e0       0x28 ../../../../../..//binary/armv7a/gcc/am335x/system_config/Debug/libsystem_config.a(startup.o)
 .debug_aranges
                0x00000908       0x58 ../../../../../..//binary/armv7a/gcc/am335x/system_config/Debug/libsystem_config.a(cpu.o)
 .debug_aranges
                0x00000960       0x20 ../../../../../..//binary/armv7a/gcc/am335x/system_config/Debug/libsystem_config.a(exceptionhandler.o)
 .debug_aranges
                0x00000980      0x268 ../../../../../..//binary/armv7a/gcc/am335x/drivers/Debug/libdrivers.a(uart_irda_cir.o)

.debug_ranges   0x00000000      0xa88
 .debug_ranges  0x00000000       0xa0 Debug/rtcClock.o
 .debug_ranges  0x000000a0      0x170 ../../../../../..//binary/armv7a/gcc/am335x/drivers/Debug/libdrivers.a(hsi2c.o)
 .debug_ranges  0x00000210      0x2c8 ../../../../../..//binary/armv7a/gcc/am335x/drivers/Debug/libdrivers.a(rtc.o)
 .debug_ranges  0x000004d8       0x48 ../../../../../..//binary/armv7a/gcc/utils/Debug/libutils.a(consoleUtils.o)
 .debug_ranges  0x00000520       0x78 ../../../../../..//binary/armv7a/gcc/utils/Debug/libutils.a(uartStdio.o)
 .debug_ranges  0x00000598       0x38 ../../../../../..//binary/armv7a/gcc/utils/Debug/libutils.a(ascii.o)
 .debug_ranges  0x000005d0       0x20 ../../../../../..//binary/armv7a/gcc/am335x/ok335xd/platform/Debug/libplatform.a(hsi2c.o)
 .debug_ranges  0x000005f0       0x18 ../../../../../..//binary/armv7a/gcc/am335x/ok335xd/platform/Debug/libplatform.a(rtc.o)
 .debug_ranges  0x00000608       0x38 ../../../../../..//binary/armv7a/gcc/am335x/ok335xd/platform/Debug/libplatform.a(uartConsole.o)
 .debug_ranges  0x00000640       0x18 ../../../../../..//binary/armv7a/gcc/am335x/ok335xd/platform/Debug/libplatform.a(uart.o)
 .debug_ranges  0x00000658       0x58 ../../../../../..//binary/armv7a/gcc/am335x/system_config/Debug/libsystem_config.a(cache.o)
 .debug_ranges  0x000006b0      0x100 ../../../../../..//binary/armv7a/gcc/am335x/system_config/Debug/libsystem_config.a(interrupt.o)
 .debug_ranges  0x000007b0       0x20 ../../../../../..//binary/armv7a/gcc/am335x/system_config/Debug/libsystem_config.a(mmu.o)
 .debug_ranges  0x000007d0       0x18 ../../../../../..//binary/armv7a/gcc/am335x/system_config/Debug/libsystem_config.a(startup.o)
 .debug_ranges  0x000007e8       0x48 ../../../../../..//binary/armv7a/gcc/am335x/system_config/Debug/libsystem_config.a(cpu.o)
 .debug_ranges  0x00000830      0x258 ../../../../../..//binary/armv7a/gcc/am335x/drivers/Debug/libdrivers.a(uart_irda_cir.o)

.debug_line     0x00000000     0x2c38
 .debug_line    0x00000000      0x3f9 Debug/rtcClock.o
 .debug_line    0x000003f9      0x3ef ../../../../../..//binary/armv7a/gcc/am335x/drivers/Debug/libdrivers.a(hsi2c.o)
 .debug_line    0x000007e8      0x7f4 ../../../../../..//binary/armv7a/gcc/am335x/drivers/Debug/libdrivers.a(rtc.o)
 .debug_line    0x00000fdc      0x191 ../../../../../..//binary/armv7a/gcc/utils/Debug/libutils.a(consoleUtils.o)
 .debug_line    0x0000116d      0x628 ../../../../../..//binary/armv7a/gcc/utils/Debug/libutils.a(uartStdio.o)
 .debug_line    0x00001795      0x1a6 ../../../../../..//binary/armv7a/gcc/utils/Debug/libutils.a(ascii.o)
 .debug_line    0x0000193b       0xc4 ../../../../../..//binary/armv7a/gcc/am335x/ok335xd/platform/Debug/libplatform.a(hsi2c.o)
 .debug_line    0x000019ff       0xa9 ../../../../../..//binary/armv7a/gcc/am335x/ok335xd/platform/Debug/libplatform.a(rtc.o)
 .debug_line    0x00001aa8       0xcf ../../../../../..//binary/armv7a/gcc/am335x/ok335xd/platform/Debug/libplatform.a(uartConsole.o)
 .debug_line    0x00001b77       0x94 ../../../../../..//binary/armv7a/gcc/am335x/ok335xd/platform/Debug/libplatform.a(uart.o)
 .debug_line    0x00001c0b      0x10d ../../../../../..//binary/armv7a/gcc/am335x/system_config/Debug/libsystem_config.a(cache.o)
 .debug_line    0x00001d18      0x18a ../../../../../..//binary/armv7a/gcc/am335x/system_config/Debug/libsystem_config.a(cp15.o)
 .debug_line    0x00001ea2       0x93 ../../../../../..//binary/armv7a/gcc/am335x/system_config/Debug/libsystem_config.a(init.o)
 .debug_line    0x00001f35      0x2bb ../../../../../..//binary/armv7a/gcc/am335x/system_config/Debug/libsystem_config.a(interrupt.o)
 .debug_line    0x000021f0       0xda ../../../../../..//binary/armv7a/gcc/am335x/system_config/Debug/libsystem_config.a(mmu.o)
 .debug_line    0x000022ca       0x96 ../../../../../..//binary/armv7a/gcc/am335x/system_config/Debug/libsystem_config.a(startup.o)
 .debug_line    0x00002360       0xde ../../../../../..//binary/armv7a/gcc/am335x/system_config/Debug/libsystem_config.a(cpu.o)
 .debug_line    0x0000243e       0xb9 ../../../../../..//binary/armv7a/gcc/am335x/system_config/Debug/libsystem_config.a(exceptionhandler.o)
 .debug_line    0x000024f7      0x741 ../../../../../..//binary/armv7a/gcc/am335x/drivers/Debug/libdrivers.a(uart_irda_cir.o)

.debug_str      0x00000000     0x240a
 .debug_str     0x00000000      0x3dc Debug/rtcClock.o
                                0x408 (size before relaxing)
 .debug_str     0x000003dc      0x488 ../../../../../..//binary/armv7a/gcc/am335x/drivers/Debug/libdrivers.a(hsi2c.o)
                                0x501 (size before relaxing)
 .debug_str     0x00000864      0x792 ../../../../../..//binary/armv7a/gcc/am335x/drivers/Debug/libdrivers.a(rtc.o)
                                0x869 (size before relaxing)
 .debug_str     0x00000ff6      0x1a0 ../../../../../..//binary/armv7a/gcc/utils/Debug/libutils.a(consoleUtils.o)
                                0x285 (size before relaxing)
 .debug_str     0x00001196      0x19d ../../../../../..//binary/armv7a/gcc/utils/Debug/libutils.a(uartStdio.o)
                                0x2a2 (size before relaxing)
 .debug_str     0x00001333       0xd9 ../../../../../..//binary/armv7a/gcc/utils/Debug/libutils.a(ascii.o)
                                0x18c (size before relaxing)
 .debug_str     0x0000140c       0xbc ../../../../../..//binary/armv7a/gcc/am335x/ok335xd/platform/Debug/libplatform.a(hsi2c.o)
                                0x129 (size before relaxing)
 .debug_str     0x000014c8       0x4b ../../../../../..//binary/armv7a/gcc/am335x/ok335xd/platform/Debug/libplatform.a(rtc.o)
                                0x108 (size before relaxing)
 .debug_str     0x00001513       0xd1 ../../../../../..//binary/armv7a/gcc/am335x/ok335xd/platform/Debug/libplatform.a(uartConsole.o)
                                0x193 (size before relaxing)
 .debug_str     0x000015e4       0x5c ../../../../../..//binary/armv7a/gcc/am335x/ok335xd/platform/Debug/libplatform.a(uart.o)
                                0x119 (size before relaxing)
 .debug_str     0x00001640      0x167 ../../../../../..//binary/armv7a/gcc/am335x/system_config/Debug/libsystem_config.a(cache.o)
                                0x1c7 (size before relaxing)
 .debug_str     0x000017a7      0x2a5 ../../../../../..//binary/armv7a/gcc/am335x/system_config/Debug/libsystem_config.a(interrupt.o)
                                0x37b (size before relaxing)
 .debug_str     0x00001a4c       0x69 ../../../../../..//binary/armv7a/gcc/am335x/system_config/Debug/libsystem_config.a(mmu.o)
                                0x15e (size before relaxing)
 .debug_str     0x00001ab5       0x70 ../../../../../..//binary/armv7a/gcc/am335x/system_config/Debug/libsystem_config.a(startup.o)
                                0x130 (size before relaxing)
 .debug_str     0x00001b25       0x9f ../../../../../..//binary/armv7a/gcc/am335x/system_config/Debug/libsystem_config.a(cpu.o)
                                0x142 (size before relaxing)
 .debug_str     0x00001bc4      0x846 ../../../../../..//binary/armv7a/gcc/am335x/drivers/Debug/libdrivers.a(uart_irda_cir.o)
                                0x965 (size before relaxing)

.comment        0x00000000       0x70
 .comment       0x00000000       0x70 Debug/rtcClock.o
                                 0x71 (size before relaxing)
 .comment       0x00000000       0x71 ../../../../../..//binary/armv7a/gcc/am335x/drivers/Debug/libdrivers.a(hsi2c.o)
 .comment       0x00000000       0x71 ../../../../../..//binary/armv7a/gcc/am335x/drivers/Debug/libdrivers.a(rtc.o)
 .comment       0x00000000       0x71 ../../../../../..//binary/armv7a/gcc/utils/Debug/libutils.a(consoleUtils.o)
 .comment       0x00000000       0x71 ../../../../../..//binary/armv7a/gcc/utils/Debug/libutils.a(uartStdio.o)
 .comment       0x00000000       0x71 ../../../../../..//binary/armv7a/gcc/utils/Debug/libutils.a(ascii.o)
 .comment       0x00000000       0x71 ../../../../../..//binary/armv7a/gcc/am335x/ok335xd/platform/Debug/libplatform.a(hsi2c.o)
 .comment       0x00000000       0x71 ../../../../../..//binary/armv7a/gcc/am335x/ok335xd/platform/Debug/libplatform.a(rtc.o)
 .comment       0x00000000       0x71 ../../../../../..//binary/armv7a/gcc/am335x/ok335xd/platform/Debug/libplatform.a(uartConsole.o)
 .comment       0x00000000       0x71 ../../../../../..//binary/armv7a/gcc/am335x/ok335xd/platform/Debug/libplatform.a(uart.o)
 .comment       0x00000000       0x71 ../../../../../..//binary/armv7a/gcc/am335x/system_config/Debug/libsystem_config.a(cache.o)
 .comment       0x00000000       0x71 ../../../../../..//binary/armv7a/gcc/am335x/system_config/Debug/libsystem_config.a(interrupt.o)
 .comment       0x00000000       0x71 ../../../../../..//binary/armv7a/gcc/am335x/system_config/Debug/libsystem_config.a(mmu.o)
 .comment       0x00000000       0x71 ../../../../../..//binary/armv7a/gcc/am335x/system_config/Debug/libsystem_config.a(startup.o)
 .comment       0x00000000       0x71 ../../../../../..//binary/armv7a/gcc/am335x/system_config/Debug/libsystem_config.a(cpu.o)
 .comment       0x00000000       0x71 ../../../../../..//binary/armv7a/gcc/am335x/drivers/Debug/libdrivers.a(uart_irda_cir.o)

.ARM.attributes
                0x00000000       0x3b
 .ARM.attributes
                0x00000000       0x37 Debug/rtcClock.o
 .ARM.attributes
                0x00000037       0x37 ../../../../../..//binary/armv7a/gcc/am335x/drivers/Debug/libdrivers.a(hsi2c.o)
 .ARM.attributes
                0x0000006e       0x37 ../../../../../..//binary/armv7a/gcc/am335x/drivers/Debug/libdrivers.a(rtc.o)
 .ARM.attributes
                0x000000a5       0x37 ../../../../../..//binary/armv7a/gcc/utils/Debug/libutils.a(consoleUtils.o)
 .ARM.attributes
                0x000000dc       0x37 ../../../../../..//binary/armv7a/gcc/utils/Debug/libutils.a(uartStdio.o)
 .ARM.attributes
                0x00000113       0x37 ../../../../../..//binary/armv7a/gcc/utils/Debug/libutils.a(ascii.o)
 .ARM.attributes
                0x0000014a       0x37 ../../../../../..//binary/armv7a/gcc/am335x/ok335xd/platform/Debug/libplatform.a(hsi2c.o)
 .ARM.attributes
                0x00000181       0x37 ../../../../../..//binary/armv7a/gcc/am335x/ok335xd/platform/Debug/libplatform.a(rtc.o)
 .ARM.attributes
                0x000001b8       0x37 ../../../../../..//binary/armv7a/gcc/am335x/ok335xd/platform/Debug/libplatform.a(uartConsole.o)
 .ARM.attributes
                0x000001ef       0x37 ../../../../../..//binary/armv7a/gcc/am335x/ok335xd/platform/Debug/libplatform.a(uart.o)
 .ARM.attributes
                0x00000226       0x3d ../../../../../..//binary/armv7a/gcc/am335x/system_config/Debug/libsystem_config.a(cache.o)
 .ARM.attributes
                0x00000263       0x23 ../../../../../..//binary/armv7a/gcc/am335x/system_config/Debug/libsystem_config.a(cp15.o)
 .ARM.attributes
                0x00000286       0x23 ../../../../../..//binary/armv7a/gcc/am335x/system_config/Debug/libsystem_config.a(init.o)
 .ARM.attributes
                0x000002a9       0x3d ../../../../../..//binary/armv7a/gcc/am335x/system_config/Debug/libsystem_config.a(interrupt.o)
 .ARM.attributes
                0x000002e6       0x3d ../../../../../..//binary/armv7a/gcc/am335x/system_config/Debug/libsystem_config.a(mmu.o)
 .ARM.attributes
                0x00000323       0x3d ../../../../../..//binary/armv7a/gcc/am335x/system_config/Debug/libsystem_config.a(startup.o)
 .ARM.attributes
                0x00000360       0x3d ../../../../../..//binary/armv7a/gcc/am335x/system_config/Debug/libsystem_config.a(cpu.o)
 .ARM.attributes
                0x0000039d       0x23 ../../../../../..//binary/armv7a/gcc/am335x/system_config/Debug/libsystem_config.a(exceptionhandler.o)
 .ARM.attributes
                0x000003c0       0x18 /opt/gcc-arm-none-eabi-4_7-2013q1/lib/gcc/arm-none-eabi/4.7.3//libgcc.a(_udivsi3.o)
 .ARM.attributes
                0x000003d8       0x18 /opt/gcc-arm-none-eabi-4_7-2013q1/lib/gcc/arm-none-eabi/4.7.3//libgcc.a(_divsi3.o)
 .ARM.attributes
                0x000003f0       0x18 /opt/gcc-arm-none-eabi-4_7-2013q1/lib/gcc/arm-none-eabi/4.7.3//libgcc.a(_dvmd_tls.o)
 .ARM.attributes
                0x00000408       0x37 ../../../../../..//binary/armv7a/gcc/am335x/drivers/Debug/libdrivers.a(uart_irda_cir.o)

.debug_frame    0x00000000     0x2150
 .debug_frame   0x00000000      0x224 Debug/rtcClock.o
 .debug_frame   0x00000224      0x44c ../../../../../..//binary/armv7a/gcc/am335x/drivers/Debug/libdrivers.a(hsi2c.o)
 .debug_frame   0x00000670      0x880 ../../../../../..//binary/armv7a/gcc/am335x/drivers/Debug/libdrivers.a(rtc.o)
 .debug_frame   0x00000ef0      0x108 ../../../../../..//binary/armv7a/gcc/utils/Debug/libutils.a(consoleUtils.o)
 .debug_frame   0x00000ff8      0x1a8 ../../../../../..//binary/armv7a/gcc/utils/Debug/libutils.a(uartStdio.o)
 .debug_frame   0x000011a0       0xb0 ../../../../../..//binary/armv7a/gcc/utils/Debug/libutils.a(ascii.o)
 .debug_frame   0x00001250       0x58 ../../../../../..//binary/armv7a/gcc/am335x/ok335xd/platform/Debug/libplatform.a(hsi2c.o)
 .debug_frame   0x000012a8       0x40 ../../../../../..//binary/armv7a/gcc/am335x/ok335xd/platform/Debug/libplatform.a(rtc.o)
 .debug_frame   0x000012e8       0xb8 ../../../../../..//binary/armv7a/gcc/am335x/ok335xd/platform/Debug/libplatform.a(uartConsole.o)
 .debug_frame   0x000013a0       0x40 ../../../../../..//binary/armv7a/gcc/am335x/ok335xd/platform/Debug/libplatform.a(uart.o)
 .debug_frame   0x000013e0      0x128 ../../../../../..//binary/armv7a/gcc/am335x/system_config/Debug/libsystem_config.a(cache.o)
 .debug_frame   0x00001508      0x314 ../../../../../..//binary/armv7a/gcc/am335x/system_config/Debug/libsystem_config.a(interrupt.o)
 .debug_frame   0x0000181c       0x60 ../../../../../..//binary/armv7a/gcc/am335x/system_config/Debug/libsystem_config.a(mmu.o)
 .debug_frame   0x0000187c       0x48 ../../../../../..//binary/armv7a/gcc/am335x/system_config/Debug/libsystem_config.a(startup.o)
 .debug_frame   0x000018c4       0xd4 ../../../../../..//binary/armv7a/gcc/am335x/system_config/Debug/libsystem_config.a(cpu.o)
 .debug_frame   0x00001998       0x20 /opt/gcc-arm-none-eabi-4_7-2013q1/lib/gcc/arm-none-eabi/4.7.3//libgcc.a(_udivsi3.o)
 .debug_frame   0x000019b8       0x20 /opt/gcc-arm-none-eabi-4_7-2013q1/lib/gcc/arm-none-eabi/4.7.3//libgcc.a(_divsi3.o)
 .debug_frame   0x000019d8      0x778 ../../../../../..//binary/armv7a/gcc/am335x/drivers/Debug/libdrivers.a(uart_irda_cir.o)
