Archive member included because of file (symbol)

../../../../../..//binary/armv7a/gcc/am335x/drivers/Release/libdrivers.a(dmtimer.o)
                              Release/tscCalibrate.o (DMTimerEnable)
../../../../../..//binary/armv7a/gcc/am335x/drivers/Release/libdrivers.a(tsc_adc.o)
                              Release/tscCalibrate.o (TSCADCIntStatusClear)
../../../../../..//binary/armv7a/gcc/utils/Release/libutils.a(consoleUtils.o)
                              Release/tscCalibrate.o (ConsoleUtilsInit)
../../../../../..//binary/armv7a/gcc/utils/Release/libutils.a(uartStdio.o)
                              ../../../../../..//binary/armv7a/gcc/utils/Release/libutils.a(consoleUtils.o) (UARTStdioInit)
../../../../../..//binary/armv7a/gcc/utils/Release/libutils.a(ascii.o)
                              ../../../../../..//binary/armv7a/gcc/utils/Release/libutils.a(uartStdio.o) (ASCIIToDigit)
../../../../../..//binary/armv7a/gcc/am335x/ok335xd/platform/Release/libplatform.a(dmtimer.o)
                              Release/tscCalibrate.o (DMTimer2ModuleClkConfig)
../../../../../..//binary/armv7a/gcc/am335x/ok335xd/platform/Release/libplatform.a(lcd.o)
                              Release/tscCalibrate.o (LCDBackLightEnable)
../../../../../..//binary/armv7a/gcc/am335x/ok335xd/platform/Release/libplatform.a(tscAdc.o)
                              Release/tscCalibrate.o (TSCADCModuleClkConfig)
../../../../../..//binary/armv7a/gcc/am335x/ok335xd/platform/Release/libplatform.a(uartConsole.o)
                              ../../../../../..//binary/armv7a/gcc/utils/Release/libutils.a(uartStdio.o) (UARTConsoleInit)
../../../../../..//binary/armv7a/gcc/am335x/ok335xd/platform/Release/libplatform.a(uart.o)
                              ../../../../../..//binary/armv7a/gcc/am335x/ok335xd/platform/Release/libplatform.a(uartConsole.o) (UARTPinMuxSetup)
../../../../../..//binary/armv7a/gcc/am335x/ok335xd/platform/Release/libplatform.a(gpio.o)
                              ../../../../../..//binary/armv7a/gcc/am335x/ok335xd/platform/Release/libplatform.a(lcd.o) (GPIO0Pin7PinMuxSetup)
../../../../../..//binary/armv7a/gcc/am335x/ok335xd/platform/Release/libplatform.a(hsi2c.o)
                              ../../../../../..//binary/armv7a/gcc/am335x/ok335xd/platform/Release/libplatform.a(lcd.o) (I2CPinMuxSetup)
../../../../../..//binary/armv7a/gcc/am335x/system_config/Release/libsystem_config.a(cache.o)
                              Release/tscCalibrate.o (CacheEnable)
../../../../../..//binary/armv7a/gcc/am335x/system_config/Release/libsystem_config.a(cp15.o)
                              ../../../../../..//binary/armv7a/gcc/am335x/system_config/Release/libsystem_config.a(cache.o) (CP15ICacheDisable)
../../../../../..//binary/armv7a/gcc/am335x/system_config/Release/libsystem_config.a(init.o)
                              (Entry)
../../../../../..//binary/armv7a/gcc/am335x/system_config/Release/libsystem_config.a(interrupt.o)
                              Release/tscCalibrate.o (IntRegister)
../../../../../..//binary/armv7a/gcc/am335x/system_config/Release/libsystem_config.a(mmu.o)
                              Release/tscCalibrate.o (MMUInit)
../../../../../..//binary/armv7a/gcc/am335x/system_config/Release/libsystem_config.a(startup.o)
                              ../../../../../..//binary/armv7a/gcc/am335x/system_config/Release/libsystem_config.a(init.o) (start_boot)
../../../../../..//binary/armv7a/gcc/am335x/system_config/Release/libsystem_config.a(cpu.o)
                              ../../../../../..//binary/armv7a/gcc/am335x/system_config/Release/libsystem_config.a(interrupt.o) (CPUIntStatus)
../../../../../..//binary/armv7a/gcc/am335x/system_config/Release/libsystem_config.a(exceptionhandler.o)
                              ../../../../../..//binary/armv7a/gcc/am335x/system_config/Release/libsystem_config.a(startup.o) (IRQHandler)
/opt/gcc-arm-none-eabi-4_7-2013q1/lib/gcc/arm-none-eabi/4.7.3//libgcc.a(_udivsi3.o)
                              (__aeabi_uidiv)
/opt/gcc-arm-none-eabi-4_7-2013q1/lib/gcc/arm-none-eabi/4.7.3//libgcc.a(_divsi3.o)
                              (__aeabi_idiv)
/opt/gcc-arm-none-eabi-4_7-2013q1/lib/gcc/arm-none-eabi/4.7.3//libgcc.a(_dvmd_tls.o)
                              /opt/gcc-arm-none-eabi-4_7-2013q1/lib/gcc/arm-none-eabi/4.7.3//libgcc.a(_udivsi3.o) (__aeabi_idiv0)
../../../../../..//binary/armv7a/gcc/am335x/drivers/Release/libdrivers.a(gpio_v2.o)
                              ../../../../../..//binary/armv7a/gcc/am335x/ok335xd/platform/Release/libplatform.a(lcd.o) (GPIOModuleReset)
../../../../../..//binary/armv7a/gcc/am335x/drivers/Release/libdrivers.a(hsi2c.o)
                              ../../../../../..//binary/armv7a/gcc/am335x/ok335xd/platform/Release/libplatform.a(lcd.o) (I2CMasterInitExpClk)
../../../../../..//binary/armv7a/gcc/am335x/drivers/Release/libdrivers.a(uart_irda_cir.o)
[...]
Memory Configuration

Name             Origin             Length             Attributes
DDR0             0x80000000         0x10000000
*default*        0x00000000         0xffffffff

Linker script and memory map

LOAD Release/tscCalibrate.o
LOAD ../../../../../..//binary/armv7a/gcc/am335x/drivers/Release/libdrivers.a
LOAD ../../../../../..//binary/armv7a/gcc/utils/Release/libutils.a
LOAD ../../../../../..//binary/armv7a/gcc/am335x/ok335xd/platform/Release/libplatform.a
LOAD ../../../../../..//binary/armv7a/gcc/am335x/system_config/Release/libsystem_config.a
LOAD /opt/gcc-arm-none-eabi-4_7-2013q1/arm-none-eabi/lib//libc.a
LOAD /opt/gcc-arm-none-eabi-4_7-2013q1/lib/gcc/arm-none-eabi/4.7.3//libgcc.a
LOAD ../../../../../..//binary/armv7a/gcc/am335x/drivers/Release/libdrivers.a
LOAD ../../../../../..//binary/armv7a/gcc/utils/Release/libutils.a
LOAD ../../../../../..//binary/armv7a/gcc/am335x/ok335xd/platform/Release/libplatform.a
LOAD ../../../../../..//binary/armv7a/gcc/am335x/system_config/Release/libsystem_config.a
LOAD /opt/gcc-arm-none-eabi-4_7-2013q1/arm-none-eabi/lib//libc.a
LOAD /opt/gcc-arm-none-eabi-4_7-2013q1/lib/gcc/arm-none-eabi/4.7.3//libgcc.a

.startcode      0x80000000       0xb4
                0x80000000                . = ALIGN (0x4)
 *init.o(.text)
 .text          0x80000000       0xb4 ../../../../../..//binary/armv7a/gcc/am335x/system_config/Release/libsystem_config.a(init.o)
                0x80000000                Entry

.text           0x800000b4     0x2f68
                0x800000b4                . = ALIGN (0x4)
 *(.text*)
 .text.StepEnable
                0x800000b4       0x34 Release/tscCalibrate.o
 .text.TouchScreenIsr
                0x800000e8      0x1dc Release/tscCalibrate.o
 .text.MMUConfigAndEnable
                0x800002c4       0xa8 Release/tscCalibrate.o
                0x800002c4                MMUConfigAndEnable
 .text.setCalibrationMatrix
                0x8000036c      0x218 Release/tscCalibrate.o
                0x8000036c                setCalibrationMatrix
 .text.getDisplayPoint
                0x80000584       0x8c Release/tscCalibrate.o
                0x80000584                getDisplayPoint
 .text.startup.main
                0x80000610      0x6d8 Release/tscCalibrate.o
                0x80000610                main
 .text.DMTimerEnable
                0x80000ce8       0x2c ../../../../../..//binary/armv7a/gcc/am335x/drivers/Release/libdrivers.a(dmtimer.o)
                0x80000ce8                DMTimerEnable
 .text.DMTimerDisable
                0x80000d14       0x2c ../../../../../..//binary/armv7a/gcc/am335x/drivers/Release/libdrivers.a(dmtimer.o)
                0x80000d14                DMTimerDisable
 .text.DMTimerCounterSet
                0x80000d40       0x24 ../../../../../..//binary/armv7a/gcc/am335x/drivers/Release/libdrivers.a(dmtimer.o)
                0x80000d40                DMTimerCounterSet
 .text.DMTimerCounterGet
                0x80000d64       0x24 ../../../../../..//binary/armv7a/gcc/am335x/drivers/Release/libdrivers.a(dmtimer.o)
                0x80000d64                DMTimerCounterGet
 .text.TSCADCIntStatusClear
                0x80000d88        0x8 ../../../../../..//binary/armv7a/gcc/am335x/drivers/Release/libdrivers.a(tsc_adc.o)
                0x80000d88                TSCADCIntStatusClear
 .text.TSCADCIntStatus
                0x80000d90        0x8 ../../../../../..//binary/armv7a/gcc/am335x/drivers/Release/libdrivers.a(tsc_adc.o)
                0x80000d90                TSCADCIntStatus
 .text.TSCADCEventInterruptEnable
                0x80000d98       0x10 ../../../../../..//binary/armv7a/gcc/am335x/drivers/Release/libdrivers.a(tsc_adc.o)
                0x80000d98                TSCADCEventInterruptEnable
 .text.TSCADCHWEventMapSet
                0x80000da8       0x1c ../../../../../..//binary/armv7a/gcc/am335x/drivers/Release/libdrivers.a(tsc_adc.o)
                0x80000da8                TSCADCHWEventMapSet
 .text.TSCADCTSTransistorConfig
                0x80000dc4       0x1c ../../../../../..//binary/armv7a/gcc/am335x/drivers/Release/libdrivers.a(tsc_adc.o)
                0x80000dc4                TSCADCTSTransistorConfig
 .text.TSCADCTSModeConfig
                0x80000de0       0x1c ../../../../../..//binary/armv7a/gcc/am335x/drivers/Release/libdrivers.a(tsc_adc.o)
                0x80000de0                TSCADCTSModeConfig
 .text.TSCADCStepConfigProtectionDisable
                0x80000dfc       0x10 ../../../../../..//binary/armv7a/gcc/am335x/drivers/Release/libdrivers.a(tsc_adc.o)
                0x80000dfc                TSCADCStepConfigProtectionDisable
 .text.TSCADCStepIDTagConfig
                0x80000e0c       0x1c ../../../../../..//binary/armv7a/gcc/am335x/drivers/Release/libdrivers.a(tsc_adc.o)
                0x80000e0c                TSCADCStepIDTagConfig
 .text.TSCADCModuleStateSet
                0x80000e28       0x1c ../../../../../..//binary/armv7a/gcc/am335x/drivers/Release/libdrivers.a(tsc_adc.o)
                0x80000e28                TSCADCModuleStateSet
 .text.TSCADCConfigureAFEClock
                0x80000e44       0x38 ../../../../../..//binary/armv7a/gcc/am335x/drivers/Release/libdrivers.a(tsc_adc.o)
                0x80000e44                TSCADCConfigureAFEClock
 .text.TSCADCConfigureStepEnable
                0x80000e7c       0x20 ../../../../../..//binary/armv7a/gcc/am335x/drivers/Release/libdrivers.a(tsc_adc.o)
                0x80000e7c                TSCADCConfigureStepEnable
 .text.TSCADCIdleStepOperationModeControl
                0x80000e9c       0x18 ../../../../../..//binary/armv7a/gcc/am335x/drivers/Release/libdrivers.a(tsc_adc.o)
                0x80000e9c                TSCADCIdleStepOperationModeControl
 .text.TSCADCIdleStepConfig
                0x80000eb4       0x68 ../../../../../..//binary/armv7a/gcc/am335x/drivers/Release/libdrivers.a(tsc_adc.o)
                0x80000eb4                TSCADCIdleStepConfig
 .text.TSCADCIdleStepAnalogSupplyConfig
                0x80000f1c       0x4c ../../../../../..//binary/armv7a/gcc/am335x/drivers/Release/libdrivers.a(tsc_adc.o)
                0x80000f1c                TSCADCIdleStepAnalogSupplyConfig
 .text.TSCADCIdleStepAnalogGroundConfig
                0x80000f68       0x68 ../../../../../..//binary/armv7a/gcc/am335x/drivers/Release/libdrivers.a(tsc_adc.o)
                0x80000f68                TSCADCIdleStepAnalogGroundConfig
 .text.TSCADCChargeStepOperationModeControl
                0x80000fd0       0x18 ../../../../../..//binary/armv7a/gcc/am335x/drivers/Release/libdrivers.a(tsc_adc.o)
                0x80000fd0                TSCADCChargeStepOperationModeControl
 .text.TSCADCChargeStepConfig
                0x80000fe8       0x68 ../../../../../..//binary/armv7a/gcc/am335x/drivers/Release/libdrivers.a(tsc_adc.o)
                0x80000fe8                TSCADCChargeStepConfig
 .text.TSCADCChargeStepAnalogSupplyConfig
                0x80001050       0x4c ../../../../../..//binary/armv7a/gcc/am335x/drivers/Release/libdrivers.a(tsc_adc.o)
                0x80001050                TSCADCChargeStepAnalogSupplyConfig
 .text.TSCADCChargeStepAnalogGroundConfig
                0x8000109c       0x68 ../../../../../..//binary/armv7a/gcc/am335x/drivers/Release/libdrivers.a(tsc_adc.o)
                0x8000109c                TSCADCChargeStepAnalogGroundConfig
 .text.TSCADCTSChargeStepOpenDelayConfig
                0x80001104        0x8 ../../../../../..//binary/armv7a/gcc/am335x/drivers/Release/libdrivers.a(tsc_adc.o)
                0x80001104                TSCADCTSChargeStepOpenDelayConfig
 .text.TSCADCTSStepOperationModeControl
                0x8000110c       0x1c ../../../../../..//binary/armv7a/gcc/am335x/drivers/Release/libdrivers.a(tsc_adc.o)
                0x8000110c                TSCADCTSStepOperationModeControl
 .text.TSCADCTSStepConfig
                0x80001128       0x70 ../../../../../..//binary/armv7a/gcc/am335x/drivers/Release/libdrivers.a(tsc_adc.o)
                0x80001128                TSCADCTSStepConfig
 .text.TSCADCTSStepAnalogSupplyConfig
                0x80001198       0x5c ../../../../../..//binary/armv7a/gcc/am335x/drivers/Release/libdrivers.a(tsc_adc.o)
                0x80001198                TSCADCTSStepAnalogSupplyConfig
 .text.TSCADCTSStepAnalogGroundConfig
                0x800011f4       0x78 ../../../../../..//binary/armv7a/gcc/am335x/drivers/Release/libdrivers.a(tsc_adc.o)
                0x800011f4                TSCADCTSStepAnalogGroundConfig
 .text.TSCADCTSStepFIFOSelConfig
                0x8000126c       0x20 ../../../../../..//binary/armv7a/gcc/am335x/drivers/Release/libdrivers.a(tsc_adc.o)
                0x8000126c                TSCADCTSStepFIFOSelConfig
 .text.TSCADCTSStepAverageConfig
                0x8000128c       0x20 ../../../../../..//binary/armv7a/gcc/am335x/drivers/Release/libdrivers.a(tsc_adc.o)
                0x8000128c                TSCADCTSStepAverageConfig
 .text.TSCADCTSStepModeConfig
                0x800012ac       0x20 ../../../../../..//binary/armv7a/gcc/am335x/drivers/Release/libdrivers.a(tsc_adc.o)
                0x800012ac                TSCADCTSStepModeConfig
 .text.TSCADCTSStepOpenDelayConfig
                0x800012cc       0x24 ../../../../../..//binary/armv7a/gcc/am335x/drivers/Release/libdrivers.a(tsc_adc.o)
                0x800012cc                TSCADCTSStepOpenDelayConfig
 .text.TSCADCFIFOADCDataRead
                0x800012f0       0x14 ../../../../../..//binary/armv7a/gcc/am335x/drivers/Release/libdrivers.a(tsc_adc.o)
                0x800012f0                TSCADCFIFOADCDataRead
 .text.TSCADCFIFOWordCountRead
                0x80001304       0x14 ../../../../../..//binary/armv7a/gcc/am335x/drivers/Release/libdrivers.a(tsc_adc.o)
                0x80001304                TSCADCFIFOWordCountRead
 .text.TSCADCFIFOIRQThresholdLevelConfig
                0x80001318       0x18 ../../../../../..//binary/armv7a/gcc/am335x/drivers/Release/libdrivers.a(tsc_adc.o)
                0x80001318                TSCADCFIFOIRQThresholdLevelConfig
 .text.ConsoleUtilsInit
                0x80001330       0x14 ../../../../../..//binary/armv7a/gcc/utils/Release/libutils.a(consoleUtils.o)
                0x80001330                ConsoleUtilsInit
 .text.ConsoleUtilsSetType
                0x80001344       0x38 ../../../../../..//binary/armv7a/gcc/utils/Release/libutils.a(consoleUtils.o)
                0x80001344                ConsoleUtilsSetType
 .text.ConsoleUtilsPrintf
                0x8000137c       0x64 ../../../../../..//binary/armv7a/gcc/utils/Release/libutils.a(consoleUtils.o)
                0x8000137c                ConsoleUtilsPrintf
 .text.UARTStdioInit
                0x800013e0       0x14 ../../../../../..//binary/armv7a/gcc/utils/Release/libutils.a(uartStdio.o)
                0x800013e0                UARTStdioInit
 .text.UARTPuts
                0x800013f4       0x78 ../../../../../..//binary/armv7a/gcc/utils/Release/libutils.a(uartStdio.o)
                0x800013f4                UARTPuts
 .text.UARTwrite
                0x8000146c       0x58 ../../../../../..//binary/armv7a/gcc/utils/Release/libutils.a(uartStdio.o)
                0x8000146c                UARTwrite
 .text.UARTPrintf
                0x800014c4      0x4bc ../../../../../..//binary/armv7a/gcc/utils/Release/libutils.a(uartStdio.o)
                0x800014c4                UARTPrintf
 .text.DMTimer2ModuleClkConfig
                0x80001980       0x74 ../../../../../..//binary/armv7a/gcc/am335x/ok335xd/platform/Release/libplatform.a(dmtimer.o)
                0x80001980                DMTimer2ModuleClkConfig
 .text.LCDBackLightEnable
                0x800019f4       0x78 ../../../../../..//binary/armv7a/gcc/am335x/ok335xd/platform/Release/libplatform.a(lcd.o)
                0x800019f4                LCDBackLightEnable
 .text.TSCADCModuleClkConfig
                0x80001a6c       0x68 ../../../../../..//binary/armv7a/gcc/am335x/ok335xd/platform/Release/libplatform.a(tscAdc.o)
                0x80001a6c                TSCADCModuleClkConfig
 .text.TSCADCPinMuxSetUp
                0x80001ad4       0x38 ../../../../../..//binary/armv7a/gcc/am335x/ok335xd/platform/Release/libplatform.a(tscAdc.o)
                0x80001ad4                TSCADCPinMuxSetUp
 .text.UARTConsoleInit
                0x80001b0c       0xf0 ../../../../../..//binary/armv7a/gcc/am335x/ok335xd/platform/Release/libplatform.a(uartConsole.o)
                0x80001b0c                UARTConsoleInit
 .text.UARTConsolePutc
                0x80001bfc       0x20 ../../../../../..//binary/armv7a/gcc/am335x/ok335xd/platform/Release/libplatform.a(uartConsole.o)
                0x80001bfc                UARTConsolePutc
 .text.UARTPinMuxSetup
                0x80001c1c       0x24 ../../../../../..//binary/armv7a/gcc/am335x/ok335xd/platform/Release/libplatform.a(uart.o)
                0x80001c1c                UARTPinMuxSetup
 .text.UART0ModuleClkConfig
                0x80001c40       0x54 ../../../../../..//binary/armv7a/gcc/am335x/ok335xd/platform/Release/libplatform.a(uart.o)
                0x80001c40                UART0ModuleClkConfig
 .text.GPIO0Pin7PinMuxSetup
                0x80001c94       0x18 ../../../../../..//binary/armv7a/gcc/am335x/ok335xd/platform/Release/libplatform.a(gpio.o)
                0x80001c94                GPIO0Pin7PinMuxSetup
 .text.GPIO0ModuleClkConfig
                0x80001cac       0x78 ../../../../../..//binary/armv7a/gcc/am335x/ok335xd/platform/Release/libplatform.a(gpio.o)
                0x80001cac                GPIO0ModuleClkConfig
 .text.CacheEnable
                0x80001d24       0x84 ../../../../../..//binary/armv7a/gcc/am335x/system_config/Release/libsystem_config.a(cache.o)
                0x80001d24                CacheEnable
 .text          0x80001da8      0x488 ../../../../../..//binary/armv7a/gcc/am335x/system_config/Release/libsystem_config.a(cp15.o)
                0x80001da8                CP15ICacheDisable
                0x80001dc4                CP15DCacheDisable
                0x80001de0                CP15ICacheEnable
                0x80001df0                CP15DCacheEnable
                0x80001e00                CP15DCacheFlush
                0x80001e94                CP15DCacheClean
                0x80001f28                CP15DCacheCleanFlush
                0x80001fbc                CP15ICacheFlush
                0x80001fcc                CP15DCacheCleanBuff
                0x80002020                CP15DCacheCleanFlushBuff
                0x80002074                CP15DCacheFlushBuff
                0x800020d8                CP15ICacheFlushBuff
                0x8000212c                CP15Ttb0Set
                0x80002138                CP15TlbInvalidate
                0x80002144                CP15MMUDisable
                0x8000215c                CP15MMUEnable
                0x80002170                CP15VectorBaseAddrSet
                0x8000217c                CP15BranchPredictorInvalidate
                0x80002188                CP15BranchPredictionEnable
                0x80002198                CP15BranchPredictionDisable
                0x800021a8                CP15DomainAccessClientSet
                0x800021b8                CP15ControlFeatureDisable
                0x800021cc                CP15ControlFeatureEnable
                0x800021e0                CP15TtbCtlTtb0Config
                0x800021f0                CP15AuxControlFeatureEnable
                0x80002204                CP15AuxControlFeatureDisable
                0x80002218                CP15MainIdPrimPartNumGet
 .text.IntDefaultHandler
                0x80002230        0x4 ../../../../../..//binary/armv7a/gcc/am335x/system_config/Release/libsystem_config.a(interrupt.o)
 .text.IntRegister
                0x80002234       0x10 ../../../../../..//binary/armv7a/gcc/am335x/system_config/Release/libsystem_config.a(interrupt.o)
                0x80002234                IntRegister
 .text.IntAINTCInit
                0x80002244       0x54 ../../../../../..//binary/armv7a/gcc/am335x/system_config/Release/libsystem_config.a(interrupt.o)
                0x80002244                IntAINTCInit
 .text.IntPrioritySet
                0x80002298       0x24 ../../../../../..//binary/armv7a/gcc/am335x/system_config/Release/libsystem_config.a(interrupt.o)
                0x80002298                IntPrioritySet
 .text.IntSystemEnable
                0x800022bc       0x24 ../../../../../..//binary/armv7a/gcc/am335x/system_config/Release/libsystem_config.a(interrupt.o)
                0x800022bc                IntSystemEnable
 .text.IntMasterIRQEnable
                0x800022e0       0x14 ../../../../../..//binary/armv7a/gcc/am335x/system_config/Release/libsystem_config.a(interrupt.o)
                0x800022e0                IntMasterIRQEnable
 .text.MMUInit  0x800022f4       0x54 ../../../../../..//binary/armv7a/gcc/am335x/system_config/Release/libsystem_config.a(mmu.o)
                0x800022f4                MMUInit
 .text.MMUMemRegionMap
                0x80002348       0x74 ../../../../../..//binary/armv7a/gcc/am335x/system_config/Release/libsystem_config.a(mmu.o)
                0x80002348                MMUMemRegionMap
 .text.MMUEnable
                0x800023bc       0x20 ../../../../../..//binary/armv7a/gcc/am335x/system_config/Release/libsystem_config.a(mmu.o)
                0x800023bc                MMUEnable
 .text.start_boot
                0x800023dc       0x60 ../../../../../..//binary/armv7a/gcc/am335x/system_config/Release/libsystem_config.a(startup.o)
                0x800023dc                start_boot
 .text.CPUirqe  0x8000243c       0x14 ../../../../../..//binary/armv7a/gcc/am335x/system_config/Release/libsystem_config.a(cpu.o)
                0x8000243c                CPUirqe
 .text          0x80002450       0xf0 ../../../../../..//binary/armv7a/gcc/am335x/system_config/Release/libsystem_config.a(exceptionhandler.o)
                0x80002450                SVC_Handler
                0x80002478                IRQHandler
                0x80002524                FIQHandler
                0x80002528                UndefInstHandler
                0x80002528                AbortHandler
 .text          0x80002540      0x114 /opt/gcc-arm-none-eabi-4_7-2013q1/lib/gcc/arm-none-eabi/4.7.3//libgcc.a(_udivsi3.o)
                0x80002540                __udivsi3
                0x80002540                __aeabi_uidiv
                0x80002634                __aeabi_uidivmod
 .text          0x80002654      0x148 /opt/gcc-arm-none-eabi-4_7-2013q1/lib/gcc/arm-none-eabi/4.7.3//libgcc.a(_divsi3.o)
                0x80002654                __aeabi_idiv
                0x80002654                __divsi3
                0x8000277c                __aeabi_idivmod
 .text          0x8000279c        0x4 /opt/gcc-arm-none-eabi-4_7-2013q1/lib/gcc/arm-none-eabi/4.7.3//libgcc.a(_dvmd_tls.o)
                0x8000279c                __aeabi_ldiv0
                0x8000279c                __aeabi_idiv0
 .text.GPIOModuleReset
                0x800027a0       0x20 ../../../../../..//binary/armv7a/gcc/am335x/drivers/Release/libdrivers.a(gpio_v2.o)
                0x800027a0                GPIOModuleReset
 .text.GPIOModuleEnable
                0x800027c0       0x10 ../../../../../..//binary/armv7a/gcc/am335x/drivers/Release/libdrivers.a(gpio_v2.o)
                0x800027c0                GPIOModuleEnable
 .text.GPIODirModeSet
                0x800027d0       0x1c ../../../../../..//binary/armv7a/gcc/am335x/drivers/Release/libdrivers.a(gpio_v2.o)
                0x800027d0                GPIODirModeSet
 .text.GPIOPinWrite
                0x800027ec       0x1c ../../../../../..//binary/armv7a/gcc/am335x/drivers/Release/libdrivers.a(gpio_v2.o)
                0x800027ec                GPIOPinWrite
 .text.UARTOperatingModeSelect
                0x80002808       0x2c ../../../../../..//binary/armv7a/gcc/am335x/drivers/Release/libdrivers.a(uart_irda_cir.o)
                0x80002808                UARTOperatingModeSelect
 .text.UARTDivisorValCompute
                0x80002834       0x68 ../../../../../..//binary/armv7a/gcc/am335x/drivers/Release/libdrivers.a(uart_irda_cir.o)
                0x80002834                UARTDivisorValCompute
 .text.UARTDivisorLatchDisable
                0x8000289c       0x10 ../../../../../..//binary/armv7a/gcc/am335x/drivers/Release/libdrivers.a(uart_irda_cir.o)
                0x8000289c                UARTDivisorLatchDisable
 .text.UARTRegConfigModeEnable
                0x800028ac       0x44 ../../../../../..//binary/armv7a/gcc/am335x/drivers/Release/libdrivers.a(uart_irda_cir.o)
                0x800028ac                UARTRegConfigModeEnable
 .text.UARTDivisorLatchWrite
                0x800028f0      0x13c ../../../../../..//binary/armv7a/gcc/am335x/drivers/Release/libdrivers.a(uart_irda_cir.o)
                0x800028f0                UARTDivisorLatchWrite
 .text.UARTBreakCtl
                0x80002a2c       0x20 ../../../../../..//binary/armv7a/gcc/am335x/drivers/Release/libdrivers.a(uart_irda_cir.o)
                0x80002a2c                UARTBreakCtl
 .text.UARTLineCharacConfig
                0x80002a4c       0x3c ../../../../../..//binary/armv7a/gcc/am335x/drivers/Release/libdrivers.a(uart_irda_cir.o)
                0x80002a4c                UARTLineCharacConfig
 .text.UARTFIFORegisterWrite
                0x80002a88       0x88 ../../../../../..//binary/armv7a/gcc/am335x/drivers/Release/libdrivers.a(uart_irda_cir.o)
                0x80002a88                UARTFIFORegisterWrite
 .text.UARTSubConfigTCRTLRModeEn
                0x80002b10       0x74 ../../../../../..//binary/armv7a/gcc/am335x/drivers/Release/libdrivers.a(uart_irda_cir.o)
                0x80002b10                UARTSubConfigTCRTLRModeEn
 .text.UARTTCRTLRBitValRestore
                0x80002b84       0x78 ../../../../../..//binary/armv7a/gcc/am335x/drivers/Release/libdrivers.a(uart_irda_cir.o)
                0x80002b84                UARTTCRTLRBitValRestore
 .text.UARTFIFOConfig
                0x80002bfc      0x224 ../../../../../..//binary/armv7a/gcc/am335x/drivers/Release/libdrivers.a(uart_irda_cir.o)
                0x80002bfc                UARTFIFOConfig
 .text.UARTCharPut
                0x80002e20       0x30 ../../../../../..//binary/armv7a/gcc/am335x/drivers/Release/libdrivers.a(uart_irda_cir.o)
                0x80002e20                UARTCharPut
 .text.UARTModuleReset
                0x80002e50       0x20 ../../../../../..//binary/armv7a/gcc/am335x/drivers/Release/libdrivers.a(uart_irda_cir.o)
                0x80002e50                UARTModuleReset
 *(.rodata*)
 .rodata        0x80002e70       0x6c Release/tscCalibrate.o
 .rodata.str1.4
                0x80002edc       0x57 Release/tscCalibrate.o
                                 0x5c (size before relaxing)
 *fill*         0x80002f33        0x1 00
 .rodata.str1.4
                0x80002f34       0x50 ../../../../../..//binary/armv7a/gcc/utils/Release/libutils.a(consoleUtils.o)
 .rodata.str1.4
                0x80002f84       0x60 ../../../../../..//binary/armv7a/gcc/utils/Release/libutils.a(uartStdio.o)
 .rodata.vecTbl
                0x80002fe4       0x38 ../../../../../..//binary/armv7a/gcc/am335x/system_config/Release/libsystem_config.a(startup.o)

.glue_7         0x8000301c        0x0
 .glue_7        0x00000000        0x0 linker stubs

.glue_7t        0x8000301c        0x0
 .glue_7t       0x00000000        0x0 linker stubs

.vfp11_veneer   0x8000301c        0x0
 .vfp11_veneer  0x00000000        0x0 linker stubs

.v4_bx          0x8000301c        0x0
 .v4_bx         0x00000000        0x0 linker stubs

.iplt           0x8000301c        0x0
 .iplt          0x00000000        0x0 Release/tscCalibrate.o

.rel.dyn        0x8000301c        0x0
 .rel.iplt      0x00000000        0x0 Release/tscCalibrate.o

.data           0x8000301c        0x0
                0x8000301c                . = ALIGN (0x4)
 *(.data*)

.igot.plt       0x8000301c        0x0
 .igot.plt      0x00000000        0x0 Release/tscCalibrate.o

.bss            0x80004000     0x8238
                0x80004000                . = ALIGN (0x4)
                0x80004000                _bss_start = .
 *(.bss*)
 .bss.Index     0x80004000        0x4 Release/tscCalibrate.o
                0x80004000                Index
 *fill*         0x80004004     0x3ffc 00
 .bss.pageTable
                0x80008000     0x4000 Release/tscCalibrate.o
 .bss.ConsoleType
                0x8000c000        0x1 ../../../../../..//binary/armv7a/gcc/utils/Release/libutils.a(consoleUtils.o)
 *(COMMON)
 *fill*         0x8000c001        0x3 00
 COMMON         0x8000c004       0x34 Release/tscCalibrate.o
                0x8000c004                x_val
                0x8000c00c                error
                0x8000c010                IsTSPress
                0x8000c014                y_val
                0x8000c01c                stMatrix
 COMMON         0x8000c038      0x200 ../../../../../..//binary/armv7a/gcc/am335x/system_config/Release/libsystem_config.a(interrupt.o)
                0x8000c038                fnRAMVectors
                0x8000c238                _bss_end = .

.heap           0x8000c238      0x800
                0x8000c238                . = ALIGN (0x4)
                0x8000c238                __end__ = .
                0x8000c238                end = __end__
                0x8000c238                __HeapBase = __end__
 *(.heap*)
                0x8000ca38                . = (. + 0x800)
 *fill*         0x8000c238      0x800 00
                0x8000ca38                __HeapLimit = .

.stack          0x8000ca38  0x7fffff8
                0x8000ca38                . = ALIGN (0x4)
                0x8000ca38                __StackLimit = .
 *(.stack*)
                0x8800ca30                . = (. + 0x7fffff8)
 *fill*         0x8000ca38  0x7fffff8 00
                0x8800ca30                __StackTop = .
                0x8800ca30                _stack = __StackTop
OUTPUT(Release/tscCalibrate.out elf32-littlearm)

.debug_info     0x00000000     0x75e3
 .debug_info    0x00000000      0xcc0 Release/tscCalibrate.o
 .debug_info    0x00000cc0      0x76e ../../../../../..//binary/armv7a/gcc/am335x/drivers/Release/libdrivers.a(dmtimer.o)
 .debug_info    0x0000142e      0xf04 ../../../../../..//binary/armv7a/gcc/am335x/drivers/Release/libdrivers.a(tsc_adc.o)
 .debug_info    0x00002332      0x384 ../../../../../..//binary/armv7a/gcc/utils/Release/libutils.a(consoleUtils.o)
 .debug_info    0x000026b6      0xfce ../../../../../..//binary/armv7a/gcc/utils/Release/libutils.a(uartStdio.o)
 .debug_info    0x00003684       0x9a ../../../../../..//binary/armv7a/gcc/am335x/ok335xd/platform/Release/libplatform.a(dmtimer.o)
 .debug_info    0x0000371e      0x534 ../../../../../..//binary/armv7a/gcc/am335x/ok335xd/platform/Release/libplatform.a(lcd.o)
 .debug_info    0x00003c52       0x69 ../../../../../..//binary/armv7a/gcc/am335x/ok335xd/platform/Release/libplatform.a(tscAdc.o)
 .debug_info    0x00003cbb      0x270 ../../../../../..//binary/armv7a/gcc/am335x/ok335xd/platform/Release/libplatform.a(uartConsole.o)
 .debug_info    0x00003f2b       0x7b ../../../../../..//binary/armv7a/gcc/am335x/ok335xd/platform/Release/libplatform.a(uart.o)
 .debug_info    0x00003fa6      0x1d4 ../../../../../..//binary/armv7a/gcc/am335x/ok335xd/platform/Release/libplatform.a(gpio.o)
 .debug_info    0x0000417a      0x277 ../../../../../..//binary/armv7a/gcc/am335x/system_config/Release/libsystem_config.a(cache.o)
 .debug_info    0x000043f1       0xa5 ../../../../../..//binary/armv7a/gcc/am335x/system_config/Release/libsystem_config.a(cp15.o)
 .debug_info    0x00004496       0xa5 ../../../../../..//binary/armv7a/gcc/am335x/system_config/Release/libsystem_config.a(init.o)
 .debug_info    0x0000453b      0x4e5 ../../../../../..//binary/armv7a/gcc/am335x/system_config/Release/libsystem_config.a(interrupt.o)
 .debug_info    0x00004a20      0x1aa ../../../../../..//binary/armv7a/gcc/am335x/system_config/Release/libsystem_config.a(mmu.o)
 .debug_info    0x00004bca      0x116 ../../../../../..//binary/armv7a/gcc/am335x/system_config/Release/libsystem_config.a(startup.o)
 .debug_info    0x00004ce0       0xef ../../../../../..//binary/armv7a/gcc/am335x/system_config/Release/libsystem_config.a(cpu.o)
 .debug_info    0x00004dcf       0xb8 ../../../../../..//binary/armv7a/gcc/am335x/system_config/Release/libsystem_config.a(exceptionhandler.o)
 .debug_info    0x00004e87      0x78f ../../../../../..//binary/armv7a/gcc/am335x/drivers/Release/libdrivers.a(gpio_v2.o)
 .debug_info    0x00005616     0x1fcd ../../../../../..//binary/armv7a/gcc/am335x/drivers/Release/libdrivers.a(uart_irda_cir.o)

.debug_abbrev   0x00000000     0x17a8
 .debug_abbrev  0x00000000      0x28f Release/tscCalibrate.o
 .debug_abbrev  0x0000028f      0x18e ../../../../../..//binary/armv7a/gcc/am335x/drivers/Release/libdrivers.a(dmtimer.o)
 .debug_abbrev  0x0000041d      0x11e ../../../../../..//binary/armv7a/gcc/am335x/drivers/Release/libdrivers.a(tsc_adc.o)
 .debug_abbrev  0x0000053b      0x1ab ../../../../../..//binary/armv7a/gcc/utils/Release/libutils.a(consoleUtils.o)
 .debug_abbrev  0x000006e6      0x309 ../../../../../..//binary/armv7a/gcc/utils/Release/libutils.a(uartStdio.o)
 .debug_abbrev  0x000009ef       0x39 ../../../../../..//binary/armv7a/gcc/am335x/ok335xd/platform/Release/libplatform.a(dmtimer.o)
 .debug_abbrev  0x00000a28      0x1c5 ../../../../../..//binary/armv7a/gcc/am335x/ok335xd/platform/Release/libplatform.a(lcd.o)
 .debug_abbrev  0x00000bed       0x39 ../../../../../..//binary/armv7a/gcc/am335x/ok335xd/platform/Release/libplatform.a(tscAdc.o)
 .debug_abbrev  0x00000c26      0x10e ../../../../../..//binary/armv7a/gcc/am335x/ok335xd/platform/Release/libplatform.a(uartConsole.o)
 .debug_abbrev  0x00000d34       0x62 ../../../../../..//binary/armv7a/gcc/am335x/ok335xd/platform/Release/libplatform.a(uart.o)
 .debug_abbrev  0x00000d96       0xf7 ../../../../../..//binary/armv7a/gcc/am335x/ok335xd/platform/Release/libplatform.a(gpio.o)
 .debug_abbrev  0x00000e8d       0x8b ../../../../../..//binary/armv7a/gcc/am335x/system_config/Release/libsystem_config.a(cache.o)
 .debug_abbrev  0x00000f18       0x14 ../../../../../..//binary/armv7a/gcc/am335x/system_config/Release/libsystem_config.a(cp15.o)
 .debug_abbrev  0x00000f2c       0x14 ../../../../../..//binary/armv7a/gcc/am335x/system_config/Release/libsystem_config.a(init.o)
 .debug_abbrev  0x00000f40      0x20b ../../../../../..//binary/armv7a/gcc/am335x/system_config/Release/libsystem_config.a(interrupt.o)
 .debug_abbrev  0x0000114b       0xee ../../../../../..//binary/armv7a/gcc/am335x/system_config/Release/libsystem_config.a(mmu.o)
 .debug_abbrev  0x00001239       0xe8 ../../../../../..//binary/armv7a/gcc/am335x/system_config/Release/libsystem_config.a(startup.o)
 .debug_abbrev  0x00001321       0x64 ../../../../../..//binary/armv7a/gcc/am335x/system_config/Release/libsystem_config.a(cpu.o)
 .debug_abbrev  0x00001385       0x14 ../../../../../..//binary/armv7a/gcc/am335x/system_config/Release/libsystem_config.a(exceptionhandler.o)
 .debug_abbrev  0x00001399      0x142 ../../../../../..//binary/armv7a/gcc/am335x/drivers/Release/libdrivers.a(gpio_v2.o)
 .debug_abbrev  0x000014db      0x2cd ../../../../../..//binary/armv7a/gcc/am335x/drivers/Release/libdrivers.a(uart_irda_cir.o)

.debug_loc      0x00000000     0x5b11
 .debug_loc     0x00000000      0x669 Release/tscCalibrate.o
 .debug_loc     0x00000669      0x210 ../../../../../..//binary/armv7a/gcc/am335x/drivers/Release/libdrivers.a(dmtimer.o)
 .debug_loc     0x00000879      0xb70 ../../../../../..//binary/armv7a/gcc/am335x/drivers/Release/libdrivers.a(tsc_adc.o)
 .debug_loc     0x000013e9      0x31b ../../../../../..//binary/armv7a/gcc/utils/Release/libutils.a(consoleUtils.o)
 .debug_loc     0x00001704     0x18d9 ../../../../../..//binary/armv7a/gcc/utils/Release/libutils.a(uartStdio.o)
 .debug_loc     0x00002fdd       0xea ../../../../../..//binary/armv7a/gcc/am335x/ok335xd/platform/Release/libplatform.a(lcd.o)
 .debug_loc     0x000030c7       0xab ../../../../../..//binary/armv7a/gcc/am335x/ok335xd/platform/Release/libplatform.a(uartConsole.o)
 .debug_loc     0x00003172       0x76 ../../../../../..//binary/armv7a/gcc/am335x/ok335xd/platform/Release/libplatform.a(gpio.o)
 .debug_loc     0x000031e8      0x2b0 ../../../../../..//binary/armv7a/gcc/am335x/system_config/Release/libsystem_config.a(cache.o)
 .debug_loc     0x00003498      0x248 ../../../../../..//binary/armv7a/gcc/am335x/system_config/Release/libsystem_config.a(interrupt.o)
 .debug_loc     0x000036e0      0x10b ../../../../../..//binary/armv7a/gcc/am335x/system_config/Release/libsystem_config.a(mmu.o)
 .debug_loc     0x000037eb       0x34 ../../../../../..//binary/armv7a/gcc/am335x/system_config/Release/libsystem_config.a(startup.o)
 .debug_loc     0x0000381f      0x4d1 ../../../../../..//binary/armv7a/gcc/am335x/drivers/Release/libdrivers.a(gpio_v2.o)
 .debug_loc     0x00003cf0     0x1e21 ../../../../../..//binary/armv7a/gcc/am335x/drivers/Release/libdrivers.a(uart_irda_cir.o)

.debug_aranges  0x00000000      0xb78
 .debug_aranges
                0x00000000       0x48 Release/tscCalibrate.o
 .debug_aranges
                0x00000048       0xe8 ../../../../../..//binary/armv7a/gcc/am335x/drivers/Release/libdrivers.a(dmtimer.o)
 .debug_aranges
                0x00000130      0x1e0 ../../../../../..//binary/armv7a/gcc/am335x/drivers/Release/libdrivers.a(tsc_adc.o)
 .debug_aranges
                0x00000310       0x58 ../../../../../..//binary/armv7a/gcc/utils/Release/libutils.a(consoleUtils.o)
 .debug_aranges
                0x00000368       0x80 ../../../../../..//binary/armv7a/gcc/utils/Release/libutils.a(uartStdio.o)
 .debug_aranges
                0x000003e8       0x40 ../../../../../..//binary/armv7a/gcc/am335x/ok335xd/platform/Release/libplatform.a(dmtimer.o)
 .debug_aranges
                0x00000428       0x60 ../../../../../..//binary/armv7a/gcc/am335x/ok335xd/platform/Release/libplatform.a(lcd.o)
 .debug_aranges
                0x00000488       0x28 ../../../../../..//binary/armv7a/gcc/am335x/ok335xd/platform/Release/libplatform.a(tscAdc.o)
 .debug_aranges
                0x000004b0       0x30 ../../../../../..//binary/armv7a/gcc/am335x/ok335xd/platform/Release/libplatform.a(uartConsole.o)
 .debug_aranges
                0x000004e0       0x28 ../../../../../..//binary/armv7a/gcc/am335x/ok335xd/platform/Release/libplatform.a(uart.o)
 .debug_aranges
                0x00000508       0x88 ../../../../../..//binary/armv7a/gcc/am335x/ok335xd/platform/Release/libplatform.a(gpio.o)
 .debug_aranges
                0x00000590       0x68 ../../../../../..//binary/armv7a/gcc/am335x/system_config/Release/libsystem_config.a(cache.o)
 .debug_aranges
                0x000005f8       0x20 ../../../../../..//binary/armv7a/gcc/am335x/system_config/Release/libsystem_config.a(cp15.o)
 .debug_aranges
                0x00000618       0x20 ../../../../../..//binary/armv7a/gcc/am335x/system_config/Release/libsystem_config.a(init.o)
 .debug_aranges
                0x00000638      0x110 ../../../../../..//binary/armv7a/gcc/am335x/system_config/Release/libsystem_config.a(interrupt.o)
 .debug_aranges
                0x00000748       0x30 ../../../../../..//binary/armv7a/gcc/am335x/system_config/Release/libsystem_config.a(mmu.o)
 .debug_aranges
                0x00000778       0x20 ../../../../../..//binary/armv7a/gcc/am335x/system_config/Release/libsystem_config.a(startup.o)
 .debug_aranges
                0x00000798       0x58 ../../../../../..//binary/armv7a/gcc/am335x/system_config/Release/libsystem_config.a(cpu.o)
 .debug_aranges
                0x000007f0       0x20 ../../../../../..//binary/armv7a/gcc/am335x/system_config/Release/libsystem_config.a(exceptionhandler.o)
 .debug_aranges
                0x00000810      0x100 ../../../../../..//binary/armv7a/gcc/am335x/drivers/Release/libdrivers.a(gpio_v2.o)
 .debug_aranges
                0x00000910      0x268 ../../../../../..//binary/armv7a/gcc/am335x/drivers/Release/libdrivers.a(uart_irda_cir.o)

.debug_ranges   0x00000000     0x1290
 .debug_ranges  0x00000000      0x170 Release/tscCalibrate.o
 .debug_ranges  0x00000170       0xd8 ../../../../../..//binary/armv7a/gcc/am335x/drivers/Release/libdrivers.a(dmtimer.o)
 .debug_ranges  0x00000248      0x1d0 ../../../../../..//binary/armv7a/gcc/am335x/drivers/Release/libdrivers.a(tsc_adc.o)
 .debug_ranges  0x00000418       0x48 ../../../../../..//binary/armv7a/gcc/utils/Release/libutils.a(consoleUtils.o)
 .debug_ranges  0x00000460      0x330 ../../../../../..//binary/armv7a/gcc/utils/Release/libutils.a(uartStdio.o)
 .debug_ranges  0x00000790       0x30 ../../../../../..//binary/armv7a/gcc/am335x/ok335xd/platform/Release/libplatform.a(dmtimer.o)
 .debug_ranges  0x000007c0      0x110 ../../../../../..//binary/armv7a/gcc/am335x/ok335xd/platform/Release/libplatform.a(lcd.o)
 .debug_ranges  0x000008d0       0x18 ../../../../../..//binary/armv7a/gcc/am335x/ok335xd/platform/Release/libplatform.a(tscAdc.o)
 .debug_ranges  0x000008e8       0x60 ../../../../../..//binary/armv7a/gcc/am335x/ok335xd/platform/Release/libplatform.a(uartConsole.o)
 .debug_ranges  0x00000948       0x18 ../../../../../..//binary/armv7a/gcc/am335x/ok335xd/platform/Release/libplatform.a(uart.o)
 .debug_ranges  0x00000960       0x78 ../../../../../..//binary/armv7a/gcc/am335x/ok335xd/platform/Release/libplatform.a(gpio.o)
 .debug_ranges  0x000009d8       0x58 ../../../../../..//binary/armv7a/gcc/am335x/system_config/Release/libsystem_config.a(cache.o)
 .debug_ranges  0x00000a30      0x130 ../../../../../..//binary/armv7a/gcc/am335x/system_config/Release/libsystem_config.a(interrupt.o)
 .debug_ranges  0x00000b60       0x20 ../../../../../..//binary/armv7a/gcc/am335x/system_config/Release/libsystem_config.a(mmu.o)
 .debug_ranges  0x00000b80       0x10 ../../../../../..//binary/armv7a/gcc/am335x/system_config/Release/libsystem_config.a(startup.o)
 .debug_ranges  0x00000b90       0x48 ../../../../../..//binary/armv7a/gcc/am335x/system_config/Release/libsystem_config.a(cpu.o)
 .debug_ranges  0x00000bd8       0xf0 ../../../../../..//binary/armv7a/gcc/am335x/drivers/Release/libdrivers.a(gpio_v2.o)
 .debug_ranges  0x00000cc8      0x5c8 ../../../../../..//binary/armv7a/gcc/am335x/drivers/Release/libdrivers.a(uart_irda_cir.o)

.debug_line     0x00000000     0x30cf
 .debug_line    0x00000000      0x316 Release/tscCalibrate.o
 .debug_line    0x00000316      0x37a ../../../../../..//binary/armv7a/gcc/am335x/drivers/Release/libdrivers.a(dmtimer.o)
 .debug_line    0x00000690      0x48d ../../../../../..//binary/armv7a/gcc/am335x/drivers/Release/libdrivers.a(tsc_adc.o)
 .debug_line    0x00000b1d      0x1a0 ../../../../../..//binary/armv7a/gcc/utils/Release/libutils.a(consoleUtils.o)
 .debug_line    0x00000cbd      0x84d ../../../../../..//binary/armv7a/gcc/utils/Release/libutils.a(uartStdio.o)
 .debug_line    0x0000150a      0x106 ../../../../../..//binary/armv7a/gcc/am335x/ok335xd/platform/Release/libplatform.a(dmtimer.o)
 .debug_line    0x00001610      0x1f8 ../../../../../..//binary/armv7a/gcc/am335x/ok335xd/platform/Release/libplatform.a(lcd.o)
 .debug_line    0x00001808       0x8e ../../../../../..//binary/armv7a/gcc/am335x/ok335xd/platform/Release/libplatform.a(tscAdc.o)
 .debug_line    0x00001896       0xaf ../../../../../..//binary/armv7a/gcc/am335x/ok335xd/platform/Release/libplatform.a(uartConsole.o)
 .debug_line    0x00001945       0x83 ../../../../../..//binary/armv7a/gcc/am335x/ok335xd/platform/Release/libplatform.a(uart.o)
 .debug_line    0x000019c8      0x1aa ../../../../../..//binary/armv7a/gcc/am335x/ok335xd/platform/Release/libplatform.a(gpio.o)
 .debug_line    0x00001b72      0x111 ../../../../../..//binary/armv7a/gcc/am335x/system_config/Release/libsystem_config.a(cache.o)
 .debug_line    0x00001c83      0x18a ../../../../../..//binary/armv7a/gcc/am335x/system_config/Release/libsystem_config.a(cp15.o)
 .debug_line    0x00001e0d       0x93 ../../../../../..//binary/armv7a/gcc/am335x/system_config/Release/libsystem_config.a(init.o)
 .debug_line    0x00001ea0      0x2ae ../../../../../..//binary/armv7a/gcc/am335x/system_config/Release/libsystem_config.a(interrupt.o)
 .debug_line    0x0000214e      0x104 ../../../../../..//binary/armv7a/gcc/am335x/system_config/Release/libsystem_config.a(mmu.o)
 .debug_line    0x00002252       0x76 ../../../../../..//binary/armv7a/gcc/am335x/system_config/Release/libsystem_config.a(startup.o)
 .debug_line    0x000022c8       0xd6 ../../../../../..//binary/armv7a/gcc/am335x/system_config/Release/libsystem_config.a(cpu.o)
 .debug_line    0x0000239e       0xb9 ../../../../../..//binary/armv7a/gcc/am335x/system_config/Release/libsystem_config.a(exceptionhandler.o)
 .debug_line    0x00002457      0x2df ../../../../../..//binary/armv7a/gcc/am335x/drivers/Release/libdrivers.a(gpio_v2.o)
 .debug_line    0x00002736      0x999 ../../../../../..//binary/armv7a/gcc/am335x/drivers/Release/libdrivers.a(uart_irda_cir.o)

.debug_str      0x00000000     0x270b
 .debug_str     0x00000000      0x360 Release/tscCalibrate.o
                                0x39b (size before relaxing)
 .debug_str     0x00000360      0x308 ../../../../../..//binary/armv7a/gcc/am335x/drivers/Release/libdrivers.a(dmtimer.o)
                                0x36c (size before relaxing)
 .debug_str     0x00000668      0x797 ../../../../../..//binary/armv7a/gcc/am335x/drivers/Release/libdrivers.a(tsc_adc.o)
                                0x84a (size before relaxing)
 .debug_str     0x00000dff      0x192 ../../../../../..//binary/armv7a/gcc/utils/Release/libutils.a(consoleUtils.o)
                                0x285 (size before relaxing)
 .debug_str     0x00000f91      0x1a8 ../../../../../..//binary/armv7a/gcc/utils/Release/libutils.a(uartStdio.o)
                                0x2a2 (size before relaxing)
 .debug_str     0x00001139       0xf6 ../../../../../..//binary/armv7a/gcc/am335x/ok335xd/platform/Release/libplatform.a(dmtimer.o)
                                0x14d (size before relaxing)
 .debug_str     0x0000122f      0x136 ../../../../../..//binary/armv7a/gcc/am335x/ok335xd/platform/Release/libplatform.a(lcd.o)
                                0x206 (size before relaxing)
 .debug_str     0x00001365       0x55 ../../../../../..//binary/armv7a/gcc/am335x/ok335xd/platform/Release/libplatform.a(tscAdc.o)
                                0x112 (size before relaxing)
 .debug_str     0x000013ba       0xd1 ../../../../../..//binary/armv7a/gcc/am335x/ok335xd/platform/Release/libplatform.a(uartConsole.o)
                                0x193 (size before relaxing)
 .debug_str     0x0000148b       0x5c ../../../../../..//binary/armv7a/gcc/am335x/ok335xd/platform/Release/libplatform.a(uart.o)
                                0x119 (size before relaxing)
 .debug_str     0x000014e7      0x15e ../../../../../..//binary/armv7a/gcc/am335x/ok335xd/platform/Release/libplatform.a(gpio.o)
                                0x237 (size before relaxing)
 .debug_str     0x00001645      0x167 ../../../../../..//binary/armv7a/gcc/am335x/system_config/Release/libsystem_config.a(cache.o)
                                0x1c7 (size before relaxing)
 .debug_str     0x000017ac      0x295 ../../../../../..//binary/armv7a/gcc/am335x/system_config/Release/libsystem_config.a(interrupt.o)
                                0x37b (size before relaxing)
 .debug_str     0x00001a41       0x69 ../../../../../..//binary/armv7a/gcc/am335x/system_config/Release/libsystem_config.a(mmu.o)
                                0x15e (size before relaxing)
 .debug_str     0x00001aaa       0x70 ../../../../../..//binary/armv7a/gcc/am335x/system_config/Release/libsystem_config.a(startup.o)
                                0x130 (size before relaxing)
 .debug_str     0x00001b1a       0x9f ../../../../../..//binary/armv7a/gcc/am335x/system_config/Release/libsystem_config.a(cpu.o)
                                0x142 (size before relaxing)
 .debug_str     0x00001bb9      0x302 ../../../../../..//binary/armv7a/gcc/am335x/drivers/Release/libdrivers.a(gpio_v2.o)
                                0x3c5 (size before relaxing)
 .debug_str     0x00001ebb      0x850 ../../../../../..//binary/armv7a/gcc/am335x/drivers/Release/libdrivers.a(uart_irda_cir.o)
                                0x965 (size before relaxing)

.comment        0x00000000       0x70
 .comment       0x00000000       0x70 Release/tscCalibrate.o
                                 0x71 (size before relaxing)
 .comment       0x00000000       0x71 ../../../../../..//binary/armv7a/gcc/am335x/drivers/Release/libdrivers.a(dmtimer.o)
 .comment       0x00000000       0x71 ../../../../../..//binary/armv7a/gcc/am335x/drivers/Release/libdrivers.a(tsc_adc.o)
 .comment       0x00000000       0x71 ../../../../../..//binary/armv7a/gcc/utils/Release/libutils.a(consoleUtils.o)
 .comment       0x00000000       0x71 ../../../../../..//binary/armv7a/gcc/utils/Release/libutils.a(uartStdio.o)
 .comment       0x00000000       0x71 ../../../../../..//binary/armv7a/gcc/am335x/ok335xd/platform/Release/libplatform.a(dmtimer.o)
 .comment       0x00000000       0x71 ../../../../../..//binary/armv7a/gcc/am335x/ok335xd/platform/Release/libplatform.a(lcd.o)
 .comment       0x00000000       0x71 ../../../../../..//binary/armv7a/gcc/am335x/ok335xd/platform/Release/libplatform.a(tscAdc.o)
 .comment       0x00000000       0x71 ../../../../../..//binary/armv7a/gcc/am335x/ok335xd/platform/Release/libplatform.a(uartConsole.o)
 .comment       0x00000000       0x71 ../../../../../..//binary/armv7a/gcc/am335x/ok335xd/platform/Release/libplatform.a(uart.o)
 .comment       0x00000000       0x71 ../../../../../..//binary/armv7a/gcc/am335x/ok335xd/platform/Release/libplatform.a(gpio.o)
 .comment       0x00000000       0x71 ../../../../../..//binary/armv7a/gcc/am335x/system_config/Release/libsystem_config.a(cache.o)
 .comment       0x00000000       0x71 ../../../../../..//binary/armv7a/gcc/am335x/system_config/Release/libsystem_config.a(interrupt.o)
 .comment       0x00000000       0x71 ../../../../../..//binary/armv7a/gcc/am335x/system_config/Release/libsystem_config.a(mmu.o)
 .comment       0x00000000       0x71 ../../../../../..//binary/armv7a/gcc/am335x/system_config/Release/libsystem_config.a(startup.o)
 .comment       0x00000000       0x71 ../../../../../..//binary/armv7a/gcc/am335x/system_config/Release/libsystem_config.a(cpu.o)
 .comment       0x00000000       0x71 ../../../../../..//binary/armv7a/gcc/am335x/drivers/Release/libdrivers.a(gpio_v2.o)
 .comment       0x00000000       0x71 ../../../../../..//binary/armv7a/gcc/am335x/drivers/Release/libdrivers.a(uart_irda_cir.o)

.ARM.attributes
                0x00000000       0x3b
 .ARM.attributes
                0x00000000       0x37 Release/tscCalibrate.o
 .ARM.attributes
                0x00000037       0x37 ../../../../../..//binary/armv7a/gcc/am335x/drivers/Release/libdrivers.a(dmtimer.o)
 .ARM.attributes
                0x0000006e       0x37 ../../../../../..//binary/armv7a/gcc/am335x/drivers/Release/libdrivers.a(tsc_adc.o)
 .ARM.attributes
                0x000000a5       0x37 ../../../../../..//binary/armv7a/gcc/utils/Release/libutils.a(consoleUtils.o)
 .ARM.attributes
                0x000000dc       0x37 ../../../../../..//binary/armv7a/gcc/utils/Release/libutils.a(uartStdio.o)
 .ARM.attributes
                0x00000113       0x37 ../../../../../..//binary/armv7a/gcc/am335x/ok335xd/platform/Release/libplatform.a(dmtimer.o)
 .ARM.attributes
                0x0000014a       0x37 ../../../../../..//binary/armv7a/gcc/am335x/ok335xd/platform/Release/libplatform.a(lcd.o)
 .ARM.attributes
                0x00000181       0x37 ../../../../../..//binary/armv7a/gcc/am335x/ok335xd/platform/Release/libplatform.a(tscAdc.o)
 .ARM.attributes
                0x000001b8       0x37 ../../../../../..//binary/armv7a/gcc/am335x/ok335xd/platform/Release/libplatform.a(uartConsole.o)
 .ARM.attributes
                0x000001ef       0x37 ../../../../../..//binary/armv7a/gcc/am335x/ok335xd/platform/Release/libplatform.a(uart.o)
 .ARM.attributes
                0x00000226       0x37 ../../../../../..//binary/armv7a/gcc/am335x/ok335xd/platform/Release/libplatform.a(gpio.o)
 .ARM.attributes
                0x0000025d       0x3d ../../../../../..//binary/armv7a/gcc/am335x/system_config/Release/libsystem_config.a(cache.o)
 .ARM.attributes
                0x0000029a       0x23 ../../../../../..//binary/armv7a/gcc/am335x/system_config/Release/libsystem_config.a(cp15.o)
 .ARM.attributes
                0x000002bd       0x23 ../../../../../..//binary/armv7a/gcc/am335x/system_config/Release/libsystem_config.a(init.o)
 .ARM.attributes
                0x000002e0       0x3d ../../../../../..//binary/armv7a/gcc/am335x/system_config/Release/libsystem_config.a(interrupt.o)
 .ARM.attributes
                0x0000031d       0x3d ../../../../../..//binary/armv7a/gcc/am335x/system_config/Release/libsystem_config.a(mmu.o)
 .ARM.attributes
                0x0000035a       0x3d ../../../../../..//binary/armv7a/gcc/am335x/system_config/Release/libsystem_config.a(startup.o)
 .ARM.attributes
                0x00000397       0x3d ../../../../../..//binary/armv7a/gcc/am335x/system_config/Release/libsystem_config.a(cpu.o)
 .ARM.attributes
                0x000003d4       0x23 ../../../../../..//binary/armv7a/gcc/am335x/system_config/Release/libsystem_config.a(exceptionhandler.o)
 .ARM.attributes
                0x000003f7       0x18 /opt/gcc-arm-none-eabi-4_7-2013q1/lib/gcc/arm-none-eabi/4.7.3//libgcc.a(_udivsi3.o)
 .ARM.attributes
                0x0000040f       0x18 /opt/gcc-arm-none-eabi-4_7-2013q1/lib/gcc/arm-none-eabi/4.7.3//libgcc.a(_divsi3.o)
 .ARM.attributes
                0x00000427       0x18 /opt/gcc-arm-none-eabi-4_7-2013q1/lib/gcc/arm-none-eabi/4.7.3//libgcc.a(_dvmd_tls.o)
 .ARM.attributes
                0x0000043f       0x37 ../../../../../..//binary/armv7a/gcc/am335x/drivers/Release/libdrivers.a(gpio_v2.o)
 .ARM.attributes
                0x00000476       0x37 ../../../../../..//binary/armv7a/gcc/am335x/drivers/Release/libdrivers.a(uart_irda_cir.o)

.debug_frame    0x00000000     0x1798
 .debug_frame   0x00000000       0xd8 Release/tscCalibrate.o
 .debug_frame   0x000000d8      0x1b0 ../../../../../..//binary/armv7a/gcc/am335x/drivers/Release/libdrivers.a(dmtimer.o)
 .debug_frame   0x00000288      0x3b8 ../../../../../..//binary/armv7a/gcc/am335x/drivers/Release/libdrivers.a(tsc_adc.o)
 .debug_frame   0x00000640       0xec ../../../../../..//binary/armv7a/gcc/utils/Release/libutils.a(consoleUtils.o)
 .debug_frame   0x0000072c      0x1cc ../../../../../..//binary/armv7a/gcc/utils/Release/libutils.a(uartStdio.o)
 .debug_frame   0x000008f8       0x60 ../../../../../..//binary/armv7a/gcc/am335x/ok335xd/platform/Release/libplatform.a(dmtimer.o)
 .debug_frame   0x00000958       0xec ../../../../../..//binary/armv7a/gcc/am335x/ok335xd/platform/Release/libplatform.a(lcd.o)
 .debug_frame   0x00000a44       0x30 ../../../../../..//binary/armv7a/gcc/am335x/ok335xd/platform/Release/libplatform.a(tscAdc.o)
 .debug_frame   0x00000a74       0x58 ../../../../../..//binary/armv7a/gcc/am335x/ok335xd/platform/Release/libplatform.a(uartConsole.o)
 .debug_frame   0x00000acc       0x30 ../../../../../..//binary/armv7a/gcc/am335x/ok335xd/platform/Release/libplatform.a(uart.o)
 .debug_frame   0x00000afc       0xf0 ../../../../../..//binary/armv7a/gcc/am335x/ok335xd/platform/Release/libplatform.a(gpio.o)
 .debug_frame   0x00000bec      0x100 ../../../../../..//binary/armv7a/gcc/am335x/system_config/Release/libsystem_config.a(cache.o)
 .debug_frame   0x00000cec      0x238 ../../../../../..//binary/armv7a/gcc/am335x/system_config/Release/libsystem_config.a(interrupt.o)
 .debug_frame   0x00000f24       0x60 ../../../../../..//binary/armv7a/gcc/am335x/system_config/Release/libsystem_config.a(mmu.o)
 .debug_frame   0x00000f84       0x28 ../../../../../..//binary/armv7a/gcc/am335x/system_config/Release/libsystem_config.a(startup.o)
 .debug_frame   0x00000fac       0x90 ../../../../../..//binary/armv7a/gcc/am335x/system_config/Release/libsystem_config.a(cpu.o)
 .debug_frame   0x0000103c       0x20 /opt/gcc-arm-none-eabi-4_7-2013q1/lib/gcc/arm-none-eabi/4.7.3//libgcc.a(_udivsi3.o)
 .debug_frame   0x0000105c       0x20 /opt/gcc-arm-none-eabi-4_7-2013q1/lib/gcc/arm-none-eabi/4.7.3//libgcc.a(_divsi3.o)
 .debug_frame   0x0000107c      0x1e0 ../../../../../..//binary/armv7a/gcc/am335x/drivers/Release/libdrivers.a(gpio_v2.o)
 .debug_frame   0x0000125c      0x53c ../../../../../..//binary/armv7a/gcc/am335x/drivers/Release/libdrivers.a(uart_irda_cir.o)
