<?xml version="1.0"?>
<link_info>
   <banner>TI ARM Linker PC v5.0.4</banner>
   <copyright>Copyright (c) 1996-2013 Texas Instruments Incorporated</copyright>
   <link_time>0x527ca2e2</link_time>
   <output_file>../../../../../../../binary/armv7a/cgt_ccs/am335x/ok335xd/bootloader/Debug_MMCSD/boot.out</output_file>
   <entry_point>
      <name>Entry</name>
      <address>0x402f0400</address>
   </entry_point>
   <input_file_list>
      <input_file id="fl-2">
         <path>.\</path>
         <kind>object</kind>
         <file>mmu.obj</file>
         <name>mmu.obj</name>
      </input_file>
      <input_file id="fl-3">
         <path>.\</path>
         <kind>object</kind>
         <file>ff.obj</file>
         <name>ff.obj</name>
      </input_file>
      <input_file id="fl-4">
         <path>.\</path>
         <kind>object</kind>
         <file>fat_mmcsd.obj</file>
         <name>fat_mmcsd.obj</name>
      </input_file>
      <input_file id="fl-5">
         <path>.\</path>
         <kind>object</kind>
         <file>device.obj</file>
         <name>device.obj</name>
      </input_file>
      <input_file id="fl-6">
         <path>.\</path>
         <kind>object</kind>
         <file>cp15.obj</file>
         <name>cp15.obj</name>
      </input_file>
      <input_file id="fl-7">
         <path>.\</path>
         <kind>object</kind>
         <file>cache.obj</file>
         <name>cache.obj</name>
      </input_file>
      <input_file id="fl-8">
         <path>.\</path>
         <kind>object</kind>
         <file>bl_platform.obj</file>
         <name>bl_platform.obj</name>
      </input_file>
      <input_file id="fl-9">
         <path>.\</path>
         <kind>object</kind>
         <file>bl_main.obj</file>
         <name>bl_main.obj</name>
      </input_file>
      <input_file id="fl-a">
         <path>.\</path>
         <kind>object</kind>
         <file>bl_init.obj</file>
         <name>bl_init.obj</name>
      </input_file>
      <input_file id="fl-b">
         <path>.\</path>
         <kind>object</kind>
         <file>bl_hsmmcsd.obj</file>
         <name>bl_hsmmcsd.obj</name>
      </input_file>
      <input_file id="fl-c">
         <path>.\</path>
         <kind>object</kind>
         <file>bl_copy.obj</file>
         <name>bl_copy.obj</name>
      </input_file>
      <input_file id="fl-13d">
         <path>D:\ti\ccsv5\tools\compiler\arm_5.0.4\lib\</path>
         <kind>archive</kind>
         <file>rtsv7A8_A_le_eabi.lib</file>
         <name>auto_init.obj</name>
      </input_file>
      <input_file id="fl-13e">
         <path>D:\ti\ccsv5\tools\compiler\arm_5.0.4\lib\</path>
         <kind>archive</kind>
         <file>rtsv7A8_A_le_eabi.lib</file>
         <name>boot.obj</name>
      </input_file>
      <input_file id="fl-13f">
         <path>D:\ti\ccsv5\tools\compiler\arm_5.0.4\lib\</path>
         <kind>archive</kind>
         <file>rtsv7A8_A_le_eabi.lib</file>
         <name>cpy_tbl.obj</name>
      </input_file>
      <input_file id="fl-140">
         <path>D:\ti\ccsv5\tools\compiler\arm_5.0.4\lib\</path>
         <kind>archive</kind>
         <file>rtsv7A8_A_le_eabi.lib</file>
         <name>exit.obj</name>
      </input_file>
      <input_file id="fl-141">
         <path>D:\ti\ccsv5\tools\compiler\arm_5.0.4\lib\</path>
         <kind>archive</kind>
         <file>rtsv7A8_A_le_eabi.lib</file>
         <name>icall32.obj</name>
      </input_file>
      <input_file id="fl-142">
         <path>D:\ti\ccsv5\tools\compiler\arm_5.0.4\lib\</path>
         <kind>archive</kind>
         <file>rtsv7A8_A_le_eabi.lib</file>
         <name>memcmp.obj</name>
      </input_file>
      <input_file id="fl-143">
         <path>D:\ti\ccsv5\tools\compiler\arm_5.0.4\lib\</path>
         <kind>archive</kind>
         <file>rtsv7A8_A_le_eabi.lib</file>
         <name>memcpy32.obj</name>
      </input_file>
      <input_file id="fl-144">
         <path>D:\ti\ccsv5\tools\compiler\arm_5.0.4\lib\</path>
         <kind>archive</kind>
         <file>rtsv7A8_A_le_eabi.lib</file>
         <name>memset32.obj</name>
      </input_file>
      <input_file id="fl-145">
         <path>D:\ti\ccsv5\tools\compiler\arm_5.0.4\lib\</path>
         <kind>archive</kind>
         <file>rtsv7A8_A_le_eabi.lib</file>
         <name>stkdepth_vars.obj</name>
      </input_file>
      <input_file id="fl-146">
         <path>D:\ti\ccsv5\tools\compiler\arm_5.0.4\lib\</path>
         <kind>archive</kind>
         <file>rtsv7A8_A_le_eabi.lib</file>
         <name>u_div32.obj</name>
      </input_file>
      <input_file id="fl-147">
         <path>D:\ti\ccsv5\tools\compiler\arm_5.0.4\lib\</path>
         <kind>archive</kind>
         <file>rtsv7A8_A_le_eabi.lib</file>
         <name>_lock.obj</name>
      </input_file>
      <input_file id="fl-148">
         <path>D:\ti\ccsv5\tools\compiler\arm_5.0.4\lib\</path>
         <kind>archive</kind>
         <file>rtsv7A8_A_le_eabi.lib</file>
         <name>args_main.obj</name>
      </input_file>
      <input_file id="fl-149">
         <path>..\..\..\..\..\..\..\binary\armv7a\cgt_ccs\utils\Debug\</path>
         <kind>archive</kind>
         <file>utils.lib</file>
         <name>uartStdio.obj</name>
      </input_file>
      <input_file id="fl-14a">
         <path>..\..\..\..\..\..\..\binary\armv7a\cgt_ccs\utils\Debug\</path>
         <kind>archive</kind>
         <file>utils.lib</file>
         <name>ascii.obj</name>
      </input_file>
      <input_file id="fl-14b">
         <path>..\..\..\..\..\..\..\binary\armv7a\cgt_ccs\mmcsdlib\Debug\</path>
         <kind>archive</kind>
         <file>libmmcsd.lib</file>
         <name>mmcsd_proto.obj</name>
      </input_file>
      <input_file id="fl-14c">
         <path>..\..\..\..\..\..\..\binary\armv7a\cgt_ccs\mmcsdlib\Debug\</path>
         <kind>archive</kind>
         <file>libmmcsd.lib</file>
         <name>hs_mmcsdlib.obj</name>
      </input_file>
      <input_file id="fl-14d">
         <path>..\..\..\..\..\..\..\binary\armv7a\cgt_ccs\am335x\drivers\Debug\</path>
         <kind>archive</kind>
         <file>drivers.lib</file>
         <name>hsi2c.obj</name>
      </input_file>
      <input_file id="fl-14e">
         <path>..\..\..\..\..\..\..\binary\armv7a\cgt_ccs\am335x\drivers\Debug\</path>
         <kind>archive</kind>
         <file>drivers.lib</file>
         <name>hs_mmcsd.obj</name>
      </input_file>
      <input_file id="fl-14f">
         <path>..\..\..\..\..\..\..\binary\armv7a\cgt_ccs\am335x\ok335xd\platform\Debug\</path>
         <kind>archive</kind>
         <file>platform.lib</file>
         <name>uartConsole.obj</name>
      </input_file>
      <input_file id="fl-150">
         <path>..\..\..\..\..\..\..\binary\armv7a\cgt_ccs\am335x\ok335xd\platform\Debug\</path>
         <kind>archive</kind>
         <file>platform.lib</file>
         <name>uart.obj</name>
      </input_file>
      <input_file id="fl-151">
         <path>..\..\..\..\..\..\..\binary\armv7a\cgt_ccs\am335x\ok335xd\platform\Debug\</path>
         <kind>archive</kind>
         <file>platform.lib</file>
         <name>hsi2c.obj</name>
      </input_file>
      <input_file id="fl-152">
         <path>..\..\..\..\..\..\..\binary\armv7a\cgt_ccs\am335x\ok335xd\platform\Debug\</path>
         <kind>archive</kind>
         <file>platform.lib</file>
         <name>hs_mmcsd.obj</name>
      </input_file>
      <input_file id="fl-153">
         <path>..\..\..\..\..\..\..\binary\armv7a\cgt_ccs\am335x\drivers\Debug\</path>
         <kind>archive</kind>
         <file>drivers.lib</file>
         <name>uart_irda_cir.obj</name>
      </input_file>
   </input_file_list>
   <object_component_list>
      <object_component id="oc-a">
         <name>.text</name>
         <load_address>0x402f0400</load_address>
         <run_address>0x402f0400</run_address>
         <size>0x88</size>
         <input_file_ref idref="fl-a"/>
      </object_component>
      <object_component id="oc-a7">
         <name>.text</name>
         <load_address>0x402f0488</load_address>
         <run_address>0x402f0488</run_address>
         <size>0x367c</size>
         <input_file_ref idref="fl-3"/>
      </object_component>
      <object_component id="oc-de">
         <name>.text</name>
         <load_address>0x402f3b04</load_address>
         <run_address>0x402f3b04</run_address>
         <size>0x1d08</size>
         <input_file_ref idref="fl-153"/>
      </object_component>
      <object_component id="oc-1e">
         <name>.text</name>
         <load_address>0x402f580c</load_address>
         <run_address>0x402f580c</run_address>
         <size>0x1998</size>
         <input_file_ref idref="fl-149"/>
      </object_component>
      <object_component id="oc-19">
         <name>.text</name>
         <load_address>0x402f71a4</load_address>
         <run_address>0x402f71a4</run_address>
         <size>0x15fc</size>
         <input_file_ref idref="fl-8"/>
      </object_component>
      <object_component id="oc-ac">
         <name>.text</name>
         <load_address>0x402f87a0</load_address>
         <run_address>0x402f87a0</run_address>
         <size>0xd38</size>
         <input_file_ref idref="fl-14b"/>
      </object_component>
      <object_component id="oc-47">
         <name>.text</name>
         <load_address>0x402f94d8</load_address>
         <run_address>0x402f94d8</run_address>
         <size>0xad0</size>
         <input_file_ref idref="fl-14d"/>
      </object_component>
      <object_component id="oc-a2">
         <name>.text</name>
         <load_address>0x402f9fa8</load_address>
         <run_address>0x402f9fa8</run_address>
         <size>0x9f0</size>
         <input_file_ref idref="fl-14e"/>
      </object_component>
      <object_component id="oc-53">
         <name>.text</name>
         <load_address>0x402fa998</load_address>
         <run_address>0x402fa998</run_address>
         <size>0x848</size>
         <input_file_ref idref="fl-b"/>
      </object_component>
      <object_component id="oc-69">
         <name>.text</name>
         <load_address>0x402fb1e0</load_address>
         <run_address>0x402fb1e0</run_address>
         <size>0x638</size>
         <input_file_ref idref="fl-14a"/>
      </object_component>
      <object_component id="oc-191">
         <name>.text</name>
         <load_address>0x402fb818</load_address>
         <run_address>0x402fb818</run_address>
         <size>0x488</size>
         <input_file_ref idref="fl-6"/>
      </object_component>
      <object_component id="oc-b5">
         <name>.text</name>
         <load_address>0x402fbca0</load_address>
         <run_address>0x402fbca0</run_address>
         <size>0x420</size>
         <input_file_ref idref="fl-14c"/>
      </object_component>
      <object_component id="oc-119">
         <name>.text</name>
         <load_address>0x402fc0c0</load_address>
         <run_address>0x402fc0c0</run_address>
         <size>0x210</size>
         <input_file_ref idref="fl-4"/>
      </object_component>
      <object_component id="oc-8a">
         <name>.text</name>
         <load_address>0x402fc2d0</load_address>
         <run_address>0x402fc2d0</run_address>
         <size>0x180</size>
         <input_file_ref idref="fl-143"/>
      </object_component>
      <object_component id="oc-5c">
         <name>.text</name>
         <load_address>0x402fc450</load_address>
         <run_address>0x402fc450</run_address>
         <size>0x14c</size>
         <input_file_ref idref="fl-14f"/>
      </object_component>
      <object_component id="oc-135">
         <name>.text</name>
         <load_address>0x402fc59c</load_address>
         <run_address>0x402fc59c</run_address>
         <size>0x130</size>
         <input_file_ref idref="fl-7"/>
      </object_component>
      <object_component id="oc-42">
         <name>.text</name>
         <load_address>0x402fc6cc</load_address>
         <run_address>0x402fc6cc</run_address>
         <size>0x118</size>
         <input_file_ref idref="fl-151"/>
      </object_component>
      <object_component id="oc-65">
         <name>.text</name>
         <load_address>0x402fc7e4</load_address>
         <run_address>0x402fc7e4</run_address>
         <size>0xf4</size>
         <input_file_ref idref="fl-146"/>
      </object_component>
      <object_component id="oc-14">
         <name>.text</name>
         <load_address>0x402fc8d8</load_address>
         <run_address>0x402fc8d8</run_address>
         <size>0xd4</size>
         <input_file_ref idref="fl-13d"/>
      </object_component>
      <object_component id="oc-f">
         <name>.text</name>
         <load_address>0x402fc9ac</load_address>
         <run_address>0x402fc9ac</run_address>
         <size>0xc4</size>
         <input_file_ref idref="fl-9"/>
      </object_component>
      <object_component id="oc-61">
         <name>.text</name>
         <load_address>0x402fca70</load_address>
         <run_address>0x402fca70</run_address>
         <size>0xb0</size>
         <input_file_ref idref="fl-144"/>
      </object_component>
      <object_component id="oc-4e">
         <name>.text</name>
         <load_address>0x402fcb20</load_address>
         <run_address>0x402fcb20</run_address>
         <size>0xa0</size>
         <input_file_ref idref="fl-152"/>
      </object_component>
      <object_component id="oc-e3">
         <name>.text</name>
         <load_address>0x402fcbc0</load_address>
         <run_address>0x402fcbc0</run_address>
         <size>0xa0</size>
         <input_file_ref idref="fl-150"/>
      </object_component>
      <object_component id="oc-34">
         <name>.text</name>
         <load_address>0x402fcc60</load_address>
         <run_address>0x402fcc60</run_address>
         <size>0x80</size>
         <input_file_ref idref="fl-13f"/>
      </object_component>
      <object_component id="oc-3d">
         <name>.text</name>
         <load_address>0x402fcce0</load_address>
         <run_address>0x402fcce0</run_address>
         <size>0x38</size>
         <input_file_ref idref="fl-5"/>
      </object_component>
      <object_component id="oc-11e">
         <name>.text</name>
         <load_address>0x402fcd18</load_address>
         <run_address>0x402fcd18</run_address>
         <size>0x34</size>
         <input_file_ref idref="fl-142"/>
      </object_component>
      <object_component id="oc-23">
         <name>.text</name>
         <load_address>0x402fcd4c</load_address>
         <run_address>0x402fcd4c</run_address>
         <size>0x24</size>
         <input_file_ref idref="fl-c"/>
      </object_component>
      <object_component id="oc-38">
         <name>.text</name>
         <load_address>0x402fcd70</load_address>
         <run_address>0x402fcd70</run_address>
         <size>0x20</size>
         <input_file_ref idref="fl-141"/>
      </object_component>
      <object_component id="oc-58">
         <name>.data:oppTable</name>
         <load_address>0x402fd5e8</load_address>
         <run_address>0x402fd5e8</run_address>
         <size>0x50</size>
         <input_file_ref idref="fl-8"/>
      </object_component>
      <object_component id="oc-b1">
         <name>.data</name>
         <load_address>0x402fd638</load_address>
         <run_address>0x402fd638</run_address>
         <size>0x24</size>
         <input_file_ref idref="fl-b"/>
      </object_component>
      <object_component id="oc-2c">
         <name>.data</name>
         <load_address>0x402fd65c</load_address>
         <run_address>0x402fd65c</run_address>
         <size>0x8</size>
         <input_file_ref idref="fl-9"/>
      </object_component>
      <object_component id="oc-28">
         <name>.data</name>
         <load_address>0x402fd664</load_address>
         <run_address>0x402fd664</run_address>
         <size>0x8</size>
         <input_file_ref idref="fl-8"/>
      </object_component>
      <object_component id="oc-2a">
         <name>.bss</name>
         <uninitialized>true</uninitialized>
         <run_address>0x402fd4fc</run_address>
         <size>0x4</size>
         <input_file_ref idref="fl-9"/>
      </object_component>
      <object_component id="oc-4c">
         <name>.bss</name>
         <uninitialized>true</uninitialized>
         <run_address>0x402fd5c8</run_address>
         <size>0x20</size>
         <input_file_ref idref="fl-8"/>
      </object_component>
      <object_component id="oc-b3">
         <name>.bss:ctrlInfo</name>
         <uninitialized>true</uninitialized>
         <run_address>0x402fd4a0</run_address>
         <size>0x50</size>
         <input_file_ref idref="fl-b"/>
      </object_component>
      <object_component id="oc-ba">
         <name>.bss:sdCard</name>
         <uninitialized>true</uninitialized>
         <run_address>0x402fd580</run_address>
         <size>0x48</size>
         <input_file_ref idref="fl-b"/>
      </object_component>
      <object_component id="oc-bc">
         <name>.bss:g_sFatFs</name>
         <uninitialized>true</uninitialized>
         <run_address>0x402fd048</run_address>
         <size>0x240</size>
         <input_file_ref idref="fl-b"/>
      </object_component>
      <object_component id="oc-be">
         <name>.bss</name>
         <uninitialized>true</uninitialized>
         <run_address>0x402fd288</run_address>
         <size>0x18</size>
         <input_file_ref idref="fl-4"/>
      </object_component>
      <object_component id="oc-c0">
         <name>.bss:g_sFileObject</name>
         <uninitialized>true</uninitialized>
         <run_address>0x402fce00</run_address>
         <size>0x248</size>
         <input_file_ref idref="fl-b"/>
      </object_component>
      <object_component id="oc-c2">
         <name>.bss:g_cTmpBuf</name>
         <uninitialized>true</uninitialized>
         <run_address>0x402fd2a0</run_address>
         <size>0x200</size>
         <input_file_ref idref="fl-b"/>
      </object_component>
      <object_component id="oc-122">
         <name>.bss</name>
         <uninitialized>true</uninitialized>
         <run_address>0x402fd4f0</run_address>
         <size>0xa</size>
         <input_file_ref idref="fl-3"/>
      </object_component>
      <object_component id="oc-13a">
         <name>.bss:dataBuffer</name>
         <uninitialized>true</uninitialized>
         <run_address>0x402fd500</run_address>
         <size>0x80</size>
         <input_file_ref idref="fl-14b"/>
      </object_component>
      <object_component id="oc-f2">
         <name>.const:.string</name>
         <load_address>0x402fcd90</load_address>
         <run_address>0x402fcd90</run_address>
         <size>0x14</size>
         <input_file_ref idref="fl-149"/>
      </object_component>
      <object_component id="oc-82">
         <name>.const:.string</name>
         <load_address>0x402fcda4</load_address>
         <run_address>0x402fcda4</run_address>
         <size>0x8</size>
         <input_file_ref idref="fl-8"/>
      </object_component>
      <object_component id="oc-6e">
         <name>.const</name>
         <load_address>0x402fcdac</load_address>
         <run_address>0x402fcdac</run_address>
         <size>0x4</size>
         <input_file_ref idref="fl-149"/>
      </object_component>
      <object_component id="oc-e">
         <name>.stack</name>
         <uninitialized>true</uninitialized>
         <run_address>0x4030fff0</run_address>
         <size>0x0</size>
         <input_file_ref idref="fl-13e"/>
      </object_component>
      <object_component id="oc-1cd">
         <name>.stack</name>
         <uninitialized>true</uninitialized>
         <run_address>0x4030fff0</run_address>
         <size>0x0</size>
      </object_component>
      <object_component id="oc-b">
         <name>.debug_info</name>
         <load_address>0x0</load_address>
         <run_address>0x0</run_address>
         <size>0x15f</size>
         <input_file_ref idref="fl-a"/>
      </object_component>
      <object_component id="oc-10">
         <name>.debug_info</name>
         <load_address>0x15f</load_address>
         <run_address>0x15f</run_address>
         <size>0x319</size>
         <input_file_ref idref="fl-9"/>
      </object_component>
      <object_component id="oc-15">
         <name>.debug_info</name>
         <load_address>0x478</load_address>
         <run_address>0x478</run_address>
         <size>0x162</size>
         <input_file_ref idref="fl-13d"/>
      </object_component>
      <object_component id="oc-1a">
         <name>.debug_info</name>
         <load_address>0x5da</load_address>
         <run_address>0x5da</run_address>
         <size>0x3452</size>
         <input_file_ref idref="fl-8"/>
      </object_component>
      <object_component id="oc-1f">
         <name>.debug_info</name>
         <load_address>0x3a2c</load_address>
         <run_address>0x3a2c</run_address>
         <size>0x3034</size>
         <input_file_ref idref="fl-149"/>
      </object_component>
      <object_component id="oc-24">
         <name>.debug_info</name>
         <load_address>0x6a60</load_address>
         <run_address>0x6a60</run_address>
         <size>0x287</size>
         <input_file_ref idref="fl-c"/>
      </object_component>
      <object_component id="oc-29">
         <name>.debug_info</name>
         <load_address>0x6ce7</load_address>
         <run_address>0x6ce7</run_address>
         <size>0x140</size>
         <input_file_ref idref="fl-8"/>
      </object_component>
      <object_component id="oc-2b">
         <name>.debug_info</name>
         <load_address>0x6e27</load_address>
         <run_address>0x6e27</run_address>
         <size>0x10e</size>
         <input_file_ref idref="fl-9"/>
      </object_component>
      <object_component id="oc-2d">
         <name>.debug_info</name>
         <load_address>0x6f35</load_address>
         <run_address>0x6f35</run_address>
         <size>0x13e</size>
         <input_file_ref idref="fl-9"/>
      </object_component>
      <object_component id="oc-2f">
         <name>.debug_info</name>
         <load_address>0x7073</load_address>
         <run_address>0x7073</run_address>
         <size>0x90</size>
         <input_file_ref idref="fl-3"/>
      </object_component>
      <object_component id="oc-35">
         <name>.debug_info</name>
         <load_address>0x7103</load_address>
         <run_address>0x7103</run_address>
         <size>0x1c8</size>
         <input_file_ref idref="fl-13f"/>
      </object_component>
      <object_component id="oc-39">
         <name>.debug_info</name>
         <load_address>0x72cb</load_address>
         <run_address>0x72cb</run_address>
         <size>0xf8</size>
         <input_file_ref idref="fl-141"/>
      </object_component>
      <object_component id="oc-3e">
         <name>.debug_info</name>
         <load_address>0x73c3</load_address>
         <run_address>0x73c3</run_address>
         <size>0x2a2</size>
         <input_file_ref idref="fl-5"/>
      </object_component>
      <object_component id="oc-43">
         <name>.debug_info</name>
         <load_address>0x7665</load_address>
         <run_address>0x7665</run_address>
         <size>0x61e</size>
         <input_file_ref idref="fl-151"/>
      </object_component>
      <object_component id="oc-48">
         <name>.debug_info</name>
         <load_address>0x7c83</load_address>
         <run_address>0x7c83</run_address>
         <size>0x2a11</size>
         <input_file_ref idref="fl-14d"/>
      </object_component>
      <object_component id="oc-4d">
         <name>.debug_info</name>
         <load_address>0xa694</load_address>
         <run_address>0xa694</run_address>
         <size>0x22e</size>
         <input_file_ref idref="fl-8"/>
      </object_component>
      <object_component id="oc-4f">
         <name>.debug_info</name>
         <load_address>0xa8c2</load_address>
         <run_address>0xa8c2</run_address>
         <size>0x2d2</size>
         <input_file_ref idref="fl-152"/>
      </object_component>
      <object_component id="oc-54">
         <name>.debug_info</name>
         <load_address>0xab94</load_address>
         <run_address>0xab94</run_address>
         <size>0xf01</size>
         <input_file_ref idref="fl-b"/>
      </object_component>
      <object_component id="oc-59">
         <name>.debug_info</name>
         <load_address>0xba95</load_address>
         <run_address>0xba95</run_address>
         <size>0x122</size>
         <input_file_ref idref="fl-8"/>
      </object_component>
      <object_component id="oc-5b">
         <name>.debug_info</name>
         <load_address>0xbbb7</load_address>
         <run_address>0xbbb7</run_address>
         <size>0x682</size>
         <input_file_ref idref="fl-8"/>
      </object_component>
      <object_component id="oc-5d">
         <name>.debug_info</name>
         <load_address>0xc239</load_address>
         <run_address>0xc239</run_address>
         <size>0x844</size>
         <input_file_ref idref="fl-14f"/>
      </object_component>
      <object_component id="oc-62">
         <name>.debug_info</name>
         <load_address>0xca7d</load_address>
         <run_address>0xca7d</run_address>
         <size>0x119</size>
         <input_file_ref idref="fl-144"/>
      </object_component>
      <object_component id="oc-66">
         <name>.debug_info</name>
         <load_address>0xcb96</load_address>
         <run_address>0xcb96</run_address>
         <size>0x155</size>
         <input_file_ref idref="fl-146"/>
      </object_component>
      <object_component id="oc-6a">
         <name>.debug_info</name>
         <load_address>0xcceb</load_address>
         <run_address>0xcceb</run_address>
         <size>0xa9a</size>
         <input_file_ref idref="fl-14a"/>
      </object_component>
      <object_component id="oc-6f">
         <name>.debug_info</name>
         <load_address>0xd785</load_address>
         <run_address>0xd785</run_address>
         <size>0xeb</size>
         <input_file_ref idref="fl-149"/>
      </object_component>
      <object_component id="oc-71">
         <name>.debug_info</name>
         <load_address>0xd870</load_address>
         <run_address>0xd870</run_address>
         <size>0x1fb</size>
         <input_file_ref idref="fl-149"/>
      </object_component>
      <object_component id="oc-72">
         <name>.debug_info</name>
         <load_address>0xda6b</load_address>
         <run_address>0xda6b</run_address>
         <size>0x90</size>
         <input_file_ref idref="fl-149"/>
      </object_component>
      <object_component id="oc-77">
         <name>.debug_info</name>
         <load_address>0xdafb</load_address>
         <run_address>0xdafb</run_address>
         <size>0x4e</size>
         <input_file_ref idref="fl-149"/>
      </object_component>
      <object_component id="oc-7d">
         <name>.debug_info</name>
         <load_address>0xdb49</load_address>
         <run_address>0xdb49</run_address>
         <size>0x89</size>
         <input_file_ref idref="fl-2"/>
      </object_component>
      <object_component id="oc-87">
         <name>.debug_info</name>
         <load_address>0xdbd2</load_address>
         <run_address>0xdbd2</run_address>
         <size>0x1d6</size>
         <input_file_ref idref="fl-9"/>
      </object_component>
      <object_component id="oc-8b">
         <name>.debug_info</name>
         <load_address>0xdda8</load_address>
         <run_address>0xdda8</run_address>
         <size>0x14e</size>
         <input_file_ref idref="fl-143"/>
      </object_component>
      <object_component id="oc-8f">
         <name>.debug_info</name>
         <load_address>0xdef6</load_address>
         <run_address>0xdef6</run_address>
         <size>0x159</size>
         <input_file_ref idref="fl-13f"/>
      </object_component>
      <object_component id="oc-93">
         <name>.debug_info</name>
         <load_address>0xe04f</load_address>
         <run_address>0xe04f</run_address>
         <size>0x89</size>
         <input_file_ref idref="fl-14f"/>
      </object_component>
      <object_component id="oc-99">
         <name>.debug_info</name>
         <load_address>0xe0d8</load_address>
         <run_address>0xe0d8</run_address>
         <size>0x89</size>
         <input_file_ref idref="fl-14d"/>
      </object_component>
      <object_component id="oc-9e">
         <name>.debug_info</name>
         <load_address>0xe161</load_address>
         <run_address>0xe161</run_address>
         <size>0xe0</size>
         <input_file_ref idref="fl-14d"/>
      </object_component>
      <object_component id="oc-a3">
         <name>.debug_info</name>
         <load_address>0xe241</load_address>
         <run_address>0xe241</run_address>
         <size>0x22d2</size>
         <input_file_ref idref="fl-14e"/>
      </object_component>
      <object_component id="oc-a8">
         <name>.debug_info</name>
         <load_address>0x10513</load_address>
         <run_address>0x10513</run_address>
         <size>0x3d43</size>
         <input_file_ref idref="fl-3"/>
      </object_component>
      <object_component id="oc-ad">
         <name>.debug_info</name>
         <load_address>0x14256</load_address>
         <run_address>0x14256</run_address>
         <size>0x115c</size>
         <input_file_ref idref="fl-14b"/>
      </object_component>
      <object_component id="oc-b2">
         <name>.debug_info</name>
         <load_address>0x153b2</load_address>
         <run_address>0x153b2</run_address>
         <size>0x242</size>
         <input_file_ref idref="fl-b"/>
      </object_component>
      <object_component id="oc-b4">
         <name>.debug_info</name>
         <load_address>0x155f4</load_address>
         <run_address>0x155f4</run_address>
         <size>0x112</size>
         <input_file_ref idref="fl-b"/>
      </object_component>
      <object_component id="oc-b6">
         <name>.debug_info</name>
         <load_address>0x15706</load_address>
         <run_address>0x15706</run_address>
         <size>0x8ae</size>
         <input_file_ref idref="fl-14c"/>
      </object_component>
      <object_component id="oc-bb">
         <name>.debug_info</name>
         <load_address>0x15fb4</load_address>
         <run_address>0x15fb4</run_address>
         <size>0x10e</size>
         <input_file_ref idref="fl-b"/>
      </object_component>
      <object_component id="oc-bd">
         <name>.debug_info</name>
         <load_address>0x160c2</load_address>
         <run_address>0x160c2</run_address>
         <size>0x111</size>
         <input_file_ref idref="fl-b"/>
      </object_component>
      <object_component id="oc-bf">
         <name>.debug_info</name>
         <load_address>0x161d3</load_address>
         <run_address>0x161d3</run_address>
         <size>0x11f</size>
         <input_file_ref idref="fl-4"/>
      </object_component>
      <object_component id="oc-c1">
         <name>.debug_info</name>
         <load_address>0x162f2</load_address>
         <run_address>0x162f2</run_address>
         <size>0x11b</size>
         <input_file_ref idref="fl-b"/>
      </object_component>
      <object_component id="oc-c3">
         <name>.debug_info</name>
         <load_address>0x1640d</load_address>
         <run_address>0x1640d</run_address>
         <size>0x113</size>
         <input_file_ref idref="fl-b"/>
      </object_component>
      <object_component id="oc-c5">
         <name>.debug_info</name>
         <load_address>0x16520</load_address>
         <run_address>0x16520</run_address>
         <size>0x719</size>
         <input_file_ref idref="fl-b"/>
      </object_component>
      <object_component id="oc-c6">
         <name>.debug_info</name>
         <load_address>0x16c39</load_address>
         <run_address>0x16c39</run_address>
         <size>0x456</size>
         <input_file_ref idref="fl-b"/>
      </object_component>
      <object_component id="oc-cb">
         <name>.debug_info</name>
         <load_address>0x1708f</load_address>
         <run_address>0x1708f</run_address>
         <size>0x62</size>
         <input_file_ref idref="fl-8"/>
      </object_component>
      <object_component id="oc-d4">
         <name>.debug_info</name>
         <load_address>0x170f1</load_address>
         <run_address>0x170f1</run_address>
         <size>0xba</size>
         <input_file_ref idref="fl-8"/>
      </object_component>
      <object_component id="oc-d9">
         <name>.debug_info</name>
         <load_address>0x171ab</load_address>
         <run_address>0x171ab</run_address>
         <size>0x62</size>
         <input_file_ref idref="fl-8"/>
      </object_component>
      <object_component id="oc-df">
         <name>.debug_info</name>
         <load_address>0x1720d</load_address>
         <run_address>0x1720d</run_address>
         <size>0x5e17</size>
         <input_file_ref idref="fl-153"/>
      </object_component>
      <object_component id="oc-e4">
         <name>.debug_info</name>
         <load_address>0x1d024</load_address>
         <run_address>0x1d024</run_address>
         <size>0x3f5</size>
         <input_file_ref idref="fl-150"/>
      </object_component>
      <object_component id="oc-ec">
         <name>.debug_info</name>
         <load_address>0x1d419</load_address>
         <run_address>0x1d419</run_address>
         <size>0x89</size>
         <input_file_ref idref="fl-14a"/>
      </object_component>
      <object_component id="oc-f1">
         <name>.debug_info</name>
         <load_address>0x1d4a2</load_address>
         <run_address>0x1d4a2</run_address>
         <size>0xd5</size>
         <input_file_ref idref="fl-14a"/>
      </object_component>
      <object_component id="oc-f9">
         <name>.debug_info</name>
         <load_address>0x1d577</load_address>
         <run_address>0x1d577</run_address>
         <size>0xba</size>
         <input_file_ref idref="fl-9"/>
      </object_component>
      <object_component id="oc-101">
         <name>.debug_info</name>
         <load_address>0x1d631</load_address>
         <run_address>0x1d631</run_address>
         <size>0x2c</size>
         <input_file_ref idref="fl-13f"/>
      </object_component>
      <object_component id="oc-106">
         <name>.debug_info</name>
         <load_address>0x1d65d</load_address>
         <run_address>0x1d65d</run_address>
         <size>0x89</size>
         <input_file_ref idref="fl-13f"/>
      </object_component>
      <object_component id="oc-10b">
         <name>.debug_info</name>
         <load_address>0x1d6e6</load_address>
         <run_address>0x1d6e6</run_address>
         <size>0xcd</size>
         <input_file_ref idref="fl-13f"/>
      </object_component>
      <object_component id="oc-112">
         <name>.debug_info</name>
         <load_address>0x1d7b3</load_address>
         <run_address>0x1d7b3</run_address>
         <size>0x8a</size>
         <input_file_ref idref="fl-14d"/>
      </object_component>
      <object_component id="oc-118">
         <name>.debug_info</name>
         <load_address>0x1d83d</load_address>
         <run_address>0x1d83d</run_address>
         <size>0xf4</size>
         <input_file_ref idref="fl-14e"/>
      </object_component>
      <object_component id="oc-11a">
         <name>.debug_info</name>
         <load_address>0x1d931</load_address>
         <run_address>0x1d931</run_address>
         <size>0x7ec</size>
         <input_file_ref idref="fl-4"/>
      </object_component>
      <object_component id="oc-11f">
         <name>.debug_info</name>
         <load_address>0x1e11d</load_address>
         <run_address>0x1e11d</run_address>
         <size>0x228</size>
         <input_file_ref idref="fl-142"/>
      </object_component>
      <object_component id="oc-123">
         <name>.debug_info</name>
         <load_address>0x1e345</load_address>
         <run_address>0x1e345</run_address>
         <size>0x122</size>
         <input_file_ref idref="fl-3"/>
      </object_component>
      <object_component id="oc-125">
         <name>.debug_info</name>
         <load_address>0x1e467</load_address>
         <run_address>0x1e467</run_address>
         <size>0xd7</size>
         <input_file_ref idref="fl-3"/>
      </object_component>
      <object_component id="oc-12a">
         <name>.debug_info</name>
         <load_address>0x1e53e</load_address>
         <run_address>0x1e53e</run_address>
         <size>0x373</size>
         <input_file_ref idref="fl-3"/>
      </object_component>
      <object_component id="oc-12b">
         <name>.debug_info</name>
         <load_address>0x1e8b1</load_address>
         <run_address>0x1e8b1</run_address>
         <size>0x456</size>
         <input_file_ref idref="fl-3"/>
      </object_component>
      <object_component id="oc-130">
         <name>.debug_info</name>
         <load_address>0x1ed07</load_address>
         <run_address>0x1ed07</run_address>
         <size>0x70</size>
         <input_file_ref idref="fl-3"/>
      </object_component>
      <object_component id="oc-136">
         <name>.debug_info</name>
         <load_address>0x1ed77</load_address>
         <run_address>0x1ed77</run_address>
         <size>0xbaf</size>
         <input_file_ref idref="fl-7"/>
      </object_component>
      <object_component id="oc-13b">
         <name>.debug_info</name>
         <load_address>0x1f926</load_address>
         <run_address>0x1f926</run_address>
         <size>0xf9</size>
         <input_file_ref idref="fl-14b"/>
      </object_component>
      <object_component id="oc-13d">
         <name>.debug_info</name>
         <load_address>0x1fa1f</load_address>
         <run_address>0x1fa1f</run_address>
         <size>0x89</size>
         <input_file_ref idref="fl-14b"/>
      </object_component>
      <object_component id="oc-142">
         <name>.debug_info</name>
         <load_address>0x1faa8</load_address>
         <run_address>0x1faa8</run_address>
         <size>0x2a1</size>
         <input_file_ref idref="fl-14b"/>
      </object_component>
      <object_component id="oc-143">
         <name>.debug_info</name>
         <load_address>0x1fd49</load_address>
         <run_address>0x1fd49</run_address>
         <size>0x390</size>
         <input_file_ref idref="fl-14b"/>
      </object_component>
      <object_component id="oc-14c">
         <name>.debug_info</name>
         <load_address>0x200d9</load_address>
         <run_address>0x200d9</run_address>
         <size>0x390</size>
         <input_file_ref idref="fl-4"/>
      </object_component>
      <object_component id="oc-152">
         <name>.debug_info</name>
         <load_address>0x20469</load_address>
         <run_address>0x20469</run_address>
         <size>0x90</size>
         <input_file_ref idref="fl-14c"/>
      </object_component>
      <object_component id="oc-157">
         <name>.debug_info</name>
         <load_address>0x204f9</load_address>
         <run_address>0x204f9</run_address>
         <size>0x5d9</size>
         <input_file_ref idref="fl-14c"/>
      </object_component>
      <object_component id="oc-15e">
         <name>.debug_info</name>
         <load_address>0x20ad2</load_address>
         <run_address>0x20ad2</run_address>
         <size>0x38d</size>
         <input_file_ref idref="fl-4"/>
      </object_component>
      <object_component id="oc-165">
         <name>.debug_info</name>
         <load_address>0x20e5f</load_address>
         <run_address>0x20e5f</run_address>
         <size>0xd7</size>
         <input_file_ref idref="fl-4"/>
      </object_component>
      <object_component id="oc-16a">
         <name>.debug_info</name>
         <load_address>0x20f36</load_address>
         <run_address>0x20f36</run_address>
         <size>0x2c</size>
         <input_file_ref idref="fl-3"/>
      </object_component>
      <object_component id="oc-16f">
         <name>.debug_info</name>
         <load_address>0x20f62</load_address>
         <run_address>0x20f62</run_address>
         <size>0xaf</size>
         <input_file_ref idref="fl-b"/>
      </object_component>
      <object_component id="oc-174">
         <name>.debug_info</name>
         <load_address>0x21011</load_address>
         <run_address>0x21011</run_address>
         <size>0xba</size>
         <input_file_ref idref="fl-b"/>
      </object_component>
      <object_component id="oc-17a">
         <name>.debug_info</name>
         <load_address>0x210cb</load_address>
         <run_address>0x210cb</run_address>
         <size>0xed</size>
         <input_file_ref idref="fl-153"/>
      </object_component>
      <object_component id="oc-180">
         <name>.debug_info</name>
         <load_address>0x211b8</load_address>
         <run_address>0x211b8</run_address>
         <size>0xb6</size>
         <input_file_ref idref="fl-14e"/>
      </object_component>
      <object_component id="oc-186">
         <name>.debug_info</name>
         <load_address>0x2126e</load_address>
         <run_address>0x2126e</run_address>
         <size>0x70</size>
         <input_file_ref idref="fl-4"/>
      </object_component>
      <object_component id="oc-18c">
         <name>.debug_info</name>
         <load_address>0x212de</load_address>
         <run_address>0x212de</run_address>
         <size>0xb0</size>
         <input_file_ref idref="fl-142"/>
      </object_component>
      <object_component id="oc-192">
         <name>.debug_info</name>
         <load_address>0x2138e</load_address>
         <run_address>0x2138e</run_address>
         <size>0x271</size>
         <input_file_ref idref="fl-6"/>
      </object_component>
      <object_component id="oc-19a">
         <name>.debug_info</name>
         <load_address>0x215ff</load_address>
         <run_address>0x215ff</run_address>
         <size>0x2c</size>
         <input_file_ref idref="fl-14b"/>
      </object_component>
      <object_component id="oc-1a1">
         <name>.debug_info</name>
         <load_address>0x2162b</load_address>
         <run_address>0x2162b</run_address>
         <size>0x256</size>
         <input_file_ref idref="fl-14c"/>
      </object_component>
      <object_component id="oc-1a8">
         <name>.debug_info</name>
         <load_address>0x21881</load_address>
         <run_address>0x21881</run_address>
         <size>0x456</size>
         <input_file_ref idref="fl-4"/>
      </object_component>
      <object_component id="oc-1ad">
         <name>.debug_info</name>
         <load_address>0x21cd7</load_address>
         <run_address>0x21cd7</run_address>
         <size>0x83</size>
         <input_file_ref idref="fl-4"/>
      </object_component>
      <object_component id="oc-1ce">
         <name>.debug_info</name>
         <load_address>0x21d5a</load_address>
         <run_address>0x21d5a</run_address>
         <size>0xbf</size>
      </object_component>
      <object_component id="oc-c">
         <name>.debug_line</name>
         <load_address>0x0</load_address>
         <run_address>0x0</run_address>
         <size>0x8a</size>
         <input_file_ref idref="fl-a"/>
      </object_component>
      <object_component id="oc-11">
         <name>.debug_line</name>
         <load_address>0x8a</load_address>
         <run_address>0x8a</run_address>
         <size>0x8c</size>
         <input_file_ref idref="fl-9"/>
      </object_component>
      <object_component id="oc-16">
         <name>.debug_line</name>
         <load_address>0x116</load_address>
         <run_address>0x116</run_address>
         <size>0x7d</size>
         <input_file_ref idref="fl-13d"/>
      </object_component>
      <object_component id="oc-1b">
         <name>.debug_line</name>
         <load_address>0x193</load_address>
         <run_address>0x193</run_address>
         <size>0x5c1</size>
         <input_file_ref idref="fl-8"/>
      </object_component>
      <object_component id="oc-20">
         <name>.debug_line</name>
         <load_address>0x754</load_address>
         <run_address>0x754</run_address>
         <size>0x67a</size>
         <input_file_ref idref="fl-149"/>
      </object_component>
      <object_component id="oc-25">
         <name>.debug_line</name>
         <load_address>0xdce</load_address>
         <run_address>0xdce</run_address>
         <size>0x88</size>
         <input_file_ref idref="fl-c"/>
      </object_component>
      <object_component id="oc-31">
         <name>.debug_line</name>
         <load_address>0xe56</load_address>
         <run_address>0xe56</run_address>
         <size>0x20</size>
         <input_file_ref idref="fl-3"/>
      </object_component>
      <object_component id="oc-36">
         <name>.debug_line</name>
         <load_address>0xe76</load_address>
         <run_address>0xe76</run_address>
         <size>0x43</size>
         <input_file_ref idref="fl-13f"/>
      </object_component>
      <object_component id="oc-3a">
         <name>.debug_line</name>
         <load_address>0xeb9</load_address>
         <run_address>0xeb9</run_address>
         <size>0x42</size>
         <input_file_ref idref="fl-141"/>
      </object_component>
      <object_component id="oc-3f">
         <name>.debug_line</name>
         <load_address>0xefb</load_address>
         <run_address>0xefb</run_address>
         <size>0x91</size>
         <input_file_ref idref="fl-5"/>
      </object_component>
      <object_component id="oc-44">
         <name>.debug_line</name>
         <load_address>0xf8c</load_address>
         <run_address>0xf8c</run_address>
         <size>0xce</size>
         <input_file_ref idref="fl-151"/>
      </object_component>
      <object_component id="oc-49">
         <name>.debug_line</name>
         <load_address>0x105a</load_address>
         <run_address>0x105a</run_address>
         <size>0x5ab</size>
         <input_file_ref idref="fl-14d"/>
      </object_component>
      <object_component id="oc-50">
         <name>.debug_line</name>
         <load_address>0x1605</load_address>
         <run_address>0x1605</run_address>
         <size>0x92</size>
         <input_file_ref idref="fl-152"/>
      </object_component>
      <object_component id="oc-55">
         <name>.debug_line</name>
         <load_address>0x1697</load_address>
         <run_address>0x1697</run_address>
         <size>0x216</size>
         <input_file_ref idref="fl-b"/>
      </object_component>
      <object_component id="oc-5e">
         <name>.debug_line</name>
         <load_address>0x18ad</load_address>
         <run_address>0x18ad</run_address>
         <size>0x109</size>
         <input_file_ref idref="fl-14f"/>
      </object_component>
      <object_component id="oc-63">
         <name>.debug_line</name>
         <load_address>0x19b6</load_address>
         <run_address>0x19b6</run_address>
         <size>0x73</size>
         <input_file_ref idref="fl-144"/>
      </object_component>
      <object_component id="oc-67">
         <name>.debug_line</name>
         <load_address>0x1a29</load_address>
         <run_address>0x1a29</run_address>
         <size>0x86</size>
         <input_file_ref idref="fl-146"/>
      </object_component>
      <object_component id="oc-6b">
         <name>.debug_line</name>
         <load_address>0x1aaf</load_address>
         <run_address>0x1aaf</run_address>
         <size>0x1d6</size>
         <input_file_ref idref="fl-14a"/>
      </object_component>
      <object_component id="oc-74">
         <name>.debug_line</name>
         <load_address>0x1c85</load_address>
         <run_address>0x1c85</run_address>
         <size>0x20</size>
         <input_file_ref idref="fl-149"/>
      </object_component>
      <object_component id="oc-79">
         <name>.debug_line</name>
         <load_address>0x1ca5</load_address>
         <run_address>0x1ca5</run_address>
         <size>0x59</size>
         <input_file_ref idref="fl-149"/>
      </object_component>
      <object_component id="oc-7f">
         <name>.debug_line</name>
         <load_address>0x1cfe</load_address>
         <run_address>0x1cfe</run_address>
         <size>0x20</size>
         <input_file_ref idref="fl-2"/>
      </object_component>
      <object_component id="oc-84">
         <name>.debug_line</name>
         <load_address>0x1d1e</load_address>
         <run_address>0x1d1e</run_address>
         <size>0x65</size>
         <input_file_ref idref="fl-8"/>
      </object_component>
      <object_component id="oc-86">
         <name>.debug_line</name>
         <load_address>0x1d83</load_address>
         <run_address>0x1d83</run_address>
         <size>0x53</size>
         <input_file_ref idref="fl-9"/>
      </object_component>
      <object_component id="oc-89">
         <name>.debug_line</name>
         <load_address>0x1dd6</load_address>
         <run_address>0x1dd6</run_address>
         <size>0x53</size>
         <input_file_ref idref="fl-9"/>
      </object_component>
      <object_component id="oc-8c">
         <name>.debug_line</name>
         <load_address>0x1e29</load_address>
         <run_address>0x1e29</run_address>
         <size>0x9a</size>
         <input_file_ref idref="fl-143"/>
      </object_component>
      <object_component id="oc-95">
         <name>.debug_line</name>
         <load_address>0x1ec3</load_address>
         <run_address>0x1ec3</run_address>
         <size>0x20</size>
         <input_file_ref idref="fl-14f"/>
      </object_component>
      <object_component id="oc-9b">
         <name>.debug_line</name>
         <load_address>0x1ee3</load_address>
         <run_address>0x1ee3</run_address>
         <size>0x20</size>
         <input_file_ref idref="fl-14d"/>
      </object_component>
      <object_component id="oc-a0">
         <name>.debug_line</name>
         <load_address>0x1f03</load_address>
         <run_address>0x1f03</run_address>
         <size>0x65</size>
         <input_file_ref idref="fl-8"/>
      </object_component>
      <object_component id="oc-a4">
         <name>.debug_line</name>
         <load_address>0x1f68</load_address>
         <run_address>0x1f68</run_address>
         <size>0x426</size>
         <input_file_ref idref="fl-14e"/>
      </object_component>
      <object_component id="oc-a9">
         <name>.debug_line</name>
         <load_address>0x238e</load_address>
         <run_address>0x238e</run_address>
         <size>0xc16</size>
         <input_file_ref idref="fl-3"/>
      </object_component>
      <object_component id="oc-ae">
         <name>.debug_line</name>
         <load_address>0x2fa4</load_address>
         <run_address>0x2fa4</run_address>
         <size>0x354</size>
         <input_file_ref idref="fl-14b"/>
      </object_component>
      <object_component id="oc-b7">
         <name>.debug_line</name>
         <load_address>0x32f8</load_address>
         <run_address>0x32f8</run_address>
         <size>0x169</size>
         <input_file_ref idref="fl-14c"/>
      </object_component>
      <object_component id="oc-c8">
         <name>.debug_line</name>
         <load_address>0x3461</load_address>
         <run_address>0x3461</run_address>
         <size>0x53</size>
         <input_file_ref idref="fl-b"/>
      </object_component>
      <object_component id="oc-cd">
         <name>.debug_line</name>
         <load_address>0x34b4</load_address>
         <run_address>0x34b4</run_address>
         <size>0x55</size>
         <input_file_ref idref="fl-8"/>
      </object_component>
      <object_component id="oc-d1">
         <name>.debug_line</name>
         <load_address>0x3509</load_address>
         <run_address>0x3509</run_address>
         <size>0x65</size>
         <input_file_ref idref="fl-8"/>
      </object_component>
      <object_component id="oc-d3">
         <name>.debug_line</name>
         <load_address>0x356e</load_address>
         <run_address>0x356e</run_address>
         <size>0x11d</size>
         <input_file_ref idref="fl-8"/>
      </object_component>
      <object_component id="oc-d6">
         <name>.debug_line</name>
         <load_address>0x368b</load_address>
         <run_address>0x368b</run_address>
         <size>0x5c</size>
         <input_file_ref idref="fl-8"/>
      </object_component>
      <object_component id="oc-db">
         <name>.debug_line</name>
         <load_address>0x36e7</load_address>
         <run_address>0x36e7</run_address>
         <size>0x67</size>
         <input_file_ref idref="fl-8"/>
      </object_component>
      <object_component id="oc-e0">
         <name>.debug_line</name>
         <load_address>0x374e</load_address>
         <run_address>0x374e</run_address>
         <size>0xa3f</size>
         <input_file_ref idref="fl-153"/>
      </object_component>
      <object_component id="oc-e5">
         <name>.debug_line</name>
         <load_address>0x418d</load_address>
         <run_address>0x418d</run_address>
         <size>0xa2</size>
         <input_file_ref idref="fl-150"/>
      </object_component>
      <object_component id="oc-ee">
         <name>.debug_line</name>
         <load_address>0x422f</load_address>
         <run_address>0x422f</run_address>
         <size>0x20</size>
         <input_file_ref idref="fl-14a"/>
      </object_component>
      <object_component id="oc-f4">
         <name>.debug_line</name>
         <load_address>0x424f</load_address>
         <run_address>0x424f</run_address>
         <size>0x4c</size>
         <input_file_ref idref="fl-149"/>
      </object_component>
      <object_component id="oc-f6">
         <name>.debug_line</name>
         <load_address>0x429b</load_address>
         <run_address>0x429b</run_address>
         <size>0x6e</size>
         <input_file_ref idref="fl-149"/>
      </object_component>
      <object_component id="oc-f8">
         <name>.debug_line</name>
         <load_address>0x4309</load_address>
         <run_address>0x4309</run_address>
         <size>0xfb</size>
         <input_file_ref idref="fl-9"/>
      </object_component>
      <object_component id="oc-fb">
         <name>.debug_line</name>
         <load_address>0x4404</load_address>
         <run_address>0x4404</run_address>
         <size>0x5c</size>
         <input_file_ref idref="fl-9"/>
      </object_component>
      <object_component id="oc-100">
         <name>.debug_line</name>
         <load_address>0x4460</load_address>
         <run_address>0x4460</run_address>
         <size>0x69</size>
         <input_file_ref idref="fl-13f"/>
      </object_component>
      <object_component id="oc-103">
         <name>.debug_line</name>
         <load_address>0x44c9</load_address>
         <run_address>0x44c9</run_address>
         <size>0x5c</size>
         <input_file_ref idref="fl-13f"/>
      </object_component>
      <object_component id="oc-108">
         <name>.debug_line</name>
         <load_address>0x4525</load_address>
         <run_address>0x4525</run_address>
         <size>0x20</size>
         <input_file_ref idref="fl-13f"/>
      </object_component>
      <object_component id="oc-10d">
         <name>.debug_line</name>
         <load_address>0x4545</load_address>
         <run_address>0x4545</run_address>
         <size>0x5d</size>
         <input_file_ref idref="fl-13f"/>
      </object_component>
      <object_component id="oc-111">
         <name>.debug_line</name>
         <load_address>0x45a2</load_address>
         <run_address>0x45a2</run_address>
         <size>0x20</size>
         <input_file_ref idref="fl-14d"/>
      </object_component>
      <object_component id="oc-114">
         <name>.debug_line</name>
         <load_address>0x45c2</load_address>
         <run_address>0x45c2</run_address>
         <size>0x45</size>
         <input_file_ref idref="fl-14d"/>
      </object_component>
      <object_component id="oc-11b">
         <name>.debug_line</name>
         <load_address>0x4607</load_address>
         <run_address>0x4607</run_address>
         <size>0x135</size>
         <input_file_ref idref="fl-4"/>
      </object_component>
      <object_component id="oc-120">
         <name>.debug_line</name>
         <load_address>0x473c</load_address>
         <run_address>0x473c</run_address>
         <size>0x74</size>
         <input_file_ref idref="fl-142"/>
      </object_component>
      <object_component id="oc-127">
         <name>.debug_line</name>
         <load_address>0x47b0</load_address>
         <run_address>0x47b0</run_address>
         <size>0x5a</size>
         <input_file_ref idref="fl-3"/>
      </object_component>
      <object_component id="oc-12d">
         <name>.debug_line</name>
         <load_address>0x480a</load_address>
         <run_address>0x480a</run_address>
         <size>0x55</size>
         <input_file_ref idref="fl-3"/>
      </object_component>
      <object_component id="oc-132">
         <name>.debug_line</name>
         <load_address>0x485f</load_address>
         <run_address>0x485f</run_address>
         <size>0x59</size>
         <input_file_ref idref="fl-3"/>
      </object_component>
      <object_component id="oc-137">
         <name>.debug_line</name>
         <load_address>0x48b8</load_address>
         <run_address>0x48b8</run_address>
         <size>0x180</size>
         <input_file_ref idref="fl-7"/>
      </object_component>
      <object_component id="oc-13f">
         <name>.debug_line</name>
         <load_address>0x4a38</load_address>
         <run_address>0x4a38</run_address>
         <size>0x20</size>
         <input_file_ref idref="fl-14b"/>
      </object_component>
      <object_component id="oc-145">
         <name>.debug_line</name>
         <load_address>0x4a58</load_address>
         <run_address>0x4a58</run_address>
         <size>0x51</size>
         <input_file_ref idref="fl-14b"/>
      </object_component>
      <object_component id="oc-149">
         <name>.debug_line</name>
         <load_address>0x4aa9</load_address>
         <run_address>0x4aa9</run_address>
         <size>0x56</size>
         <input_file_ref idref="fl-b"/>
      </object_component>
      <object_component id="oc-14b">
         <name>.debug_line</name>
         <load_address>0x4aff</load_address>
         <run_address>0x4aff</run_address>
         <size>0x56</size>
         <input_file_ref idref="fl-b"/>
      </object_component>
      <object_component id="oc-14e">
         <name>.debug_line</name>
         <load_address>0x4b55</load_address>
         <run_address>0x4b55</run_address>
         <size>0x57</size>
         <input_file_ref idref="fl-4"/>
      </object_component>
      <object_component id="oc-154">
         <name>.debug_line</name>
         <load_address>0x4bac</load_address>
         <run_address>0x4bac</run_address>
         <size>0x20</size>
         <input_file_ref idref="fl-14c"/>
      </object_component>
      <object_component id="oc-159">
         <name>.debug_line</name>
         <load_address>0x4bcc</load_address>
         <run_address>0x4bcc</run_address>
         <size>0x56</size>
         <input_file_ref idref="fl-b"/>
      </object_component>
      <object_component id="oc-15b">
         <name>.debug_line</name>
         <load_address>0x4c22</load_address>
         <run_address>0x4c22</run_address>
         <size>0x56</size>
         <input_file_ref idref="fl-b"/>
      </object_component>
      <object_component id="oc-15d">
         <name>.debug_line</name>
         <load_address>0x4c78</load_address>
         <run_address>0x4c78</run_address>
         <size>0x5d</size>
         <input_file_ref idref="fl-4"/>
      </object_component>
      <object_component id="oc-160">
         <name>.debug_line</name>
         <load_address>0x4cd5</load_address>
         <run_address>0x4cd5</run_address>
         <size>0x56</size>
         <input_file_ref idref="fl-b"/>
      </object_component>
      <object_component id="oc-162">
         <name>.debug_line</name>
         <load_address>0x4d2b</load_address>
         <run_address>0x4d2b</run_address>
         <size>0x56</size>
         <input_file_ref idref="fl-b"/>
      </object_component>
      <object_component id="oc-164">
         <name>.debug_line</name>
         <load_address>0x4d81</load_address>
         <run_address>0x4d81</run_address>
         <size>0x1b7</size>
         <input_file_ref idref="fl-b"/>
      </object_component>
      <object_component id="oc-167">
         <name>.debug_line</name>
         <load_address>0x4f38</load_address>
         <run_address>0x4f38</run_address>
         <size>0x58</size>
         <input_file_ref idref="fl-4"/>
      </object_component>
      <object_component id="oc-16c">
         <name>.debug_line</name>
         <load_address>0x4f90</load_address>
         <run_address>0x4f90</run_address>
         <size>0x59</size>
         <input_file_ref idref="fl-3"/>
      </object_component>
      <object_component id="oc-171">
         <name>.debug_line</name>
         <load_address>0x4fe9</load_address>
         <run_address>0x4fe9</run_address>
         <size>0x56</size>
         <input_file_ref idref="fl-b"/>
      </object_component>
      <object_component id="oc-176">
         <name>.debug_line</name>
         <load_address>0x503f</load_address>
         <run_address>0x503f</run_address>
         <size>0x5c</size>
         <input_file_ref idref="fl-b"/>
      </object_component>
      <object_component id="oc-17d">
         <name>.debug_line</name>
         <load_address>0x509b</load_address>
         <run_address>0x509b</run_address>
         <size>0x20</size>
         <input_file_ref idref="fl-14a"/>
      </object_component>
      <object_component id="oc-17f">
         <name>.debug_line</name>
         <load_address>0x50bb</load_address>
         <run_address>0x50bb</run_address>
         <size>0x20</size>
         <input_file_ref idref="fl-14e"/>
      </object_component>
      <object_component id="oc-182">
         <name>.debug_line</name>
         <load_address>0x50db</load_address>
         <run_address>0x50db</run_address>
         <size>0x48</size>
         <input_file_ref idref="fl-14e"/>
      </object_component>
      <object_component id="oc-188">
         <name>.debug_line</name>
         <load_address>0x5123</load_address>
         <run_address>0x5123</run_address>
         <size>0x57</size>
         <input_file_ref idref="fl-4"/>
      </object_component>
      <object_component id="oc-18e">
         <name>.debug_line</name>
         <load_address>0x517a</load_address>
         <run_address>0x517a</run_address>
         <size>0x55</size>
         <input_file_ref idref="fl-3"/>
      </object_component>
      <object_component id="oc-190">
         <name>.debug_line</name>
         <load_address>0x51cf</load_address>
         <run_address>0x51cf</run_address>
         <size>0xc7</size>
         <input_file_ref idref="fl-3"/>
      </object_component>
      <object_component id="oc-193">
         <name>.debug_line</name>
         <load_address>0x5296</load_address>
         <run_address>0x5296</run_address>
         <size>0x188</size>
         <input_file_ref idref="fl-6"/>
      </object_component>
      <object_component id="oc-197">
         <name>.debug_line</name>
         <load_address>0x541e</load_address>
         <run_address>0x541e</run_address>
         <size>0x51</size>
         <input_file_ref idref="fl-14b"/>
      </object_component>
      <object_component id="oc-199">
         <name>.debug_line</name>
         <load_address>0x546f</load_address>
         <run_address>0x546f</run_address>
         <size>0x82</size>
         <input_file_ref idref="fl-14b"/>
      </object_component>
      <object_component id="oc-19c">
         <name>.debug_line</name>
         <load_address>0x54f1</load_address>
         <run_address>0x54f1</run_address>
         <size>0x59</size>
         <input_file_ref idref="fl-14b"/>
      </object_component>
      <object_component id="oc-1a0">
         <name>.debug_line</name>
         <load_address>0x554a</load_address>
         <run_address>0x554a</run_address>
         <size>0x6b</size>
         <input_file_ref idref="fl-14c"/>
      </object_component>
      <object_component id="oc-1a3">
         <name>.debug_line</name>
         <load_address>0x55b5</load_address>
         <run_address>0x55b5</run_address>
         <size>0x41</size>
         <input_file_ref idref="fl-14c"/>
      </object_component>
      <object_component id="oc-1a7">
         <name>.debug_line</name>
         <load_address>0x55f6</load_address>
         <run_address>0x55f6</run_address>
         <size>0x83</size>
         <input_file_ref idref="fl-4"/>
      </object_component>
      <object_component id="oc-1aa">
         <name>.debug_line</name>
         <load_address>0x5679</load_address>
         <run_address>0x5679</run_address>
         <size>0x53</size>
         <input_file_ref idref="fl-4"/>
      </object_component>
      <object_component id="oc-1af">
         <name>.debug_line</name>
         <load_address>0x56cc</load_address>
         <run_address>0x56cc</run_address>
         <size>0x5d</size>
         <input_file_ref idref="fl-4"/>
      </object_component>
      <object_component id="oc-1b3">
         <name>.debug_line</name>
         <load_address>0x5729</load_address>
         <run_address>0x5729</run_address>
         <size>0x20</size>
         <input_file_ref idref="fl-153"/>
      </object_component>
      <object_component id="oc-1b5">
         <name>.debug_line</name>
         <load_address>0x5749</load_address>
         <run_address>0x5749</run_address>
         <size>0x20</size>
         <input_file_ref idref="fl-142"/>
      </object_component>
      <object_component id="oc-d">
         <name>.debug_aranges</name>
         <load_address>0x0</load_address>
         <run_address>0x0</run_address>
         <size>0x20</size>
         <input_file_ref idref="fl-a"/>
      </object_component>
      <object_component id="oc-13">
         <name>.debug_aranges</name>
         <load_address>0x20</load_address>
         <run_address>0x20</run_address>
         <size>0x28</size>
         <input_file_ref idref="fl-9"/>
      </object_component>
      <object_component id="oc-17">
         <name>.debug_aranges</name>
         <load_address>0x48</load_address>
         <run_address>0x48</run_address>
         <size>0x28</size>
         <input_file_ref idref="fl-13d"/>
      </object_component>
      <object_component id="oc-1d">
         <name>.debug_aranges</name>
         <load_address>0x70</load_address>
         <run_address>0x70</run_address>
         <size>0xf8</size>
         <input_file_ref idref="fl-8"/>
      </object_component>
      <object_component id="oc-22">
         <name>.debug_aranges</name>
         <load_address>0x168</load_address>
         <run_address>0x168</run_address>
         <size>0x88</size>
         <input_file_ref idref="fl-149"/>
      </object_component>
      <object_component id="oc-27">
         <name>.debug_aranges</name>
         <load_address>0x1f0</load_address>
         <run_address>0x1f0</run_address>
         <size>0x28</size>
         <input_file_ref idref="fl-c"/>
      </object_component>
      <object_component id="oc-37">
         <name>.debug_aranges</name>
         <load_address>0x218</load_address>
         <run_address>0x218</run_address>
         <size>0x20</size>
         <input_file_ref idref="fl-13f"/>
      </object_component>
      <object_component id="oc-3b">
         <name>.debug_aranges</name>
         <load_address>0x238</load_address>
         <run_address>0x238</run_address>
         <size>0x20</size>
         <input_file_ref idref="fl-141"/>
      </object_component>
      <object_component id="oc-41">
         <name>.debug_aranges</name>
         <load_address>0x258</load_address>
         <run_address>0x258</run_address>
         <size>0x28</size>
         <input_file_ref idref="fl-5"/>
      </object_component>
      <object_component id="oc-46">
         <name>.debug_aranges</name>
         <load_address>0x280</load_address>
         <run_address>0x280</run_address>
         <size>0x30</size>
         <input_file_ref idref="fl-151"/>
      </object_component>
      <object_component id="oc-4b">
         <name>.debug_aranges</name>
         <load_address>0x2b0</load_address>
         <run_address>0x2b0</run_address>
         <size>0x180</size>
         <input_file_ref idref="fl-14d"/>
      </object_component>
      <object_component id="oc-52">
         <name>.debug_aranges</name>
         <load_address>0x430</load_address>
         <run_address>0x430</run_address>
         <size>0x28</size>
         <input_file_ref idref="fl-152"/>
      </object_component>
      <object_component id="oc-57">
         <name>.debug_aranges</name>
         <load_address>0x458</load_address>
         <run_address>0x458</run_address>
         <size>0x58</size>
         <input_file_ref idref="fl-b"/>
      </object_component>
      <object_component id="oc-60">
         <name>.debug_aranges</name>
         <load_address>0x4b0</load_address>
         <run_address>0x4b0</run_address>
         <size>0x48</size>
         <input_file_ref idref="fl-14f"/>
      </object_component>
      <object_component id="oc-64">
         <name>.debug_aranges</name>
         <load_address>0x4f8</load_address>
         <run_address>0x4f8</run_address>
         <size>0x28</size>
         <input_file_ref idref="fl-144"/>
      </object_component>
      <object_component id="oc-68">
         <name>.debug_aranges</name>
         <load_address>0x520</load_address>
         <run_address>0x520</run_address>
         <size>0x28</size>
         <input_file_ref idref="fl-146"/>
      </object_component>
      <object_component id="oc-6d">
         <name>.debug_aranges</name>
         <load_address>0x548</load_address>
         <run_address>0x548</run_address>
         <size>0x48</size>
         <input_file_ref idref="fl-14a"/>
      </object_component>
      <object_component id="oc-8d">
         <name>.debug_aranges</name>
         <load_address>0x590</load_address>
         <run_address>0x590</run_address>
         <size>0x20</size>
         <input_file_ref idref="fl-143"/>
      </object_component>
      <object_component id="oc-a6">
         <name>.debug_aranges</name>
         <load_address>0x5b0</load_address>
         <run_address>0x5b0</run_address>
         <size>0xf8</size>
         <input_file_ref idref="fl-14e"/>
      </object_component>
      <object_component id="oc-ab">
         <name>.debug_aranges</name>
         <load_address>0x6a8</load_address>
         <run_address>0x6a8</run_address>
         <size>0x108</size>
         <input_file_ref idref="fl-3"/>
      </object_component>
      <object_component id="oc-b0">
         <name>.debug_aranges</name>
         <load_address>0x7b0</load_address>
         <run_address>0x7b0</run_address>
         <size>0x80</size>
         <input_file_ref idref="fl-14b"/>
      </object_component>
      <object_component id="oc-b9">
         <name>.debug_aranges</name>
         <load_address>0x830</load_address>
         <run_address>0x830</run_address>
         <size>0x48</size>
         <input_file_ref idref="fl-14c"/>
      </object_component>
      <object_component id="oc-e2">
         <name>.debug_aranges</name>
         <load_address>0x878</load_address>
         <run_address>0x878</run_address>
         <size>0x268</size>
         <input_file_ref idref="fl-153"/>
      </object_component>
      <object_component id="oc-e7">
         <name>.debug_aranges</name>
         <load_address>0xae0</load_address>
         <run_address>0xae0</run_address>
         <size>0x28</size>
         <input_file_ref idref="fl-150"/>
      </object_component>
      <object_component id="oc-11d">
         <name>.debug_aranges</name>
         <load_address>0xb08</load_address>
         <run_address>0xb08</run_address>
         <size>0x48</size>
         <input_file_ref idref="fl-4"/>
      </object_component>
      <object_component id="oc-121">
         <name>.debug_aranges</name>
         <load_address>0xb50</load_address>
         <run_address>0xb50</run_address>
         <size>0x20</size>
         <input_file_ref idref="fl-142"/>
      </object_component>
      <object_component id="oc-139">
         <name>.debug_aranges</name>
         <load_address>0xb70</load_address>
         <run_address>0xb70</run_address>
         <size>0x68</size>
         <input_file_ref idref="fl-7"/>
      </object_component>
      <object_component id="oc-194">
         <name>.debug_aranges</name>
         <load_address>0xbd8</load_address>
         <run_address>0xbd8</run_address>
         <size>0x20</size>
         <input_file_ref idref="fl-6"/>
      </object_component>
      <object_component id="oc-12">
         <name>.debug_frame</name>
         <load_address>0x0</load_address>
         <run_address>0x0</run_address>
         <size>0x58</size>
         <input_file_ref idref="fl-9"/>
      </object_component>
      <object_component id="oc-1c">
         <name>.debug_frame</name>
         <load_address>0x58</load_address>
         <run_address>0x58</run_address>
         <size>0x2c9</size>
         <input_file_ref idref="fl-8"/>
      </object_component>
      <object_component id="oc-21">
         <name>.debug_frame</name>
         <load_address>0x321</load_address>
         <run_address>0x321</run_address>
         <size>0x1c1</size>
         <input_file_ref idref="fl-149"/>
      </object_component>
      <object_component id="oc-26">
         <name>.debug_frame</name>
         <load_address>0x4e2</load_address>
         <run_address>0x4e2</run_address>
         <size>0x60</size>
         <input_file_ref idref="fl-c"/>
      </object_component>
      <object_component id="oc-40">
         <name>.debug_frame</name>
         <load_address>0x542</load_address>
         <run_address>0x542</run_address>
         <size>0x56</size>
         <input_file_ref idref="fl-5"/>
      </object_component>
      <object_component id="oc-45">
         <name>.debug_frame</name>
         <load_address>0x598</load_address>
         <run_address>0x598</run_address>
         <size>0x67</size>
         <input_file_ref idref="fl-151"/>
      </object_component>
      <object_component id="oc-4a">
         <name>.debug_frame</name>
         <load_address>0x5ff</load_address>
         <run_address>0x5ff</run_address>
         <size>0x43e</size>
         <input_file_ref idref="fl-14d"/>
      </object_component>
      <object_component id="oc-51">
         <name>.debug_frame</name>
         <load_address>0xa3d</load_address>
         <run_address>0xa3d</run_address>
         <size>0x50</size>
         <input_file_ref idref="fl-152"/>
      </object_component>
      <object_component id="oc-56">
         <name>.debug_frame</name>
         <load_address>0xa8d</load_address>
         <run_address>0xa8d</run_address>
         <size>0x101</size>
         <input_file_ref idref="fl-b"/>
      </object_component>
      <object_component id="oc-5f">
         <name>.debug_frame</name>
         <load_address>0xb8e</load_address>
         <run_address>0xb8e</run_address>
         <size>0xd0</size>
         <input_file_ref idref="fl-14f"/>
      </object_component>
      <object_component id="oc-6c">
         <name>.debug_frame</name>
         <load_address>0xc5e</load_address>
         <run_address>0xc5e</run_address>
         <size>0xd0</size>
         <input_file_ref idref="fl-14a"/>
      </object_component>
      <object_component id="oc-a5">
         <name>.debug_frame</name>
         <load_address>0xd2e</load_address>
         <run_address>0xd2e</run_address>
         <size>0x2ca</size>
         <input_file_ref idref="fl-14e"/>
      </object_component>
      <object_component id="oc-aa">
         <name>.debug_frame</name>
         <load_address>0xff8</load_address>
         <run_address>0xff8</run_address>
         <size>0x384</size>
         <input_file_ref idref="fl-3"/>
      </object_component>
      <object_component id="oc-af">
         <name>.debug_frame</name>
         <load_address>0x137c</load_address>
         <run_address>0x137c</run_address>
         <size>0x197</size>
         <input_file_ref idref="fl-14b"/>
      </object_component>
      <object_component id="oc-b8">
         <name>.debug_frame</name>
         <load_address>0x1513</load_address>
         <run_address>0x1513</run_address>
         <size>0xd5</size>
         <input_file_ref idref="fl-14c"/>
      </object_component>
      <object_component id="oc-e1">
         <name>.debug_frame</name>
         <load_address>0x15e8</load_address>
         <run_address>0x15e8</run_address>
         <size>0x77c</size>
         <input_file_ref idref="fl-153"/>
      </object_component>
      <object_component id="oc-e6">
         <name>.debug_frame</name>
         <load_address>0x1d64</load_address>
         <run_address>0x1d64</run_address>
         <size>0x56</size>
         <input_file_ref idref="fl-150"/>
      </object_component>
      <object_component id="oc-11c">
         <name>.debug_frame</name>
         <load_address>0x1dba</load_address>
         <run_address>0x1dba</run_address>
         <size>0xc2</size>
         <input_file_ref idref="fl-4"/>
      </object_component>
      <object_component id="oc-138">
         <name>.debug_frame</name>
         <load_address>0x1e7c</load_address>
         <run_address>0x1e7c</run_address>
         <size>0x138</size>
         <input_file_ref idref="fl-7"/>
      </object_component>
      <object_component id="oc-18">
         <name>.debug_abbrev</name>
         <load_address>0x0</load_address>
         <run_address>0x0</run_address>
         <size>0x34</size>
         <input_file_ref idref="fl-a"/>
      </object_component>
      <object_component id="oc-2e">
         <name>.debug_abbrev</name>
         <load_address>0x34</load_address>
         <run_address>0x34</run_address>
         <size>0xbb</size>
         <input_file_ref idref="fl-9"/>
      </object_component>
      <object_component id="oc-30">
         <name>.debug_abbrev</name>
[...]
         <object_component_ref idref="oc-47"/>
      </symbol>
      <symbol id="sm-b88">
         <name>I2CMasterDisable</name>
         <value>0x402f9578</value>
         <object_component_ref idref="oc-47"/>
      </symbol>
      <symbol id="sm-b89">
         <name>I2CGlobalWakeUpDisable</name>
         <value>0x402f9c68</value>
         <object_component_ref idref="oc-47"/>
      </symbol>
      <symbol id="sm-b8a">
         <name>I2CIdleModeSelect</name>
         <value>0x402f9c8c</value>
         <object_component_ref idref="oc-47"/>
      </symbol>
      <symbol id="sm-c11">
         <name>HSMMCSDIsCardInserted</name>
         <value>0x402fa864</value>
         <object_component_ref idref="oc-a2"/>
      </symbol>
      <symbol id="sm-c12">
         <name>HSMMCSDIntrEnable</name>
         <value>0x402fa5a4</value>
         <object_component_ref idref="oc-a2"/>
      </symbol>
      <symbol id="sm-c13">
         <name>HSMMCSDBusVoltSet</name>
         <value>0x402fa188</value>
         <object_component_ref idref="oc-a2"/>
      </symbol>
      <symbol id="sm-c14">
         <name>HSMMCSDResponseGet</name>
         <value>0x402fa7b4</value>
         <object_component_ref idref="oc-a2"/>
      </symbol>
      <symbol id="sm-c15">
         <name>HSMMCSDBusPower</name>
         <value>0x402fa1c8</value>
         <object_component_ref idref="oc-a2"/>
      </symbol>
      <symbol id="sm-c16">
         <name>HSMMCSDIsCmdComplete</name>
         <value>0x402fa61c</value>
         <object_component_ref idref="oc-a2"/>
      </symbol>
      <symbol id="sm-c17">
         <name>HSMMCSDBlkLenSet</name>
         <value>0x402fa6e0</value>
         <object_component_ref idref="oc-a2"/>
      </symbol>
      <symbol id="sm-c18">
         <name>HSMMCSDIntClock</name>
         <value>0x402fa248</value>
         <object_component_ref idref="oc-a2"/>
      </symbol>
      <symbol id="sm-c19">
         <name>HSMMCSDIntrStatusClear</name>
         <value>0x402fa5fc</value>
         <object_component_ref idref="oc-a2"/>
      </symbol>
      <symbol id="sm-c1a">
         <name>HSMMCSDIsXferComplete</name>
         <value>0x402fa67c</value>
         <object_component_ref idref="oc-a2"/>
      </symbol>
      <symbol id="sm-c1b">
         <name>HSMMCSDIntrStatusEnable</name>
         <value>0x402fa54c</value>
         <object_component_ref idref="oc-a2"/>
      </symbol>
      <symbol id="sm-c1c">
         <name>HSMMCSDIntrStatusGet</name>
         <value>0x402fa5d8</value>
         <object_component_ref idref="oc-a2"/>
      </symbol>
      <symbol id="sm-c1d">
         <name>HSMMCSDDataGet</name>
         <value>0x402fa810</value>
         <object_component_ref idref="oc-a2"/>
      </symbol>
      <symbol id="sm-c1e">
         <name>HSMMCSDSoftReset</name>
         <value>0x402f9fa8</value>
         <object_component_ref idref="oc-a2"/>
      </symbol>
      <symbol id="sm-c1f">
         <name>HSMMCSDCommandSend</name>
         <value>0x402fa720</value>
         <object_component_ref idref="oc-a2"/>
      </symbol>
      <symbol id="sm-c20">
         <name>HSMMCSDInitStreamSend</name>
         <value>0x402fa4e0</value>
         <object_component_ref idref="oc-a2"/>
      </symbol>
      <symbol id="sm-c21">
         <name>HSMMCSDDataTimeoutSet</name>
         <value>0x402fa364</value>
         <object_component_ref idref="oc-a2"/>
      </symbol>
      <symbol id="sm-c22">
         <name>HSMMCSDIsCardWriteProtected</name>
         <value>0x402fa884</value>
         <object_component_ref idref="oc-a2"/>
      </symbol>
      <symbol id="sm-c23">
         <name>HSMMCSDBusFreqSet</name>
         <value>0x402fa3a4</value>
         <object_component_ref idref="oc-a2"/>
      </symbol>
      <symbol id="sm-c24">
         <name>HSMMCSDIsIntClockStable</name>
         <value>0x402fa2a0</value>
         <object_component_ref idref="oc-a2"/>
      </symbol>
      <symbol id="sm-c25">
         <name>HSMMCSDLinesReset</name>
         <value>0x402fa010</value>
         <object_component_ref idref="oc-a2"/>
      </symbol>
      <symbol id="sm-c26">
         <name>HSMMCSDIsHSupported</name>
         <value>0x402fa344</value>
         <object_component_ref idref="oc-a2"/>
      </symbol>
      <symbol id="sm-c27">
         <name>MMCSDContextRestore</name>
         <value>0x402fa918</value>
         <object_component_ref idref="oc-a2"/>
      </symbol>
      <symbol id="sm-c28">
         <name>HSMMCSDSystemConfig</name>
         <value>0x402fa08c</value>
         <object_component_ref idref="oc-a2"/>
      </symbol>
      <symbol id="sm-c29">
         <name>HSMMCSDBusWidthSet</name>
         <value>0x402fa0d0</value>
         <object_component_ref idref="oc-a2"/>
      </symbol>
      <symbol id="sm-c2a">
         <name>HSMMCSDIntrStatusDisable</name>
         <value>0x402fa578</value>
         <object_component_ref idref="oc-a2"/>
      </symbol>
      <symbol id="sm-c2b">
         <name>HSMMCSDSupportedVoltSet</name>
         <value>0x402fa304</value>
         <object_component_ref idref="oc-a2"/>
      </symbol>
      <symbol id="sm-c2c">
         <name>MMCSDContextSave</name>
         <value>0x402fa8a4</value>
         <object_component_ref idref="oc-a2"/>
      </symbol>
      <symbol id="sm-c47">
         <name>UARTConsoleGetc</name>
         <value>0x402fc578</value>
         <object_component_ref idref="oc-5c"/>
      </symbol>
      <symbol id="sm-c48">
         <name>UARTConsolePutc</name>
         <value>0x402fc560</value>
         <object_component_ref idref="oc-5c"/>
      </symbol>
      <symbol id="sm-c49">
         <name>UARTConsoleInit</name>
         <value>0x402fc53c</value>
         <object_component_ref idref="oc-5c"/>
      </symbol>
      <symbol id="sm-c64">
         <name>UART0ModuleClkConfig</name>
         <value>0x402fcc08</value>
         <object_component_ref idref="oc-e3"/>
      </symbol>
      <symbol id="sm-c65">
         <name>UARTPinMuxSetup</name>
         <value>0x402fcbc0</value>
         <object_component_ref idref="oc-e3"/>
      </symbol>
      <symbol id="sm-c8f">
         <name>I2CPinMuxSetup</name>
         <value>0x402fc6cc</value>
         <object_component_ref idref="oc-42"/>
      </symbol>
      <symbol id="sm-c90">
         <name>I2C1ModuleClkConfig</name>
         <value>0x402fc728</value>
         <object_component_ref idref="oc-42"/>
      </symbol>
      <symbol id="sm-c91">
         <name>I2C0ModuleClkConfig</name>
         <value>0x402fc764</value>
         <object_component_ref idref="oc-42"/>
      </symbol>
      <symbol id="sm-ca7">
         <name>HSMMCSDPinMuxSetup</name>
         <value>0x402fcb20</value>
         <object_component_ref idref="oc-4e"/>
      </symbol>
      <symbol id="sm-ca8">
         <name>HSMMCSDModuleClkConfig</name>
         <value>0x402fcb78</value>
         <object_component_ref idref="oc-4e"/>
      </symbol>
      <symbol id="sm-d2e">
         <name>UARTAutobaudWordLenGet</name>
         <value>0x402f5670</value>
         <object_component_ref idref="oc-de"/>
      </symbol>
      <symbol id="sm-d2f">
         <name>UARTDivisorLatchDisable</name>
         <value>0x402f3dc8</value>
         <object_component_ref idref="oc-de"/>
      </symbol>
      <symbol id="sm-d30">
         <name>UARTCharPutNonBlocking</name>
         <value>0x402f4b00</value>
         <object_component_ref idref="oc-de"/>
      </symbol>
      <symbol id="sm-d31">
         <name>UARTDMAEnable</name>
         <value>0x402f4364</value>
         <object_component_ref idref="oc-de"/>
      </symbol>
      <symbol id="sm-d32">
         <name>UARTXON1XOFF1ValProgram</name>
         <value>0x402f51d0</value>
         <object_component_ref idref="oc-de"/>
      </symbol>
      <symbol id="sm-d33">
         <name>UARTScratchPadRegWrite</name>
         <value>0x402f5708</value>
         <object_component_ref idref="oc-de"/>
      </symbol>
      <symbol id="sm-d34">
         <name>UARTPulseShapingControl</name>
         <value>0x402f503c</value>
         <object_component_ref idref="oc-de"/>
      </symbol>
      <symbol id="sm-d35">
         <name>UARTSubConfigXOFFModeEn</name>
         <value>0x402f46f8</value>
         <object_component_ref idref="oc-de"/>
      </symbol>
      <symbol id="sm-d36">
         <name>UARTModemStatusChangeCheck</name>
         <value>0x402f53b4</value>
         <object_component_ref idref="oc-de"/>
      </symbol>
      <symbol id="sm-d37">
         <name>UARTFIFOTrigLvlGranControl</name>
         <value>0x402f5448</value>
         <object_component_ref idref="oc-de"/>
      </symbol>
      <symbol id="sm-d38">
         <name>UARTDivisorValCompute</name>
         <value>0x402f3b64</value>
         <object_component_ref idref="oc-de"/>
      </symbol>
      <symbol id="sm-d39">
         <name>UARTIntPendingStatusGet</name>
         <value>0x402f4e40</value>
         <object_component_ref idref="oc-de"/>
      </symbol>
      <symbol id="sm-d3a">
         <name>UARTModuleReset</name>
         <value>0x402f5080</value>
         <object_component_ref idref="oc-de"/>
      </symbol>
      <symbol id="sm-d3b">
         <name>UARTAutobaudParityGet</name>
         <value>0x402f5624</value>
         <object_component_ref idref="oc-de"/>
      </symbol>
      <symbol id="sm-d3c">
         <name>UARTTCRTLRBitValRestore</name>
         <value>0x402f47d0</value>
         <object_component_ref idref="oc-de"/>
      </symbol>
      <symbol id="sm-d3d">
         <name>UARTIntIdentityGet</name>
         <value>0x402f4df4</value>
         <object_component_ref idref="oc-de"/>
      </symbol>
      <symbol id="sm-d3e">
         <name>UARTCharGetTimeout</name>
         <value>0x402f4c1c</value>
         <object_component_ref idref="oc-de"/>
      </symbol>
      <symbol id="sm-d3f">
         <name>UARTEnhanFuncBitValRestore</name>
         <value>0x402f44e4</value>
         <object_component_ref idref="oc-de"/>
      </symbol>
      <symbol id="sm-d40">
         <name>UARTModemControlSet</name>
         <value>0x402f5338</value>
         <object_component_ref idref="oc-de"/>
      </symbol>
      <symbol id="sm-d41">
         <name>UARTSubConfigTCRTLRModeEn</name>
         <value>0x402f4620</value>
         <object_component_ref idref="oc-de"/>
      </symbol>
      <symbol id="sm-d42">
         <name>UARTLoopbackModeControl</name>
         <value>0x402f52f4</value>
         <object_component_ref idref="oc-de"/>
      </symbol>
      <symbol id="sm-d43">
         <name>UARTIdleModeConfigure</name>
         <value>0x402f50b4</value>
         <object_component_ref idref="oc-de"/>
      </symbol>
      <symbol id="sm-d44">
         <name>UARTDivisorLatchEnable</name>
         <value>0x402f3da4</value>
         <object_component_ref idref="oc-de"/>
      </symbol>
      <symbol id="sm-d45">
         <name>UARTFIFOCharGet</name>
         <value>0x402f4d20</value>
         <object_component_ref idref="oc-de"/>
      </symbol>
      <symbol id="sm-d46">
         <name>UARTFIFOWrite</name>
         <value>0x402f4d3c</value>
         <object_component_ref idref="oc-de"/>
      </symbol>
      <symbol id="sm-d47">
         <name>UARTWakeUpEventsEnable</name>
         <value>0x402f53e8</value>
         <object_component_ref idref="oc-de"/>
      </symbol>
      <symbol id="sm-d48">
         <name>UARTSpecialCharDetectControl</name>
         <value>0x402f4f74</value>
         <object_component_ref idref="oc-de"/>
      </symbol>
      <symbol id="sm-d49">
         <name>UARTDivisorLatchWrite</name>
         <value>0x402f3c20</value>
         <object_component_ref idref="oc-de"/>
      </symbol>
      <symbol id="sm-d4a">
         <name>UARTWakeUpEventsDisable</name>
         <value>0x402f5418</value>
         <object_component_ref idref="oc-de"/>
      </symbol>
      <symbol id="sm-d4b">
         <name>UARTScratchPadRegRead</name>
         <value>0x402f574c</value>
         <object_component_ref idref="oc-de"/>
      </symbol>
      <symbol id="sm-d4c">
         <name>UARTModuleVersionNumberGet</name>
         <value>0x402f5768</value>
         <object_component_ref idref="oc-de"/>
      </symbol>
      <symbol id="sm-d4d">
         <name>UARTRXCTSDSRWakeUpConfigure</name>
         <value>0x402f5534</value>
         <object_component_ref idref="oc-de"/>
      </symbol>
      <symbol id="sm-d4e">
         <name>UARTEnhanFuncEnable</name>
         <value>0x402f4484</value>
         <object_component_ref idref="oc-de"/>
      </symbol>
      <symbol id="sm-d4f">
         <name>UARTTxFIFOLevelGet</name>
         <value>0x402f55f4</value>
         <object_component_ref idref="oc-de"/>
      </symbol>
      <symbol id="sm-d50">
         <name>UARTOperatingModeSelect</name>
         <value>0x402f3b04</value>
         <object_component_ref idref="oc-de"/>
      </symbol>
      <symbol id="sm-d51">
         <name>UARTXON2XOFF2ValProgram</name>
         <value>0x402f5200</value>
         <object_component_ref idref="oc-de"/>
      </symbol>
      <symbol id="sm-d52">
         <name>UARTLineCharacConfig</name>
         <value>0x402f3ec8</value>
         <object_component_ref idref="oc-de"/>
      </symbol>
      <symbol id="sm-d53">
         <name>UARTIntEnable</name>
         <value>0x402f48ac</value>
         <object_component_ref idref="oc-de"/>
      </symbol>
      <symbol id="sm-d54">
         <name>UARTCharsAvail</name>
         <value>0x402f4aac</value>
         <object_component_ref idref="oc-de"/>
      </symbol>
      <symbol id="sm-d55">
         <name>UARTRxFIFOLevelGet</name>
         <value>0x402f560c</value>
         <object_component_ref idref="oc-de"/>
      </symbol>
      <symbol id="sm-d56">
         <name>UARTFlowCtrlTrigLvlConfig</name>
         <value>0x402f5180</value>
         <object_component_ref idref="oc-de"/>
      </symbol>
      <symbol id="sm-d57">
         <name>UARTCharGetNonBlocking</name>
         <value>0x402f4b6c</value>
         <object_component_ref idref="oc-de"/>
      </symbol>
      <symbol id="sm-d58">
         <name>UARTDMACounterResetControl</name>
         <value>0x402f5594</value>
         <object_component_ref idref="oc-de"/>
      </symbol>
      <symbol id="sm-d59">
         <name>UARTModemStatusGet</name>
         <value>0x402f5398</value>
         <object_component_ref idref="oc-de"/>
      </symbol>
      <symbol id="sm-d5a">
         <name>UARTAutoRTSAutoCTSControl</name>
         <value>0x402f4ee8</value>
         <object_component_ref idref="oc-de"/>
      </symbol>
      <symbol id="sm-d5b">
         <name>UARTFIFORegisterWrite</name>
         <value>0x402f43f8</value>
         <object_component_ref idref="oc-de"/>
      </symbol>
      <symbol id="sm-d5c">
         <name>UARTDSRInterruptControl</name>
         <value>0x402f54ac</value>
         <object_component_ref idref="oc-de"/>
      </symbol>
      <symbol id="sm-d5d">
         <name>UARTIntDisable</name>
         <value>0x402f4990</value>
         <object_component_ref idref="oc-de"/>
      </symbol>
      <symbol id="sm-d5e">
         <name>UARTCharPut</name>
         <value>0x402f4cac</value>
         <object_component_ref idref="oc-de"/>
      </symbol>
      <symbol id="sm-d5f">
         <name>UARTTxDMAThresholdControl</name>
         <value>0x402f5784</value>
         <object_component_ref idref="oc-de"/>
      </symbol>
      <symbol id="sm-d60">
         <name>UARTParityModeSet</name>
         <value>0x402f3f40</value>
         <object_component_ref idref="oc-de"/>
      </symbol>
      <symbol id="sm-d61">
         <name>UARTAutoIdleModeControl</name>
         <value>0x402f513c</value>
         <object_component_ref idref="oc-de"/>
      </symbol>
      <symbol id="sm-d62">
         <name>UARTRxErrorGet</name>
         <value>0x402f4da8</value>
         <object_component_ref idref="oc-de"/>
      </symbol>
      <symbol id="sm-d63">
         <name>UARTFIFOEnableStatusGet</name>
         <value>0x402f4e94</value>
         <object_component_ref idref="oc-de"/>
      </symbol>
      <symbol id="sm-d64">
         <name>UARTXONAnyFeatureControl</name>
         <value>0x402f5230</value>
         <object_component_ref idref="oc-de"/>
      </symbol>
      <symbol id="sm-d65">
         <name>UARTFIFOCharPut</name>
         <value>0x402f4d00</value>
         <object_component_ref idref="oc-de"/>
      </symbol>
      <symbol id="sm-d66">
         <name>UARTSubConfigMSRSPRModeEn</name>
         <value>0x402f4548</value>
         <object_component_ref idref="oc-de"/>
      </symbol>
      <symbol id="sm-d67">
         <name>UARTDMADisable</name>
         <value>0x402f43c0</value>
         <object_component_ref idref="oc-de"/>
      </symbol>
      <symbol id="sm-d68">
         <name>UARTTxFIFOFullStatusGet</name>
         <value>0x402f55d8</value>
         <object_component_ref idref="oc-de"/>
      </symbol>
      <symbol id="sm-d69">
         <name>UARTFIFOConfig</name>
         <value>0x402f3fa0</value>
         <object_component_ref idref="oc-de"/>
      </symbol>
      <symbol id="sm-d6a">
         <name>UARTTxDMAThresholdValConfig</name>
         <value>0x402f57c8</value>
         <object_component_ref idref="oc-de"/>
      </symbol>
      <symbol id="sm-d6b">
         <name>UARTWakeUpControl</name>
         <value>0x402f50f8</value>
         <object_component_ref idref="oc-de"/>
      </symbol>
      <symbol id="sm-d6c">
         <name>UARTResumeOperation</name>
         <value>0x402f53d0</value>
         <object_component_ref idref="oc-de"/>
      </symbol>
      <symbol id="sm-d6d">
         <name>UARTRegConfModeRestore</name>
         <value>0x402f3e64</value>
         <object_component_ref idref="oc-de"/>
      </symbol>
      <symbol id="sm-d6e">
         <name>UARTSpaceAvail</name>
         <value>0x402f4a58</value>
         <object_component_ref idref="oc-de"/>
      </symbol>
      <symbol id="sm-d6f">
         <name>UARTAutobaudSpeedGet</name>
         <value>0x402f56bc</value>
         <object_component_ref idref="oc-de"/>
      </symbol>
      <symbol id="sm-d70">
         <name>UARTCharGet</name>
         <value>0x402f4bc4</value>
         <object_component_ref idref="oc-de"/>
      </symbol>
      <symbol id="sm-d71">
         <name>UARTSoftwareFlowCtrlOptSet</name>
         <value>0x402f4fd8</value>
         <object_component_ref idref="oc-de"/>
      </symbol>
      <symbol id="sm-d72">
         <name>UARTModemControlClear</name>
         <value>0x402f5368</value>
         <object_component_ref idref="oc-de"/>
      </symbol>
      <symbol id="sm-d73">
         <name>UARTRegConfigModeEnable</name>
         <value>0x402f3dec</value>
         <object_component_ref idref="oc-de"/>
      </symbol>
      <symbol id="sm-d74">
         <name>UARTRXCTSDSRTransitionStatusGet</name>
         <value>0x402f5578</value>
         <object_component_ref idref="oc-de"/>
      </symbol>
      <symbol id="sm-d75">
         <name>UARTTxEmptyIntControl</name>
         <value>0x402f54f0</value>
         <object_component_ref idref="oc-de"/>
      </symbol>
      <symbol id="sm-d76">
         <name>UARTParityModeGet</name>
         <value>0x402f3f84</value>
         <object_component_ref idref="oc-de"/>
      </symbol>
      <symbol id="sm-d77">
         <name>UARTBreakCtl</name>
         <value>0x402f3e84</value>
         <object_component_ref idref="oc-de"/>
      </symbol>
   </symbol_table>
</link_info>
